Archive member included to satisfy reference by file (symbol)

d:/intelfpga_lite/18.1/nios2eds/bin/gnu/h-x86_64-mingw32/bin/../lib/gcc/nios2-elf/5.3.0/mno-hw-mul\libgcc.a(lib2-divmod.o)
                              obj/default//D/github/adamShiau_FPGA/intel_IP/LGSM/NIOS/LGSM_CPU_V2_0/lib/common.o (__umodsi3)
d:/intelfpga_lite/18.1/nios2eds/bin/gnu/h-x86_64-mingw32/bin/../lib/gcc/nios2-elf/5.3.0/mno-hw-mul\libgcc.a(addsf3.o)
                              obj/default//D/github/adamShiau_FPGA/intel_IP/LGSM/NIOS/LGSM_CPU_V2_0/LGSM_CPU_V2_0.o (__addsf3)
d:/intelfpga_lite/18.1/nios2eds/bin/gnu/h-x86_64-mingw32/bin/../lib/gcc/nios2-elf/5.3.0/mno-hw-mul\libgcc.a(divsf3.o)
                              obj/default//D/github/adamShiau_FPGA/intel_IP/LGSM/NIOS/LGSM_CPU_V2_0/lib/Tsensor_DS1775.o (__divsf3)
d:/intelfpga_lite/18.1/nios2eds/bin/gnu/h-x86_64-mingw32/bin/../lib/gcc/nios2-elf/5.3.0/mno-hw-mul\libgcc.a(eqsf2.o)
                              obj/default//D/github/adamShiau_FPGA/intel_IP/LGSM/NIOS/LGSM_CPU_V2_0/lib/eeprom_v2.o (__eqsf2)
d:/intelfpga_lite/18.1/nios2eds/bin/gnu/h-x86_64-mingw32/bin/../lib/gcc/nios2-elf/5.3.0/mno-hw-mul\libgcc.a(gesf2.o)
                              obj/default//D/github/adamShiau_FPGA/intel_IP/LGSM/NIOS/LGSM_CPU_V2_0/lib/common.o (__gesf2)
d:/intelfpga_lite/18.1/nios2eds/bin/gnu/h-x86_64-mingw32/bin/../lib/gcc/nios2-elf/5.3.0/mno-hw-mul\libgcc.a(lesf2.o)
                              obj/default//D/github/adamShiau_FPGA/intel_IP/LGSM/NIOS/LGSM_CPU_V2_0/lib/common.o (__ltsf2)
d:/intelfpga_lite/18.1/nios2eds/bin/gnu/h-x86_64-mingw32/bin/../lib/gcc/nios2-elf/5.3.0/mno-hw-mul\libgcc.a(mulsf3.o)
                              obj/default//D/github/adamShiau_FPGA/intel_IP/LGSM/NIOS/LGSM_CPU_V2_0/LGSM_CPU_V2_0.o (__mulsf3)
d:/intelfpga_lite/18.1/nios2eds/bin/gnu/h-x86_64-mingw32/bin/../lib/gcc/nios2-elf/5.3.0/mno-hw-mul\libgcc.a(subsf3.o)
                              obj/default//D/github/adamShiau_FPGA/intel_IP/LGSM/NIOS/LGSM_CPU_V2_0/lib/acq_fog.o (__subsf3)
d:/intelfpga_lite/18.1/nios2eds/bin/gnu/h-x86_64-mingw32/bin/../lib/gcc/nios2-elf/5.3.0/mno-hw-mul\libgcc.a(floatsisf.o)
                              obj/default//D/github/adamShiau_FPGA/intel_IP/LGSM/NIOS/LGSM_CPU_V2_0/LGSM_CPU_V2_0.o (__floatsisf)
d:/intelfpga_lite/18.1/nios2eds/bin/gnu/h-x86_64-mingw32/bin/../lib/gcc/nios2-elf/5.3.0/mno-hw-mul\libgcc.a(floatunsisf.o)
                              obj/default//D/github/adamShiau_FPGA/intel_IP/LGSM/NIOS/LGSM_CPU_V2_0/lib/common.o (__floatunsisf)
d:/intelfpga_lite/18.1/nios2eds/bin/gnu/h-x86_64-mingw32/bin/../lib/gcc/nios2-elf/5.3.0/mno-hw-mul\libgcc.a(adddf3.o)
                              obj/default//D/github/adamShiau_FPGA/intel_IP/LGSM/NIOS/LGSM_CPU_V2_0/lib/asm330lhhx.o (__adddf3)
d:/intelfpga_lite/18.1/nios2eds/bin/gnu/h-x86_64-mingw32/bin/../lib/gcc/nios2-elf/5.3.0/mno-hw-mul\libgcc.a(divdf3.o)
                              obj/default//D/github/adamShiau_FPGA/intel_IP/LGSM/NIOS/LGSM_CPU_V2_0/lib/ads122c04_se.o (__divdf3)
d:/intelfpga_lite/18.1/nios2eds/bin/gnu/h-x86_64-mingw32/bin/../lib/gcc/nios2-elf/5.3.0/mno-hw-mul\libgcc.a(muldf3.o)
                              obj/default//D/github/adamShiau_FPGA/intel_IP/LGSM/NIOS/LGSM_CPU_V2_0/lib/ads122c04_se.o (__muldf3)
d:/intelfpga_lite/18.1/nios2eds/bin/gnu/h-x86_64-mingw32/bin/../lib/gcc/nios2-elf/5.3.0/mno-hw-mul\libgcc.a(subdf3.o)
                              obj/default//D/github/adamShiau_FPGA/intel_IP/LGSM/NIOS/LGSM_CPU_V2_0/LGSM_CPU_V2_0.o (__subdf3)
d:/intelfpga_lite/18.1/nios2eds/bin/gnu/h-x86_64-mingw32/bin/../lib/gcc/nios2-elf/5.3.0/mno-hw-mul\libgcc.a(extendsfdf2.o)
                              obj/default//D/github/adamShiau_FPGA/intel_IP/LGSM/NIOS/LGSM_CPU_V2_0/LGSM_CPU_V2_0.o (__extendsfdf2)
d:/intelfpga_lite/18.1/nios2eds/bin/gnu/h-x86_64-mingw32/bin/../lib/gcc/nios2-elf/5.3.0/mno-hw-mul\libgcc.a(truncdfsf2.o)
                              obj/default//D/github/adamShiau_FPGA/intel_IP/LGSM/NIOS/LGSM_CPU_V2_0/LGSM_CPU_V2_0.o (__truncdfsf2)
d:/intelfpga_lite/18.1/nios2eds/bin/gnu/h-x86_64-mingw32/bin/../lib/gcc/nios2-elf/5.3.0/mno-hw-mul\libgcc.a(_clzsi2.o)
                              d:/intelfpga_lite/18.1/nios2eds/bin/gnu/h-x86_64-mingw32/bin/../lib/gcc/nios2-elf/5.3.0/mno-hw-mul\libgcc.a(addsf3.o) (__clzsi2)
d:/intelfpga_lite/18.1/nios2eds/bin/gnu/h-x86_64-mingw32/bin/../lib/gcc/nios2-elf/5.3.0/mno-hw-mul\libgcc.a(lib2-mul.o)
                              d:/intelfpga_lite/18.1/nios2eds/bin/gnu/h-x86_64-mingw32/bin/../lib/gcc/nios2-elf/5.3.0/mno-hw-mul\libgcc.a(mulsf3.o) (__mulsi3)
d:/intelfpga_lite/18.1/nios2eds/bin/gnu/h-x86_64-mingw32/bin/../lib/gcc/nios2-elf/5.3.0/mno-hw-mul\libgcc.a(_clz.o)
                              d:/intelfpga_lite/18.1/nios2eds/bin/gnu/h-x86_64-mingw32/bin/../lib/gcc/nios2-elf/5.3.0/mno-hw-mul\libgcc.a(_clzsi2.o) (__clz_tab)
[...]
Memory Configuration

Name             Origin             Length             Attributes
sdram_BEFORE_EXCEPTION 0x0000000001000000 0x0000000000000020
sdram            0x0000000001000020 0x0000000000ffffe0
reset            0x0000000002001000 0x0000000000000020
epcs             0x0000000002001020 0x00000000000007e0
*default*        0x0000000000000000 0xffffffffffffffff

Linker script and memory map

LOAD ../LGSM_CPU_V2_0_bsp//obj/HAL/src/crt0.o
LOAD obj/default//D/github/adamShiau_FPGA/intel_IP/LGSM/NIOS/LGSM_CPU_V2_0/LGSM_CPU_V2_0.o
LOAD obj/default//D/github/adamShiau_FPGA/intel_IP/LGSM/NIOS/LGSM_CPU_V2_0/lib/Tsensor_DS1775.o
LOAD obj/default//D/github/adamShiau_FPGA/intel_IP/LGSM/NIOS/LGSM_CPU_V2_0/lib/acq_fog.o
LOAD obj/default//D/github/adamShiau_FPGA/intel_IP/LGSM/NIOS/LGSM_CPU_V2_0/lib/acq_imu.o
LOAD obj/default//D/github/adamShiau_FPGA/intel_IP/LGSM/NIOS/LGSM_CPU_V2_0/lib/acq_rst.o
LOAD obj/default//D/github/adamShiau_FPGA/intel_IP/LGSM/NIOS/LGSM_CPU_V2_0/lib/adda_config.o
LOAD obj/default//D/github/adamShiau_FPGA/intel_IP/LGSM/NIOS/LGSM_CPU_V2_0/lib/ads122c04_se.o
LOAD obj/default//D/github/adamShiau_FPGA/intel_IP/LGSM/NIOS/LGSM_CPU_V2_0/lib/asm330lhhx.o
LOAD obj/default//D/github/adamShiau_FPGA/intel_IP/LGSM/NIOS/LGSM_CPU_V2_0/lib/common.o
LOAD obj/default//D/github/adamShiau_FPGA/intel_IP/LGSM/NIOS/LGSM_CPU_V2_0/lib/eeprom_v2.o
LOAD obj/default//D/github/adamShiau_FPGA/intel_IP/LGSM/NIOS/LGSM_CPU_V2_0/lib/memory_manage.o
LOAD obj/default//D/github/adamShiau_FPGA/intel_IP/LGSM/NIOS/LGSM_CPU_V2_0/lib/myiic.o
LOAD obj/default//D/github/adamShiau_FPGA/intel_IP/LGSM/NIOS/LGSM_CPU_V2_0/lib/output_mode.o
LOAD obj/default//D/github/adamShiau_FPGA/intel_IP/LGSM/NIOS/LGSM_CPU_V2_0/lib/uart_dual.o
LOAD d:/intelfpga_lite/18.1/nios2eds/bin/gnu/h-x86_64-mingw32/bin/../lib/gcc/nios2-elf/5.3.0/../../../../../H-x86_64-mingw32/nios2-elf/lib/mno-hw-mul\libstdc++.a
LOAD d:/intelfpga_lite/18.1/nios2eds/bin/gnu/h-x86_64-mingw32/bin/../lib/gcc/nios2-elf/5.3.0/../../../../../H-x86_64-mingw32/nios2-elf/lib/mno-hw-mul\libm.a
LOAD d:/intelfpga_lite/18.1/nios2eds/bin/gnu/h-x86_64-mingw32/bin/../lib/gcc/nios2-elf/5.3.0/mno-hw-mul\libgcc.a
START GROUP
LOAD d:/intelfpga_lite/18.1/nios2eds/bin/gnu/h-x86_64-mingw32/bin/../lib/gcc/nios2-elf/5.3.0/../../../../../H-x86_64-mingw32/nios2-elf/lib/mno-hw-mul\libc.a
LOAD d:/intelfpga_lite/18.1/nios2eds/bin/gnu/h-x86_64-mingw32/bin/../lib/gcc/nios2-elf/5.3.0/mno-hw-mul\libgcc.a
LOAD ../LGSM_CPU_V2_0_bsp/\libhal_bsp.a
LOAD d:/intelfpga_lite/18.1/nios2eds/bin/gnu/h-x86_64-mingw32/bin/../lib/gcc/nios2-elf/5.3.0/../../../../../H-x86_64-mingw32/nios2-elf/lib/mno-hw-mul\libm.a
END GROUP
LOAD d:/intelfpga_lite/18.1/nios2eds/bin/gnu/h-x86_64-mingw32/bin/../lib/gcc/nios2-elf/5.3.0/mno-hw-mul\libgcc.a
                0x0000000001000000                __alt_mem_sdram = 0x1000000
                0x0000000002001000                __alt_mem_epcs = 0x2001000

.entry          0x0000000002001000        0x0
 *(.entry)
 .entry         0x0000000002001000        0x0 ../LGSM_CPU_V2_0_bsp//obj/HAL/src/crt0.o
                0x0000000002001000                __reset

.exceptions     0x0000000001000020      0x210
                [!provide]                        PROVIDE (__ram_exceptions_start, ABSOLUTE (.))
                0x0000000001000020                . = ALIGN (0x20)
 *(.irq)
 *(.exceptions.entry.label)
 .exceptions.entry.label
                0x0000000001000020        0x0 ../LGSM_CPU_V2_0_bsp/\libhal_bsp.a(alt_irq_entry.o)
                0x0000000001000020                alt_irq_entry
 .exceptions.entry.label
                0x0000000001000020        0x0 ../LGSM_CPU_V2_0_bsp/\libhal_bsp.a(alt_exception_entry.o)
                0x0000000001000020                alt_exception
 *(.exceptions.entry.user)
 *(.exceptions.entry.ecc_fatal)
 *(.exceptions.entry)
 .exceptions.entry
                0x0000000001000020       0x54 ../LGSM_CPU_V2_0_bsp/\libhal_bsp.a(alt_exception_entry.o)
 *(.exceptions.irqtest.user)
 *(.exceptions.irqtest)
 .exceptions.irqtest
                0x0000000001000074       0x10 ../LGSM_CPU_V2_0_bsp/\libhal_bsp.a(alt_irq_entry.o)
 *(.exceptions.irqhandler.user)
 *(.exceptions.irqhandler)
 .exceptions.irqhandler
                0x0000000001000084        0x4 ../LGSM_CPU_V2_0_bsp/\libhal_bsp.a(alt_irq_entry.o)
 *(.exceptions.irqreturn.user)
 *(.exceptions.irqreturn)
 .exceptions.irqreturn
                0x0000000001000088        0x4 ../LGSM_CPU_V2_0_bsp/\libhal_bsp.a(alt_irq_entry.o)
 *(.exceptions.notirq.label)
 .exceptions.notirq.label
                0x000000000100008c        0x0 ../LGSM_CPU_V2_0_bsp/\libhal_bsp.a(alt_irq_entry.o)
 *(.exceptions.notirq.user)
 *(.exceptions.notirq)
 .exceptions.notirq
                0x000000000100008c        0x8 ../LGSM_CPU_V2_0_bsp/\libhal_bsp.a(alt_exception_entry.o)
 *(.exceptions.soft.user)
 *(.exceptions.soft)
 *(.exceptions.unknown.user)
 *(.exceptions.unknown)
 .exceptions.unknown
                0x0000000001000094       0x14 ../LGSM_CPU_V2_0_bsp/\libhal_bsp.a(alt_exception_entry.o)
 *(.exceptions.exit.label)
 .exceptions.exit.label
                0x00000000010000a8        0x0 ../LGSM_CPU_V2_0_bsp/\libhal_bsp.a(alt_irq_entry.o)
 .exceptions.exit.label
                0x00000000010000a8        0x0 ../LGSM_CPU_V2_0_bsp/\libhal_bsp.a(alt_exception_entry.o)
 *(.exceptions.exit.user)
 *(.exceptions.exit)
 .exceptions.exit
                0x00000000010000a8       0x54 ../LGSM_CPU_V2_0_bsp/\libhal_bsp.a(alt_exception_entry.o)
 *(.exceptions)
 .exceptions    0x00000000010000fc       0xd4 ../LGSM_CPU_V2_0_bsp/\libhal_bsp.a(alt_irq_handler.o)
                0x00000000010000fc                alt_irq_handler
 .exceptions    0x00000000010001d0       0x60 ../LGSM_CPU_V2_0_bsp/\libhal_bsp.a(alt_instruction_exception_entry.o)
                0x00000000010001d0                alt_instruction_exception_entry
                [!provide]                        PROVIDE (__ram_exceptions_end, ABSOLUTE (.))
                [!provide]                        PROVIDE (__flash_exceptions_start, LOADADDR (.exceptions))

.text           0x0000000001000230    0x21588
                [!provide]                        PROVIDE (stext, ABSOLUTE (.))
 *(.interp)
 *(.hash)
 *(.dynsym)
 *(.dynstr)
 *(.gnu.version)
 *(.gnu.version_d)
 *(.gnu.version_r)
 *(.rel.init)
 *(.rela.init)
 *(.rel.text .rel.text.* .rel.gnu.linkonce.t.*)
 *(.rela.text .rela.text.* .rela.gnu.linkonce.t.*)
 *(.rel.fini)
 *(.rela.fini)
 *(.rel.rodata .rel.rodata.* .rel.gnu.linkonce.r.*)
 *(.rela.rodata .rela.rodata.* .rela.gnu.linkonce.r.*)
 *(.rel.data .rel.data.* .rel.gnu.linkonce.d.*)
 *(.rela.data .rela.data.* .rela.gnu.linkonce.d.*)
 *(.rel.tdata .rel.tdata.* .rel.gnu.linkonce.td.*)
 *(.rela.tdata .rela.tdata.* .rela.gnu.linkonce.td.*)
 *(.rel.tbss .rel.tbss.* .rel.gnu.linkonce.tb.*)
 *(.rela.tbss .rela.tbss.* .rela.gnu.linkonce.tb.*)
 *(.rel.ctors)
 *(.rela.ctors)
 *(.rel.dtors)
 *(.rela.dtors)
 *(.rel.got)
 *(.rela.got)
 *(.rel.sdata .rel.sdata.* .rel.gnu.linkonce.s.*)
 *(.rela.sdata .rela.sdata.* .rela.gnu.linkonce.s.*)
 *(.rel.sbss .rel.sbss.* .rel.gnu.linkonce.sb.*)
 *(.rela.sbss .rela.sbss.* .rela.gnu.linkonce.sb.*)
 *(.rel.sdata2 .rel.sdata2.* .rel.gnu.linkonce.s2.*)
 *(.rela.sdata2 .rela.sdata2.* .rela.gnu.linkonce.s2.*)
 *(.rel.sbss2 .rel.sbss2.* .rel.gnu.linkonce.sb2.*)
 *(.rela.sbss2 .rela.sbss2.* .rela.gnu.linkonce.sb2.*)
 *(.rel.bss .rel.bss.* .rel.gnu.linkonce.b.*)
 *(.rela.bss .rela.bss.* .rela.gnu.linkonce.b.*)
 *(.rel.plt)
 *(.rela.plt)
 *(.rel.dyn)
 *(.init)
 *(.plt)
 *(.text .stub .text.* .gnu.linkonce.t.*)
 .text          0x0000000001000230       0x38 ../LGSM_CPU_V2_0_bsp//obj/HAL/src/crt0.o
                0x0000000001000230                _start
 .text          0x0000000001000268      0x4dc obj/default//D/github/adamShiau_FPGA/intel_IP/LGSM/NIOS/LGSM_CPU_V2_0/LGSM_CPU_V2_0.o
                0x0000000001000268                main
                0x0000000001000394                monitor_reg
                0x00000000010003cc                dbg_mems
                0x00000000010005f0                update_sensor_data
                0x00000000010006a4                TRIGGER_IRQ_init
                0x0000000001000708                IRQ_TRIGGER_ISR
 .text          0x0000000001000744      0x2b8 obj/default//D/github/adamShiau_FPGA/intel_IP/LGSM/NIOS/LGSM_CPU_V2_0/lib/Tsensor_DS1775.o
                0x0000000001000744                ds1775_init
                0x0000000001000788                ds1775_set_resolution
                0x0000000001000804                ds1775_setCurPtr
                0x0000000001000858                ds1775_setConfiguration
                0x00000000010008b8                ds1775_readConf
                0x0000000001000900                ds1775_9B_readTemp_d
                0x000000000100096c                ds1775_9B_readTemp_f
 .text          0x00000000010009fc      0x558 obj/default//D/github/adamShiau_FPGA/intel_IP/LGSM/NIOS/LGSM_CPU_V2_0/lib/acq_fog.o
                0x00000000010009fc                acq_fog
 .text          0x0000000001000f54      0x288 obj/default//D/github/adamShiau_FPGA/intel_IP/LGSM/NIOS/LGSM_CPU_V2_0/lib/acq_imu.o
                0x0000000001000f54                acq_imu
 .text          0x00000000010011dc       0x48 obj/default//D/github/adamShiau_FPGA/intel_IP/LGSM/NIOS/LGSM_CPU_V2_0/lib/acq_rst.o
                0x00000000010011dc                acq_rst
 .text          0x0000000001001224      0x1c8 obj/default//D/github/adamShiau_FPGA/intel_IP/LGSM/NIOS/LGSM_CPU_V2_0/lib/adda_config.o
                0x0000000001001224                init_ADDA
                0x000000000100130c                set_ADC_all_zero
                0x000000000100134c                set_ADC_all_one
                0x000000000100138c                set_DAC_reset
                0x00000000010013bc                clear_DAC_reset
 .text          0x00000000010013ec      0x92c obj/default//D/github/adamShiau_FPGA/intel_IP/LGSM/NIOS/LGSM_CPU_V2_0/lib/ads122c04_se.o
                0x000000000100147c                init_ADS122C04_TEMP
                0x000000000100149c                I2C_write_verify_ADS122C04
                0x0000000001001538                test_ADS122C04
                0x0000000001001598                read_ADS122C04_TEMP
                0x00000000010017f0                I2C_sm_start_ADS122C04_TEMP
                0x0000000001001840                I2C_op_mode_sel_ADS122C04_TEMP
                0x00000000010018a0                I2C_clock_rate_sel_ADS122C04_TEMP
                0x0000000001001900                I2C_write_ADS122C04_TEMP_cmd
                0x0000000001001998                I2C_write_ADS122C04_TEMP_register
                0x0000000001001a48                I2C_read_ADS122C04_TEMP_register
                0x0000000001001aec                I2C_set_device_addr_ADS122C04_TEMP
                0x0000000001001b24                set_bit_safe_ADS122C04_TEMP
                0x0000000001001b88                clear_bit_safe_ADS122C04_TEMP
                0x0000000001001bec                I2C_sm_set_enable_ADS122C04_TEMP
                0x0000000001001c30                I2C_sm_set_disable_ADS122C04_TEMP
                0x0000000001001c74                I2C_sm_set_finish_clear_pulse_ADS122C04_TEMP
                0x0000000001001cdc                I2C_sm_read_finish_ADS122C04_TEMP
 .text          0x0000000001001d18      0xc84 obj/default//D/github/adamShiau_FPGA/intel_IP/LGSM/NIOS/LGSM_CPU_V2_0/lib/asm330lhhx.o
                0x0000000001001da8                init_ASM330LHHX
                0x0000000001001dc8                I2C_sm_force_reset_ASM330LHHX
                0x0000000001001e54                I2C_write_verify_ASM330LHHX
                0x0000000001001ef0                test_ASM330LHHX
                0x0000000001001f50                read_ASM330LHHX
                0x000000000100227c                get_ASM330LHHX_SM_status
                0x00000000010022b8                print_ASM330LHHX_SM_status
                0x00000000010022e8                set_ASM330LHHX_Gyro_LPF1
                0x00000000010023d4                set_ASM330LHHX_Accl_LPF2
                0x00000000010024cc                I2C_sm_start_ASM330LHHX
                0x000000000100251c                I2C_op_mode_sel_ASM330LHHX
                0x000000000100257c                I2C_clock_rate_sel_ASM330LHHX
                0x00000000010025dc                I2C_write_ASM330LHHX_register
                0x00000000010026b4                I2C_read_ASM330LHHX_register
                0x0000000001002770                I2C_set_device_addr_ASM330LHHX
                0x00000000010027a8                set_bit_safe_ASM330LHHX
                0x000000000100280c                clear_bit_safe_ASM330LHHX
                0x0000000001002870                I2C_sm_set_enable_ASM330LHHX
                0x00000000010028b4                I2C_sm_set_disable_ASM330LHHX
                0x00000000010028f8                I2C_sm_set_finish_clear_pulse_ASM330LHHX
                0x0000000001002960                I2C_sm_read_finish_ASM330LHHX
 .text          0x000000000100299c     0x5e34 obj/default//D/github/adamShiau_FPGA/intel_IP/LGSM/NIOS/LGSM_CPU_V2_0/lib/common.o
                0x000000000100299c                moving_average_init
                0x0000000001002a58                moving_average_update
                0x0000000001002b74                moving_average_free
                0x0000000001002bb0                sendTx
                0x0000000001002c80                checkByte
                0x0000000001002cd0                checkByte_dbg
                0x0000000001002d18                uart_printf
                0x0000000001002d88                uart_printf_dbg
                0x0000000001002e74                send_uart_string
                0x0000000001002ef8                SerialWrite
                0x0000000001002f7c                SerialWrite_dbg
                0x0000000001002ff8                SerialWrite_r
                0x0000000001003080                SerialWrite_dbg_r
                0x0000000001003100                IEEE_754_F2INT
                0x000000000100312c                fletcher16
                0x00000000010031b8                crc32_init_table
                0x0000000001003278                crc_32
                0x000000000100336c                print_crc
                0x0000000001003394                get_uart_cmd
                0x0000000001003590                cmd_mux
                0x00000000010035fc                Set_Dac_Gain_x
                0x0000000001003680                Set_Dac_Gain_y
                0x0000000001003704                Set_Dac_Gain_z
                0x0000000001003788                fog_parameter_legacy
                0x0000000001003b7c                fog_parameter
                0x0000000001006b00                apply_datarate_index
                0x0000000001006b78                apply_ASM330LHHX_Gyro_LPF1_index
                0x0000000001006bf4                apply_ASM330LHHX_Accl_LPF2_index
                0x0000000001006c70                update_config_to_HW_REG
                0x0000000001006ce4                update_fog_parameters_to_HW_REG
                0x0000000001007060                dump_fog_param
                0x0000000001007240                dump_fog_param_framed
                0x0000000001007454                dump_misalignment_param
                0x00000000010075bc                dump_misalignment_param_framed
                0x0000000001007760                dump_config_param_framed
                0x0000000001007904                dump_SN_framed
                0x0000000001007970                dump_version_framed
                0x0000000001007a10                send_json_uart
                0x0000000001007a78                send_framed_payload
                0x0000000001007b5c                SF_temp_compensation_1st_order_fog
                0x0000000001007c9c                SF_temp_compensation_1st_order_adxl357
                0x0000000001007ddc                BIAS_temp_compensation_1st_order_fog_3T
                0x000000000100810c                BIAS_temp_compensation_1st_order_adxl357
                0x000000000100824c                misalignment_calibration
                0x0000000001008594                uart_write_bytes
                0x00000000010085f4                uart_write_cstr
                0x0000000001008634                crc16_ccitt_update
                0x00000000010086cc                crc16_ccitt_buf
                0x0000000001008748                update_datarate_to_HW_REG
 .text          0x00000000010087d0     0x11cc obj/default//D/github/adamShiau_FPGA/intel_IP/LGSM/NIOS/LGSM_CPU_V2_0/lib/eeprom_v2.o
                0x0000000001008918                EEPROM_RW_TEST
                0x00000000010089b0                EEPROM_Write_4B
                0x0000000001008a74                PARAMETER_Write_f
                0x0000000001008acc                EEPROM_Read_4B
                0x0000000001008bb4                EEPROM_Read_4B_R
                0x0000000001008cc4                PARAMETER_Read
                0x0000000001008d1c                PARAMETER_Read_R
                0x0000000001008d74                PARAMETER_Write_s
                0x00000000010090dc                EEPROM_Write_initial_parameter
                0x00000000010091c0                LOAD_FOG_SN
                0x0000000001009244                LOAD_CONFIG
                0x0000000001009330                PRINT_FOG_CONFIG
                0x0000000001009374                LOAD_FOG_MISALIGNMENT
                0x0000000001009460                PRINT_FOG_MISALIGNMENT
                0x00000000010094a4                LOAD_FOG_PARAMETER
                0x0000000001009604                PRINT_FOG_PARAMETER
                0x0000000001009688                init_EEPROM
                0x00000000010096a8                I2C_sm_start
                0x00000000010096e8                I2C_op_mode_sel_EEPROM
                0x0000000001009748                I2C_clock_rate_sel
                0x00000000010097a8                set_bit_safe
                0x000000000100980c                clear_bit_safe
                0x0000000001009870                I2C_sm_set_enable
                0x00000000010098b4                I2C_sm_set_disable
                0x00000000010098f8                I2C_sm_set_finish_clear_pulse
                0x0000000001009960                I2C_sm_read_finish
 .text          0x000000000100999c      0x2b8 obj/default//D/github/adamShiau_FPGA/intel_IP/LGSM/NIOS/LGSM_CPU_V2_0/lib/memory_manage.o
                0x000000000100999c                initialize_fog_params_all
                0x0000000001009b78                initialize_fog_params_type
 .text          0x0000000001009c54      0x62c obj/default//D/github/adamShiau_FPGA/intel_IP/LGSM/NIOS/LGSM_CPU_V2_0/lib/myiic.o
                0x0000000001009c54                IIC_Init
                0x0000000001009c94                IIC_Start
                0x0000000001009d4c                IIC_Stop
                0x0000000001009e28                IIC_Wait_Ack
                0x0000000001009f14                IIC_Ack
                0x0000000001009fcc                IIC_NAck
                0x000000000100a084                IIC_Send_Byte
                0x000000000100a19c                IIC_Read_Byte
 .text          0x000000000100a280      0x15c obj/default//D/github/adamShiau_FPGA/intel_IP/LGSM/NIOS/LGSM_CPU_V2_0/lib/output_mode.o
                0x000000000100a280                output_mode_setting
 .text          0x000000000100a3dc      0xc34 obj/default//D/github/adamShiau_FPGA/intel_IP/LGSM/NIOS/LGSM_CPU_V2_0/lib/uart_dual.o
                0x000000000100a694                uartInit
                0x000000000100a770                uartAvailable
                0x000000000100a798                uartGetByte
                0x000000000100a86c                uartGetc
                0x000000000100a8a8                uartAck
                0x000000000100a8f8                uartAvailable_dbg
                0x000000000100a920                uartGetByte_dbg
                0x000000000100a9e4                uartGetc_dbg
                0x000000000100aa20                uartAck_dbg
                0x000000000100aa68                readDataDynamic
                0x000000000100ad3c                readDataDynamic_dbg
 .text          0x000000000100b010      0x1b4 d:/intelfpga_lite/18.1/nios2eds/bin/gnu/h-x86_64-mingw32/bin/../lib/gcc/nios2-elf/5.3.0/mno-hw-mul\libgcc.a(lib2-divmod.o)
                0x000000000100b010                __divsi3
                0x000000000100b094                __modsi3
                0x000000000100b108                __udivsi3
                0x000000000100b16c                __umodsi3
 .text          0x000000000100b1c4      0x4c8 d:/intelfpga_lite/18.1/nios2eds/bin/gnu/h-x86_64-mingw32/bin/../lib/gcc/nios2-elf/5.3.0/mno-hw-mul\libgcc.a(addsf3.o)
                0x000000000100b1c4                __addsf3
 .text          0x000000000100b68c      0x440 d:/intelfpga_lite/18.1/nios2eds/bin/gnu/h-x86_64-mingw32/bin/../lib/gcc/nios2-elf/5.3.0/mno-hw-mul\libgcc.a(divsf3.o)
                0x000000000100b68c                __divsf3
 .text          0x000000000100bacc       0x78 d:/intelfpga_lite/18.1/nios2eds/bin/gnu/h-x86_64-mingw32/bin/../lib/gcc/nios2-elf/5.3.0/mno-hw-mul\libgcc.a(eqsf2.o)
                0x000000000100bacc                __eqsf2
                0x000000000100bacc                __nesf2
 .text          0x000000000100bb44       0xbc d:/intelfpga_lite/18.1/nios2eds/bin/gnu/h-x86_64-mingw32/bin/../lib/gcc/nios2-elf/5.3.0/mno-hw-mul\libgcc.a(gesf2.o)
                0x000000000100bb44                __gesf2
                0x000000000100bb44                __gtsf2
 .text          0x000000000100bc00       0xc8 d:/intelfpga_lite/18.1/nios2eds/bin/gnu/h-x86_64-mingw32/bin/../lib/gcc/nios2-elf/5.3.0/mno-hw-mul\libgcc.a(lesf2.o)
                0x000000000100bc00                __ltsf2
                0x000000000100bc00                __lesf2
 .text          0x000000000100bcc8      0x430 d:/intelfpga_lite/18.1/nios2eds/bin/gnu/h-x86_64-mingw32/bin/../lib/gcc/nios2-elf/5.3.0/mno-hw-mul\libgcc.a(mulsf3.o)
                0x000000000100bcc8                __mulsf3
 .text          0x000000000100c0f8      0x4e4 d:/intelfpga_lite/18.1/nios2eds/bin/gnu/h-x86_64-mingw32/bin/../lib/gcc/nios2-elf/5.3.0/mno-hw-mul\libgcc.a(subsf3.o)
                0x000000000100c0f8                __subsf3
 .text          0x000000000100c5dc      0x124 d:/intelfpga_lite/18.1/nios2eds/bin/gnu/h-x86_64-mingw32/bin/../lib/gcc/nios2-elf/5.3.0/mno-hw-mul\libgcc.a(floatsisf.o)
                0x000000000100c5dc                __floatsisf
 .text          0x000000000100c700       0xf0 d:/intelfpga_lite/18.1/nios2eds/bin/gnu/h-x86_64-mingw32/bin/../lib/gcc/nios2-elf/5.3.0/mno-hw-mul\libgcc.a(floatunsisf.o)
                0x000000000100c700                __floatunsisf
 .text          0x000000000100c7f0      0x8ac d:/intelfpga_lite/18.1/nios2eds/bin/gnu/h-x86_64-mingw32/bin/../lib/gcc/nios2-elf/5.3.0/mno-hw-mul\libgcc.a(adddf3.o)
                0x000000000100c7f0                __adddf3
 .text          0x000000000100d09c      0x9d0 d:/intelfpga_lite/18.1/nios2eds/bin/gnu/h-x86_64-mingw32/bin/../lib/gcc/nios2-elf/5.3.0/mno-hw-mul\libgcc.a(divdf3.o)
                0x000000000100d09c                __divdf3
 .text          0x000000000100da6c      0x86c d:/intelfpga_lite/18.1/nios2eds/bin/gnu/h-x86_64-mingw32/bin/../lib/gcc/nios2-elf/5.3.0/mno-hw-mul\libgcc.a(muldf3.o)
                0x000000000100da6c                __muldf3
 .text          0x000000000100e2d8      0x8fc d:/intelfpga_lite/18.1/nios2eds/bin/gnu/h-x86_64-mingw32/bin/../lib/gcc/nios2-elf/5.3.0/mno-hw-mul\libgcc.a(subdf3.o)
                0x000000000100e2d8                __subdf3
 .text          0x000000000100ebd4      0x110 d:/intelfpga_lite/18.1/nios2eds/bin/gnu/h-x86_64-mingw32/bin/../lib/gcc/nios2-elf/5.3.0/mno-hw-mul\libgcc.a(extendsfdf2.o)
                0x000000000100ebd4                __extendsfdf2
 .text          0x000000000100ece4      0x1a8 d:/intelfpga_lite/18.1/nios2eds/bin/gnu/h-x86_64-mingw32/bin/../lib/gcc/nios2-elf/5.3.0/mno-hw-mul\libgcc.a(truncdfsf2.o)
                0x000000000100ece4                __truncdfsf2
 .text          0x000000000100ee8c       0x64 d:/intelfpga_lite/18.1/nios2eds/bin/gnu/h-x86_64-mingw32/bin/../lib/gcc/nios2-elf/5.3.0/mno-hw-mul\libgcc.a(_clzsi2.o)
                0x000000000100ee8c                __clzsi2
 .text          0x000000000100eef0       0x28 d:/intelfpga_lite/18.1/nios2eds/bin/gnu/h-x86_64-mingw32/bin/../lib/gcc/nios2-elf/5.3.0/mno-hw-mul\libgcc.a(lib2-mul.o)
                0x000000000100eef0                __mulsi3
 .text          0x000000000100ef18        0x0 d:/intelfpga_lite/18.1/nios2eds/bin/gnu/h-x86_64-mingw32/bin/../lib/gcc/nios2-elf/5.3.0/mno-hw-mul\libgcc.a(_clz.o)
 .text          0x000000000100ef18        0x0 d:/intelfpga_lite/18.1/nios2eds/bin/gnu/h-x86_64-mingw32/bin/../lib/gcc/nios2-elf/5.3.0/../../../../../H-x86_64-mingw32/nios2-elf/lib/mno-hw-mul\libc.a(lib_a-exit.o)
 .text.exit     0x000000000100ef18       0x38 d:/intelfpga_lite/18.1/nios2eds/bin/gnu/h-x86_64-mingw32/bin/../lib/gcc/nios2-elf/5.3.0/../../../../../H-x86_64-mingw32/nios2-elf/lib/mno-hw-mul\libc.a(lib_a-exit.o)
                0x000000000100ef18                exit
 .text          0x000000000100ef50        0x0 d:/intelfpga_lite/18.1/nios2eds/bin/gnu/h-x86_64-mingw32/bin/../lib/gcc/nios2-elf/5.3.0/../../../../../H-x86_64-mingw32/nios2-elf/lib/mno-hw-mul\libc.a(lib_a-impure.o)
 .text          0x000000000100ef50        0x0 d:/intelfpga_lite/18.1/nios2eds/bin/gnu/h-x86_64-mingw32/bin/../lib/gcc/nios2-elf/5.3.0/../../../../../H-x86_64-mingw32/nios2-elf/lib/mno-hw-mul\libc.a(lib_a-malloc.o)
 .text.malloc   0x000000000100ef50       0x14 d:/intelfpga_lite/18.1/nios2eds/bin/gnu/h-x86_64-mingw32/bin/../lib/gcc/nios2-elf/5.3.0/../../../../../H-x86_64-mingw32/nios2-elf/lib/mno-hw-mul\libc.a(lib_a-malloc.o)
                0x000000000100ef50                malloc
 .text.free     0x000000000100ef64       0x14 d:/intelfpga_lite/18.1/nios2eds/bin/gnu/h-x86_64-mingw32/bin/../lib/gcc/nios2-elf/5.3.0/../../../../../H-x86_64-mingw32/nios2-elf/lib/mno-hw-mul\libc.a(lib_a-malloc.o)
                0x000000000100ef64                free
 .text          0x000000000100ef78        0x0 d:/intelfpga_lite/18.1/nios2eds/bin/gnu/h-x86_64-mingw32/bin/../lib/gcc/nios2-elf/5.3.0/../../../../../H-x86_64-mingw32/nios2-elf/lib/mno-hw-mul\libc.a(lib_a-mallocr.o)
 .text._malloc_r
                0x000000000100ef78      0x80c d:/intelfpga_lite/18.1/nios2eds/bin/gnu/h-x86_64-mingw32/bin/../lib/gcc/nios2-elf/5.3.0/../../../../../H-x86_64-mingw32/nios2-elf/lib/mno-hw-mul\libc.a(lib_a-mallocr.o)
                0x000000000100ef78                _malloc_r
 .text          0x000000000100f784        0x0 d:/intelfpga_lite/18.1/nios2eds/bin/gnu/h-x86_64-mingw32/bin/../lib/gcc/nios2-elf/5.3.0/../../../../../H-x86_64-mingw32/nios2-elf/lib/mno-hw-mul\libc.a(lib_a-memcpy.o)
 .text.memcpy   0x000000000100f784      0x148 d:/intelfpga_lite/18.1/nios2eds/bin/gnu/h-x86_64-mingw32/bin/../lib/gcc/nios2-elf/5.3.0/../../../../../H-x86_64-mingw32/nios2-elf/lib/mno-hw-mul\libc.a(lib_a-memcpy.o)
                0x000000000100f784                memcpy
 .text          0x000000000100f8cc        0x0 d:/intelfpga_lite/18.1/nios2eds/bin/gnu/h-x86_64-mingw32/bin/../lib/gcc/nios2-elf/5.3.0/../../../../../H-x86_64-mingw32/nios2-elf/lib/mno-hw-mul\libc.a(lib_a-memset.o)
 .text.memset   0x000000000100f8cc      0x128 d:/intelfpga_lite/18.1/nios2eds/bin/gnu/h-x86_64-mingw32/bin/../lib/gcc/nios2-elf/5.3.0/../../../../../H-x86_64-mingw32/nios2-elf/lib/mno-hw-mul\libc.a(lib_a-memset.o)
                0x000000000100f8cc                memset
 .text          0x000000000100f9f4        0x0 d:/intelfpga_lite/18.1/nios2eds/bin/gnu/h-x86_64-mingw32/bin/../lib/gcc/nios2-elf/5.3.0/../../../../../H-x86_64-mingw32/nios2-elf/lib/mno-hw-mul\libc.a(lib_a-printf.o)
 .text._printf_r
                0x000000000100f9f4       0x30 d:/intelfpga_lite/18.1/nios2eds/bin/gnu/h-x86_64-mingw32/bin/../lib/gcc/nios2-elf/5.3.0/../../../../../H-x86_64-mingw32/nios2-elf/lib/mno-hw-mul\libc.a(lib_a-printf.o)
                0x000000000100f9f4                _printf_r
 .text.printf   0x000000000100fa24       0x3c d:/intelfpga_lite/18.1/nios2eds/bin/gnu/h-x86_64-mingw32/bin/../lib/gcc/nios2-elf/5.3.0/../../../../../H-x86_64-mingw32/nios2-elf/lib/mno-hw-mul\libc.a(lib_a-printf.o)
                0x000000000100fa24                printf
 .text          0x000000000100fa60        0x0 d:/intelfpga_lite/18.1/nios2eds/bin/gnu/h-x86_64-mingw32/bin/../lib/gcc/nios2-elf/5.3.0/../../../../../H-x86_64-mingw32/nios2-elf/lib/mno-hw-mul\libc.a(lib_a-puts.o)
 .text._puts_r  0x000000000100fa60       0xc0 d:/intelfpga_lite/18.1/nios2eds/bin/gnu/h-x86_64-mingw32/bin/../lib/gcc/nios2-elf/5.3.0/../../../../../H-x86_64-mingw32/nios2-elf/lib/mno-hw-mul\libc.a(lib_a-puts.o)
                0x000000000100fa60                _puts_r
 .text.puts     0x000000000100fb20       0x14 d:/intelfpga_lite/18.1/nios2eds/bin/gnu/h-x86_64-mingw32/bin/../lib/gcc/nios2-elf/5.3.0/../../../../../H-x86_64-mingw32/nios2-elf/lib/mno-hw-mul\libc.a(lib_a-puts.o)
                0x000000000100fb20                puts
 .text          0x000000000100fb34        0x0 d:/intelfpga_lite/18.1/nios2eds/bin/gnu/h-x86_64-mingw32/bin/../lib/gcc/nios2-elf/5.3.0/../../../../../H-x86_64-mingw32/nios2-elf/lib/mno-hw-mul\libc.a(lib_a-sbrkr.o)
 .text._sbrk_r  0x000000000100fb34       0x54 d:/intelfpga_lite/18.1/nios2eds/bin/gnu/h-x86_64-mingw32/bin/../lib/gcc/nios2-elf/5.3.0/../../../../../H-x86_64-mingw32/nios2-elf/lib/mno-hw-mul\libc.a(lib_a-sbrkr.o)
                0x000000000100fb34                _sbrk_r
 .text          0x000000000100fb88        0x0 d:/intelfpga_lite/18.1/nios2eds/bin/gnu/h-x86_64-mingw32/bin/../lib/gcc/nios2-elf/5.3.0/../../../../../H-x86_64-mingw32/nios2-elf/lib/mno-hw-mul\libc.a(lib_a-snprintf.o)
 .text._snprintf_r
                0x000000000100fb88       0xd8 d:/intelfpga_lite/18.1/nios2eds/bin/gnu/h-x86_64-mingw32/bin/../lib/gcc/nios2-elf/5.3.0/../../../../../H-x86_64-mingw32/nios2-elf/lib/mno-hw-mul\libc.a(lib_a-snprintf.o)
                0x000000000100fb88                _snprintf_r
 .text.snprintf
                0x000000000100fc60       0xe4 d:/intelfpga_lite/18.1/nios2eds/bin/gnu/h-x86_64-mingw32/bin/../lib/gcc/nios2-elf/5.3.0/../../../../../H-x86_64-mingw32/nios2-elf/lib/mno-hw-mul\libc.a(lib_a-snprintf.o)
                0x000000000100fc60                snprintf
 .text          0x000000000100fd44        0x0 d:/intelfpga_lite/18.1/nios2eds/bin/gnu/h-x86_64-mingw32/bin/../lib/gcc/nios2-elf/5.3.0/../../../../../H-x86_64-mingw32/nios2-elf/lib/mno-hw-mul\libc.a(lib_a-strlen.o)
 .text.strlen   0x000000000100fd44       0x98 d:/intelfpga_lite/18.1/nios2eds/bin/gnu/h-x86_64-mingw32/bin/../lib/gcc/nios2-elf/5.3.0/../../../../../H-x86_64-mingw32/nios2-elf/lib/mno-hw-mul\libc.a(lib_a-strlen.o)
                0x000000000100fd44                strlen
 .text          0x000000000100fddc        0x0 d:/intelfpga_lite/18.1/nios2eds/bin/gnu/h-x86_64-mingw32/bin/../lib/gcc/nios2-elf/5.3.0/../../../../../H-x86_64-mingw32/nios2-elf/lib/mno-hw-mul\libc.a(lib_a-strnlen.o)
 .text.strnlen  0x000000000100fddc       0x44 d:/intelfpga_lite/18.1/nios2eds/bin/gnu/h-x86_64-mingw32/bin/../lib/gcc/nios2-elf/5.3.0/../../../../../H-x86_64-mingw32/nios2-elf/lib/mno-hw-mul\libc.a(lib_a-strnlen.o)
                0x000000000100fddc                strnlen
 .text          0x000000000100fe20        0x0 d:/intelfpga_lite/18.1/nios2eds/bin/gnu/h-x86_64-mingw32/bin/../lib/gcc/nios2-elf/5.3.0/../../../../../H-x86_64-mingw32/nios2-elf/lib/mno-hw-mul\libc.a(lib_a-svfprintf.o)
 .text.___svfprintf_internal_r
                0x000000000100fe20     0x22bc d:/intelfpga_lite/18.1/nios2eds/bin/gnu/h-x86_64-mingw32/bin/../lib/gcc/nios2-elf/5.3.0/../../../../../H-x86_64-mingw32/nios2-elf/lib/mno-hw-mul\libc.a(lib_a-svfprintf.o)
                0x000000000100fe20                ___svfprintf_internal_r
 .text          0x00000000010120dc        0x0 d:/intelfpga_lite/18.1/nios2eds/bin/gnu/h-x86_64-mingw32/bin/../lib/gcc/nios2-elf/5.3.0/../../../../../H-x86_64-mingw32/nios2-elf/lib/mno-hw-mul\libc.a(lib_a-vfprintf.o)
 .text.___vfprintf_internal_r
                0x00000000010120dc     0x22dc d:/intelfpga_lite/18.1/nios2eds/bin/gnu/h-x86_64-mingw32/bin/../lib/gcc/nios2-elf/5.3.0/../../../../../H-x86_64-mingw32/nios2-elf/lib/mno-hw-mul\libc.a(lib_a-vfprintf.o)
                0x00000000010120dc                ___vfprintf_internal_r
 .text.__vfprintf_internal
                0x00000000010143b8       0x1c d:/intelfpga_lite/18.1/nios2eds/bin/gnu/h-x86_64-mingw32/bin/../lib/gcc/nios2-elf/5.3.0/../../../../../H-x86_64-mingw32/nios2-elf/lib/mno-hw-mul\libc.a(lib_a-vfprintf.o)
                0x00000000010143b8                __vfprintf_internal
 .text.__sbprintf
                0x00000000010143d4       0xbc d:/intelfpga_lite/18.1/nios2eds/bin/gnu/h-x86_64-mingw32/bin/../lib/gcc/nios2-elf/5.3.0/../../../../../H-x86_64-mingw32/nios2-elf/lib/mno-hw-mul\libc.a(lib_a-vfprintf.o)
 .text          0x0000000001014490        0x0 d:/intelfpga_lite/18.1/nios2eds/bin/gnu/h-x86_64-mingw32/bin/../lib/gcc/nios2-elf/5.3.0/../../../../../H-x86_64-mingw32/nios2-elf/lib/mno-hw-mul\libc.a(lib_a-vsnprintf.o)
 .text._vsnprintf_r
                0x0000000001014490       0xf0 d:/intelfpga_lite/18.1/nios2eds/bin/gnu/h-x86_64-mingw32/bin/../lib/gcc/nios2-elf/5.3.0/../../../../../H-x86_64-mingw32/nios2-elf/lib/mno-hw-mul\libc.a(lib_a-vsnprintf.o)
                0x0000000001014490                _vsnprintf_r
 .text.vsnprintf
                0x0000000001014580       0x34 d:/intelfpga_lite/18.1/nios2eds/bin/gnu/h-x86_64-mingw32/bin/../lib/gcc/nios2-elf/5.3.0/../../../../../H-x86_64-mingw32/nios2-elf/lib/mno-hw-mul\libc.a(lib_a-vsnprintf.o)
                0x0000000001014580                vsnprintf
 .text          0x00000000010145b4        0x0 d:/intelfpga_lite/18.1/nios2eds/bin/gnu/h-x86_64-mingw32/bin/../lib/gcc/nios2-elf/5.3.0/../../../../../H-x86_64-mingw32/nios2-elf/lib/mno-hw-mul\libc.a(lib_a-wsetup.o)
 .text.__swsetup_r
                0x00000000010145b4      0x154 d:/intelfpga_lite/18.1/nios2eds/bin/gnu/h-x86_64-mingw32/bin/../lib/gcc/nios2-elf/5.3.0/../../../../../H-x86_64-mingw32/nios2-elf/lib/mno-hw-mul\libc.a(lib_a-wsetup.o)
                0x00000000010145b4                __swsetup_r
 .text          0x0000000001014708        0x0 d:/intelfpga_lite/18.1/nios2eds/bin/gnu/h-x86_64-mingw32/bin/../lib/gcc/nios2-elf/5.3.0/../../../../../H-x86_64-mingw32/nios2-elf/lib/mno-hw-mul\libc.a(lib_a-__call_atexit.o)
 .text.__call_exitprocs
                0x0000000001014708      0x180 d:/intelfpga_lite/18.1/nios2eds/bin/gnu/h-x86_64-mingw32/bin/../lib/gcc/nios2-elf/5.3.0/../../../../../H-x86_64-mingw32/nios2-elf/lib/mno-hw-mul\libc.a(lib_a-__call_atexit.o)
                0x0000000001014708                __call_exitprocs
 .text          0x0000000001014888        0x0 d:/intelfpga_lite/18.1/nios2eds/bin/gnu/h-x86_64-mingw32/bin/../lib/gcc/nios2-elf/5.3.0/../../../../../H-x86_64-mingw32/nios2-elf/lib/mno-hw-mul\libc.a(lib_a-dtoa.o)
 .text.quorem   0x0000000001014888      0x228 d:/intelfpga_lite/18.1/nios2eds/bin/gnu/h-x86_64-mingw32/bin/../lib/gcc/nios2-elf/5.3.0/../../../../../H-x86_64-mingw32/nios2-elf/lib/mno-hw-mul\libc.a(lib_a-dtoa.o)
 .text._dtoa_r  0x0000000001014ab0     0x1688 d:/intelfpga_lite/18.1/nios2eds/bin/gnu/h-x86_64-mingw32/bin/../lib/gcc/nios2-elf/5.3.0/../../../../../H-x86_64-mingw32/nios2-elf/lib/mno-hw-mul\libc.a(lib_a-dtoa.o)
                0x0000000001014ab0                _dtoa_r
 .text          0x0000000001016138        0x0 d:/intelfpga_lite/18.1/nios2eds/bin/gnu/h-x86_64-mingw32/bin/../lib/gcc/nios2-elf/5.3.0/../../../../../H-x86_64-mingw32/nios2-elf/lib/mno-hw-mul\libc.a(lib_a-fflush.o)
 .text.__sflush_r
                0x0000000001016138      0x21c d:/intelfpga_lite/18.1/nios2eds/bin/gnu/h-x86_64-mingw32/bin/../lib/gcc/nios2-elf/5.3.0/../../../../../H-x86_64-mingw32/nios2-elf/lib/mno-hw-mul\libc.a(lib_a-fflush.o)
                0x0000000001016138                __sflush_r
 .text._fflush_r
                0x0000000001016354       0x5c d:/intelfpga_lite/18.1/nios2eds/bin/gnu/h-x86_64-mingw32/bin/../lib/gcc/nios2-elf/5.3.0/../../../../../H-x86_64-mingw32/nios2-elf/lib/mno-hw-mul\libc.a(lib_a-fflush.o)
                0x0000000001016354                _fflush_r
 .text.fflush   0x00000000010163b0       0x30 d:/intelfpga_lite/18.1/nios2eds/bin/gnu/h-x86_64-mingw32/bin/../lib/gcc/nios2-elf/5.3.0/../../../../../H-x86_64-mingw32/nios2-elf/lib/mno-hw-mul\libc.a(lib_a-fflush.o)
                0x00000000010163b0                fflush
 .text          0x00000000010163e0        0x0 d:/intelfpga_lite/18.1/nios2eds/bin/gnu/h-x86_64-mingw32/bin/../lib/gcc/nios2-elf/5.3.0/../../../../../H-x86_64-mingw32/nios2-elf/lib/mno-hw-mul\libc.a(lib_a-findfp.o)
 .text.__fp_unlock
                0x00000000010163e0        0x8 d:/intelfpga_lite/18.1/nios2eds/bin/gnu/h-x86_64-mingw32/bin/../lib/gcc/nios2-elf/5.3.0/../../../../../H-x86_64-mingw32/nios2-elf/lib/mno-hw-mul\libc.a(lib_a-findfp.o)
 .text._cleanup_r
                0x00000000010163e8        0xc d:/intelfpga_lite/18.1/nios2eds/bin/gnu/h-x86_64-mingw32/bin/../lib/gcc/nios2-elf/5.3.0/../../../../../H-x86_64-mingw32/nios2-elf/lib/mno-hw-mul\libc.a(lib_a-findfp.o)
                0x00000000010163e8                _cleanup_r
 .text.__sinit.part.1
                0x00000000010163f4      0x19c d:/intelfpga_lite/18.1/nios2eds/bin/gnu/h-x86_64-mingw32/bin/../lib/gcc/nios2-elf/5.3.0/../../../../../H-x86_64-mingw32/nios2-elf/lib/mno-hw-mul\libc.a(lib_a-findfp.o)
 .text.__fp_lock
                0x0000000001016590        0x8 d:/intelfpga_lite/18.1/nios2eds/bin/gnu/h-x86_64-mingw32/bin/../lib/gcc/nios2-elf/5.3.0/../../../../../H-x86_64-mingw32/nios2-elf/lib/mno-hw-mul\libc.a(lib_a-findfp.o)
 .text.__sfmoreglue
                0x0000000001016598       0x78 d:/intelfpga_lite/18.1/nios2eds/bin/gnu/h-x86_64-mingw32/bin/../lib/gcc/nios2-elf/5.3.0/../../../../../H-x86_64-mingw32/nios2-elf/lib/mno-hw-mul\libc.a(lib_a-findfp.o)
                0x0000000001016598                __sfmoreglue
 .text.__sfp    0x0000000001016610      0x118 d:/intelfpga_lite/18.1/nios2eds/bin/gnu/h-x86_64-mingw32/bin/../lib/gcc/nios2-elf/5.3.0/../../../../../H-x86_64-mingw32/nios2-elf/lib/mno-hw-mul\libc.a(lib_a-findfp.o)
                0x0000000001016610                __sfp
 .text._cleanup
                0x0000000001016728       0x18 d:/intelfpga_lite/18.1/nios2eds/bin/gnu/h-x86_64-mingw32/bin/../lib/gcc/nios2-elf/5.3.0/../../../../../H-x86_64-mingw32/nios2-elf/lib/mno-hw-mul\libc.a(lib_a-findfp.o)
                0x0000000001016728                _cleanup
 .text.__sinit  0x0000000001016740       0x10 d:/intelfpga_lite/18.1/nios2eds/bin/gnu/h-x86_64-mingw32/bin/../lib/gcc/nios2-elf/5.3.0/../../../../../H-x86_64-mingw32/nios2-elf/lib/mno-hw-mul\libc.a(lib_a-findfp.o)
                0x0000000001016740                __sinit
 .text.__sfp_lock_acquire
                0x0000000001016750        0x4 d:/intelfpga_lite/18.1/nios2eds/bin/gnu/h-x86_64-mingw32/bin/../lib/gcc/nios2-elf/5.3.0/../../../../../H-x86_64-mingw32/nios2-elf/lib/mno-hw-mul\libc.a(lib_a-findfp.o)
                0x0000000001016750                __sfp_lock_acquire
 .text.__sfp_lock_release
                0x0000000001016754        0x4 d:/intelfpga_lite/18.1/nios2eds/bin/gnu/h-x86_64-mingw32/bin/../lib/gcc/nios2-elf/5.3.0/../../../../../H-x86_64-mingw32/nios2-elf/lib/mno-hw-mul\libc.a(lib_a-findfp.o)
                0x0000000001016754                __sfp_lock_release
 .text.__sinit_lock_acquire
                0x0000000001016758        0x4 d:/intelfpga_lite/18.1/nios2eds/bin/gnu/h-x86_64-mingw32/bin/../lib/gcc/nios2-elf/5.3.0/../../../../../H-x86_64-mingw32/nios2-elf/lib/mno-hw-mul\libc.a(lib_a-findfp.o)
                0x0000000001016758                __sinit_lock_acquire
 .text.__sinit_lock_release
                0x000000000101675c        0x4 d:/intelfpga_lite/18.1/nios2eds/bin/gnu/h-x86_64-mingw32/bin/../lib/gcc/nios2-elf/5.3.0/../../../../../H-x86_64-mingw32/nios2-elf/lib/mno-hw-mul\libc.a(lib_a-findfp.o)
                0x000000000101675c                __sinit_lock_release
 .text.__fp_lock_all
                0x0000000001016760       0x18 d:/intelfpga_lite/18.1/nios2eds/bin/gnu/h-x86_64-mingw32/bin/../lib/gcc/nios2-elf/5.3.0/../../../../../H-x86_64-mingw32/nios2-elf/lib/mno-hw-mul\libc.a(lib_a-findfp.o)
                0x0000000001016760                __fp_lock_all
 .text.__fp_unlock_all
                0x0000000001016778       0x18 d:/intelfpga_lite/18.1/nios2eds/bin/gnu/h-x86_64-mingw32/bin/../lib/gcc/nios2-elf/5.3.0/../../../../../H-x86_64-mingw32/nios2-elf/lib/mno-hw-mul\libc.a(lib_a-findfp.o)
                0x0000000001016778                __fp_unlock_all
 .text          0x0000000001016790        0x0 d:/intelfpga_lite/18.1/nios2eds/bin/gnu/h-x86_64-mingw32/bin/../lib/gcc/nios2-elf/5.3.0/../../../../../H-x86_64-mingw32/nios2-elf/lib/mno-hw-mul\libc.a(lib_a-freer.o)
 .text._malloc_trim_r
                0x0000000001016790      0x124 d:/intelfpga_lite/18.1/nios2eds/bin/gnu/h-x86_64-mingw32/bin/../lib/gcc/nios2-elf/5.3.0/../../../../../H-x86_64-mingw32/nios2-elf/lib/mno-hw-mul\libc.a(lib_a-freer.o)
                0x0000000001016790                _malloc_trim_r
 .text._free_r  0x00000000010168b4      0x310 d:/intelfpga_lite/18.1/nios2eds/bin/gnu/h-x86_64-mingw32/bin/../lib/gcc/nios2-elf/5.3.0/../../../../../H-x86_64-mingw32/nios2-elf/lib/mno-hw-mul\libc.a(lib_a-freer.o)
                0x00000000010168b4                _free_r
 .text          0x0000000001016bc4        0x0 d:/intelfpga_lite/18.1/nios2eds/bin/gnu/h-x86_64-mingw32/bin/../lib/gcc/nios2-elf/5.3.0/../../../../../H-x86_64-mingw32/nios2-elf/lib/mno-hw-mul\libc.a(lib_a-fvwrite.o)
 .text.__sfvwrite_r
                0x0000000001016bc4      0x4c8 d:/intelfpga_lite/18.1/nios2eds/bin/gnu/h-x86_64-mingw32/bin/../lib/gcc/nios2-elf/5.3.0/../../../../../H-x86_64-mingw32/nios2-elf/lib/mno-hw-mul\libc.a(lib_a-fvwrite.o)
                0x0000000001016bc4                __sfvwrite_r
 .text          0x000000000101708c        0x0 d:/intelfpga_lite/18.1/nios2eds/bin/gnu/h-x86_64-mingw32/bin/../lib/gcc/nios2-elf/5.3.0/../../../../../H-x86_64-mingw32/nios2-elf/lib/mno-hw-mul\libc.a(lib_a-fwalk.o)
 .text._fwalk   0x000000000101708c       0xc4 d:/intelfpga_lite/18.1/nios2eds/bin/gnu/h-x86_64-mingw32/bin/../lib/gcc/nios2-elf/5.3.0/../../../../../H-x86_64-mingw32/nios2-elf/lib/mno-hw-mul\libc.a(lib_a-fwalk.o)
                0x000000000101708c                _fwalk
 .text._fwalk_reent
                0x0000000001017150       0xc4 d:/intelfpga_lite/18.1/nios2eds/bin/gnu/h-x86_64-mingw32/bin/../lib/gcc/nios2-elf/5.3.0/../../../../../H-x86_64-mingw32/nios2-elf/lib/mno-hw-mul\libc.a(lib_a-fwalk.o)
                0x0000000001017150                _fwalk_reent
 .text          0x0000000001017214        0x0 d:/intelfpga_lite/18.1/nios2eds/bin/gnu/h-x86_64-mingw32/bin/../lib/gcc/nios2-elf/5.3.0/../../../../../H-x86_64-mingw32/nios2-elf/lib/mno-hw-mul\libc.a(lib_a-int_errno.o)
 .text          0x0000000001017214        0x0 d:/intelfpga_lite/18.1/nios2eds/bin/gnu/h-x86_64-mingw32/bin/../lib/gcc/nios2-elf/5.3.0/../../../../../H-x86_64-mingw32/nios2-elf/lib/mno-hw-mul\libc.a(lib_a-locale.o)
 .text._setlocale_r
                0x0000000001017214       0x7c d:/intelfpga_lite/18.1/nios2eds/bin/gnu/h-x86_64-mingw32/bin/../lib/gcc/nios2-elf/5.3.0/../../../../../H-x86_64-mingw32/nios2-elf/lib/mno-hw-mul\libc.a(lib_a-locale.o)
                0x0000000001017214                _setlocale_r
 .text.__locale_charset
                0x0000000001017290        0xc d:/intelfpga_lite/18.1/nios2eds/bin/gnu/h-x86_64-mingw32/bin/../lib/gcc/nios2-elf/5.3.0/../../../../../H-x86_64-mingw32/nios2-elf/lib/mno-hw-mul\libc.a(lib_a-locale.o)
                0x0000000001017290                __locale_charset
 .text.__locale_mb_cur_max
                0x000000000101729c       0x10 d:/intelfpga_lite/18.1/nios2eds/bin/gnu/h-x86_64-mingw32/bin/../lib/gcc/nios2-elf/5.3.0/../../../../../H-x86_64-mingw32/nios2-elf/lib/mno-hw-mul\libc.a(lib_a-locale.o)
                0x000000000101729c                __locale_mb_cur_max
 .text.__locale_msgcharset
                0x00000000010172ac        0xc d:/intelfpga_lite/18.1/nios2eds/bin/gnu/h-x86_64-mingw32/bin/../lib/gcc/nios2-elf/5.3.0/../../../../../H-x86_64-mingw32/nios2-elf/lib/mno-hw-mul\libc.a(lib_a-locale.o)
                0x00000000010172ac                __locale_msgcharset
 .text.__locale_cjk_lang
                0x00000000010172b8        0x8 d:/intelfpga_lite/18.1/nios2eds/bin/gnu/h-x86_64-mingw32/bin/../lib/gcc/nios2-elf/5.3.0/../../../../../H-x86_64-mingw32/nios2-elf/lib/mno-hw-mul\libc.a(lib_a-locale.o)
                0x00000000010172b8                __locale_cjk_lang
 .text._localeconv_r
                0x00000000010172c0        0xc d:/intelfpga_lite/18.1/nios2eds/bin/gnu/h-x86_64-mingw32/bin/../lib/gcc/nios2-elf/5.3.0/../../../../../H-x86_64-mingw32/nios2-elf/lib/mno-hw-mul\libc.a(lib_a-locale.o)
                0x00000000010172c0                _localeconv_r
 .text.setlocale
                0x00000000010172cc       0x18 d:/intelfpga_lite/18.1/nios2eds/bin/gnu/h-x86_64-mingw32/bin/../lib/gcc/nios2-elf/5.3.0/../../../../../H-x86_64-mingw32/nios2-elf/lib/mno-hw-mul\libc.a(lib_a-locale.o)
                0x00000000010172cc                setlocale
 .text.localeconv
                0x00000000010172e4        0xc d:/intelfpga_lite/18.1/nios2eds/bin/gnu/h-x86_64-mingw32/bin/../lib/gcc/nios2-elf/5.3.0/../../../../../H-x86_64-mingw32/nios2-elf/lib/mno-hw-mul\libc.a(lib_a-locale.o)
                0x00000000010172e4                localeconv
 .text          0x00000000010172f0        0x0 d:/intelfpga_lite/18.1/nios2eds/bin/gnu/h-x86_64-mingw32/bin/../lib/gcc/nios2-elf/5.3.0/../../../../../H-x86_64-mingw32/nios2-elf/lib/mno-hw-mul\libc.a(lib_a-makebuf.o)
 .text.__smakebuf_r
                0x00000000010172f0      0x1bc d:/intelfpga_lite/18.1/nios2eds/bin/gnu/h-x86_64-mingw32/bin/../lib/gcc/nios2-elf/5.3.0/../../../../../H-x86_64-mingw32/nios2-elf/lib/mno-hw-mul\libc.a(lib_a-makebuf.o)
                0x00000000010172f0                __smakebuf_r
 .text          0x00000000010174ac        0x0 d:/intelfpga_lite/18.1/nios2eds/bin/gnu/h-x86_64-mingw32/bin/../lib/gcc/nios2-elf/5.3.0/../../../../../H-x86_64-mingw32/nios2-elf/lib/mno-hw-mul\libc.a(lib_a-memchr.o)
 .text.memchr   0x00000000010174ac       0xe4 d:/intelfpga_lite/18.1/nios2eds/bin/gnu/h-x86_64-mingw32/bin/../lib/gcc/nios2-elf/5.3.0/../../../../../H-x86_64-mingw32/nios2-elf/lib/mno-hw-mul\libc.a(lib_a-memchr.o)
                0x00000000010174ac                memchr
 .text          0x0000000001017590        0x0 d:/intelfpga_lite/18.1/nios2eds/bin/gnu/h-x86_64-mingw32/bin/../lib/gcc/nios2-elf/5.3.0/../../../../../H-x86_64-mingw32/nios2-elf/lib/mno-hw-mul\libc.a(lib_a-memmove.o)
 .text.memmove  0x0000000001017590      0x15c d:/intelfpga_lite/18.1/nios2eds/bin/gnu/h-x86_64-mingw32/bin/../lib/gcc/nios2-elf/5.3.0/../../../../../H-x86_64-mingw32/nios2-elf/lib/mno-hw-mul\libc.a(lib_a-memmove.o)
                0x0000000001017590                memmove
 .text          0x00000000010176ec        0x0 d:/intelfpga_lite/18.1/nios2eds/bin/gnu/h-x86_64-mingw32/bin/../lib/gcc/nios2-elf/5.3.0/../../../../../H-x86_64-mingw32/nios2-elf/lib/mno-hw-mul\libc.a(lib_a-mprec.o)
 .text._Balloc  0x00000000010176ec       0xa8 d:/intelfpga_lite/18.1/nios2eds/bin/gnu/h-x86_64-mingw32/bin/../lib/gcc/nios2-elf/5.3.0/../../../../../H-x86_64-mingw32/nios2-elf/lib/mno-hw-mul\libc.a(lib_a-mprec.o)
                0x00000000010176ec                _Balloc
 .text._Bfree   0x0000000001017794       0x28 d:/intelfpga_lite/18.1/nios2eds/bin/gnu/h-x86_64-mingw32/bin/../lib/gcc/nios2-elf/5.3.0/../../../../../H-x86_64-mingw32/nios2-elf/lib/mno-hw-mul\libc.a(lib_a-mprec.o)
                0x0000000001017794                _Bfree
 .text.__multadd
                0x00000000010177bc      0x148 d:/intelfpga_lite/18.1/nios2eds/bin/gnu/h-x86_64-mingw32/bin/../lib/gcc/nios2-elf/5.3.0/../../../../../H-x86_64-mingw32/nios2-elf/lib/mno-hw-mul\libc.a(lib_a-mprec.o)
                0x00000000010177bc                __multadd
 .text.__s2b    0x0000000001017904      0x104 d:/intelfpga_lite/18.1/nios2eds/bin/gnu/h-x86_64-mingw32/bin/../lib/gcc/nios2-elf/5.3.0/../../../../../H-x86_64-mingw32/nios2-elf/lib/mno-hw-mul\libc.a(lib_a-mprec.o)
                0x0000000001017904                __s2b
 .text.__hi0bits
                0x0000000001017a08       0x68 d:/intelfpga_lite/18.1/nios2eds/bin/gnu/h-x86_64-mingw32/bin/../lib/gcc/nios2-elf/5.3.0/../../../../../H-x86_64-mingw32/nios2-elf/lib/mno-hw-mul\libc.a(lib_a-mprec.o)
                0x0000000001017a08                __hi0bits
 .text.__lo0bits
                0x0000000001017a70       0xb0 d:/intelfpga_lite/18.1/nios2eds/bin/gnu/h-x86_64-mingw32/bin/../lib/gcc/nios2-elf/5.3.0/../../../../../H-x86_64-mingw32/nios2-elf/lib/mno-hw-mul\libc.a(lib_a-mprec.o)
                0x0000000001017a70                __lo0bits
 .text.__i2b    0x0000000001017b20       0x3c d:/intelfpga_lite/18.1/nios2eds/bin/gnu/h-x86_64-mingw32/bin/../lib/gcc/nios2-elf/5.3.0/../../../../../H-x86_64-mingw32/nios2-elf/lib/mno-hw-mul\libc.a(lib_a-mprec.o)
                0x0000000001017b20                __i2b
 .text.__multiply
                0x0000000001017b5c      0x28c d:/intelfpga_lite/18.1/nios2eds/bin/gnu/h-x86_64-mingw32/bin/../lib/gcc/nios2-elf/5.3.0/../../../../../H-x86_64-mingw32/nios2-elf/lib/mno-hw-mul\libc.a(lib_a-mprec.o)
                0x0000000001017b5c                __multiply
 .text.__pow5mult
                0x0000000001017de8      0x140 d:/intelfpga_lite/18.1/nios2eds/bin/gnu/h-x86_64-mingw32/bin/../lib/gcc/nios2-elf/5.3.0/../../../../../H-x86_64-mingw32/nios2-elf/lib/mno-hw-mul\libc.a(lib_a-mprec.o)
                0x0000000001017de8                __pow5mult
 .text.__lshift
                0x0000000001017f28      0x148 d:/intelfpga_lite/18.1/nios2eds/bin/gnu/h-x86_64-mingw32/bin/../lib/gcc/nios2-elf/5.3.0/../../../../../H-x86_64-mingw32/nios2-elf/lib/mno-hw-mul\libc.a(lib_a-mprec.o)
                0x0000000001017f28                __lshift
 .text.__mcmp   0x0000000001018070       0x60 d:/intelfpga_lite/18.1/nios2eds/bin/gnu/h-x86_64-mingw32/bin/../lib/gcc/nios2-elf/5.3.0/../../../../../H-x86_64-mingw32/nios2-elf/lib/mno-hw-mul\libc.a(lib_a-mprec.o)
                0x0000000001018070                __mcmp
 .text.__mdiff  0x00000000010180d0      0x1fc d:/intelfpga_lite/18.1/nios2eds/bin/gnu/h-x86_64-mingw32/bin/../lib/gcc/nios2-elf/5.3.0/../../../../../H-x86_64-mingw32/nios2-elf/lib/mno-hw-mul\libc.a(lib_a-mprec.o)
                0x00000000010180d0                __mdiff
 .text.__ulp    0x00000000010182cc       0x64 d:/intelfpga_lite/18.1/nios2eds/bin/gnu/h-x86_64-mingw32/bin/../lib/gcc/nios2-elf/5.3.0/../../../../../H-x86_64-mingw32/nios2-elf/lib/mno-hw-mul\libc.a(lib_a-mprec.o)
                0x00000000010182cc                __ulp
 .text.__b2d    0x0000000001018330      0x10c d:/intelfpga_lite/18.1/nios2eds/bin/gnu/h-x86_64-mingw32/bin/../lib/gcc/nios2-elf/5.3.0/../../../../../H-x86_64-mingw32/nios2-elf/lib/mno-hw-mul\libc.a(lib_a-mprec.o)
                0x0000000001018330                __b2d
 .text.__d2b    0x000000000101843c      0x14c d:/intelfpga_lite/18.1/nios2eds/bin/gnu/h-x86_64-mingw32/bin/../lib/gcc/nios2-elf/5.3.0/../../../../../H-x86_64-mingw32/nios2-elf/lib/mno-hw-mul\libc.a(lib_a-mprec.o)
                0x000000000101843c                __d2b
 .text.__ratio  0x0000000001018588       0xa4 d:/intelfpga_lite/18.1/nios2eds/bin/gnu/h-x86_64-mingw32/bin/../lib/gcc/nios2-elf/5.3.0/../../../../../H-x86_64-mingw32/nios2-elf/lib/mno-hw-mul\libc.a(lib_a-mprec.o)
                0x0000000001018588                __ratio
 .text._mprec_log10
                0x000000000101862c       0x74 d:/intelfpga_lite/18.1/nios2eds/bin/gnu/h-x86_64-mingw32/bin/../lib/gcc/nios2-elf/5.3.0/../../../../../H-x86_64-mingw32/nios2-elf/lib/mno-hw-mul\libc.a(lib_a-mprec.o)
                0x000000000101862c                _mprec_log10
 .text.__copybits
                0x00000000010186a0       0x78 d:/intelfpga_lite/18.1/nios2eds/bin/gnu/h-x86_64-mingw32/bin/../lib/gcc/nios2-elf/5.3.0/../../../../../H-x86_64-mingw32/nios2-elf/lib/mno-hw-mul\libc.a(lib_a-mprec.o)
                0x00000000010186a0                __copybits
 .text.__any_on
                0x0000000001018718       0x8c d:/intelfpga_lite/18.1/nios2eds/bin/gnu/h-x86_64-mingw32/bin/../lib/gcc/nios2-elf/5.3.0/../../../../../H-x86_64-mingw32/nios2-elf/lib/mno-hw-mul\libc.a(lib_a-mprec.o)
                0x0000000001018718                __any_on
 .text          0x00000000010187a4        0x0 d:/intelfpga_lite/18.1/nios2eds/bin/gnu/h-x86_64-mingw32/bin/../lib/gcc/nios2-elf/5.3.0/../../../../../H-x86_64-mingw32/nios2-elf/lib/mno-hw-mul\libc.a(lib_a-reallocr.o)
 .text._realloc_r
                0x00000000010187a4      0x564 d:/intelfpga_lite/18.1/nios2eds/bin/gnu/h-x86_64-mingw32/bin/../lib/gcc/nios2-elf/5.3.0/../../../../../H-x86_64-mingw32/nios2-elf/lib/mno-hw-mul\libc.a(lib_a-reallocr.o)
                0x00000000010187a4                _realloc_r
 .text          0x0000000001018d08        0x0 d:/intelfpga_lite/18.1/nios2eds/bin/gnu/h-x86_64-mingw32/bin/../lib/gcc/nios2-elf/5.3.0/../../../../../H-x86_64-mingw32/nios2-elf/lib/mno-hw-mul\libc.a(lib_a-s_fpclassify.o)
 .text.__fpclassifyd
                0x0000000001018d08       0x74 d:/intelfpga_lite/18.1/nios2eds/bin/gnu/h-x86_64-mingw32/bin/../lib/gcc/nios2-elf/5.3.0/../../../../../H-x86_64-mingw32/nios2-elf/lib/mno-hw-mul\libc.a(lib_a-s_fpclassify.o)
                0x0000000001018d08                __fpclassifyd
 .text          0x0000000001018d7c        0x0 d:/intelfpga_lite/18.1/nios2eds/bin/gnu/h-x86_64-mingw32/bin/../lib/gcc/nios2-elf/5.3.0/../../../../../H-x86_64-mingw32/nios2-elf/lib/mno-hw-mul\libc.a(lib_a-stdio.o)
 .text.__sread  0x0000000001018d7c       0x54 d:/intelfpga_lite/18.1/nios2eds/bin/gnu/h-x86_64-mingw32/bin/../lib/gcc/nios2-elf/5.3.0/../../../../../H-x86_64-mingw32/nios2-elf/lib/mno-hw-mul\libc.a(lib_a-stdio.o)
                0x0000000001018d7c                __sread
 .text.__seofread
                0x0000000001018dd0        0x8 d:/intelfpga_lite/18.1/nios2eds/bin/gnu/h-x86_64-mingw32/bin/../lib/gcc/nios2-elf/5.3.0/../../../../../H-x86_64-mingw32/nios2-elf/lib/mno-hw-mul\libc.a(lib_a-stdio.o)
                0x0000000001018dd0                __seofread
 .text.__swrite
                0x0000000001018dd8       0x7c d:/intelfpga_lite/18.1/nios2eds/bin/gnu/h-x86_64-mingw32/bin/../lib/gcc/nios2-elf/5.3.0/../../../../../H-x86_64-mingw32/nios2-elf/lib/mno-hw-mul\libc.a(lib_a-stdio.o)
                0x0000000001018dd8                __swrite
 .text.__sseek  0x0000000001018e54       0x5c d:/intelfpga_lite/18.1/nios2eds/bin/gnu/h-x86_64-mingw32/bin/../lib/gcc/nios2-elf/5.3.0/../../../../../H-x86_64-mingw32/nios2-elf/lib/mno-hw-mul\libc.a(lib_a-stdio.o)
                0x0000000001018e54                __sseek
 .text.__sclose
                0x0000000001018eb0        0x8 d:/intelfpga_lite/18.1/nios2eds/bin/gnu/h-x86_64-mingw32/bin/../lib/gcc/nios2-elf/5.3.0/../../../../../H-x86_64-mingw32/nios2-elf/lib/mno-hw-mul\libc.a(lib_a-stdio.o)
                0x0000000001018eb0                __sclose
 .text          0x0000000001018eb8        0x0 d:/intelfpga_lite/18.1/nios2eds/bin/gnu/h-x86_64-mingw32/bin/../lib/gcc/nios2-elf/5.3.0/../../../../../H-x86_64-mingw32/nios2-elf/lib/mno-hw-mul\libc.a(lib_a-strcmp.o)
 .text.strcmp   0x0000000001018eb8       0xdc d:/intelfpga_lite/18.1/nios2eds/bin/gnu/h-x86_64-mingw32/bin/../lib/gcc/nios2-elf/5.3.0/../../../../../H-x86_64-mingw32/nios2-elf/lib/mno-hw-mul\libc.a(lib_a-strcmp.o)
                0x0000000001018eb8                strcmp
 .text          0x0000000001018f94        0x0 d:/intelfpga_lite/18.1/nios2eds/bin/gnu/h-x86_64-mingw32/bin/../lib/gcc/nios2-elf/5.3.0/../../../../../H-x86_64-mingw32/nios2-elf/lib/mno-hw-mul\libc.a(lib_a-svfiprintf.o)
 .text.__ssprint_r
                0x0000000001018f94      0x1d0 d:/intelfpga_lite/18.1/nios2eds/bin/gnu/h-x86_64-mingw32/bin/../lib/gcc/nios2-elf/5.3.0/../../../../../H-x86_64-mingw32/nios2-elf/lib/mno-hw-mul\libc.a(lib_a-svfiprintf.o)
                0x0000000001018f94                __ssprint_r
 .text.___svfiprintf_internal_r
                0x0000000001019164     0x13a0 d:/intelfpga_lite/18.1/nios2eds/bin/gnu/h-x86_64-mingw32/bin/../lib/gcc/nios2-elf/5.3.0/../../../../../H-x86_64-mingw32/nios2-elf/lib/mno-hw-mul\libc.a(lib_a-svfiprintf.o)
                0x0000000001019164                ___svfiprintf_internal_r
 .text          0x000000000101a504        0x0 d:/intelfpga_lite/18.1/nios2eds/bin/gnu/h-x86_64-mingw32/bin/../lib/gcc/nios2-elf/5.3.0/../../../../../H-x86_64-mingw32/nios2-elf/lib/mno-hw-mul\libc.a(lib_a-vfiprintf.o)
 .text.__sprint_r.part.0
                0x000000000101a504       0xfc d:/intelfpga_lite/18.1/nios2eds/bin/gnu/h-x86_64-mingw32/bin/../lib/gcc/nios2-elf/5.3.0/../../../../../H-x86_64-mingw32/nios2-elf/lib/mno-hw-mul\libc.a(lib_a-vfiprintf.o)
 .text.__sprint_r
                0x000000000101a600       0x18 d:/intelfpga_lite/18.1/nios2eds/bin/gnu/h-x86_64-mingw32/bin/../lib/gcc/nios2-elf/5.3.0/../../../../../H-x86_64-mingw32/nios2-elf/lib/mno-hw-mul\libc.a(lib_a-vfiprintf.o)
                0x000000000101a600                __sprint_r
 .text.___vfiprintf_internal_r
                0x000000000101a618     0x150c d:/intelfpga_lite/18.1/nios2eds/bin/gnu/h-x86_64-mingw32/bin/../lib/gcc/nios2-elf/5.3.0/../../../../../H-x86_64-mingw32/nios2-elf/lib/mno-hw-mul\libc.a(lib_a-vfiprintf.o)
                0x000000000101a618                ___vfiprintf_internal_r
 .text.__vfiprintf_internal
                0x000000000101bb24       0x1c d:/intelfpga_lite/18.1/nios2eds/bin/gnu/h-x86_64-mingw32/bin/../lib/gcc/nios2-elf/5.3.0/../../../../../H-x86_64-mingw32/nios2-elf/lib/mno-hw-mul\libc.a(lib_a-vfiprintf.o)
                0x000000000101bb24                __vfiprintf_internal
 .text.__sbprintf
                0x000000000101bb40       0xbc d:/intelfpga_lite/18.1/nios2eds/bin/gnu/h-x86_64-mingw32/bin/../lib/gcc/nios2-elf/5.3.0/../../../../../H-x86_64-mingw32/nios2-elf/lib/mno-hw-mul\libc.a(lib_a-vfiprintf.o)
 .text          0x000000000101bbfc        0x0 d:/intelfpga_lite/18.1/nios2eds/bin/gnu/h-x86_64-mingw32/bin/../lib/gcc/nios2-elf/5.3.0/../../../../../H-x86_64-mingw32/nios2-elf/lib/mno-hw-mul\libc.a(lib_a-writer.o)
 .text._write_r
                0x000000000101bbfc       0x60 d:/intelfpga_lite/18.1/nios2eds/bin/gnu/h-x86_64-mingw32/bin/../lib/gcc/nios2-elf/5.3.0/../../../../../H-x86_64-mingw32/nios2-elf/lib/mno-hw-mul\libc.a(lib_a-writer.o)
                0x000000000101bbfc                _write_r
 .text          0x000000000101bc5c        0x0 d:/intelfpga_lite/18.1/nios2eds/bin/gnu/h-x86_64-mingw32/bin/../lib/gcc/nios2-elf/5.3.0/../../../../../H-x86_64-mingw32/nios2-elf/lib/mno-hw-mul\libc.a(closer.o)
 .text._close_r
                0x000000000101bc5c       0x54 d:/intelfpga_lite/18.1/nios2eds/bin/gnu/h-x86_64-mingw32/bin/../lib/gcc/nios2-elf/5.3.0/../../../../../H-x86_64-mingw32/nios2-elf/lib/mno-hw-mul\libc.a(closer.o)
                0x000000000101bc5c                _close_r
 .text          0x000000000101bcb0        0x0 d:/intelfpga_lite/18.1/nios2eds/bin/gnu/h-x86_64-mingw32/bin/../lib/gcc/nios2-elf/5.3.0/../../../../../H-x86_64-mingw32/nios2-elf/lib/mno-hw-mul\libc.a(lib_a-callocr.o)
 .text._calloc_r
                0x000000000101bcb0       0xdc d:/intelfpga_lite/18.1/nios2eds/bin/gnu/h-x86_64-mingw32/bin/../lib/gcc/nios2-elf/5.3.0/../../../../../H-x86_64-mingw32/nios2-elf/lib/mno-hw-mul\libc.a(lib_a-callocr.o)
                0x000000000101bcb0                _calloc_r
 .text          0x000000000101bd8c        0x0 d:/intelfpga_lite/18.1/nios2eds/bin/gnu/h-x86_64-mingw32/bin/../lib/gcc/nios2-elf/5.3.0/../../../../../H-x86_64-mingw32/nios2-elf/lib/mno-hw-mul\libc.a(lib_a-fclose.o)
 .text._fclose_r
                0x000000000101bd8c       0xf0 d:/intelfpga_lite/18.1/nios2eds/bin/gnu/h-x86_64-mingw32/bin/../lib/gcc/nios2-elf/5.3.0/../../../../../H-x86_64-mingw32/nios2-elf/lib/mno-hw-mul\libc.a(lib_a-fclose.o)
                0x000000000101bd8c                _fclose_r
 .text.fclose   0x000000000101be7c       0x14 d:/intelfpga_lite/18.1/nios2eds/bin/gnu/h-x86_64-mingw32/bin/../lib/gcc/nios2-elf/5.3.0/../../../../../H-x86_64-mingw32/nios2-elf/lib/mno-hw-mul\libc.a(lib_a-fclose.o)
                0x000000000101be7c                fclose
 .text          0x000000000101be90        0x0 d:/intelfpga_lite/18.1/nios2eds/bin/gnu/h-x86_64-mingw32/bin/../lib/gcc/nios2-elf/5.3.0/../../../../../H-x86_64-mingw32/nios2-elf/lib/mno-hw-mul\libc.a(lib_a-fputwc.o)
 .text.__fputwc
                0x000000000101be90      0x164 d:/intelfpga_lite/18.1/nios2eds/bin/gnu/h-x86_64-mingw32/bin/../lib/gcc/nios2-elf/5.3.0/../../../../../H-x86_64-mingw32/nios2-elf/lib/mno-hw-mul\libc.a(lib_a-fputwc.o)
                0x000000000101be90                __fputwc
 .text._fputwc_r
                0x000000000101bff4       0x24 d:/intelfpga_lite/18.1/nios2eds/bin/gnu/h-x86_64-mingw32/bin/../lib/gcc/nios2-elf/5.3.0/../../../../../H-x86_64-mingw32/nios2-elf/lib/mno-hw-mul\libc.a(lib_a-fputwc.o)
                0x000000000101bff4                _fputwc_r
 .text.fputwc   0x000000000101c018       0x80 d:/intelfpga_lite/18.1/nios2eds/bin/gnu/h-x86_64-mingw32/bin/../lib/gcc/nios2-elf/5.3.0/../../../../../H-x86_64-mingw32/nios2-elf/lib/mno-hw-mul\libc.a(lib_a-fputwc.o)
                0x000000000101c018                fputwc
 .text          0x000000000101c098        0x0 d:/intelfpga_lite/18.1/nios2eds/bin/gnu/h-x86_64-mingw32/bin/../lib/gcc/nios2-elf/5.3.0/../../../../../H-x86_64-mingw32/nios2-elf/lib/mno-hw-mul\libc.a(lib_a-fstatr.o)
 .text._fstat_r
                0x000000000101c098       0x5c d:/intelfpga_lite/18.1/nios2eds/bin/gnu/h-x86_64-mingw32/bin/../lib/gcc/nios2-elf/5.3.0/../../../../../H-x86_64-mingw32/nios2-elf/lib/mno-hw-mul\libc.a(lib_a-fstatr.o)
                0x000000000101c098                _fstat_r
 .text          0x000000000101c0f4        0x0 d:/intelfpga_lite/18.1/nios2eds/bin/gnu/h-x86_64-mingw32/bin/../lib/gcc/nios2-elf/5.3.0/../../../../../H-x86_64-mingw32/nios2-elf/lib/mno-hw-mul\libc.a(lib_a-isattyr.o)
 .text._isatty_r
                0x000000000101c0f4       0x54 d:/intelfpga_lite/18.1/nios2eds/bin/gnu/h-x86_64-mingw32/bin/../lib/gcc/nios2-elf/5.3.0/../../../../../H-x86_64-mingw32/nios2-elf/lib/mno-hw-mul\libc.a(lib_a-isattyr.o)
                0x000000000101c0f4                _isatty_r
 .text          0x000000000101c148        0x0 d:/intelfpga_lite/18.1/nios2eds/bin/gnu/h-x86_64-mingw32/bin/../lib/gcc/nios2-elf/5.3.0/../../../../../H-x86_64-mingw32/nios2-elf/lib/mno-hw-mul\libc.a(lib_a-lseekr.o)
 .text._lseek_r
                0x000000000101c148       0x60 d:/intelfpga_lite/18.1/nios2eds/bin/gnu/h-x86_64-mingw32/bin/../lib/gcc/nios2-elf/5.3.0/../../../../../H-x86_64-mingw32/nios2-elf/lib/mno-hw-mul\libc.a(lib_a-lseekr.o)
                0x000000000101c148                _lseek_r
 .text          0x000000000101c1a8        0x0 d:/intelfpga_lite/18.1/nios2eds/bin/gnu/h-x86_64-mingw32/bin/../lib/gcc/nios2-elf/5.3.0/../../../../../H-x86_64-mingw32/nios2-elf/lib/mno-hw-mul\libc.a(lib_a-readr.o)
 .text._read_r  0x000000000101c1a8       0x60 d:/intelfpga_lite/18.1/nios2eds/bin/gnu/h-x86_64-mingw32/bin/../lib/gcc/nios2-elf/5.3.0/../../../../../H-x86_64-mingw32/nios2-elf/lib/mno-hw-mul\libc.a(lib_a-readr.o)
                0x000000000101c1a8                _read_r
 .text          0x000000000101c208        0x0 d:/intelfpga_lite/18.1/nios2eds/bin/gnu/h-x86_64-mingw32/bin/../lib/gcc/nios2-elf/5.3.0/../../../../../H-x86_64-mingw32/nios2-elf/lib/mno-hw-mul\libc.a(lib_a-wbuf.o)
 .text.__swbuf_r
                0x000000000101c208      0x140 d:/intelfpga_lite/18.1/nios2eds/bin/gnu/h-x86_64-mingw32/bin/../lib/gcc/nios2-elf/5.3.0/../../../../../H-x86_64-mingw32/nios2-elf/lib/mno-hw-mul\libc.a(lib_a-wbuf.o)
                0x000000000101c208                __swbuf_r
 .text.__swbuf  0x000000000101c348       0x18 d:/intelfpga_lite/18.1/nios2eds/bin/gnu/h-x86_64-mingw32/bin/../lib/gcc/nios2-elf/5.3.0/../../../../../H-x86_64-mingw32/nios2-elf/lib/mno-hw-mul\libc.a(lib_a-wbuf.o)
                0x000000000101c348                __swbuf
 .text          0x000000000101c360        0x0 d:/intelfpga_lite/18.1/nios2eds/bin/gnu/h-x86_64-mingw32/bin/../lib/gcc/nios2-elf/5.3.0/../../../../../H-x86_64-mingw32/nios2-elf/lib/mno-hw-mul\libc.a(lib_a-wcrtomb.o)
 .text._wcrtomb_r
                0x000000000101c360       0x9c d:/intelfpga_lite/18.1/nios2eds/bin/gnu/h-x86_64-mingw32/bin/../lib/gcc/nios2-elf/5.3.0/../../../../../H-x86_64-mingw32/nios2-elf/lib/mno-hw-mul\libc.a(lib_a-wcrtomb.o)
                0x000000000101c360                _wcrtomb_r
 .text.wcrtomb  0x000000000101c3fc       0xc0 d:/intelfpga_lite/18.1/nios2eds/bin/gnu/h-x86_64-mingw32/bin/../lib/gcc/nios2-elf/5.3.0/../../../../../H-x86_64-mingw32/nios2-elf/lib/mno-hw-mul\libc.a(lib_a-wcrtomb.o)
                0x000000000101c3fc                wcrtomb
 .text          0x000000000101c4bc        0x0 d:/intelfpga_lite/18.1/nios2eds/bin/gnu/h-x86_64-mingw32/bin/../lib/gcc/nios2-elf/5.3.0/../../../../../H-x86_64-mingw32/nios2-elf/lib/mno-hw-mul\libc.a(lib_a-wctomb_r.o)
 .text.__ascii_wctomb
                0x000000000101c4bc       0x30 d:/intelfpga_lite/18.1/nios2eds/bin/gnu/h-x86_64-mingw32/bin/../lib/gcc/nios2-elf/5.3.0/../../../../../H-x86_64-mingw32/nios2-elf/lib/mno-hw-mul\libc.a(lib_a-wctomb_r.o)
                0x000000000101c4bc                __ascii_wctomb
 .text._wctomb_r
                0x000000000101c4ec       0x5c d:/intelfpga_lite/18.1/nios2eds/bin/gnu/h-x86_64-mingw32/bin/../lib/gcc/nios2-elf/5.3.0/../../../../../H-x86_64-mingw32/nios2-elf/lib/mno-hw-mul\libc.a(lib_a-wctomb_r.o)
                0x000000000101c4ec                _wctomb_r
 .text          0x000000000101c548      0x5fc d:/intelfpga_lite/18.1/nios2eds/bin/gnu/h-x86_64-mingw32/bin/../lib/gcc/nios2-elf/5.3.0/mno-hw-mul\libgcc.a(_udivdi3.o)
                0x000000000101c548                __udivdi3
 .text          0x000000000101cb44      0x5c4 d:/intelfpga_lite/18.1/nios2eds/bin/gnu/h-x86_64-mingw32/bin/../lib/gcc/nios2-elf/5.3.0/mno-hw-mul\libgcc.a(_umoddi3.o)
                0x000000000101cb44                __umoddi3
 .text          0x000000000101d108       0x88 d:/intelfpga_lite/18.1/nios2eds/bin/gnu/h-x86_64-mingw32/bin/../lib/gcc/nios2-elf/5.3.0/mno-hw-mul\libgcc.a(eqdf2.o)
                0x000000000101d108                __nedf2
                0x000000000101d108                __eqdf2
 .text          0x000000000101d190       0xdc d:/intelfpga_lite/18.1/nios2eds/bin/gnu/h-x86_64-mingw32/bin/../lib/gcc/nios2-elf/5.3.0/mno-hw-mul\libgcc.a(gedf2.o)
                0x000000000101d190                __gedf2
                0x000000000101d190                __gtdf2
 .text          0x000000000101d26c       0xf4 d:/intelfpga_lite/18.1/nios2eds/bin/gnu/h-x86_64-mingw32/bin/../lib/gcc/nios2-elf/5.3.0/mno-hw-mul\libgcc.a(ledf2.o)
                0x000000000101d26c                __ledf2
                0x000000000101d26c                __ltdf2
 .text          0x000000000101d360       0x80 d:/intelfpga_lite/18.1/nios2eds/bin/gnu/h-x86_64-mingw32/bin/../lib/gcc/nios2-elf/5.3.0/mno-hw-mul\libgcc.a(fixdfsi.o)
                0x000000000101d360                __fixdfsi
 .text          0x000000000101d3e0       0xdc d:/intelfpga_lite/18.1/nios2eds/bin/gnu/h-x86_64-mingw32/bin/../lib/gcc/nios2-elf/5.3.0/mno-hw-mul\libgcc.a(floatsidf.o)
                0x000000000101d3e0                __floatsidf
 .text          0x000000000101d4bc       0xa8 d:/intelfpga_lite/18.1/nios2eds/bin/gnu/h-x86_64-mingw32/bin/../lib/gcc/nios2-elf/5.3.0/mno-hw-mul\libgcc.a(floatunsidf.o)
                0x000000000101d4bc                __floatunsidf
 .text          0x000000000101d564      0x114 ../LGSM_CPU_V2_0_bsp/\libhal_bsp.a(alt_close.o)
                0x000000000101d5a0                close
 .text          0x000000000101d678       0x2c ../LGSM_CPU_V2_0_bsp/\libhal_bsp.a(alt_dev.o)
 .text          0x000000000101d6a4        0x0 ../LGSM_CPU_V2_0_bsp/\libhal_bsp.a(alt_errno.o)
 .text          0x000000000101d6a4       0x34 ../LGSM_CPU_V2_0_bsp/\libhal_bsp.a(alt_exit.o)
                0x000000000101d6a4                _exit
 .text          0x000000000101d6d8       0xf4 ../LGSM_CPU_V2_0_bsp/\libhal_bsp.a(alt_fstat.o)
                0x000000000101d714                fstat
 .text          0x000000000101d7cc      0x1b0 ../LGSM_CPU_V2_0_bsp/\libhal_bsp.a(alt_iic.o)
                0x000000000101d7cc                alt_ic_isr_register
                0x000000000101d81c                alt_ic_irq_enable
                0x000000000101d8a4                alt_ic_irq_disable
                0x000000000101d930                alt_ic_irq_enabled
 .text          0x000000000101d97c       0xf0 ../LGSM_CPU_V2_0_bsp/\libhal_bsp.a(alt_iic_isr_register.o)
                0x000000000101d97c                alt_iic_isr_register
 .text          0x000000000101da6c        0x0 ../LGSM_CPU_V2_0_bsp/\libhal_bsp.a(alt_irq_entry.o)
 .text          0x000000000101da6c        0x0 ../LGSM_CPU_V2_0_bsp/\libhal_bsp.a(alt_irq_handler.o)
 .text          0x000000000101da6c        0x0 ../LGSM_CPU_V2_0_bsp/\libhal_bsp.a(alt_irq_vars.o)
 .text          0x000000000101da6c       0xe8 ../LGSM_CPU_V2_0_bsp/\libhal_bsp.a(alt_isatty.o)
                0x000000000101daa8                isatty
 .text          0x000000000101db54      0x118 ../LGSM_CPU_V2_0_bsp/\libhal_bsp.a(alt_lseek.o)
                0x000000000101db90                lseek
 .text          0x000000000101dc6c       0x7c ../LGSM_CPU_V2_0_bsp/\libhal_bsp.a(alt_main.o)
                0x000000000101dc6c                alt_main
 .text          0x000000000101dce8       0x48 ../LGSM_CPU_V2_0_bsp/\libhal_bsp.a(alt_malloc_lock.o)
                0x000000000101dce8                __malloc_lock
                0x000000000101dd0c                __malloc_unlock
 .text          0x000000000101dd30      0x140 ../LGSM_CPU_V2_0_bsp/\libhal_bsp.a(alt_read.o)
                0x000000000101dd6c                read
 .text          0x000000000101de70       0x84 ../LGSM_CPU_V2_0_bsp/\libhal_bsp.a(alt_release_fd.o)
                0x000000000101de70                alt_release_fd
 .text          0x000000000101def4       0xb0 ../LGSM_CPU_V2_0_bsp/\libhal_bsp.a(alt_sbrk.o)
                0x000000000101def4                sbrk
 .text          0x000000000101dfa4       0x30 ../LGSM_CPU_V2_0_bsp/\libhal_bsp.a(alt_usleep.o)
                0x000000000101dfa4                usleep
 .text          0x000000000101dfd4      0x13c ../LGSM_CPU_V2_0_bsp/\libhal_bsp.a(alt_write.o)
                0x000000000101e010                write
 .text          0x000000000101e110      0x108 ../LGSM_CPU_V2_0_bsp/\libhal_bsp.a(alt_sys_init.o)
                0x000000000101e144                alt_irq_init
                0x000000000101e17c                alt_sys_init
 .text          0x000000000101e218      0xafc ../LGSM_CPU_V2_0_bsp/\libhal_bsp.a(altera_avalon_epcs_flash_controller.o)
                0x000000000101e24c                alt_epcs_flash_init
                0x000000000101e784                alt_epcs_flash_write
                0x000000000101e9e4                alt_epcs_flash_get_info
                0x000000000101eb04                alt_epcs_flash_erase_block
                0x000000000101eb7c                alt_epcs_flash_write_block
                0x000000000101ec7c                alt_epcs_flash_read
 .text          0x000000000101ed14      0x164 ../LGSM_CPU_V2_0_bsp/\libhal_bsp.a(altera_avalon_jtag_uart_fd.o)
                0x000000000101ed14                altera_avalon_jtag_uart_read_fd
                0x000000000101ed74                altera_avalon_jtag_uart_write_fd
                0x000000000101edd4                altera_avalon_jtag_uart_close_fd
                0x000000000101ee24                altera_avalon_jtag_uart_ioctl_fd
 .text          0x000000000101ee78      0x3d4 ../LGSM_CPU_V2_0_bsp/\libhal_bsp.a(altera_avalon_jtag_uart_init.o)
                0x000000000101ee78                altera_avalon_jtag_uart_init
                0x000000000101f1e4                altera_avalon_jtag_uart_close
 .text          0x000000000101f24c       0xf0 ../LGSM_CPU_V2_0_bsp/\libhal_bsp.a(altera_avalon_jtag_uart_ioctl.o)
                0x000000000101f24c                altera_avalon_jtag_uart_ioctl
 .text          0x000000000101f33c      0x21c ../LGSM_CPU_V2_0_bsp/\libhal_bsp.a(altera_avalon_jtag_uart_read.o)
                0x000000000101f33c                altera_avalon_jtag_uart_read
 .text          0x000000000101f558      0x224 ../LGSM_CPU_V2_0_bsp/\libhal_bsp.a(altera_avalon_jtag_uart_write.o)
                0x000000000101f558                altera_avalon_jtag_uart_write
 .text          0x000000000101f77c      0x110 ../LGSM_CPU_V2_0_bsp/\libhal_bsp.a(altera_avalon_uart_fd.o)
                0x000000000101f77c                altera_avalon_uart_read_fd
                0x000000000101f7dc                altera_avalon_uart_write_fd
                0x000000000101f83c                altera_avalon_uart_close_fd
 .text          0x000000000101f88c      0x3c8 ../LGSM_CPU_V2_0_bsp/\libhal_bsp.a(altera_avalon_uart_init.o)
                0x000000000101f88c                altera_avalon_uart_init
                0x000000000101fc00                altera_avalon_uart_close
 .text          0x000000000101fc54      0x218 ../LGSM_CPU_V2_0_bsp/\libhal_bsp.a(altera_avalon_uart_read.o)
                0x000000000101fc90                altera_avalon_uart_read
 .text          0x000000000101fe6c      0x1e8 ../LGSM_CPU_V2_0_bsp/\libhal_bsp.a(altera_avalon_uart_write.o)
                0x000000000101fea8                altera_avalon_uart_write
 .text          0x0000000001020054      0x63c ../LGSM_CPU_V2_0_bsp/\libhal_bsp.a(epcs_commands.o)
                0x0000000001020054                epcs_read_status_register
                0x0000000001020124                epcs_sector_erase
                0x0000000001020220                epcs_read_buffer
                0x0000000001020314                epcs_write_enable
                0x0000000001020368                epcs_write_status_register
                0x00000000010203d4                epcs_write_buffer
                0x00000000010204f0                epcs_read_electronic_signature
                0x0000000001020558                epcs_read_device_id
                0x00000000010205d8                epcs_enter_4_bytes_mode
                0x0000000001020634                epcs_exit_4_bytes_mode
 .text          0x0000000001020690      0x12c ../LGSM_CPU_V2_0_bsp/\libhal_bsp.a(alt_alarm_start.o)
                0x0000000001020690                alt_alarm_start
 .text          0x00000000010207bc      0x158 ../LGSM_CPU_V2_0_bsp/\libhal_bsp.a(alt_busy_sleep.o)
                0x00000000010207bc                alt_busy_sleep
 .text          0x0000000001020914       0xe0 ../LGSM_CPU_V2_0_bsp/\libhal_bsp.a(alt_dev_llist_insert.o)
                0x0000000001020950                alt_dev_llist_insert
 .text          0x00000000010209f4       0x60 ../LGSM_CPU_V2_0_bsp/\libhal_bsp.a(alt_do_ctors.o)
                0x00000000010209f4                _do_ctors
 .text          0x0000000001020a54       0x60 ../LGSM_CPU_V2_0_bsp/\libhal_bsp.a(alt_do_dtors.o)
                0x0000000001020a54                _do_dtors
 .text          0x0000000001020ab4        0x0 ../LGSM_CPU_V2_0_bsp/\libhal_bsp.a(alt_exception_entry.o)
 .text          0x0000000001020ab4       0xbc ../LGSM_CPU_V2_0_bsp/\libhal_bsp.a(alt_flash_dev.o)
                0x0000000001020ab4                alt_flash_open_dev
                0x0000000001020b1c                alt_flash_close_dev
 .text          0x0000000001020b70       0x9c ../LGSM_CPU_V2_0_bsp/\libhal_bsp.a(alt_instruction_exception_entry.o)
                0x0000000001020b70                alt_exception_cause_generated_bad_addr
 .text          0x0000000001020c0c      0x160 ../LGSM_CPU_V2_0_bsp/\libhal_bsp.a(alt_io_redirect.o)
                0x0000000001020cf0                alt_io_redirect
 .text          0x0000000001020d6c      0x284 ../LGSM_CPU_V2_0_bsp/\libhal_bsp.a(alt_open.o)
                0x0000000001020e94                open
 .text          0x0000000001020ff0      0x1a4 ../LGSM_CPU_V2_0_bsp/\libhal_bsp.a(alt_tick.o)
                0x0000000001020ff0                alt_alarm_stop
                0x000000000102108c                alt_tick
 .text          0x0000000001021194       0x24 ../LGSM_CPU_V2_0_bsp/\libhal_bsp.a(altera_nios2_gen2_irq.o)
                0x0000000001021194                altera_nios2_gen2_irq_init
 .text          0x00000000010211b8      0x1fc ../LGSM_CPU_V2_0_bsp/\libhal_bsp.a(altera_avalon_spi.o)
                0x00000000010211b8                alt_avalon_spi_command
 .text          0x00000000010213b4       0x90 ../LGSM_CPU_V2_0_bsp/\libhal_bsp.a(alt_find_dev.o)
                0x00000000010213b4                alt_find_dev
 .text          0x0000000001021444      0x108 ../LGSM_CPU_V2_0_bsp/\libhal_bsp.a(alt_find_file.o)
                0x0000000001021444                alt_find_file
 .text          0x000000000102154c       0xc4 ../LGSM_CPU_V2_0_bsp/\libhal_bsp.a(alt_get_fd.o)
                0x000000000102154c                alt_get_fd
 .text          0x0000000001021610        0x0 d:/intelfpga_lite/18.1/nios2eds/bin/gnu/h-x86_64-mingw32/bin/../lib/gcc/nios2-elf/5.3.0/../../../../../H-x86_64-mingw32/nios2-elf/lib/mno-hw-mul\libc.a(lib_a-atexit.o)
 .text.atexit   0x0000000001021610       0x14 d:/intelfpga_lite/18.1/nios2eds/bin/gnu/h-x86_64-mingw32/bin/../lib/gcc/nios2-elf/5.3.0/../../../../../H-x86_64-mingw32/nios2-elf/lib/mno-hw-mul\libc.a(lib_a-atexit.o)
                0x0000000001021610                atexit
 .text          0x0000000001021624        0x0 d:/intelfpga_lite/18.1/nios2eds/bin/gnu/h-x86_64-mingw32/bin/../lib/gcc/nios2-elf/5.3.0/../../../../../H-x86_64-mingw32/nios2-elf/lib/mno-hw-mul\libc.a(lib_a-memcmp.o)
 .text.memcmp   0x0000000001021624       0x7c d:/intelfpga_lite/18.1/nios2eds/bin/gnu/h-x86_64-mingw32/bin/../lib/gcc/nios2-elf/5.3.0/../../../../../H-x86_64-mingw32/nios2-elf/lib/mno-hw-mul\libc.a(lib_a-memcmp.o)
                0x0000000001021624                memcmp
 .text          0x00000000010216a0        0x0 d:/intelfpga_lite/18.1/nios2eds/bin/gnu/h-x86_64-mingw32/bin/../lib/gcc/nios2-elf/5.3.0/../../../../../H-x86_64-mingw32/nios2-elf/lib/mno-hw-mul\libc.a(lib_a-__atexit.o)
 .text.__register_exitproc
                0x00000000010216a0      0x118 d:/intelfpga_lite/18.1/nios2eds/bin/gnu/h-x86_64-mingw32/bin/../lib/gcc/nios2-elf/5.3.0/../../../../../H-x86_64-mingw32/nios2-elf/lib/mno-hw-mul\libc.a(lib_a-__atexit.o)
                0x00000000010216a0                __register_exitproc
 *(.gnu.warning.*)
 *(.fini)
                [!provide]                        PROVIDE (__etext, ABSOLUTE (.))
                [!provide]                        PROVIDE (_etext, ABSOLUTE (.))
                [!provide]                        PROVIDE (etext, ABSOLUTE (.))
 *(.eh_frame_hdr)
                0x00000000010217b8                . = ALIGN (0x4)
                [!provide]                        PROVIDE (__preinit_array_start, ABSOLUTE (.))
 *(.preinit_array)
                [!provide]                        PROVIDE (__preinit_array_end, ABSOLUTE (.))
                [!provide]                        PROVIDE (__init_array_start, ABSOLUTE (.))
 *(.init_array)
                [!provide]                        PROVIDE (__init_array_end, ABSOLUTE (.))
                [!provide]                        PROVIDE (__fini_array_start, ABSOLUTE (.))
 *(.fini_array)
                [!provide]                        PROVIDE (__fini_array_end, ABSOLUTE (.))
 *(.eh_frame)
 *(.gcc_except_table .gcc_except_table.*)
 *(.dynamic)
                0x00000000010217b8                PROVIDE (__CTOR_LIST__, ABSOLUTE (.))
 *(.ctors)
 *(SORT(.ctors.*))
                0x00000000010217b8                PROVIDE (__CTOR_END__, ABSOLUTE (.))
                0x00000000010217b8                PROVIDE (__DTOR_LIST__, ABSOLUTE (.))
 *(.dtors)
 *(SORT(.dtors.*))
                0x00000000010217b8                PROVIDE (__DTOR_END__, ABSOLUTE (.))
 *(.jcr)
                0x00000000010217b8                . = ALIGN (0x4)

.rodata         0x00000000010217b8      0x8a8
                [!provide]                        PROVIDE (__ram_rodata_start, ABSOLUTE (.))
                0x00000000010217b8                . = ALIGN (0x4)
 *(.rodata .rodata.* .gnu.linkonce.r.*)
 .rodata        0x00000000010217b8       0xa6 obj/default//D/github/adamShiau_FPGA/intel_IP/LGSM/NIOS/LGSM_CPU_V2_0/lib/ads122c04_se.o
 *fill*         0x000000000102185e        0x2 
 .rodata        0x0000000001021860       0xac obj/default//D/github/adamShiau_FPGA/intel_IP/LGSM/NIOS/LGSM_CPU_V2_0/lib/asm330lhhx.o
 .rodata        0x000000000102190c       0xac obj/default//D/github/adamShiau_FPGA/intel_IP/LGSM/NIOS/LGSM_CPU_V2_0/lib/common.o
 .rodata        0x00000000010219b8       0x76 obj/default//D/github/adamShiau_FPGA/intel_IP/LGSM/NIOS/LGSM_CPU_V2_0/lib/eeprom_v2.o
 *fill*         0x0000000001021a2e        0x2 
 .rodata        0x0000000001021a30      0x2d0 obj/default//D/github/adamShiau_FPGA/intel_IP/LGSM/NIOS/LGSM_CPU_V2_0/lib/memory_manage.o
                0x0000000001021a30                fog_parameter_init
                0x0000000001021b70                misalignment_init
                0x0000000001021c60                config_init
 .rodata        0x0000000001021d00      0x100 d:/intelfpga_lite/18.1/nios2eds/bin/gnu/h-x86_64-mingw32/bin/../lib/gcc/nios2-elf/5.3.0/mno-hw-mul\libgcc.a(_clz.o)
                0x0000000001021d00                __clz_tab
 .rodata.str1.4
                0x0000000001021e00        0x2 d:/intelfpga_lite/18.1/nios2eds/bin/gnu/h-x86_64-mingw32/bin/../lib/gcc/nios2-elf/5.3.0/../../../../../H-x86_64-mingw32/nios2-elf/lib/mno-hw-mul\libc.a(lib_a-impure.o)
 *fill*         0x0000000001021e02        0x2 
 .rodata.str1.4
                0x0000000001021e04        0x2 d:/intelfpga_lite/18.1/nios2eds/bin/gnu/h-x86_64-mingw32/bin/../lib/gcc/nios2-elf/5.3.0/../../../../../H-x86_64-mingw32/nios2-elf/lib/mno-hw-mul\libc.a(lib_a-puts.o)
 *fill*         0x0000000001021e06        0x2 
 .rodata.str1.4
                0x0000000001021e08       0x42 d:/intelfpga_lite/18.1/nios2eds/bin/gnu/h-x86_64-mingw32/bin/../lib/gcc/nios2-elf/5.3.0/../../../../../H-x86_64-mingw32/nios2-elf/lib/mno-hw-mul\libc.a(lib_a-svfprintf.o)
 .rodata.zeroes.4389
                0x0000000001021e4a       0x10 d:/intelfpga_lite/18.1/nios2eds/bin/gnu/h-x86_64-mingw32/bin/../lib/gcc/nios2-elf/5.3.0/../../../../../H-x86_64-mingw32/nios2-elf/lib/mno-hw-mul\libc.a(lib_a-svfprintf.o)
 .rodata.blanks.4388
                0x0000000001021e5a       0x10 d:/intelfpga_lite/18.1/nios2eds/bin/gnu/h-x86_64-mingw32/bin/../lib/gcc/nios2-elf/5.3.0/../../../../../H-x86_64-mingw32/nios2-elf/lib/mno-hw-mul\libc.a(lib_a-svfprintf.o)
 .rodata.str1.4
                0x0000000001021e6a       0x42 d:/intelfpga_lite/18.1/nios2eds/bin/gnu/h-x86_64-mingw32/bin/../lib/gcc/nios2-elf/5.3.0/../../../../../H-x86_64-mingw32/nios2-elf/lib/mno-hw-mul\libc.a(lib_a-vfprintf.o)
 .rodata.zeroes.4404
                0x0000000001021e6a       0x10 d:/intelfpga_lite/18.1/nios2eds/bin/gnu/h-x86_64-mingw32/bin/../lib/gcc/nios2-elf/5.3.0/../../../../../H-x86_64-mingw32/nios2-elf/lib/mno-hw-mul\libc.a(lib_a-vfprintf.o)
 .rodata.blanks.4403
                0x0000000001021e7a       0x10 d:/intelfpga_lite/18.1/nios2eds/bin/gnu/h-x86_64-mingw32/bin/../lib/gcc/nios2-elf/5.3.0/../../../../../H-x86_64-mingw32/nios2-elf/lib/mno-hw-mul\libc.a(lib_a-vfprintf.o)
 *fill*         0x0000000001021e8a        0x2 
 .rodata.str1.4
                0x0000000001021e8c       0x10 d:/intelfpga_lite/18.1/nios2eds/bin/gnu/h-x86_64-mingw32/bin/../lib/gcc/nios2-elf/5.3.0/../../../../../H-x86_64-mingw32/nios2-elf/lib/mno-hw-mul\libc.a(lib_a-dtoa.o)
                                         0x12 (size before relaxing)
 .rodata.str1.4
                0x0000000001021e9c        0xc d:/intelfpga_lite/18.1/nios2eds/bin/gnu/h-x86_64-mingw32/bin/../lib/gcc/nios2-elf/5.3.0/../../../../../H-x86_64-mingw32/nios2-elf/lib/mno-hw-mul\libc.a(lib_a-locale.o)
                                         0x12 (size before relaxing)
 .rodata.p05.2768
                0x0000000001021ea8        0xc d:/intelfpga_lite/18.1/nios2eds/bin/gnu/h-x86_64-mingw32/bin/../lib/gcc/nios2-elf/5.3.0/../../../../../H-x86_64-mingw32/nios2-elf/lib/mno-hw-mul\libc.a(lib_a-mprec.o)
 .rodata.__mprec_tinytens
                0x0000000001021eb4       0x28 d:/intelfpga_lite/18.1/nios2eds/bin/gnu/h-x86_64-mingw32/bin/../lib/gcc/nios2-elf/5.3.0/../../../../../H-x86_64-mingw32/nios2-elf/lib/mno-hw-mul\libc.a(lib_a-mprec.o)
                0x0000000001021eb4                __mprec_tinytens
 .rodata.__mprec_bigtens
                0x0000000001021edc       0x28 d:/intelfpga_lite/18.1/nios2eds/bin/gnu/h-x86_64-mingw32/bin/../lib/gcc/nios2-elf/5.3.0/../../../../../H-x86_64-mingw32/nios2-elf/lib/mno-hw-mul\libc.a(lib_a-mprec.o)
                0x0000000001021edc                __mprec_bigtens
 .rodata.__mprec_tens
                0x0000000001021f04       0xc8 d:/intelfpga_lite/18.1/nios2eds/bin/gnu/h-x86_64-mingw32/bin/../lib/gcc/nios2-elf/5.3.0/../../../../../H-x86_64-mingw32/nios2-elf/lib/mno-hw-mul\libc.a(lib_a-mprec.o)
                0x0000000001021f04                __mprec_tens
 .rodata.str1.4
                0x0000000001021fcc       0x2f d:/intelfpga_lite/18.1/nios2eds/bin/gnu/h-x86_64-mingw32/bin/../lib/gcc/nios2-elf/5.3.0/../../../../../H-x86_64-mingw32/nios2-elf/lib/mno-hw-mul\libc.a(lib_a-svfiprintf.o)
 .rodata.zeroes.4333
                0x0000000001021fcc       0x10 d:/intelfpga_lite/18.1/nios2eds/bin/gnu/h-x86_64-mingw32/bin/../lib/gcc/nios2-elf/5.3.0/../../../../../H-x86_64-mingw32/nios2-elf/lib/mno-hw-mul\libc.a(lib_a-svfiprintf.o)
 .rodata.blanks.4332
                0x0000000001021fdc       0x10 d:/intelfpga_lite/18.1/nios2eds/bin/gnu/h-x86_64-mingw32/bin/../lib/gcc/nios2-elf/5.3.0/../../../../../H-x86_64-mingw32/nios2-elf/lib/mno-hw-mul\libc.a(lib_a-svfiprintf.o)
 .rodata.str1.4
                0x0000000001021fec       0x2f d:/intelfpga_lite/18.1/nios2eds/bin/gnu/h-x86_64-mingw32/bin/../lib/gcc/nios2-elf/5.3.0/../../../../../H-x86_64-mingw32/nios2-elf/lib/mno-hw-mul\libc.a(lib_a-vfiprintf.o)
 .rodata.zeroes.4349
                0x0000000001021fec       0x10 d:/intelfpga_lite/18.1/nios2eds/bin/gnu/h-x86_64-mingw32/bin/../lib/gcc/nios2-elf/5.3.0/../../../../../H-x86_64-mingw32/nios2-elf/lib/mno-hw-mul\libc.a(lib_a-vfiprintf.o)
 .rodata.blanks.4348
                0x0000000001021ffc       0x10 d:/intelfpga_lite/18.1/nios2eds/bin/gnu/h-x86_64-mingw32/bin/../lib/gcc/nios2-elf/5.3.0/../../../../../H-x86_64-mingw32/nios2-elf/lib/mno-hw-mul\libc.a(lib_a-vfiprintf.o)
 .rodata        0x000000000102200c        0xa ../LGSM_CPU_V2_0_bsp/\libhal_bsp.a(alt_dev.o)
 *fill*         0x0000000001022016        0x2 
 .rodata        0x0000000001022018        0xf ../LGSM_CPU_V2_0_bsp/\libhal_bsp.a(alt_main.o)
 *fill*         0x0000000001022027        0x1 
 .rodata        0x0000000001022028       0x36 ../LGSM_CPU_V2_0_bsp/\libhal_bsp.a(alt_sys_init.o)
 *(.rodata1)
                0x0000000001022060                . = ALIGN (0x4)
 *fill*         0x000000000102205e        0x2 
                [!provide]                        PROVIDE (__ram_rodata_end, ABSOLUTE (.))
                [!provide]                        PROVIDE (__flash_rodata_start, LOADADDR (.rodata))

.rwdata         0x0000000001022060     0x1dd4
                [!provide]                        PROVIDE (__ram_rwdata_start, ABSOLUTE (.))
                0x0000000001022060                . = ALIGN (0x4)
 *(.got.plt)
 *(.got)
 *(.data1)
 *(.data .data.* .gnu.linkonce.d.*)
 .data          0x0000000001022060        0x0 ../LGSM_CPU_V2_0_bsp//obj/HAL/src/crt0.o
 .data          0x0000000001022060       0x20 obj/default//D/github/adamShiau_FPGA/intel_IP/LGSM/NIOS/LGSM_CPU_V2_0/LGSM_CPU_V2_0.o
                0x0000000001022060                my_cmd
 .data          0x0000000001022080        0x0 obj/default//D/github/adamShiau_FPGA/intel_IP/LGSM/NIOS/LGSM_CPU_V2_0/lib/Tsensor_DS1775.o
 .data          0x0000000001022080        0x0 obj/default//D/github/adamShiau_FPGA/intel_IP/LGSM/NIOS/LGSM_CPU_V2_0/lib/acq_fog.o
 .data          0x0000000001022080        0x0 obj/default//D/github/adamShiau_FPGA/intel_IP/LGSM/NIOS/LGSM_CPU_V2_0/lib/acq_imu.o
 .data          0x0000000001022080        0x0 obj/default//D/github/adamShiau_FPGA/intel_IP/LGSM/NIOS/LGSM_CPU_V2_0/lib/acq_rst.o
 .data          0x0000000001022080        0x0 obj/default//D/github/adamShiau_FPGA/intel_IP/LGSM/NIOS/LGSM_CPU_V2_0/lib/adda_config.o
 .data          0x0000000001022080        0x0 obj/default//D/github/adamShiau_FPGA/intel_IP/LGSM/NIOS/LGSM_CPU_V2_0/lib/ads122c04_se.o
 .data          0x0000000001022080        0x0 obj/default//D/github/adamShiau_FPGA/intel_IP/LGSM/NIOS/LGSM_CPU_V2_0/lib/asm330lhhx.o
 .data          0x0000000001022080        0x0 obj/default//D/github/adamShiau_FPGA/intel_IP/LGSM/NIOS/LGSM_CPU_V2_0/lib/common.o
 .data          0x0000000001022080        0x0 obj/default//D/github/adamShiau_FPGA/intel_IP/LGSM/NIOS/LGSM_CPU_V2_0/lib/eeprom_v2.o
 .data          0x0000000001022080        0x0 obj/default//D/github/adamShiau_FPGA/intel_IP/LGSM/NIOS/LGSM_CPU_V2_0/lib/memory_manage.o
 .data          0x0000000001022080        0x0 obj/default//D/github/adamShiau_FPGA/intel_IP/LGSM/NIOS/LGSM_CPU_V2_0/lib/myiic.o
 .data          0x0000000001022080        0x0 obj/default//D/github/adamShiau_FPGA/intel_IP/LGSM/NIOS/LGSM_CPU_V2_0/lib/output_mode.o
 .data          0x0000000001022080        0x0 obj/default//D/github/adamShiau_FPGA/intel_IP/LGSM/NIOS/LGSM_CPU_V2_0/lib/uart_dual.o
 .data          0x0000000001022080        0x0 d:/intelfpga_lite/18.1/nios2eds/bin/gnu/h-x86_64-mingw32/bin/../lib/gcc/nios2-elf/5.3.0/mno-hw-mul\libgcc.a(lib2-divmod.o)
 .data          0x0000000001022080        0x0 d:/intelfpga_lite/18.1/nios2eds/bin/gnu/h-x86_64-mingw32/bin/../lib/gcc/nios2-elf/5.3.0/mno-hw-mul\libgcc.a(addsf3.o)
 .data          0x0000000001022080        0x0 d:/intelfpga_lite/18.1/nios2eds/bin/gnu/h-x86_64-mingw32/bin/../lib/gcc/nios2-elf/5.3.0/mno-hw-mul\libgcc.a(divsf3.o)
 .data          0x0000000001022080        0x0 d:/intelfpga_lite/18.1/nios2eds/bin/gnu/h-x86_64-mingw32/bin/../lib/gcc/nios2-elf/5.3.0/mno-hw-mul\libgcc.a(eqsf2.o)
 .data          0x0000000001022080        0x0 d:/intelfpga_lite/18.1/nios2eds/bin/gnu/h-x86_64-mingw32/bin/../lib/gcc/nios2-elf/5.3.0/mno-hw-mul\libgcc.a(gesf2.o)
 .data          0x0000000001022080        0x0 d:/intelfpga_lite/18.1/nios2eds/bin/gnu/h-x86_64-mingw32/bin/../lib/gcc/nios2-elf/5.3.0/mno-hw-mul\libgcc.a(lesf2.o)
 .data          0x0000000001022080        0x0 d:/intelfpga_lite/18.1/nios2eds/bin/gnu/h-x86_64-mingw32/bin/../lib/gcc/nios2-elf/5.3.0/mno-hw-mul\libgcc.a(mulsf3.o)
 .data          0x0000000001022080        0x0 d:/intelfpga_lite/18.1/nios2eds/bin/gnu/h-x86_64-mingw32/bin/../lib/gcc/nios2-elf/5.3.0/mno-hw-mul\libgcc.a(subsf3.o)
 .data          0x0000000001022080        0x0 d:/intelfpga_lite/18.1/nios2eds/bin/gnu/h-x86_64-mingw32/bin/../lib/gcc/nios2-elf/5.3.0/mno-hw-mul\libgcc.a(floatsisf.o)
 .data          0x0000000001022080        0x0 d:/intelfpga_lite/18.1/nios2eds/bin/gnu/h-x86_64-mingw32/bin/../lib/gcc/nios2-elf/5.3.0/mno-hw-mul\libgcc.a(floatunsisf.o)
 .data          0x0000000001022080        0x0 d:/intelfpga_lite/18.1/nios2eds/bin/gnu/h-x86_64-mingw32/bin/../lib/gcc/nios2-elf/5.3.0/mno-hw-mul\libgcc.a(adddf3.o)
 .data          0x0000000001022080        0x0 d:/intelfpga_lite/18.1/nios2eds/bin/gnu/h-x86_64-mingw32/bin/../lib/gcc/nios2-elf/5.3.0/mno-hw-mul\libgcc.a(divdf3.o)
 .data          0x0000000001022080        0x0 d:/intelfpga_lite/18.1/nios2eds/bin/gnu/h-x86_64-mingw32/bin/../lib/gcc/nios2-elf/5.3.0/mno-hw-mul\libgcc.a(muldf3.o)
 .data          0x0000000001022080        0x0 d:/intelfpga_lite/18.1/nios2eds/bin/gnu/h-x86_64-mingw32/bin/../lib/gcc/nios2-elf/5.3.0/mno-hw-mul\libgcc.a(subdf3.o)
 .data          0x0000000001022080        0x0 d:/intelfpga_lite/18.1/nios2eds/bin/gnu/h-x86_64-mingw32/bin/../lib/gcc/nios2-elf/5.3.0/mno-hw-mul\libgcc.a(extendsfdf2.o)
 .data          0x0000000001022080        0x0 d:/intelfpga_lite/18.1/nios2eds/bin/gnu/h-x86_64-mingw32/bin/../lib/gcc/nios2-elf/5.3.0/mno-hw-mul\libgcc.a(truncdfsf2.o)
 .data          0x0000000001022080        0x0 d:/intelfpga_lite/18.1/nios2eds/bin/gnu/h-x86_64-mingw32/bin/../lib/gcc/nios2-elf/5.3.0/mno-hw-mul\libgcc.a(_clzsi2.o)
 .data          0x0000000001022080        0x0 d:/intelfpga_lite/18.1/nios2eds/bin/gnu/h-x86_64-mingw32/bin/../lib/gcc/nios2-elf/5.3.0/mno-hw-mul\libgcc.a(lib2-mul.o)
 .data          0x0000000001022080        0x0 d:/intelfpga_lite/18.1/nios2eds/bin/gnu/h-x86_64-mingw32/bin/../lib/gcc/nios2-elf/5.3.0/mno-hw-mul\libgcc.a(_clz.o)
 .data          0x0000000001022080        0x0 d:/intelfpga_lite/18.1/nios2eds/bin/gnu/h-x86_64-mingw32/bin/../lib/gcc/nios2-elf/5.3.0/../../../../../H-x86_64-mingw32/nios2-elf/lib/mno-hw-mul\libc.a(lib_a-exit.o)
 .data          0x0000000001022080        0x0 d:/intelfpga_lite/18.1/nios2eds/bin/gnu/h-x86_64-mingw32/bin/../lib/gcc/nios2-elf/5.3.0/../../../../../H-x86_64-mingw32/nios2-elf/lib/mno-hw-mul\libc.a(lib_a-impure.o)
 .data.impure_data
                0x0000000001022080      0x424 d:/intelfpga_lite/18.1/nios2eds/bin/gnu/h-x86_64-mingw32/bin/../lib/gcc/nios2-elf/5.3.0/../../../../../H-x86_64-mingw32/nios2-elf/lib/mno-hw-mul\libc.a(lib_a-impure.o)
 .data          0x00000000010224a4        0x0 d:/intelfpga_lite/18.1/nios2eds/bin/gnu/h-x86_64-mingw32/bin/../lib/gcc/nios2-elf/5.3.0/../../../../../H-x86_64-mingw32/nios2-elf/lib/mno-hw-mul\libc.a(lib_a-malloc.o)
 .data          0x00000000010224a4        0x0 d:/intelfpga_lite/18.1/nios2eds/bin/gnu/h-x86_64-mingw32/bin/../lib/gcc/nios2-elf/5.3.0/../../../../../H-x86_64-mingw32/nios2-elf/lib/mno-hw-mul\libc.a(lib_a-mallocr.o)
 .data.__malloc_av_
                0x00000000010224a4      0x408 d:/intelfpga_lite/18.1/nios2eds/bin/gnu/h-x86_64-mingw32/bin/../lib/gcc/nios2-elf/5.3.0/../../../../../H-x86_64-mingw32/nios2-elf/lib/mno-hw-mul\libc.a(lib_a-mallocr.o)