Archive member included to satisfy reference by file (symbol)

d:/intelfpga_lite/18.1/nios2eds/bin/gnu/h-x86_64-mingw32/bin/../lib/gcc/nios2-elf/5.3.0/mno-hw-mul\libgcc.a(lib2-divmod.o)
                              obj/default//D/github/adamShiau_FPGA/intel_IP/LGSM/NIOS/LGSM_CPU_V2_0/lib/common.o (__umodsi3)
d:/intelfpga_lite/18.1/nios2eds/bin/gnu/h-x86_64-mingw32/bin/../lib/gcc/nios2-elf/5.3.0/mno-hw-mul\libgcc.a(addsf3.o)
                              obj/default//D/github/adamShiau_FPGA/intel_IP/LGSM/NIOS/LGSM_CPU_V2_0/LGSM_CPU_V2_0.o (__addsf3)
d:/intelfpga_lite/18.1/nios2eds/bin/gnu/h-x86_64-mingw32/bin/../lib/gcc/nios2-elf/5.3.0/mno-hw-mul\libgcc.a(divsf3.o)
                              obj/default//D/github/adamShiau_FPGA/intel_IP/LGSM/NIOS/LGSM_CPU_V2_0/lib/Tsensor_DS1775.o (__divsf3)
d:/intelfpga_lite/18.1/nios2eds/bin/gnu/h-x86_64-mingw32/bin/../lib/gcc/nios2-elf/5.3.0/mno-hw-mul\libgcc.a(eqsf2.o)
                              obj/default//D/github/adamShiau_FPGA/intel_IP/LGSM/NIOS/LGSM_CPU_V2_0/lib/eeprom_v2.o (__eqsf2)
d:/intelfpga_lite/18.1/nios2eds/bin/gnu/h-x86_64-mingw32/bin/../lib/gcc/nios2-elf/5.3.0/mno-hw-mul\libgcc.a(gesf2.o)
                              obj/default//D/github/adamShiau_FPGA/intel_IP/LGSM/NIOS/LGSM_CPU_V2_0/lib/common.o (__gesf2)
d:/intelfpga_lite/18.1/nios2eds/bin/gnu/h-x86_64-mingw32/bin/../lib/gcc/nios2-elf/5.3.0/mno-hw-mul\libgcc.a(lesf2.o)
                              obj/default//D/github/adamShiau_FPGA/intel_IP/LGSM/NIOS/LGSM_CPU_V2_0/lib/common.o (__ltsf2)
d:/intelfpga_lite/18.1/nios2eds/bin/gnu/h-x86_64-mingw32/bin/../lib/gcc/nios2-elf/5.3.0/mno-hw-mul\libgcc.a(mulsf3.o)
                              obj/default//D/github/adamShiau_FPGA/intel_IP/LGSM/NIOS/LGSM_CPU_V2_0/LGSM_CPU_V2_0.o (__mulsf3)
d:/intelfpga_lite/18.1/nios2eds/bin/gnu/h-x86_64-mingw32/bin/../lib/gcc/nios2-elf/5.3.0/mno-hw-mul\libgcc.a(subsf3.o)
                              obj/default//D/github/adamShiau_FPGA/intel_IP/LGSM/NIOS/LGSM_CPU_V2_0/lib/acq_fog.o (__subsf3)
d:/intelfpga_lite/18.1/nios2eds/bin/gnu/h-x86_64-mingw32/bin/../lib/gcc/nios2-elf/5.3.0/mno-hw-mul\libgcc.a(floatsisf.o)
                              obj/default//D/github/adamShiau_FPGA/intel_IP/LGSM/NIOS/LGSM_CPU_V2_0/LGSM_CPU_V2_0.o (__floatsisf)
d:/intelfpga_lite/18.1/nios2eds/bin/gnu/h-x86_64-mingw32/bin/../lib/gcc/nios2-elf/5.3.0/mno-hw-mul\libgcc.a(floatunsisf.o)
                              obj/default//D/github/adamShiau_FPGA/intel_IP/LGSM/NIOS/LGSM_CPU_V2_0/lib/common.o (__floatunsisf)
d:/intelfpga_lite/18.1/nios2eds/bin/gnu/h-x86_64-mingw32/bin/../lib/gcc/nios2-elf/5.3.0/mno-hw-mul\libgcc.a(adddf3.o)
                              obj/default//D/github/adamShiau_FPGA/intel_IP/LGSM/NIOS/LGSM_CPU_V2_0/lib/asm330lhhx.o (__adddf3)
d:/intelfpga_lite/18.1/nios2eds/bin/gnu/h-x86_64-mingw32/bin/../lib/gcc/nios2-elf/5.3.0/mno-hw-mul\libgcc.a(divdf3.o)
                              obj/default//D/github/adamShiau_FPGA/intel_IP/LGSM/NIOS/LGSM_CPU_V2_0/lib/ads122c04_se.o (__divdf3)
d:/intelfpga_lite/18.1/nios2eds/bin/gnu/h-x86_64-mingw32/bin/../lib/gcc/nios2-elf/5.3.0/mno-hw-mul\libgcc.a(muldf3.o)
                              obj/default//D/github/adamShiau_FPGA/intel_IP/LGSM/NIOS/LGSM_CPU_V2_0/lib/ads122c04_se.o (__muldf3)
d:/intelfpga_lite/18.1/nios2eds/bin/gnu/h-x86_64-mingw32/bin/../lib/gcc/nios2-elf/5.3.0/mno-hw-mul\libgcc.a(subdf3.o)
                              obj/default//D/github/adamShiau_FPGA/intel_IP/LGSM/NIOS/LGSM_CPU_V2_0/LGSM_CPU_V2_0.o (__subdf3)
d:/intelfpga_lite/18.1/nios2eds/bin/gnu/h-x86_64-mingw32/bin/../lib/gcc/nios2-elf/5.3.0/mno-hw-mul\libgcc.a(extendsfdf2.o)
                              obj/default//D/github/adamShiau_FPGA/intel_IP/LGSM/NIOS/LGSM_CPU_V2_0/LGSM_CPU_V2_0.o (__extendsfdf2)
d:/intelfpga_lite/18.1/nios2eds/bin/gnu/h-x86_64-mingw32/bin/../lib/gcc/nios2-elf/5.3.0/mno-hw-mul\libgcc.a(truncdfsf2.o)
                              obj/default//D/github/adamShiau_FPGA/intel_IP/LGSM/NIOS/LGSM_CPU_V2_0/LGSM_CPU_V2_0.o (__truncdfsf2)
d:/intelfpga_lite/18.1/nios2eds/bin/gnu/h-x86_64-mingw32/bin/../lib/gcc/nios2-elf/5.3.0/mno-hw-mul\libgcc.a(_clzsi2.o)
                              d:/intelfpga_lite/18.1/nios2eds/bin/gnu/h-x86_64-mingw32/bin/../lib/gcc/nios2-elf/5.3.0/mno-hw-mul\libgcc.a(addsf3.o) (__clzsi2)
d:/intelfpga_lite/18.1/nios2eds/bin/gnu/h-x86_64-mingw32/bin/../lib/gcc/nios2-elf/5.3.0/mno-hw-mul\libgcc.a(lib2-mul.o)
                              d:/intelfpga_lite/18.1/nios2eds/bin/gnu/h-x86_64-mingw32/bin/../lib/gcc/nios2-elf/5.3.0/mno-hw-mul\libgcc.a(mulsf3.o) (__mulsi3)
d:/intelfpga_lite/18.1/nios2eds/bin/gnu/h-x86_64-mingw32/bin/../lib/gcc/nios2-elf/5.3.0/mno-hw-mul\libgcc.a(_clz.o)
                              d:/intelfpga_lite/18.1/nios2eds/bin/gnu/h-x86_64-mingw32/bin/../lib/gcc/nios2-elf/5.3.0/mno-hw-mul\libgcc.a(_clzsi2.o) (__clz_tab)
[...]
Memory Configuration

Name             Origin             Length             Attributes
sdram_BEFORE_EXCEPTION 0x0000000001000000 0x0000000000000020
sdram            0x0000000001000020 0x0000000000ffffe0
reset            0x0000000002001000 0x0000000000000020
epcs             0x0000000002001020 0x00000000000007e0
*default*        0x0000000000000000 0xffffffffffffffff

Linker script and memory map

LOAD ../LGSM_CPU_V2_0_bsp//obj/HAL/src/crt0.o
LOAD obj/default//D/github/adamShiau_FPGA/intel_IP/LGSM/NIOS/LGSM_CPU_V2_0/LGSM_CPU_V2_0.o
LOAD obj/default//D/github/adamShiau_FPGA/intel_IP/LGSM/NIOS/LGSM_CPU_V2_0/lib/Tsensor_DS1775.o
LOAD obj/default//D/github/adamShiau_FPGA/intel_IP/LGSM/NIOS/LGSM_CPU_V2_0/lib/acq_fog.o
LOAD obj/default//D/github/adamShiau_FPGA/intel_IP/LGSM/NIOS/LGSM_CPU_V2_0/lib/acq_imu.o
LOAD obj/default//D/github/adamShiau_FPGA/intel_IP/LGSM/NIOS/LGSM_CPU_V2_0/lib/acq_rst.o
LOAD obj/default//D/github/adamShiau_FPGA/intel_IP/LGSM/NIOS/LGSM_CPU_V2_0/lib/adda_config.o
LOAD obj/default//D/github/adamShiau_FPGA/intel_IP/LGSM/NIOS/LGSM_CPU_V2_0/lib/ads122c04_se.o
LOAD obj/default//D/github/adamShiau_FPGA/intel_IP/LGSM/NIOS/LGSM_CPU_V2_0/lib/asm330lhhx.o
LOAD obj/default//D/github/adamShiau_FPGA/intel_IP/LGSM/NIOS/LGSM_CPU_V2_0/lib/common.o
LOAD obj/default//D/github/adamShiau_FPGA/intel_IP/LGSM/NIOS/LGSM_CPU_V2_0/lib/eeprom_v2.o
LOAD obj/default//D/github/adamShiau_FPGA/intel_IP/LGSM/NIOS/LGSM_CPU_V2_0/lib/memory_manage.o
LOAD obj/default//D/github/adamShiau_FPGA/intel_IP/LGSM/NIOS/LGSM_CPU_V2_0/lib/myiic.o
LOAD obj/default//D/github/adamShiau_FPGA/intel_IP/LGSM/NIOS/LGSM_CPU_V2_0/lib/output_mode.o
LOAD obj/default//D/github/adamShiau_FPGA/intel_IP/LGSM/NIOS/LGSM_CPU_V2_0/lib/uart_dual.o
LOAD d:/intelfpga_lite/18.1/nios2eds/bin/gnu/h-x86_64-mingw32/bin/../lib/gcc/nios2-elf/5.3.0/../../../../../H-x86_64-mingw32/nios2-elf/lib/mno-hw-mul\libstdc++.a
LOAD d:/intelfpga_lite/18.1/nios2eds/bin/gnu/h-x86_64-mingw32/bin/../lib/gcc/nios2-elf/5.3.0/../../../../../H-x86_64-mingw32/nios2-elf/lib/mno-hw-mul\libm.a
LOAD d:/intelfpga_lite/18.1/nios2eds/bin/gnu/h-x86_64-mingw32/bin/../lib/gcc/nios2-elf/5.3.0/mno-hw-mul\libgcc.a
START GROUP
LOAD d:/intelfpga_lite/18.1/nios2eds/bin/gnu/h-x86_64-mingw32/bin/../lib/gcc/nios2-elf/5.3.0/../../../../../H-x86_64-mingw32/nios2-elf/lib/mno-hw-mul\libc.a
LOAD d:/intelfpga_lite/18.1/nios2eds/bin/gnu/h-x86_64-mingw32/bin/../lib/gcc/nios2-elf/5.3.0/mno-hw-mul\libgcc.a
LOAD ../LGSM_CPU_V2_0_bsp/\libhal_bsp.a
LOAD d:/intelfpga_lite/18.1/nios2eds/bin/gnu/h-x86_64-mingw32/bin/../lib/gcc/nios2-elf/5.3.0/../../../../../H-x86_64-mingw32/nios2-elf/lib/mno-hw-mul\libm.a
END GROUP
LOAD d:/intelfpga_lite/18.1/nios2eds/bin/gnu/h-x86_64-mingw32/bin/../lib/gcc/nios2-elf/5.3.0/mno-hw-mul\libgcc.a
                0x0000000001000000                __alt_mem_sdram = 0x1000000
                0x0000000002001000                __alt_mem_epcs = 0x2001000

.entry          0x0000000002001000        0x0
 *(.entry)
 .entry         0x0000000002001000        0x0 ../LGSM_CPU_V2_0_bsp//obj/HAL/src/crt0.o
                0x0000000002001000                __reset

.exceptions     0x0000000001000020      0x210
                [!provide]                        PROVIDE (__ram_exceptions_start, ABSOLUTE (.))
                0x0000000001000020                . = ALIGN (0x20)
 *(.irq)
 *(.exceptions.entry.label)
 .exceptions.entry.label
                0x0000000001000020        0x0 ../LGSM_CPU_V2_0_bsp/\libhal_bsp.a(alt_irq_entry.o)
                0x0000000001000020                alt_irq_entry
 .exceptions.entry.label
                0x0000000001000020        0x0 ../LGSM_CPU_V2_0_bsp/\libhal_bsp.a(alt_exception_entry.o)
                0x0000000001000020                alt_exception
 *(.exceptions.entry.user)
 *(.exceptions.entry.ecc_fatal)
 *(.exceptions.entry)
 .exceptions.entry
                0x0000000001000020       0x54 ../LGSM_CPU_V2_0_bsp/\libhal_bsp.a(alt_exception_entry.o)
 *(.exceptions.irqtest.user)
 *(.exceptions.irqtest)
 .exceptions.irqtest
                0x0000000001000074       0x10 ../LGSM_CPU_V2_0_bsp/\libhal_bsp.a(alt_irq_entry.o)
 *(.exceptions.irqhandler.user)
 *(.exceptions.irqhandler)
 .exceptions.irqhandler
                0x0000000001000084        0x4 ../LGSM_CPU_V2_0_bsp/\libhal_bsp.a(alt_irq_entry.o)
 *(.exceptions.irqreturn.user)
 *(.exceptions.irqreturn)
 .exceptions.irqreturn
                0x0000000001000088        0x4 ../LGSM_CPU_V2_0_bsp/\libhal_bsp.a(alt_irq_entry.o)
 *(.exceptions.notirq.label)
 .exceptions.notirq.label
                0x000000000100008c        0x0 ../LGSM_CPU_V2_0_bsp/\libhal_bsp.a(alt_irq_entry.o)
 *(.exceptions.notirq.user)
 *(.exceptions.notirq)
 .exceptions.notirq
                0x000000000100008c        0x8 ../LGSM_CPU_V2_0_bsp/\libhal_bsp.a(alt_exception_entry.o)
 *(.exceptions.soft.user)
 *(.exceptions.soft)
 *(.exceptions.unknown.user)
 *(.exceptions.unknown)
 .exceptions.unknown
                0x0000000001000094       0x14 ../LGSM_CPU_V2_0_bsp/\libhal_bsp.a(alt_exception_entry.o)
 *(.exceptions.exit.label)
 .exceptions.exit.label
                0x00000000010000a8        0x0 ../LGSM_CPU_V2_0_bsp/\libhal_bsp.a(alt_irq_entry.o)
 .exceptions.exit.label
                0x00000000010000a8        0x0 ../LGSM_CPU_V2_0_bsp/\libhal_bsp.a(alt_exception_entry.o)
 *(.exceptions.exit.user)
 *(.exceptions.exit)
 .exceptions.exit
                0x00000000010000a8       0x54 ../LGSM_CPU_V2_0_bsp/\libhal_bsp.a(alt_exception_entry.o)
 *(.exceptions)
 .exceptions    0x00000000010000fc       0xd4 ../LGSM_CPU_V2_0_bsp/\libhal_bsp.a(alt_irq_handler.o)
                0x00000000010000fc                alt_irq_handler
 .exceptions    0x00000000010001d0       0x60 ../LGSM_CPU_V2_0_bsp/\libhal_bsp.a(alt_instruction_exception_entry.o)
                0x00000000010001d0                alt_instruction_exception_entry
                [!provide]                        PROVIDE (__ram_exceptions_end, ABSOLUTE (.))
                [!provide]                        PROVIDE (__flash_exceptions_start, LOADADDR (.exceptions))

.text           0x0000000001000230    0x213a8
                [!provide]                        PROVIDE (stext, ABSOLUTE (.))
 *(.interp)
 *(.hash)
 *(.dynsym)
 *(.dynstr)
 *(.gnu.version)
 *(.gnu.version_d)
 *(.gnu.version_r)
 *(.rel.init)
 *(.rela.init)
 *(.rel.text .rel.text.* .rel.gnu.linkonce.t.*)
 *(.rela.text .rela.text.* .rela.gnu.linkonce.t.*)
 *(.rel.fini)
 *(.rela.fini)
 *(.rel.rodata .rel.rodata.* .rel.gnu.linkonce.r.*)
 *(.rela.rodata .rela.rodata.* .rela.gnu.linkonce.r.*)
 *(.rel.data .rel.data.* .rel.gnu.linkonce.d.*)
 *(.rela.data .rela.data.* .rela.gnu.linkonce.d.*)
 *(.rel.tdata .rel.tdata.* .rel.gnu.linkonce.td.*)
 *(.rela.tdata .rela.tdata.* .rela.gnu.linkonce.td.*)
 *(.rel.tbss .rel.tbss.* .rel.gnu.linkonce.tb.*)
 *(.rela.tbss .rela.tbss.* .rela.gnu.linkonce.tb.*)
 *(.rel.ctors)
 *(.rela.ctors)
 *(.rel.dtors)
 *(.rela.dtors)
 *(.rel.got)
 *(.rela.got)
 *(.rel.sdata .rel.sdata.* .rel.gnu.linkonce.s.*)
 *(.rela.sdata .rela.sdata.* .rela.gnu.linkonce.s.*)
 *(.rel.sbss .rel.sbss.* .rel.gnu.linkonce.sb.*)
 *(.rela.sbss .rela.sbss.* .rela.gnu.linkonce.sb.*)
 *(.rel.sdata2 .rel.sdata2.* .rel.gnu.linkonce.s2.*)
 *(.rela.sdata2 .rela.sdata2.* .rela.gnu.linkonce.s2.*)
 *(.rel.sbss2 .rel.sbss2.* .rel.gnu.linkonce.sb2.*)
 *(.rela.sbss2 .rela.sbss2.* .rela.gnu.linkonce.sb2.*)
 *(.rel.bss .rel.bss.* .rel.gnu.linkonce.b.*)
 *(.rela.bss .rela.bss.* .rela.gnu.linkonce.b.*)
 *(.rel.plt)
 *(.rela.plt)
 *(.rel.dyn)
 *(.init)
 *(.plt)
 *(.text .stub .text.* .gnu.linkonce.t.*)
 .text          0x0000000001000230       0x38 ../LGSM_CPU_V2_0_bsp//obj/HAL/src/crt0.o
                0x0000000001000230                _start
 .text          0x0000000001000268      0x4dc obj/default//D/github/adamShiau_FPGA/intel_IP/LGSM/NIOS/LGSM_CPU_V2_0/LGSM_CPU_V2_0.o
                0x0000000001000268                main
                0x0000000001000394                monitor_reg
                0x00000000010003cc                dbg_mems
                0x00000000010005f0                update_sensor_data
                0x00000000010006a4                TRIGGER_IRQ_init
                0x0000000001000708                IRQ_TRIGGER_ISR
 .text          0x0000000001000744      0x2b8 obj/default//D/github/adamShiau_FPGA/intel_IP/LGSM/NIOS/LGSM_CPU_V2_0/lib/Tsensor_DS1775.o
                0x0000000001000744                ds1775_init
                0x0000000001000788                ds1775_set_resolution
                0x0000000001000804                ds1775_setCurPtr
                0x0000000001000858                ds1775_setConfiguration
                0x00000000010008b8                ds1775_readConf
                0x0000000001000900                ds1775_9B_readTemp_d
                0x000000000100096c                ds1775_9B_readTemp_f
 .text          0x00000000010009fc      0x558 obj/default//D/github/adamShiau_FPGA/intel_IP/LGSM/NIOS/LGSM_CPU_V2_0/lib/acq_fog.o
                0x00000000010009fc                acq_fog
 .text          0x0000000001000f54      0x134 obj/default//D/github/adamShiau_FPGA/intel_IP/LGSM/NIOS/LGSM_CPU_V2_0/lib/acq_imu.o
                0x0000000001000f54                acq_imu
 .text          0x0000000001001088       0x48 obj/default//D/github/adamShiau_FPGA/intel_IP/LGSM/NIOS/LGSM_CPU_V2_0/lib/acq_rst.o
                0x0000000001001088                acq_rst
 .text          0x00000000010010d0      0x1c8 obj/default//D/github/adamShiau_FPGA/intel_IP/LGSM/NIOS/LGSM_CPU_V2_0/lib/adda_config.o
                0x00000000010010d0                init_ADDA
                0x00000000010011b8                set_ADC_all_zero
                0x00000000010011f8                set_ADC_all_one
                0x0000000001001238                set_DAC_reset
                0x0000000001001268                clear_DAC_reset
 .text          0x0000000001001298      0x92c obj/default//D/github/adamShiau_FPGA/intel_IP/LGSM/NIOS/LGSM_CPU_V2_0/lib/ads122c04_se.o
                0x0000000001001328                init_ADS122C04_TEMP
                0x0000000001001348                I2C_write_verify_ADS122C04
                0x00000000010013e4                test_ADS122C04
                0x0000000001001444                read_ADS122C04_TEMP
                0x000000000100169c                I2C_sm_start_ADS122C04_TEMP
                0x00000000010016ec                I2C_op_mode_sel_ADS122C04_TEMP
                0x000000000100174c                I2C_clock_rate_sel_ADS122C04_TEMP
                0x00000000010017ac                I2C_write_ADS122C04_TEMP_cmd
                0x0000000001001844                I2C_write_ADS122C04_TEMP_register
                0x00000000010018f4                I2C_read_ADS122C04_TEMP_register
                0x0000000001001998                I2C_set_device_addr_ADS122C04_TEMP
                0x00000000010019d0                set_bit_safe_ADS122C04_TEMP
                0x0000000001001a34                clear_bit_safe_ADS122C04_TEMP
                0x0000000001001a98                I2C_sm_set_enable_ADS122C04_TEMP
                0x0000000001001adc                I2C_sm_set_disable_ADS122C04_TEMP
                0x0000000001001b20                I2C_sm_set_finish_clear_pulse_ADS122C04_TEMP
                0x0000000001001b88                I2C_sm_read_finish_ADS122C04_TEMP
 .text          0x0000000001001bc4      0xc84 obj/default//D/github/adamShiau_FPGA/intel_IP/LGSM/NIOS/LGSM_CPU_V2_0/lib/asm330lhhx.o
                0x0000000001001c54                init_ASM330LHHX
                0x0000000001001c74                I2C_sm_force_reset_ASM330LHHX
                0x0000000001001d00                I2C_write_verify_ASM330LHHX
                0x0000000001001d9c                test_ASM330LHHX
                0x0000000001001dfc                read_ASM330LHHX
                0x0000000001002128                get_ASM330LHHX_SM_status
                0x0000000001002164                print_ASM330LHHX_SM_status
                0x0000000001002194                set_ASM330LHHX_Gyro_LPF1
                0x0000000001002280                set_ASM330LHHX_Accl_LPF2
                0x0000000001002378                I2C_sm_start_ASM330LHHX
                0x00000000010023c8                I2C_op_mode_sel_ASM330LHHX
                0x0000000001002428                I2C_clock_rate_sel_ASM330LHHX
                0x0000000001002488                I2C_write_ASM330LHHX_register
                0x0000000001002560                I2C_read_ASM330LHHX_register
                0x000000000100261c                I2C_set_device_addr_ASM330LHHX
                0x0000000001002654                set_bit_safe_ASM330LHHX
                0x00000000010026b8                clear_bit_safe_ASM330LHHX
                0x000000000100271c                I2C_sm_set_enable_ASM330LHHX
                0x0000000001002760                I2C_sm_set_disable_ASM330LHHX
                0x00000000010027a4                I2C_sm_set_finish_clear_pulse_ASM330LHHX
                0x000000000100280c                I2C_sm_read_finish_ASM330LHHX
 .text          0x0000000001002848     0x5da8 obj/default//D/github/adamShiau_FPGA/intel_IP/LGSM/NIOS/LGSM_CPU_V2_0/lib/common.o
                0x0000000001002848                moving_average_init
                0x0000000001002904                moving_average_update
                0x0000000001002a20                moving_average_free
                0x0000000001002a5c                sendTx
                0x0000000001002b2c                checkByte
                0x0000000001002b7c                checkByte_dbg
                0x0000000001002bc4                uart_printf
                0x0000000001002c34                uart_printf_dbg
                0x0000000001002d20                send_uart_string
                0x0000000001002da4                SerialWrite
                0x0000000001002e28                SerialWrite_dbg
                0x0000000001002ea4                SerialWrite_r
                0x0000000001002f2c                SerialWrite_dbg_r
                0x0000000001002fac                IEEE_754_F2INT
                0x0000000001002fd8                crc32_init_table
                0x0000000001003098                crc_32
                0x000000000100318c                print_crc
                0x00000000010031b4                get_uart_cmd
                0x00000000010033b0                cmd_mux
                0x000000000100341c                Set_Dac_Gain_x
                0x00000000010034a0                Set_Dac_Gain_y
                0x0000000001003524                Set_Dac_Gain_z
                0x00000000010035a8                fog_parameter_legacy
                0x000000000100399c                fog_parameter
                0x0000000001006920                apply_datarate_index
                0x0000000001006998                apply_ASM330LHHX_Gyro_LPF1_index
                0x0000000001006a14                apply_ASM330LHHX_Accl_LPF2_index
                0x0000000001006a90                update_config_to_HW_REG
                0x0000000001006b04                update_fog_parameters_to_HW_REG
                0x0000000001006e80                dump_fog_param
                0x0000000001007060                dump_fog_param_framed
                0x0000000001007274                dump_misalignment_param
                0x00000000010073dc                dump_misalignment_param_framed
                0x0000000001007580                dump_config_param_framed
                0x0000000001007724                dump_SN_framed
                0x0000000001007790                dump_version_framed
                0x0000000001007830                send_json_uart
                0x0000000001007898                send_framed_payload
                0x000000000100797c                SF_temp_compensation_1st_order_fog
                0x0000000001007abc                SF_temp_compensation_1st_order_adxl357
                0x0000000001007bfc                BIAS_temp_compensation_1st_order_fog_3T
                0x0000000001007f2c                BIAS_temp_compensation_1st_order_adxl357
                0x000000000100806c                misalignment_calibration
                0x00000000010083b4                uart_write_bytes
                0x0000000001008414                uart_write_cstr
                0x0000000001008454                crc16_ccitt_update
                0x00000000010084ec                crc16_ccitt_buf
                0x0000000001008568                update_datarate_to_HW_REG
 .text          0x00000000010085f0     0x11cc obj/default//D/github/adamShiau_FPGA/intel_IP/LGSM/NIOS/LGSM_CPU_V2_0/lib/eeprom_v2.o
                0x0000000001008738                EEPROM_RW_TEST
                0x00000000010087d0                EEPROM_Write_4B
                0x0000000001008894                PARAMETER_Write_f
                0x00000000010088ec                EEPROM_Read_4B
                0x00000000010089d4                EEPROM_Read_4B_R
                0x0000000001008ae4                PARAMETER_Read
                0x0000000001008b3c                PARAMETER_Read_R
                0x0000000001008b94                PARAMETER_Write_s
                0x0000000001008efc                EEPROM_Write_initial_parameter
                0x0000000001008fe0                LOAD_FOG_SN
                0x0000000001009064                LOAD_CONFIG
                0x0000000001009150                PRINT_FOG_CONFIG
                0x0000000001009194                LOAD_FOG_MISALIGNMENT
                0x0000000001009280                PRINT_FOG_MISALIGNMENT
                0x00000000010092c4                LOAD_FOG_PARAMETER
                0x0000000001009424                PRINT_FOG_PARAMETER
                0x00000000010094a8                init_EEPROM
                0x00000000010094c8                I2C_sm_start
                0x0000000001009508                I2C_op_mode_sel_EEPROM
                0x0000000001009568                I2C_clock_rate_sel
                0x00000000010095c8                set_bit_safe
                0x000000000100962c                clear_bit_safe
                0x0000000001009690                I2C_sm_set_enable
                0x00000000010096d4                I2C_sm_set_disable
                0x0000000001009718                I2C_sm_set_finish_clear_pulse
                0x0000000001009780                I2C_sm_read_finish
 .text          0x00000000010097bc      0x2b8 obj/default//D/github/adamShiau_FPGA/intel_IP/LGSM/NIOS/LGSM_CPU_V2_0/lib/memory_manage.o
                0x00000000010097bc                initialize_fog_params_all
                0x0000000001009998                initialize_fog_params_type
 .text          0x0000000001009a74      0x62c obj/default//D/github/adamShiau_FPGA/intel_IP/LGSM/NIOS/LGSM_CPU_V2_0/lib/myiic.o
                0x0000000001009a74                IIC_Init
                0x0000000001009ab4                IIC_Start
                0x0000000001009b6c                IIC_Stop
                0x0000000001009c48                IIC_Wait_Ack
                0x0000000001009d34                IIC_Ack
                0x0000000001009dec                IIC_NAck
                0x0000000001009ea4                IIC_Send_Byte
                0x0000000001009fbc                IIC_Read_Byte
 .text          0x000000000100a0a0      0x15c obj/default//D/github/adamShiau_FPGA/intel_IP/LGSM/NIOS/LGSM_CPU_V2_0/lib/output_mode.o
                0x000000000100a0a0                output_mode_setting
 .text          0x000000000100a1fc      0xc34 obj/default//D/github/adamShiau_FPGA/intel_IP/LGSM/NIOS/LGSM_CPU_V2_0/lib/uart_dual.o
                0x000000000100a4b4                uartInit
                0x000000000100a590                uartAvailable
                0x000000000100a5b8                uartGetByte
                0x000000000100a68c                uartGetc
                0x000000000100a6c8                uartAck
                0x000000000100a718                uartAvailable_dbg
                0x000000000100a740                uartGetByte_dbg
                0x000000000100a804                uartGetc_dbg
                0x000000000100a840                uartAck_dbg
                0x000000000100a888                readDataDynamic
                0x000000000100ab5c                readDataDynamic_dbg
 .text          0x000000000100ae30      0x1b4 d:/intelfpga_lite/18.1/nios2eds/bin/gnu/h-x86_64-mingw32/bin/../lib/gcc/nios2-elf/5.3.0/mno-hw-mul\libgcc.a(lib2-divmod.o)
                0x000000000100ae30                __divsi3
                0x000000000100aeb4                __modsi3
                0x000000000100af28                __udivsi3
                0x000000000100af8c                __umodsi3
 .text          0x000000000100afe4      0x4c8 d:/intelfpga_lite/18.1/nios2eds/bin/gnu/h-x86_64-mingw32/bin/../lib/gcc/nios2-elf/5.3.0/mno-hw-mul\libgcc.a(addsf3.o)
                0x000000000100afe4                __addsf3
 .text          0x000000000100b4ac      0x440 d:/intelfpga_lite/18.1/nios2eds/bin/gnu/h-x86_64-mingw32/bin/../lib/gcc/nios2-elf/5.3.0/mno-hw-mul\libgcc.a(divsf3.o)
                0x000000000100b4ac                __divsf3
 .text          0x000000000100b8ec       0x78 d:/intelfpga_lite/18.1/nios2eds/bin/gnu/h-x86_64-mingw32/bin/../lib/gcc/nios2-elf/5.3.0/mno-hw-mul\libgcc.a(eqsf2.o)
                0x000000000100b8ec                __eqsf2
                0x000000000100b8ec                __nesf2
 .text          0x000000000100b964       0xbc d:/intelfpga_lite/18.1/nios2eds/bin/gnu/h-x86_64-mingw32/bin/../lib/gcc/nios2-elf/5.3.0/mno-hw-mul\libgcc.a(gesf2.o)
                0x000000000100b964                __gesf2
                0x000000000100b964                __gtsf2
 .text          0x000000000100ba20       0xc8 d:/intelfpga_lite/18.1/nios2eds/bin/gnu/h-x86_64-mingw32/bin/../lib/gcc/nios2-elf/5.3.0/mno-hw-mul\libgcc.a(lesf2.o)
                0x000000000100ba20                __ltsf2
                0x000000000100ba20                __lesf2
 .text          0x000000000100bae8      0x430 d:/intelfpga_lite/18.1/nios2eds/bin/gnu/h-x86_64-mingw32/bin/../lib/gcc/nios2-elf/5.3.0/mno-hw-mul\libgcc.a(mulsf3.o)
                0x000000000100bae8                __mulsf3
 .text          0x000000000100bf18      0x4e4 d:/intelfpga_lite/18.1/nios2eds/bin/gnu/h-x86_64-mingw32/bin/../lib/gcc/nios2-elf/5.3.0/mno-hw-mul\libgcc.a(subsf3.o)
                0x000000000100bf18                __subsf3
 .text          0x000000000100c3fc      0x124 d:/intelfpga_lite/18.1/nios2eds/bin/gnu/h-x86_64-mingw32/bin/../lib/gcc/nios2-elf/5.3.0/mno-hw-mul\libgcc.a(floatsisf.o)
                0x000000000100c3fc                __floatsisf
 .text          0x000000000100c520       0xf0 d:/intelfpga_lite/18.1/nios2eds/bin/gnu/h-x86_64-mingw32/bin/../lib/gcc/nios2-elf/5.3.0/mno-hw-mul\libgcc.a(floatunsisf.o)
                0x000000000100c520                __floatunsisf
 .text          0x000000000100c610      0x8ac d:/intelfpga_lite/18.1/nios2eds/bin/gnu/h-x86_64-mingw32/bin/../lib/gcc/nios2-elf/5.3.0/mno-hw-mul\libgcc.a(adddf3.o)
                0x000000000100c610                __adddf3
 .text          0x000000000100cebc      0x9d0 d:/intelfpga_lite/18.1/nios2eds/bin/gnu/h-x86_64-mingw32/bin/../lib/gcc/nios2-elf/5.3.0/mno-hw-mul\libgcc.a(divdf3.o)
                0x000000000100cebc                __divdf3
 .text          0x000000000100d88c      0x86c d:/intelfpga_lite/18.1/nios2eds/bin/gnu/h-x86_64-mingw32/bin/../lib/gcc/nios2-elf/5.3.0/mno-hw-mul\libgcc.a(muldf3.o)
                0x000000000100d88c                __muldf3
 .text          0x000000000100e0f8      0x8fc d:/intelfpga_lite/18.1/nios2eds/bin/gnu/h-x86_64-mingw32/bin/../lib/gcc/nios2-elf/5.3.0/mno-hw-mul\libgcc.a(subdf3.o)
                0x000000000100e0f8                __subdf3
 .text          0x000000000100e9f4      0x110 d:/intelfpga_lite/18.1/nios2eds/bin/gnu/h-x86_64-mingw32/bin/../lib/gcc/nios2-elf/5.3.0/mno-hw-mul\libgcc.a(extendsfdf2.o)
                0x000000000100e9f4                __extendsfdf2
 .text          0x000000000100eb04      0x1a8 d:/intelfpga_lite/18.1/nios2eds/bin/gnu/h-x86_64-mingw32/bin/../lib/gcc/nios2-elf/5.3.0/mno-hw-mul\libgcc.a(truncdfsf2.o)
                0x000000000100eb04                __truncdfsf2
 .text          0x000000000100ecac       0x64 d:/intelfpga_lite/18.1/nios2eds/bin/gnu/h-x86_64-mingw32/bin/../lib/gcc/nios2-elf/5.3.0/mno-hw-mul\libgcc.a(_clzsi2.o)
                0x000000000100ecac                __clzsi2
 .text          0x000000000100ed10       0x28 d:/intelfpga_lite/18.1/nios2eds/bin/gnu/h-x86_64-mingw32/bin/../lib/gcc/nios2-elf/5.3.0/mno-hw-mul\libgcc.a(lib2-mul.o)
                0x000000000100ed10                __mulsi3
 .text          0x000000000100ed38        0x0 d:/intelfpga_lite/18.1/nios2eds/bin/gnu/h-x86_64-mingw32/bin/../lib/gcc/nios2-elf/5.3.0/mno-hw-mul\libgcc.a(_clz.o)
 .text          0x000000000100ed38        0x0 d:/intelfpga_lite/18.1/nios2eds/bin/gnu/h-x86_64-mingw32/bin/../lib/gcc/nios2-elf/5.3.0/../../../../../H-x86_64-mingw32/nios2-elf/lib/mno-hw-mul\libc.a(lib_a-exit.o)
 .text.exit     0x000000000100ed38       0x38 d:/intelfpga_lite/18.1/nios2eds/bin/gnu/h-x86_64-mingw32/bin/../lib/gcc/nios2-elf/5.3.0/../../../../../H-x86_64-mingw32/nios2-elf/lib/mno-hw-mul\libc.a(lib_a-exit.o)
                0x000000000100ed38                exit
 .text          0x000000000100ed70        0x0 d:/intelfpga_lite/18.1/nios2eds/bin/gnu/h-x86_64-mingw32/bin/../lib/gcc/nios2-elf/5.3.0/../../../../../H-x86_64-mingw32/nios2-elf/lib/mno-hw-mul\libc.a(lib_a-impure.o)
 .text          0x000000000100ed70        0x0 d:/intelfpga_lite/18.1/nios2eds/bin/gnu/h-x86_64-mingw32/bin/../lib/gcc/nios2-elf/5.3.0/../../../../../H-x86_64-mingw32/nios2-elf/lib/mno-hw-mul\libc.a(lib_a-malloc.o)
 .text.malloc   0x000000000100ed70       0x14 d:/intelfpga_lite/18.1/nios2eds/bin/gnu/h-x86_64-mingw32/bin/../lib/gcc/nios2-elf/5.3.0/../../../../../H-x86_64-mingw32/nios2-elf/lib/mno-hw-mul\libc.a(lib_a-malloc.o)
                0x000000000100ed70                malloc
 .text.free     0x000000000100ed84       0x14 d:/intelfpga_lite/18.1/nios2eds/bin/gnu/h-x86_64-mingw32/bin/../lib/gcc/nios2-elf/5.3.0/../../../../../H-x86_64-mingw32/nios2-elf/lib/mno-hw-mul\libc.a(lib_a-malloc.o)
                0x000000000100ed84                free
 .text          0x000000000100ed98        0x0 d:/intelfpga_lite/18.1/nios2eds/bin/gnu/h-x86_64-mingw32/bin/../lib/gcc/nios2-elf/5.3.0/../../../../../H-x86_64-mingw32/nios2-elf/lib/mno-hw-mul\libc.a(lib_a-mallocr.o)
 .text._malloc_r
                0x000000000100ed98      0x80c d:/intelfpga_lite/18.1/nios2eds/bin/gnu/h-x86_64-mingw32/bin/../lib/gcc/nios2-elf/5.3.0/../../../../../H-x86_64-mingw32/nios2-elf/lib/mno-hw-mul\libc.a(lib_a-mallocr.o)
                0x000000000100ed98                _malloc_r
 .text          0x000000000100f5a4        0x0 d:/intelfpga_lite/18.1/nios2eds/bin/gnu/h-x86_64-mingw32/bin/../lib/gcc/nios2-elf/5.3.0/../../../../../H-x86_64-mingw32/nios2-elf/lib/mno-hw-mul\libc.a(lib_a-memcpy.o)
 .text.memcpy   0x000000000100f5a4      0x148 d:/intelfpga_lite/18.1/nios2eds/bin/gnu/h-x86_64-mingw32/bin/../lib/gcc/nios2-elf/5.3.0/../../../../../H-x86_64-mingw32/nios2-elf/lib/mno-hw-mul\libc.a(lib_a-memcpy.o)
                0x000000000100f5a4                memcpy
 .text          0x000000000100f6ec        0x0 d:/intelfpga_lite/18.1/nios2eds/bin/gnu/h-x86_64-mingw32/bin/../lib/gcc/nios2-elf/5.3.0/../../../../../H-x86_64-mingw32/nios2-elf/lib/mno-hw-mul\libc.a(lib_a-memset.o)
 .text.memset   0x000000000100f6ec      0x128 d:/intelfpga_lite/18.1/nios2eds/bin/gnu/h-x86_64-mingw32/bin/../lib/gcc/nios2-elf/5.3.0/../../../../../H-x86_64-mingw32/nios2-elf/lib/mno-hw-mul\libc.a(lib_a-memset.o)
                0x000000000100f6ec                memset
 .text          0x000000000100f814        0x0 d:/intelfpga_lite/18.1/nios2eds/bin/gnu/h-x86_64-mingw32/bin/../lib/gcc/nios2-elf/5.3.0/../../../../../H-x86_64-mingw32/nios2-elf/lib/mno-hw-mul\libc.a(lib_a-printf.o)
 .text._printf_r
                0x000000000100f814       0x30 d:/intelfpga_lite/18.1/nios2eds/bin/gnu/h-x86_64-mingw32/bin/../lib/gcc/nios2-elf/5.3.0/../../../../../H-x86_64-mingw32/nios2-elf/lib/mno-hw-mul\libc.a(lib_a-printf.o)
                0x000000000100f814                _printf_r
 .text.printf   0x000000000100f844       0x3c d:/intelfpga_lite/18.1/nios2eds/bin/gnu/h-x86_64-mingw32/bin/../lib/gcc/nios2-elf/5.3.0/../../../../../H-x86_64-mingw32/nios2-elf/lib/mno-hw-mul\libc.a(lib_a-printf.o)
                0x000000000100f844                printf
 .text          0x000000000100f880        0x0 d:/intelfpga_lite/18.1/nios2eds/bin/gnu/h-x86_64-mingw32/bin/../lib/gcc/nios2-elf/5.3.0/../../../../../H-x86_64-mingw32/nios2-elf/lib/mno-hw-mul\libc.a(lib_a-puts.o)
 .text._puts_r  0x000000000100f880       0xc0 d:/intelfpga_lite/18.1/nios2eds/bin/gnu/h-x86_64-mingw32/bin/../lib/gcc/nios2-elf/5.3.0/../../../../../H-x86_64-mingw32/nios2-elf/lib/mno-hw-mul\libc.a(lib_a-puts.o)
                0x000000000100f880                _puts_r
 .text.puts     0x000000000100f940       0x14 d:/intelfpga_lite/18.1/nios2eds/bin/gnu/h-x86_64-mingw32/bin/../lib/gcc/nios2-elf/5.3.0/../../../../../H-x86_64-mingw32/nios2-elf/lib/mno-hw-mul\libc.a(lib_a-puts.o)
                0x000000000100f940                puts
 .text          0x000000000100f954        0x0 d:/intelfpga_lite/18.1/nios2eds/bin/gnu/h-x86_64-mingw32/bin/../lib/gcc/nios2-elf/5.3.0/../../../../../H-x86_64-mingw32/nios2-elf/lib/mno-hw-mul\libc.a(lib_a-sbrkr.o)
 .text._sbrk_r  0x000000000100f954       0x54 d:/intelfpga_lite/18.1/nios2eds/bin/gnu/h-x86_64-mingw32/bin/../lib/gcc/nios2-elf/5.3.0/../../../../../H-x86_64-mingw32/nios2-elf/lib/mno-hw-mul\libc.a(lib_a-sbrkr.o)
                0x000000000100f954                _sbrk_r
 .text          0x000000000100f9a8        0x0 d:/intelfpga_lite/18.1/nios2eds/bin/gnu/h-x86_64-mingw32/bin/../lib/gcc/nios2-elf/5.3.0/../../../../../H-x86_64-mingw32/nios2-elf/lib/mno-hw-mul\libc.a(lib_a-snprintf.o)
 .text._snprintf_r
                0x000000000100f9a8       0xd8 d:/intelfpga_lite/18.1/nios2eds/bin/gnu/h-x86_64-mingw32/bin/../lib/gcc/nios2-elf/5.3.0/../../../../../H-x86_64-mingw32/nios2-elf/lib/mno-hw-mul\libc.a(lib_a-snprintf.o)
                0x000000000100f9a8                _snprintf_r
 .text.snprintf
                0x000000000100fa80       0xe4 d:/intelfpga_lite/18.1/nios2eds/bin/gnu/h-x86_64-mingw32/bin/../lib/gcc/nios2-elf/5.3.0/../../../../../H-x86_64-mingw32/nios2-elf/lib/mno-hw-mul\libc.a(lib_a-snprintf.o)
                0x000000000100fa80                snprintf
 .text          0x000000000100fb64        0x0 d:/intelfpga_lite/18.1/nios2eds/bin/gnu/h-x86_64-mingw32/bin/../lib/gcc/nios2-elf/5.3.0/../../../../../H-x86_64-mingw32/nios2-elf/lib/mno-hw-mul\libc.a(lib_a-strlen.o)
 .text.strlen   0x000000000100fb64       0x98 d:/intelfpga_lite/18.1/nios2eds/bin/gnu/h-x86_64-mingw32/bin/../lib/gcc/nios2-elf/5.3.0/../../../../../H-x86_64-mingw32/nios2-elf/lib/mno-hw-mul\libc.a(lib_a-strlen.o)
                0x000000000100fb64                strlen
 .text          0x000000000100fbfc        0x0 d:/intelfpga_lite/18.1/nios2eds/bin/gnu/h-x86_64-mingw32/bin/../lib/gcc/nios2-elf/5.3.0/../../../../../H-x86_64-mingw32/nios2-elf/lib/mno-hw-mul\libc.a(lib_a-strnlen.o)
 .text.strnlen  0x000000000100fbfc       0x44 d:/intelfpga_lite/18.1/nios2eds/bin/gnu/h-x86_64-mingw32/bin/../lib/gcc/nios2-elf/5.3.0/../../../../../H-x86_64-mingw32/nios2-elf/lib/mno-hw-mul\libc.a(lib_a-strnlen.o)
                0x000000000100fbfc                strnlen
 .text          0x000000000100fc40        0x0 d:/intelfpga_lite/18.1/nios2eds/bin/gnu/h-x86_64-mingw32/bin/../lib/gcc/nios2-elf/5.3.0/../../../../../H-x86_64-mingw32/nios2-elf/lib/mno-hw-mul\libc.a(lib_a-svfprintf.o)
 .text.___svfprintf_internal_r
                0x000000000100fc40     0x22bc d:/intelfpga_lite/18.1/nios2eds/bin/gnu/h-x86_64-mingw32/bin/../lib/gcc/nios2-elf/5.3.0/../../../../../H-x86_64-mingw32/nios2-elf/lib/mno-hw-mul\libc.a(lib_a-svfprintf.o)
                0x000000000100fc40                ___svfprintf_internal_r
 .text          0x0000000001011efc        0x0 d:/intelfpga_lite/18.1/nios2eds/bin/gnu/h-x86_64-mingw32/bin/../lib/gcc/nios2-elf/5.3.0/../../../../../H-x86_64-mingw32/nios2-elf/lib/mno-hw-mul\libc.a(lib_a-vfprintf.o)
 .text.___vfprintf_internal_r
                0x0000000001011efc     0x22dc d:/intelfpga_lite/18.1/nios2eds/bin/gnu/h-x86_64-mingw32/bin/../lib/gcc/nios2-elf/5.3.0/../../../../../H-x86_64-mingw32/nios2-elf/lib/mno-hw-mul\libc.a(lib_a-vfprintf.o)
                0x0000000001011efc                ___vfprintf_internal_r
 .text.__vfprintf_internal
                0x00000000010141d8       0x1c d:/intelfpga_lite/18.1/nios2eds/bin/gnu/h-x86_64-mingw32/bin/../lib/gcc/nios2-elf/5.3.0/../../../../../H-x86_64-mingw32/nios2-elf/lib/mno-hw-mul\libc.a(lib_a-vfprintf.o)
                0x00000000010141d8                __vfprintf_internal
 .text.__sbprintf
                0x00000000010141f4       0xbc d:/intelfpga_lite/18.1/nios2eds/bin/gnu/h-x86_64-mingw32/bin/../lib/gcc/nios2-elf/5.3.0/../../../../../H-x86_64-mingw32/nios2-elf/lib/mno-hw-mul\libc.a(lib_a-vfprintf.o)
 .text          0x00000000010142b0        0x0 d:/intelfpga_lite/18.1/nios2eds/bin/gnu/h-x86_64-mingw32/bin/../lib/gcc/nios2-elf/5.3.0/../../../../../H-x86_64-mingw32/nios2-elf/lib/mno-hw-mul\libc.a(lib_a-vsnprintf.o)
 .text._vsnprintf_r
                0x00000000010142b0       0xf0 d:/intelfpga_lite/18.1/nios2eds/bin/gnu/h-x86_64-mingw32/bin/../lib/gcc/nios2-elf/5.3.0/../../../../../H-x86_64-mingw32/nios2-elf/lib/mno-hw-mul\libc.a(lib_a-vsnprintf.o)
                0x00000000010142b0                _vsnprintf_r
 .text.vsnprintf
                0x00000000010143a0       0x34 d:/intelfpga_lite/18.1/nios2eds/bin/gnu/h-x86_64-mingw32/bin/../lib/gcc/nios2-elf/5.3.0/../../../../../H-x86_64-mingw32/nios2-elf/lib/mno-hw-mul\libc.a(lib_a-vsnprintf.o)
                0x00000000010143a0                vsnprintf
 .text          0x00000000010143d4        0x0 d:/intelfpga_lite/18.1/nios2eds/bin/gnu/h-x86_64-mingw32/bin/../lib/gcc/nios2-elf/5.3.0/../../../../../H-x86_64-mingw32/nios2-elf/lib/mno-hw-mul\libc.a(lib_a-wsetup.o)
 .text.__swsetup_r
                0x00000000010143d4      0x154 d:/intelfpga_lite/18.1/nios2eds/bin/gnu/h-x86_64-mingw32/bin/../lib/gcc/nios2-elf/5.3.0/../../../../../H-x86_64-mingw32/nios2-elf/lib/mno-hw-mul\libc.a(lib_a-wsetup.o)
                0x00000000010143d4                __swsetup_r
 .text          0x0000000001014528        0x0 d:/intelfpga_lite/18.1/nios2eds/bin/gnu/h-x86_64-mingw32/bin/../lib/gcc/nios2-elf/5.3.0/../../../../../H-x86_64-mingw32/nios2-elf/lib/mno-hw-mul\libc.a(lib_a-__call_atexit.o)
 .text.__call_exitprocs
                0x0000000001014528      0x180 d:/intelfpga_lite/18.1/nios2eds/bin/gnu/h-x86_64-mingw32/bin/../lib/gcc/nios2-elf/5.3.0/../../../../../H-x86_64-mingw32/nios2-elf/lib/mno-hw-mul\libc.a(lib_a-__call_atexit.o)
                0x0000000001014528                __call_exitprocs
 .text          0x00000000010146a8        0x0 d:/intelfpga_lite/18.1/nios2eds/bin/gnu/h-x86_64-mingw32/bin/../lib/gcc/nios2-elf/5.3.0/../../../../../H-x86_64-mingw32/nios2-elf/lib/mno-hw-mul\libc.a(lib_a-dtoa.o)
 .text.quorem   0x00000000010146a8      0x228 d:/intelfpga_lite/18.1/nios2eds/bin/gnu/h-x86_64-mingw32/bin/../lib/gcc/nios2-elf/5.3.0/../../../../../H-x86_64-mingw32/nios2-elf/lib/mno-hw-mul\libc.a(lib_a-dtoa.o)
 .text._dtoa_r  0x00000000010148d0     0x1688 d:/intelfpga_lite/18.1/nios2eds/bin/gnu/h-x86_64-mingw32/bin/../lib/gcc/nios2-elf/5.3.0/../../../../../H-x86_64-mingw32/nios2-elf/lib/mno-hw-mul\libc.a(lib_a-dtoa.o)
                0x00000000010148d0                _dtoa_r
 .text          0x0000000001015f58        0x0 d:/intelfpga_lite/18.1/nios2eds/bin/gnu/h-x86_64-mingw32/bin/../lib/gcc/nios2-elf/5.3.0/../../../../../H-x86_64-mingw32/nios2-elf/lib/mno-hw-mul\libc.a(lib_a-fflush.o)
 .text.__sflush_r
                0x0000000001015f58      0x21c d:/intelfpga_lite/18.1/nios2eds/bin/gnu/h-x86_64-mingw32/bin/../lib/gcc/nios2-elf/5.3.0/../../../../../H-x86_64-mingw32/nios2-elf/lib/mno-hw-mul\libc.a(lib_a-fflush.o)
                0x0000000001015f58                __sflush_r
 .text._fflush_r
                0x0000000001016174       0x5c d:/intelfpga_lite/18.1/nios2eds/bin/gnu/h-x86_64-mingw32/bin/../lib/gcc/nios2-elf/5.3.0/../../../../../H-x86_64-mingw32/nios2-elf/lib/mno-hw-mul\libc.a(lib_a-fflush.o)
                0x0000000001016174                _fflush_r
 .text.fflush   0x00000000010161d0       0x30 d:/intelfpga_lite/18.1/nios2eds/bin/gnu/h-x86_64-mingw32/bin/../lib/gcc/nios2-elf/5.3.0/../../../../../H-x86_64-mingw32/nios2-elf/lib/mno-hw-mul\libc.a(lib_a-fflush.o)
                0x00000000010161d0                fflush
 .text          0x0000000001016200        0x0 d:/intelfpga_lite/18.1/nios2eds/bin/gnu/h-x86_64-mingw32/bin/../lib/gcc/nios2-elf/5.3.0/../../../../../H-x86_64-mingw32/nios2-elf/lib/mno-hw-mul\libc.a(lib_a-findfp.o)
 .text.__fp_unlock
                0x0000000001016200        0x8 d:/intelfpga_lite/18.1/nios2eds/bin/gnu/h-x86_64-mingw32/bin/../lib/gcc/nios2-elf/5.3.0/../../../../../H-x86_64-mingw32/nios2-elf/lib/mno-hw-mul\libc.a(lib_a-findfp.o)
 .text._cleanup_r
                0x0000000001016208        0xc d:/intelfpga_lite/18.1/nios2eds/bin/gnu/h-x86_64-mingw32/bin/../lib/gcc/nios2-elf/5.3.0/../../../../../H-x86_64-mingw32/nios2-elf/lib/mno-hw-mul\libc.a(lib_a-findfp.o)
                0x0000000001016208                _cleanup_r
 .text.__sinit.part.1
                0x0000000001016214      0x19c d:/intelfpga_lite/18.1/nios2eds/bin/gnu/h-x86_64-mingw32/bin/../lib/gcc/nios2-elf/5.3.0/../../../../../H-x86_64-mingw32/nios2-elf/lib/mno-hw-mul\libc.a(lib_a-findfp.o)
 .text.__fp_lock
                0x00000000010163b0        0x8 d:/intelfpga_lite/18.1/nios2eds/bin/gnu/h-x86_64-mingw32/bin/../lib/gcc/nios2-elf/5.3.0/../../../../../H-x86_64-mingw32/nios2-elf/lib/mno-hw-mul\libc.a(lib_a-findfp.o)
 .text.__sfmoreglue
                0x00000000010163b8       0x78 d:/intelfpga_lite/18.1/nios2eds/bin/gnu/h-x86_64-mingw32/bin/../lib/gcc/nios2-elf/5.3.0/../../../../../H-x86_64-mingw32/nios2-elf/lib/mno-hw-mul\libc.a(lib_a-findfp.o)
                0x00000000010163b8                __sfmoreglue
 .text.__sfp    0x0000000001016430      0x118 d:/intelfpga_lite/18.1/nios2eds/bin/gnu/h-x86_64-mingw32/bin/../lib/gcc/nios2-elf/5.3.0/../../../../../H-x86_64-mingw32/nios2-elf/lib/mno-hw-mul\libc.a(lib_a-findfp.o)
                0x0000000001016430                __sfp
 .text._cleanup
                0x0000000001016548       0x18 d:/intelfpga_lite/18.1/nios2eds/bin/gnu/h-x86_64-mingw32/bin/../lib/gcc/nios2-elf/5.3.0/../../../../../H-x86_64-mingw32/nios2-elf/lib/mno-hw-mul\libc.a(lib_a-findfp.o)
                0x0000000001016548                _cleanup
 .text.__sinit  0x0000000001016560       0x10 d:/intelfpga_lite/18.1/nios2eds/bin/gnu/h-x86_64-mingw32/bin/../lib/gcc/nios2-elf/5.3.0/../../../../../H-x86_64-mingw32/nios2-elf/lib/mno-hw-mul\libc.a(lib_a-findfp.o)
                0x0000000001016560                __sinit
 .text.__sfp_lock_acquire
                0x0000000001016570        0x4 d:/intelfpga_lite/18.1/nios2eds/bin/gnu/h-x86_64-mingw32/bin/../lib/gcc/nios2-elf/5.3.0/../../../../../H-x86_64-mingw32/nios2-elf/lib/mno-hw-mul\libc.a(lib_a-findfp.o)
                0x0000000001016570                __sfp_lock_acquire
 .text.__sfp_lock_release
                0x0000000001016574        0x4 d:/intelfpga_lite/18.1/nios2eds/bin/gnu/h-x86_64-mingw32/bin/../lib/gcc/nios2-elf/5.3.0/../../../../../H-x86_64-mingw32/nios2-elf/lib/mno-hw-mul\libc.a(lib_a-findfp.o)
                0x0000000001016574                __sfp_lock_release
 .text.__sinit_lock_acquire
                0x0000000001016578        0x4 d:/intelfpga_lite/18.1/nios2eds/bin/gnu/h-x86_64-mingw32/bin/../lib/gcc/nios2-elf/5.3.0/../../../../../H-x86_64-mingw32/nios2-elf/lib/mno-hw-mul\libc.a(lib_a-findfp.o)
                0x0000000001016578                __sinit_lock_acquire
 .text.__sinit_lock_release
                0x000000000101657c        0x4 d:/intelfpga_lite/18.1/nios2eds/bin/gnu/h-x86_64-mingw32/bin/../lib/gcc/nios2-elf/5.3.0/../../../../../H-x86_64-mingw32/nios2-elf/lib/mno-hw-mul\libc.a(lib_a-findfp.o)
                0x000000000101657c                __sinit_lock_release
 .text.__fp_lock_all
                0x0000000001016580       0x18 d:/intelfpga_lite/18.1/nios2eds/bin/gnu/h-x86_64-mingw32/bin/../lib/gcc/nios2-elf/5.3.0/../../../../../H-x86_64-mingw32/nios2-elf/lib/mno-hw-mul\libc.a(lib_a-findfp.o)
                0x0000000001016580                __fp_lock_all
 .text.__fp_unlock_all
                0x0000000001016598       0x18 d:/intelfpga_lite/18.1/nios2eds/bin/gnu/h-x86_64-mingw32/bin/../lib/gcc/nios2-elf/5.3.0/../../../../../H-x86_64-mingw32/nios2-elf/lib/mno-hw-mul\libc.a(lib_a-findfp.o)
                0x0000000001016598                __fp_unlock_all
 .text          0x00000000010165b0        0x0 d:/intelfpga_lite/18.1/nios2eds/bin/gnu/h-x86_64-mingw32/bin/../lib/gcc/nios2-elf/5.3.0/../../../../../H-x86_64-mingw32/nios2-elf/lib/mno-hw-mul\libc.a(lib_a-freer.o)
 .text._malloc_trim_r
                0x00000000010165b0      0x124 d:/intelfpga_lite/18.1/nios2eds/bin/gnu/h-x86_64-mingw32/bin/../lib/gcc/nios2-elf/5.3.0/../../../../../H-x86_64-mingw32/nios2-elf/lib/mno-hw-mul\libc.a(lib_a-freer.o)
                0x00000000010165b0                _malloc_trim_r
 .text._free_r  0x00000000010166d4      0x310 d:/intelfpga_lite/18.1/nios2eds/bin/gnu/h-x86_64-mingw32/bin/../lib/gcc/nios2-elf/5.3.0/../../../../../H-x86_64-mingw32/nios2-elf/lib/mno-hw-mul\libc.a(lib_a-freer.o)
                0x00000000010166d4                _free_r
 .text          0x00000000010169e4        0x0 d:/intelfpga_lite/18.1/nios2eds/bin/gnu/h-x86_64-mingw32/bin/../lib/gcc/nios2-elf/5.3.0/../../../../../H-x86_64-mingw32/nios2-elf/lib/mno-hw-mul\libc.a(lib_a-fvwrite.o)
 .text.__sfvwrite_r
                0x00000000010169e4      0x4c8 d:/intelfpga_lite/18.1/nios2eds/bin/gnu/h-x86_64-mingw32/bin/../lib/gcc/nios2-elf/5.3.0/../../../../../H-x86_64-mingw32/nios2-elf/lib/mno-hw-mul\libc.a(lib_a-fvwrite.o)
                0x00000000010169e4                __sfvwrite_r
 .text          0x0000000001016eac        0x0 d:/intelfpga_lite/18.1/nios2eds/bin/gnu/h-x86_64-mingw32/bin/../lib/gcc/nios2-elf/5.3.0/../../../../../H-x86_64-mingw32/nios2-elf/lib/mno-hw-mul\libc.a(lib_a-fwalk.o)
 .text._fwalk   0x0000000001016eac       0xc4 d:/intelfpga_lite/18.1/nios2eds/bin/gnu/h-x86_64-mingw32/bin/../lib/gcc/nios2-elf/5.3.0/../../../../../H-x86_64-mingw32/nios2-elf/lib/mno-hw-mul\libc.a(lib_a-fwalk.o)
                0x0000000001016eac                _fwalk
 .text._fwalk_reent
                0x0000000001016f70       0xc4 d:/intelfpga_lite/18.1/nios2eds/bin/gnu/h-x86_64-mingw32/bin/../lib/gcc/nios2-elf/5.3.0/../../../../../H-x86_64-mingw32/nios2-elf/lib/mno-hw-mul\libc.a(lib_a-fwalk.o)
                0x0000000001016f70                _fwalk_reent
 .text          0x0000000001017034        0x0 d:/intelfpga_lite/18.1/nios2eds/bin/gnu/h-x86_64-mingw32/bin/../lib/gcc/nios2-elf/5.3.0/../../../../../H-x86_64-mingw32/nios2-elf/lib/mno-hw-mul\libc.a(lib_a-int_errno.o)
 .text          0x0000000001017034        0x0 d:/intelfpga_lite/18.1/nios2eds/bin/gnu/h-x86_64-mingw32/bin/../lib/gcc/nios2-elf/5.3.0/../../../../../H-x86_64-mingw32/nios2-elf/lib/mno-hw-mul\libc.a(lib_a-locale.o)
 .text._setlocale_r
                0x0000000001017034       0x7c d:/intelfpga_lite/18.1/nios2eds/bin/gnu/h-x86_64-mingw32/bin/../lib/gcc/nios2-elf/5.3.0/../../../../../H-x86_64-mingw32/nios2-elf/lib/mno-hw-mul\libc.a(lib_a-locale.o)
                0x0000000001017034                _setlocale_r
 .text.__locale_charset
                0x00000000010170b0        0xc d:/intelfpga_lite/18.1/nios2eds/bin/gnu/h-x86_64-mingw32/bin/../lib/gcc/nios2-elf/5.3.0/../../../../../H-x86_64-mingw32/nios2-elf/lib/mno-hw-mul\libc.a(lib_a-locale.o)
                0x00000000010170b0                __locale_charset
 .text.__locale_mb_cur_max
                0x00000000010170bc       0x10 d:/intelfpga_lite/18.1/nios2eds/bin/gnu/h-x86_64-mingw32/bin/../lib/gcc/nios2-elf/5.3.0/../../../../../H-x86_64-mingw32/nios2-elf/lib/mno-hw-mul\libc.a(lib_a-locale.o)
                0x00000000010170bc                __locale_mb_cur_max
 .text.__locale_msgcharset
                0x00000000010170cc        0xc d:/intelfpga_lite/18.1/nios2eds/bin/gnu/h-x86_64-mingw32/bin/../lib/gcc/nios2-elf/5.3.0/../../../../../H-x86_64-mingw32/nios2-elf/lib/mno-hw-mul\libc.a(lib_a-locale.o)
                0x00000000010170cc                __locale_msgcharset
 .text.__locale_cjk_lang
                0x00000000010170d8        0x8 d:/intelfpga_lite/18.1/nios2eds/bin/gnu/h-x86_64-mingw32/bin/../lib/gcc/nios2-elf/5.3.0/../../../../../H-x86_64-mingw32/nios2-elf/lib/mno-hw-mul\libc.a(lib_a-locale.o)
                0x00000000010170d8                __locale_cjk_lang
 .text._localeconv_r
                0x00000000010170e0        0xc d:/intelfpga_lite/18.1/nios2eds/bin/gnu/h-x86_64-mingw32/bin/../lib/gcc/nios2-elf/5.3.0/../../../../../H-x86_64-mingw32/nios2-elf/lib/mno-hw-mul\libc.a(lib_a-locale.o)
                0x00000000010170e0                _localeconv_r
 .text.setlocale
                0x00000000010170ec       0x18 d:/intelfpga_lite/18.1/nios2eds/bin/gnu/h-x86_64-mingw32/bin/../lib/gcc/nios2-elf/5.3.0/../../../../../H-x86_64-mingw32/nios2-elf/lib/mno-hw-mul\libc.a(lib_a-locale.o)
                0x00000000010170ec                setlocale
 .text.localeconv
                0x0000000001017104        0xc d:/intelfpga_lite/18.1/nios2eds/bin/gnu/h-x86_64-mingw32/bin/../lib/gcc/nios2-elf/5.3.0/../../../../../H-x86_64-mingw32/nios2-elf/lib/mno-hw-mul\libc.a(lib_a-locale.o)
                0x0000000001017104                localeconv
 .text          0x0000000001017110        0x0 d:/intelfpga_lite/18.1/nios2eds/bin/gnu/h-x86_64-mingw32/bin/../lib/gcc/nios2-elf/5.3.0/../../../../../H-x86_64-mingw32/nios2-elf/lib/mno-hw-mul\libc.a(lib_a-makebuf.o)
 .text.__smakebuf_r
                0x0000000001017110      0x1bc d:/intelfpga_lite/18.1/nios2eds/bin/gnu/h-x86_64-mingw32/bin/../lib/gcc/nios2-elf/5.3.0/../../../../../H-x86_64-mingw32/nios2-elf/lib/mno-hw-mul\libc.a(lib_a-makebuf.o)
                0x0000000001017110                __smakebuf_r
 .text          0x00000000010172cc        0x0 d:/intelfpga_lite/18.1/nios2eds/bin/gnu/h-x86_64-mingw32/bin/../lib/gcc/nios2-elf/5.3.0/../../../../../H-x86_64-mingw32/nios2-elf/lib/mno-hw-mul\libc.a(lib_a-memchr.o)
 .text.memchr   0x00000000010172cc       0xe4 d:/intelfpga_lite/18.1/nios2eds/bin/gnu/h-x86_64-mingw32/bin/../lib/gcc/nios2-elf/5.3.0/../../../../../H-x86_64-mingw32/nios2-elf/lib/mno-hw-mul\libc.a(lib_a-memchr.o)
                0x00000000010172cc                memchr
 .text          0x00000000010173b0        0x0 d:/intelfpga_lite/18.1/nios2eds/bin/gnu/h-x86_64-mingw32/bin/../lib/gcc/nios2-elf/5.3.0/../../../../../H-x86_64-mingw32/nios2-elf/lib/mno-hw-mul\libc.a(lib_a-memmove.o)
 .text.memmove  0x00000000010173b0      0x15c d:/intelfpga_lite/18.1/nios2eds/bin/gnu/h-x86_64-mingw32/bin/../lib/gcc/nios2-elf/5.3.0/../../../../../H-x86_64-mingw32/nios2-elf/lib/mno-hw-mul\libc.a(lib_a-memmove.o)
                0x00000000010173b0                memmove
 .text          0x000000000101750c        0x0 d:/intelfpga_lite/18.1/nios2eds/bin/gnu/h-x86_64-mingw32/bin/../lib/gcc/nios2-elf/5.3.0/../../../../../H-x86_64-mingw32/nios2-elf/lib/mno-hw-mul\libc.a(lib_a-mprec.o)
 .text._Balloc  0x000000000101750c       0xa8 d:/intelfpga_lite/18.1/nios2eds/bin/gnu/h-x86_64-mingw32/bin/../lib/gcc/nios2-elf/5.3.0/../../../../../H-x86_64-mingw32/nios2-elf/lib/mno-hw-mul\libc.a(lib_a-mprec.o)
                0x000000000101750c                _Balloc
 .text._Bfree   0x00000000010175b4       0x28 d:/intelfpga_lite/18.1/nios2eds/bin/gnu/h-x86_64-mingw32/bin/../lib/gcc/nios2-elf/5.3.0/../../../../../H-x86_64-mingw32/nios2-elf/lib/mno-hw-mul\libc.a(lib_a-mprec.o)
                0x00000000010175b4                _Bfree
 .text.__multadd
                0x00000000010175dc      0x148 d:/intelfpga_lite/18.1/nios2eds/bin/gnu/h-x86_64-mingw32/bin/../lib/gcc/nios2-elf/5.3.0/../../../../../H-x86_64-mingw32/nios2-elf/lib/mno-hw-mul\libc.a(lib_a-mprec.o)
                0x00000000010175dc                __multadd
 .text.__s2b    0x0000000001017724      0x104 d:/intelfpga_lite/18.1/nios2eds/bin/gnu/h-x86_64-mingw32/bin/../lib/gcc/nios2-elf/5.3.0/../../../../../H-x86_64-mingw32/nios2-elf/lib/mno-hw-mul\libc.a(lib_a-mprec.o)
                0x0000000001017724                __s2b
 .text.__hi0bits
                0x0000000001017828       0x68 d:/intelfpga_lite/18.1/nios2eds/bin/gnu/h-x86_64-mingw32/bin/../lib/gcc/nios2-elf/5.3.0/../../../../../H-x86_64-mingw32/nios2-elf/lib/mno-hw-mul\libc.a(lib_a-mprec.o)
                0x0000000001017828                __hi0bits
 .text.__lo0bits
                0x0000000001017890       0xb0 d:/intelfpga_lite/18.1/nios2eds/bin/gnu/h-x86_64-mingw32/bin/../lib/gcc/nios2-elf/5.3.0/../../../../../H-x86_64-mingw32/nios2-elf/lib/mno-hw-mul\libc.a(lib_a-mprec.o)
                0x0000000001017890                __lo0bits
 .text.__i2b    0x0000000001017940       0x3c d:/intelfpga_lite/18.1/nios2eds/bin/gnu/h-x86_64-mingw32/bin/../lib/gcc/nios2-elf/5.3.0/../../../../../H-x86_64-mingw32/nios2-elf/lib/mno-hw-mul\libc.a(lib_a-mprec.o)
                0x0000000001017940                __i2b
 .text.__multiply
                0x000000000101797c      0x28c d:/intelfpga_lite/18.1/nios2eds/bin/gnu/h-x86_64-mingw32/bin/../lib/gcc/nios2-elf/5.3.0/../../../../../H-x86_64-mingw32/nios2-elf/lib/mno-hw-mul\libc.a(lib_a-mprec.o)
                0x000000000101797c                __multiply
 .text.__pow5mult
                0x0000000001017c08      0x140 d:/intelfpga_lite/18.1/nios2eds/bin/gnu/h-x86_64-mingw32/bin/../lib/gcc/nios2-elf/5.3.0/../../../../../H-x86_64-mingw32/nios2-elf/lib/mno-hw-mul\libc.a(lib_a-mprec.o)
                0x0000000001017c08                __pow5mult
 .text.__lshift
                0x0000000001017d48      0x148 d:/intelfpga_lite/18.1/nios2eds/bin/gnu/h-x86_64-mingw32/bin/../lib/gcc/nios2-elf/5.3.0/../../../../../H-x86_64-mingw32/nios2-elf/lib/mno-hw-mul\libc.a(lib_a-mprec.o)
                0x0000000001017d48                __lshift
 .text.__mcmp   0x0000000001017e90       0x60 d:/intelfpga_lite/18.1/nios2eds/bin/gnu/h-x86_64-mingw32/bin/../lib/gcc/nios2-elf/5.3.0/../../../../../H-x86_64-mingw32/nios2-elf/lib/mno-hw-mul\libc.a(lib_a-mprec.o)
                0x0000000001017e90                __mcmp
 .text.__mdiff  0x0000000001017ef0      0x1fc d:/intelfpga_lite/18.1/nios2eds/bin/gnu/h-x86_64-mingw32/bin/../lib/gcc/nios2-elf/5.3.0/../../../../../H-x86_64-mingw32/nios2-elf/lib/mno-hw-mul\libc.a(lib_a-mprec.o)
                0x0000000001017ef0                __mdiff
 .text.__ulp    0x00000000010180ec       0x64 d:/intelfpga_lite/18.1/nios2eds/bin/gnu/h-x86_64-mingw32/bin/../lib/gcc/nios2-elf/5.3.0/../../../../../H-x86_64-mingw32/nios2-elf/lib/mno-hw-mul\libc.a(lib_a-mprec.o)
                0x00000000010180ec                __ulp
 .text.__b2d    0x0000000001018150      0x10c d:/intelfpga_lite/18.1/nios2eds/bin/gnu/h-x86_64-mingw32/bin/../lib/gcc/nios2-elf/5.3.0/../../../../../H-x86_64-mingw32/nios2-elf/lib/mno-hw-mul\libc.a(lib_a-mprec.o)
                0x0000000001018150                __b2d
 .text.__d2b    0x000000000101825c      0x14c d:/intelfpga_lite/18.1/nios2eds/bin/gnu/h-x86_64-mingw32/bin/../lib/gcc/nios2-elf/5.3.0/../../../../../H-x86_64-mingw32/nios2-elf/lib/mno-hw-mul\libc.a(lib_a-mprec.o)
                0x000000000101825c                __d2b
 .text.__ratio  0x00000000010183a8       0xa4 d:/intelfpga_lite/18.1/nios2eds/bin/gnu/h-x86_64-mingw32/bin/../lib/gcc/nios2-elf/5.3.0/../../../../../H-x86_64-mingw32/nios2-elf/lib/mno-hw-mul\libc.a(lib_a-mprec.o)
                0x00000000010183a8                __ratio
 .text._mprec_log10
                0x000000000101844c       0x74 d:/intelfpga_lite/18.1/nios2eds/bin/gnu/h-x86_64-mingw32/bin/../lib/gcc/nios2-elf/5.3.0/../../../../../H-x86_64-mingw32/nios2-elf/lib/mno-hw-mul\libc.a(lib_a-mprec.o)
                0x000000000101844c                _mprec_log10
 .text.__copybits
                0x00000000010184c0       0x78 d:/intelfpga_lite/18.1/nios2eds/bin/gnu/h-x86_64-mingw32/bin/../lib/gcc/nios2-elf/5.3.0/../../../../../H-x86_64-mingw32/nios2-elf/lib/mno-hw-mul\libc.a(lib_a-mprec.o)
                0x00000000010184c0                __copybits
 .text.__any_on
                0x0000000001018538       0x8c d:/intelfpga_lite/18.1/nios2eds/bin/gnu/h-x86_64-mingw32/bin/../lib/gcc/nios2-elf/5.3.0/../../../../../H-x86_64-mingw32/nios2-elf/lib/mno-hw-mul\libc.a(lib_a-mprec.o)
                0x0000000001018538                __any_on
 .text          0x00000000010185c4        0x0 d:/intelfpga_lite/18.1/nios2eds/bin/gnu/h-x86_64-mingw32/bin/../lib/gcc/nios2-elf/5.3.0/../../../../../H-x86_64-mingw32/nios2-elf/lib/mno-hw-mul\libc.a(lib_a-reallocr.o)
 .text._realloc_r
                0x00000000010185c4      0x564 d:/intelfpga_lite/18.1/nios2eds/bin/gnu/h-x86_64-mingw32/bin/../lib/gcc/nios2-elf/5.3.0/../../../../../H-x86_64-mingw32/nios2-elf/lib/mno-hw-mul\libc.a(lib_a-reallocr.o)
                0x00000000010185c4                _realloc_r
 .text          0x0000000001018b28        0x0 d:/intelfpga_lite/18.1/nios2eds/bin/gnu/h-x86_64-mingw32/bin/../lib/gcc/nios2-elf/5.3.0/../../../../../H-x86_64-mingw32/nios2-elf/lib/mno-hw-mul\libc.a(lib_a-s_fpclassify.o)
 .text.__fpclassifyd
                0x0000000001018b28       0x74 d:/intelfpga_lite/18.1/nios2eds/bin/gnu/h-x86_64-mingw32/bin/../lib/gcc/nios2-elf/5.3.0/../../../../../H-x86_64-mingw32/nios2-elf/lib/mno-hw-mul\libc.a(lib_a-s_fpclassify.o)
                0x0000000001018b28                __fpclassifyd
 .text          0x0000000001018b9c        0x0 d:/intelfpga_lite/18.1/nios2eds/bin/gnu/h-x86_64-mingw32/bin/../lib/gcc/nios2-elf/5.3.0/../../../../../H-x86_64-mingw32/nios2-elf/lib/mno-hw-mul\libc.a(lib_a-stdio.o)
 .text.__sread  0x0000000001018b9c       0x54 d:/intelfpga_lite/18.1/nios2eds/bin/gnu/h-x86_64-mingw32/bin/../lib/gcc/nios2-elf/5.3.0/../../../../../H-x86_64-mingw32/nios2-elf/lib/mno-hw-mul\libc.a(lib_a-stdio.o)
                0x0000000001018b9c                __sread
 .text.__seofread
                0x0000000001018bf0        0x8 d:/intelfpga_lite/18.1/nios2eds/bin/gnu/h-x86_64-mingw32/bin/../lib/gcc/nios2-elf/5.3.0/../../../../../H-x86_64-mingw32/nios2-elf/lib/mno-hw-mul\libc.a(lib_a-stdio.o)
                0x0000000001018bf0                __seofread
 .text.__swrite
                0x0000000001018bf8       0x7c d:/intelfpga_lite/18.1/nios2eds/bin/gnu/h-x86_64-mingw32/bin/../lib/gcc/nios2-elf/5.3.0/../../../../../H-x86_64-mingw32/nios2-elf/lib/mno-hw-mul\libc.a(lib_a-stdio.o)
                0x0000000001018bf8                __swrite
 .text.__sseek  0x0000000001018c74       0x5c d:/intelfpga_lite/18.1/nios2eds/bin/gnu/h-x86_64-mingw32/bin/../lib/gcc/nios2-elf/5.3.0/../../../../../H-x86_64-mingw32/nios2-elf/lib/mno-hw-mul\libc.a(lib_a-stdio.o)
                0x0000000001018c74                __sseek
 .text.__sclose
                0x0000000001018cd0        0x8 d:/intelfpga_lite/18.1/nios2eds/bin/gnu/h-x86_64-mingw32/bin/../lib/gcc/nios2-elf/5.3.0/../../../../../H-x86_64-mingw32/nios2-elf/lib/mno-hw-mul\libc.a(lib_a-stdio.o)
                0x0000000001018cd0                __sclose
 .text          0x0000000001018cd8        0x0 d:/intelfpga_lite/18.1/nios2eds/bin/gnu/h-x86_64-mingw32/bin/../lib/gcc/nios2-elf/5.3.0/../../../../../H-x86_64-mingw32/nios2-elf/lib/mno-hw-mul\libc.a(lib_a-strcmp.o)
 .text.strcmp   0x0000000001018cd8       0xdc d:/intelfpga_lite/18.1/nios2eds/bin/gnu/h-x86_64-mingw32/bin/../lib/gcc/nios2-elf/5.3.0/../../../../../H-x86_64-mingw32/nios2-elf/lib/mno-hw-mul\libc.a(lib_a-strcmp.o)
                0x0000000001018cd8                strcmp
 .text          0x0000000001018db4        0x0 d:/intelfpga_lite/18.1/nios2eds/bin/gnu/h-x86_64-mingw32/bin/../lib/gcc/nios2-elf/5.3.0/../../../../../H-x86_64-mingw32/nios2-elf/lib/mno-hw-mul\libc.a(lib_a-svfiprintf.o)
 .text.__ssprint_r
                0x0000000001018db4      0x1d0 d:/intelfpga_lite/18.1/nios2eds/bin/gnu/h-x86_64-mingw32/bin/../lib/gcc/nios2-elf/5.3.0/../../../../../H-x86_64-mingw32/nios2-elf/lib/mno-hw-mul\libc.a(lib_a-svfiprintf.o)
                0x0000000001018db4                __ssprint_r
 .text.___svfiprintf_internal_r
                0x0000000001018f84     0x13a0 d:/intelfpga_lite/18.1/nios2eds/bin/gnu/h-x86_64-mingw32/bin/../lib/gcc/nios2-elf/5.3.0/../../../../../H-x86_64-mingw32/nios2-elf/lib/mno-hw-mul\libc.a(lib_a-svfiprintf.o)
                0x0000000001018f84                ___svfiprintf_internal_r
 .text          0x000000000101a324        0x0 d:/intelfpga_lite/18.1/nios2eds/bin/gnu/h-x86_64-mingw32/bin/../lib/gcc/nios2-elf/5.3.0/../../../../../H-x86_64-mingw32/nios2-elf/lib/mno-hw-mul\libc.a(lib_a-vfiprintf.o)
 .text.__sprint_r.part.0
                0x000000000101a324       0xfc d:/intelfpga_lite/18.1/nios2eds/bin/gnu/h-x86_64-mingw32/bin/../lib/gcc/nios2-elf/5.3.0/../../../../../H-x86_64-mingw32/nios2-elf/lib/mno-hw-mul\libc.a(lib_a-vfiprintf.o)
 .text.__sprint_r
                0x000000000101a420       0x18 d:/intelfpga_lite/18.1/nios2eds/bin/gnu/h-x86_64-mingw32/bin/../lib/gcc/nios2-elf/5.3.0/../../../../../H-x86_64-mingw32/nios2-elf/lib/mno-hw-mul\libc.a(lib_a-vfiprintf.o)
                0x000000000101a420                __sprint_r
 .text.___vfiprintf_internal_r
                0x000000000101a438     0x150c d:/intelfpga_lite/18.1/nios2eds/bin/gnu/h-x86_64-mingw32/bin/../lib/gcc/nios2-elf/5.3.0/../../../../../H-x86_64-mingw32/nios2-elf/lib/mno-hw-mul\libc.a(lib_a-vfiprintf.o)
                0x000000000101a438                ___vfiprintf_internal_r
 .text.__vfiprintf_internal
                0x000000000101b944       0x1c d:/intelfpga_lite/18.1/nios2eds/bin/gnu/h-x86_64-mingw32/bin/../lib/gcc/nios2-elf/5.3.0/../../../../../H-x86_64-mingw32/nios2-elf/lib/mno-hw-mul\libc.a(lib_a-vfiprintf.o)
                0x000000000101b944                __vfiprintf_internal
 .text.__sbprintf
                0x000000000101b960       0xbc d:/intelfpga_lite/18.1/nios2eds/bin/gnu/h-x86_64-mingw32/bin/../lib/gcc/nios2-elf/5.3.0/../../../../../H-x86_64-mingw32/nios2-elf/lib/mno-hw-mul\libc.a(lib_a-vfiprintf.o)
 .text          0x000000000101ba1c        0x0 d:/intelfpga_lite/18.1/nios2eds/bin/gnu/h-x86_64-mingw32/bin/../lib/gcc/nios2-elf/5.3.0/../../../../../H-x86_64-mingw32/nios2-elf/lib/mno-hw-mul\libc.a(lib_a-writer.o)
 .text._write_r
                0x000000000101ba1c       0x60 d:/intelfpga_lite/18.1/nios2eds/bin/gnu/h-x86_64-mingw32/bin/../lib/gcc/nios2-elf/5.3.0/../../../../../H-x86_64-mingw32/nios2-elf/lib/mno-hw-mul\libc.a(lib_a-writer.o)
                0x000000000101ba1c                _write_r
 .text          0x000000000101ba7c        0x0 d:/intelfpga_lite/18.1/nios2eds/bin/gnu/h-x86_64-mingw32/bin/../lib/gcc/nios2-elf/5.3.0/../../../../../H-x86_64-mingw32/nios2-elf/lib/mno-hw-mul\libc.a(closer.o)
 .text._close_r
                0x000000000101ba7c       0x54 d:/intelfpga_lite/18.1/nios2eds/bin/gnu/h-x86_64-mingw32/bin/../lib/gcc/nios2-elf/5.3.0/../../../../../H-x86_64-mingw32/nios2-elf/lib/mno-hw-mul\libc.a(closer.o)
                0x000000000101ba7c                _close_r
 .text          0x000000000101bad0        0x0 d:/intelfpga_lite/18.1/nios2eds/bin/gnu/h-x86_64-mingw32/bin/../lib/gcc/nios2-elf/5.3.0/../../../../../H-x86_64-mingw32/nios2-elf/lib/mno-hw-mul\libc.a(lib_a-callocr.o)
 .text._calloc_r
                0x000000000101bad0       0xdc d:/intelfpga_lite/18.1/nios2eds/bin/gnu/h-x86_64-mingw32/bin/../lib/gcc/nios2-elf/5.3.0/../../../../../H-x86_64-mingw32/nios2-elf/lib/mno-hw-mul\libc.a(lib_a-callocr.o)
                0x000000000101bad0                _calloc_r
 .text          0x000000000101bbac        0x0 d:/intelfpga_lite/18.1/nios2eds/bin/gnu/h-x86_64-mingw32/bin/../lib/gcc/nios2-elf/5.3.0/../../../../../H-x86_64-mingw32/nios2-elf/lib/mno-hw-mul\libc.a(lib_a-fclose.o)
 .text._fclose_r
                0x000000000101bbac       0xf0 d:/intelfpga_lite/18.1/nios2eds/bin/gnu/h-x86_64-mingw32/bin/../lib/gcc/nios2-elf/5.3.0/../../../../../H-x86_64-mingw32/nios2-elf/lib/mno-hw-mul\libc.a(lib_a-fclose.o)
                0x000000000101bbac                _fclose_r
 .text.fclose   0x000000000101bc9c       0x14 d:/intelfpga_lite/18.1/nios2eds/bin/gnu/h-x86_64-mingw32/bin/../lib/gcc/nios2-elf/5.3.0/../../../../../H-x86_64-mingw32/nios2-elf/lib/mno-hw-mul\libc.a(lib_a-fclose.o)
                0x000000000101bc9c                fclose
 .text          0x000000000101bcb0        0x0 d:/intelfpga_lite/18.1/nios2eds/bin/gnu/h-x86_64-mingw32/bin/../lib/gcc/nios2-elf/5.3.0/../../../../../H-x86_64-mingw32/nios2-elf/lib/mno-hw-mul\libc.a(lib_a-fputwc.o)
 .text.__fputwc
                0x000000000101bcb0      0x164 d:/intelfpga_lite/18.1/nios2eds/bin/gnu/h-x86_64-mingw32/bin/../lib/gcc/nios2-elf/5.3.0/../../../../../H-x86_64-mingw32/nios2-elf/lib/mno-hw-mul\libc.a(lib_a-fputwc.o)
                0x000000000101bcb0                __fputwc
 .text._fputwc_r
                0x000000000101be14       0x24 d:/intelfpga_lite/18.1/nios2eds/bin/gnu/h-x86_64-mingw32/bin/../lib/gcc/nios2-elf/5.3.0/../../../../../H-x86_64-mingw32/nios2-elf/lib/mno-hw-mul\libc.a(lib_a-fputwc.o)
                0x000000000101be14                _fputwc_r
 .text.fputwc   0x000000000101be38       0x80 d:/intelfpga_lite/18.1/nios2eds/bin/gnu/h-x86_64-mingw32/bin/../lib/gcc/nios2-elf/5.3.0/../../../../../H-x86_64-mingw32/nios2-elf/lib/mno-hw-mul\libc.a(lib_a-fputwc.o)
                0x000000000101be38                fputwc
 .text          0x000000000101beb8        0x0 d:/intelfpga_lite/18.1/nios2eds/bin/gnu/h-x86_64-mingw32/bin/../lib/gcc/nios2-elf/5.3.0/../../../../../H-x86_64-mingw32/nios2-elf/lib/mno-hw-mul\libc.a(lib_a-fstatr.o)
 .text._fstat_r
                0x000000000101beb8       0x5c d:/intelfpga_lite/18.1/nios2eds/bin/gnu/h-x86_64-mingw32/bin/../lib/gcc/nios2-elf/5.3.0/../../../../../H-x86_64-mingw32/nios2-elf/lib/mno-hw-mul\libc.a(lib_a-fstatr.o)
                0x000000000101beb8                _fstat_r
 .text          0x000000000101bf14        0x0 d:/intelfpga_lite/18.1/nios2eds/bin/gnu/h-x86_64-mingw32/bin/../lib/gcc/nios2-elf/5.3.0/../../../../../H-x86_64-mingw32/nios2-elf/lib/mno-hw-mul\libc.a(lib_a-isattyr.o)
 .text._isatty_r
                0x000000000101bf14       0x54 d:/intelfpga_lite/18.1/nios2eds/bin/gnu/h-x86_64-mingw32/bin/../lib/gcc/nios2-elf/5.3.0/../../../../../H-x86_64-mingw32/nios2-elf/lib/mno-hw-mul\libc.a(lib_a-isattyr.o)
                0x000000000101bf14                _isatty_r
 .text          0x000000000101bf68        0x0 d:/intelfpga_lite/18.1/nios2eds/bin/gnu/h-x86_64-mingw32/bin/../lib/gcc/nios2-elf/5.3.0/../../../../../H-x86_64-mingw32/nios2-elf/lib/mno-hw-mul\libc.a(lib_a-lseekr.o)
 .text._lseek_r
                0x000000000101bf68       0x60 d:/intelfpga_lite/18.1/nios2eds/bin/gnu/h-x86_64-mingw32/bin/../lib/gcc/nios2-elf/5.3.0/../../../../../H-x86_64-mingw32/nios2-elf/lib/mno-hw-mul\libc.a(lib_a-lseekr.o)
                0x000000000101bf68                _lseek_r
 .text          0x000000000101bfc8        0x0 d:/intelfpga_lite/18.1/nios2eds/bin/gnu/h-x86_64-mingw32/bin/../lib/gcc/nios2-elf/5.3.0/../../../../../H-x86_64-mingw32/nios2-elf/lib/mno-hw-mul\libc.a(lib_a-readr.o)
 .text._read_r  0x000000000101bfc8       0x60 d:/intelfpga_lite/18.1/nios2eds/bin/gnu/h-x86_64-mingw32/bin/../lib/gcc/nios2-elf/5.3.0/../../../../../H-x86_64-mingw32/nios2-elf/lib/mno-hw-mul\libc.a(lib_a-readr.o)
                0x000000000101bfc8                _read_r
 .text          0x000000000101c028        0x0 d:/intelfpga_lite/18.1/nios2eds/bin/gnu/h-x86_64-mingw32/bin/../lib/gcc/nios2-elf/5.3.0/../../../../../H-x86_64-mingw32/nios2-elf/lib/mno-hw-mul\libc.a(lib_a-wbuf.o)
 .text.__swbuf_r
                0x000000000101c028      0x140 d:/intelfpga_lite/18.1/nios2eds/bin/gnu/h-x86_64-mingw32/bin/../lib/gcc/nios2-elf/5.3.0/../../../../../H-x86_64-mingw32/nios2-elf/lib/mno-hw-mul\libc.a(lib_a-wbuf.o)
                0x000000000101c028                __swbuf_r
 .text.__swbuf  0x000000000101c168       0x18 d:/intelfpga_lite/18.1/nios2eds/bin/gnu/h-x86_64-mingw32/bin/../lib/gcc/nios2-elf/5.3.0/../../../../../H-x86_64-mingw32/nios2-elf/lib/mno-hw-mul\libc.a(lib_a-wbuf.o)
                0x000000000101c168                __swbuf
 .text          0x000000000101c180        0x0 d:/intelfpga_lite/18.1/nios2eds/bin/gnu/h-x86_64-mingw32/bin/../lib/gcc/nios2-elf/5.3.0/../../../../../H-x86_64-mingw32/nios2-elf/lib/mno-hw-mul\libc.a(lib_a-wcrtomb.o)
 .text._wcrtomb_r
                0x000000000101c180       0x9c d:/intelfpga_lite/18.1/nios2eds/bin/gnu/h-x86_64-mingw32/bin/../lib/gcc/nios2-elf/5.3.0/../../../../../H-x86_64-mingw32/nios2-elf/lib/mno-hw-mul\libc.a(lib_a-wcrtomb.o)
                0x000000000101c180                _wcrtomb_r
 .text.wcrtomb  0x000000000101c21c       0xc0 d:/intelfpga_lite/18.1/nios2eds/bin/gnu/h-x86_64-mingw32/bin/../lib/gcc/nios2-elf/5.3.0/../../../../../H-x86_64-mingw32/nios2-elf/lib/mno-hw-mul\libc.a(lib_a-wcrtomb.o)
                0x000000000101c21c                wcrtomb
 .text          0x000000000101c2dc        0x0 d:/intelfpga_lite/18.1/nios2eds/bin/gnu/h-x86_64-mingw32/bin/../lib/gcc/nios2-elf/5.3.0/../../../../../H-x86_64-mingw32/nios2-elf/lib/mno-hw-mul\libc.a(lib_a-wctomb_r.o)
 .text.__ascii_wctomb
                0x000000000101c2dc       0x30 d:/intelfpga_lite/18.1/nios2eds/bin/gnu/h-x86_64-mingw32/bin/../lib/gcc/nios2-elf/5.3.0/../../../../../H-x86_64-mingw32/nios2-elf/lib/mno-hw-mul\libc.a(lib_a-wctomb_r.o)
                0x000000000101c2dc                __ascii_wctomb
 .text._wctomb_r
                0x000000000101c30c       0x5c d:/intelfpga_lite/18.1/nios2eds/bin/gnu/h-x86_64-mingw32/bin/../lib/gcc/nios2-elf/5.3.0/../../../../../H-x86_64-mingw32/nios2-elf/lib/mno-hw-mul\libc.a(lib_a-wctomb_r.o)
                0x000000000101c30c                _wctomb_r
 .text          0x000000000101c368      0x5fc d:/intelfpga_lite/18.1/nios2eds/bin/gnu/h-x86_64-mingw32/bin/../lib/gcc/nios2-elf/5.3.0/mno-hw-mul\libgcc.a(_udivdi3.o)
                0x000000000101c368                __udivdi3
 .text          0x000000000101c964      0x5c4 d:/intelfpga_lite/18.1/nios2eds/bin/gnu/h-x86_64-mingw32/bin/../lib/gcc/nios2-elf/5.3.0/mno-hw-mul\libgcc.a(_umoddi3.o)
                0x000000000101c964                __umoddi3
 .text          0x000000000101cf28       0x88 d:/intelfpga_lite/18.1/nios2eds/bin/gnu/h-x86_64-mingw32/bin/../lib/gcc/nios2-elf/5.3.0/mno-hw-mul\libgcc.a(eqdf2.o)
                0x000000000101cf28                __nedf2
                0x000000000101cf28                __eqdf2
 .text          0x000000000101cfb0       0xdc d:/intelfpga_lite/18.1/nios2eds/bin/gnu/h-x86_64-mingw32/bin/../lib/gcc/nios2-elf/5.3.0/mno-hw-mul\libgcc.a(gedf2.o)
                0x000000000101cfb0                __gedf2
                0x000000000101cfb0                __gtdf2
 .text          0x000000000101d08c       0xf4 d:/intelfpga_lite/18.1/nios2eds/bin/gnu/h-x86_64-mingw32/bin/../lib/gcc/nios2-elf/5.3.0/mno-hw-mul\libgcc.a(ledf2.o)
                0x000000000101d08c                __ledf2
                0x000000000101d08c                __ltdf2
 .text          0x000000000101d180       0x80 d:/intelfpga_lite/18.1/nios2eds/bin/gnu/h-x86_64-mingw32/bin/../lib/gcc/nios2-elf/5.3.0/mno-hw-mul\libgcc.a(fixdfsi.o)
                0x000000000101d180                __fixdfsi
 .text          0x000000000101d200       0xdc d:/intelfpga_lite/18.1/nios2eds/bin/gnu/h-x86_64-mingw32/bin/../lib/gcc/nios2-elf/5.3.0/mno-hw-mul\libgcc.a(floatsidf.o)
                0x000000000101d200                __floatsidf
 .text          0x000000000101d2dc       0xa8 d:/intelfpga_lite/18.1/nios2eds/bin/gnu/h-x86_64-mingw32/bin/../lib/gcc/nios2-elf/5.3.0/mno-hw-mul\libgcc.a(floatunsidf.o)
                0x000000000101d2dc                __floatunsidf
 .text          0x000000000101d384      0x114 ../LGSM_CPU_V2_0_bsp/\libhal_bsp.a(alt_close.o)
                0x000000000101d3c0                close
 .text          0x000000000101d498       0x2c ../LGSM_CPU_V2_0_bsp/\libhal_bsp.a(alt_dev.o)
 .text          0x000000000101d4c4        0x0 ../LGSM_CPU_V2_0_bsp/\libhal_bsp.a(alt_errno.o)
 .text          0x000000000101d4c4       0x34 ../LGSM_CPU_V2_0_bsp/\libhal_bsp.a(alt_exit.o)
                0x000000000101d4c4                _exit
 .text          0x000000000101d4f8       0xf4 ../LGSM_CPU_V2_0_bsp/\libhal_bsp.a(alt_fstat.o)
                0x000000000101d534                fstat
 .text          0x000000000101d5ec      0x1b0 ../LGSM_CPU_V2_0_bsp/\libhal_bsp.a(alt_iic.o)
                0x000000000101d5ec                alt_ic_isr_register
                0x000000000101d63c                alt_ic_irq_enable
                0x000000000101d6c4                alt_ic_irq_disable
                0x000000000101d750                alt_ic_irq_enabled
 .text          0x000000000101d79c       0xf0 ../LGSM_CPU_V2_0_bsp/\libhal_bsp.a(alt_iic_isr_register.o)
                0x000000000101d79c                alt_iic_isr_register
 .text          0x000000000101d88c        0x0 ../LGSM_CPU_V2_0_bsp/\libhal_bsp.a(alt_irq_entry.o)
 .text          0x000000000101d88c        0x0 ../LGSM_CPU_V2_0_bsp/\libhal_bsp.a(alt_irq_handler.o)
 .text          0x000000000101d88c        0x0 ../LGSM_CPU_V2_0_bsp/\libhal_bsp.a(alt_irq_vars.o)
 .text          0x000000000101d88c       0xe8 ../LGSM_CPU_V2_0_bsp/\libhal_bsp.a(alt_isatty.o)
                0x000000000101d8c8                isatty
 .text          0x000000000101d974      0x118 ../LGSM_CPU_V2_0_bsp/\libhal_bsp.a(alt_lseek.o)
                0x000000000101d9b0                lseek
 .text          0x000000000101da8c       0x7c ../LGSM_CPU_V2_0_bsp/\libhal_bsp.a(alt_main.o)
                0x000000000101da8c                alt_main
 .text          0x000000000101db08       0x48 ../LGSM_CPU_V2_0_bsp/\libhal_bsp.a(alt_malloc_lock.o)
                0x000000000101db08                __malloc_lock
                0x000000000101db2c                __malloc_unlock
 .text          0x000000000101db50      0x140 ../LGSM_CPU_V2_0_bsp/\libhal_bsp.a(alt_read.o)
                0x000000000101db8c                read
 .text          0x000000000101dc90       0x84 ../LGSM_CPU_V2_0_bsp/\libhal_bsp.a(alt_release_fd.o)
                0x000000000101dc90                alt_release_fd
 .text          0x000000000101dd14       0xb0 ../LGSM_CPU_V2_0_bsp/\libhal_bsp.a(alt_sbrk.o)
                0x000000000101dd14                sbrk
 .text          0x000000000101ddc4       0x30 ../LGSM_CPU_V2_0_bsp/\libhal_bsp.a(alt_usleep.o)
                0x000000000101ddc4                usleep
 .text          0x000000000101ddf4      0x13c ../LGSM_CPU_V2_0_bsp/\libhal_bsp.a(alt_write.o)
                0x000000000101de30                write
 .text          0x000000000101df30      0x108 ../LGSM_CPU_V2_0_bsp/\libhal_bsp.a(alt_sys_init.o)
                0x000000000101df64                alt_irq_init
                0x000000000101df9c                alt_sys_init
 .text          0x000000000101e038      0xafc ../LGSM_CPU_V2_0_bsp/\libhal_bsp.a(altera_avalon_epcs_flash_controller.o)
                0x000000000101e06c                alt_epcs_flash_init
                0x000000000101e5a4                alt_epcs_flash_write
                0x000000000101e804                alt_epcs_flash_get_info
                0x000000000101e924                alt_epcs_flash_erase_block
                0x000000000101e99c                alt_epcs_flash_write_block
                0x000000000101ea9c                alt_epcs_flash_read
 .text          0x000000000101eb34      0x164 ../LGSM_CPU_V2_0_bsp/\libhal_bsp.a(altera_avalon_jtag_uart_fd.o)
                0x000000000101eb34                altera_avalon_jtag_uart_read_fd
                0x000000000101eb94                altera_avalon_jtag_uart_write_fd
                0x000000000101ebf4                altera_avalon_jtag_uart_close_fd
                0x000000000101ec44                altera_avalon_jtag_uart_ioctl_fd
 .text          0x000000000101ec98      0x3d4 ../LGSM_CPU_V2_0_bsp/\libhal_bsp.a(altera_avalon_jtag_uart_init.o)
                0x000000000101ec98                altera_avalon_jtag_uart_init
                0x000000000101f004                altera_avalon_jtag_uart_close
 .text          0x000000000101f06c       0xf0 ../LGSM_CPU_V2_0_bsp/\libhal_bsp.a(altera_avalon_jtag_uart_ioctl.o)
                0x000000000101f06c                altera_avalon_jtag_uart_ioctl
 .text          0x000000000101f15c      0x21c ../LGSM_CPU_V2_0_bsp/\libhal_bsp.a(altera_avalon_jtag_uart_read.o)
                0x000000000101f15c                altera_avalon_jtag_uart_read
 .text          0x000000000101f378      0x224 ../LGSM_CPU_V2_0_bsp/\libhal_bsp.a(altera_avalon_jtag_uart_write.o)
                0x000000000101f378                altera_avalon_jtag_uart_write
 .text          0x000000000101f59c      0x110 ../LGSM_CPU_V2_0_bsp/\libhal_bsp.a(altera_avalon_uart_fd.o)
                0x000000000101f59c                altera_avalon_uart_read_fd
                0x000000000101f5fc                altera_avalon_uart_write_fd
                0x000000000101f65c                altera_avalon_uart_close_fd
 .text          0x000000000101f6ac      0x3c8 ../LGSM_CPU_V2_0_bsp/\libhal_bsp.a(altera_avalon_uart_init.o)
                0x000000000101f6ac                altera_avalon_uart_init
                0x000000000101fa20                altera_avalon_uart_close
 .text          0x000000000101fa74      0x218 ../LGSM_CPU_V2_0_bsp/\libhal_bsp.a(altera_avalon_uart_read.o)
                0x000000000101fab0                altera_avalon_uart_read
 .text          0x000000000101fc8c      0x1e8 ../LGSM_CPU_V2_0_bsp/\libhal_bsp.a(altera_avalon_uart_write.o)
                0x000000000101fcc8                altera_avalon_uart_write
 .text          0x000000000101fe74      0x63c ../LGSM_CPU_V2_0_bsp/\libhal_bsp.a(epcs_commands.o)
                0x000000000101fe74                epcs_read_status_register
                0x000000000101ff44                epcs_sector_erase
                0x0000000001020040                epcs_read_buffer
                0x0000000001020134                epcs_write_enable
                0x0000000001020188                epcs_write_status_register
                0x00000000010201f4                epcs_write_buffer
                0x0000000001020310                epcs_read_electronic_signature
                0x0000000001020378                epcs_read_device_id
                0x00000000010203f8                epcs_enter_4_bytes_mode
                0x0000000001020454                epcs_exit_4_bytes_mode
 .text          0x00000000010204b0      0x12c ../LGSM_CPU_V2_0_bsp/\libhal_bsp.a(alt_alarm_start.o)
                0x00000000010204b0                alt_alarm_start
 .text          0x00000000010205dc      0x158 ../LGSM_CPU_V2_0_bsp/\libhal_bsp.a(alt_busy_sleep.o)
                0x00000000010205dc                alt_busy_sleep
 .text          0x0000000001020734       0xe0 ../LGSM_CPU_V2_0_bsp/\libhal_bsp.a(alt_dev_llist_insert.o)
                0x0000000001020770                alt_dev_llist_insert
 .text          0x0000000001020814       0x60 ../LGSM_CPU_V2_0_bsp/\libhal_bsp.a(alt_do_ctors.o)
                0x0000000001020814                _do_ctors
 .text          0x0000000001020874       0x60 ../LGSM_CPU_V2_0_bsp/\libhal_bsp.a(alt_do_dtors.o)
                0x0000000001020874                _do_dtors
 .text          0x00000000010208d4        0x0 ../LGSM_CPU_V2_0_bsp/\libhal_bsp.a(alt_exception_entry.o)
 .text          0x00000000010208d4       0xbc ../LGSM_CPU_V2_0_bsp/\libhal_bsp.a(alt_flash_dev.o)
                0x00000000010208d4                alt_flash_open_dev
                0x000000000102093c                alt_flash_close_dev
 .text          0x0000000001020990       0x9c ../LGSM_CPU_V2_0_bsp/\libhal_bsp.a(alt_instruction_exception_entry.o)
                0x0000000001020990                alt_exception_cause_generated_bad_addr
 .text          0x0000000001020a2c      0x160 ../LGSM_CPU_V2_0_bsp/\libhal_bsp.a(alt_io_redirect.o)
                0x0000000001020b10                alt_io_redirect
 .text          0x0000000001020b8c      0x284 ../LGSM_CPU_V2_0_bsp/\libhal_bsp.a(alt_open.o)
                0x0000000001020cb4                open
 .text          0x0000000001020e10      0x1a4 ../LGSM_CPU_V2_0_bsp/\libhal_bsp.a(alt_tick.o)
                0x0000000001020e10                alt_alarm_stop
                0x0000000001020eac                alt_tick
 .text          0x0000000001020fb4       0x24 ../LGSM_CPU_V2_0_bsp/\libhal_bsp.a(altera_nios2_gen2_irq.o)
                0x0000000001020fb4                altera_nios2_gen2_irq_init
 .text          0x0000000001020fd8      0x1fc ../LGSM_CPU_V2_0_bsp/\libhal_bsp.a(altera_avalon_spi.o)
                0x0000000001020fd8                alt_avalon_spi_command
 .text          0x00000000010211d4       0x90 ../LGSM_CPU_V2_0_bsp/\libhal_bsp.a(alt_find_dev.o)
                0x00000000010211d4                alt_find_dev
 .text          0x0000000001021264      0x108 ../LGSM_CPU_V2_0_bsp/\libhal_bsp.a(alt_find_file.o)
                0x0000000001021264                alt_find_file
 .text          0x000000000102136c       0xc4 ../LGSM_CPU_V2_0_bsp/\libhal_bsp.a(alt_get_fd.o)
                0x000000000102136c                alt_get_fd
 .text          0x0000000001021430        0x0 d:/intelfpga_lite/18.1/nios2eds/bin/gnu/h-x86_64-mingw32/bin/../lib/gcc/nios2-elf/5.3.0/../../../../../H-x86_64-mingw32/nios2-elf/lib/mno-hw-mul\libc.a(lib_a-atexit.o)
 .text.atexit   0x0000000001021430       0x14 d:/intelfpga_lite/18.1/nios2eds/bin/gnu/h-x86_64-mingw32/bin/../lib/gcc/nios2-elf/5.3.0/../../../../../H-x86_64-mingw32/nios2-elf/lib/mno-hw-mul\libc.a(lib_a-atexit.o)
                0x0000000001021430                atexit
 .text          0x0000000001021444        0x0 d:/intelfpga_lite/18.1/nios2eds/bin/gnu/h-x86_64-mingw32/bin/../lib/gcc/nios2-elf/5.3.0/../../../../../H-x86_64-mingw32/nios2-elf/lib/mno-hw-mul\libc.a(lib_a-memcmp.o)
 .text.memcmp   0x0000000001021444       0x7c d:/intelfpga_lite/18.1/nios2eds/bin/gnu/h-x86_64-mingw32/bin/../lib/gcc/nios2-elf/5.3.0/../../../../../H-x86_64-mingw32/nios2-elf/lib/mno-hw-mul\libc.a(lib_a-memcmp.o)
                0x0000000001021444                memcmp
 .text          0x00000000010214c0        0x0 d:/intelfpga_lite/18.1/nios2eds/bin/gnu/h-x86_64-mingw32/bin/../lib/gcc/nios2-elf/5.3.0/../../../../../H-x86_64-mingw32/nios2-elf/lib/mno-hw-mul\libc.a(lib_a-__atexit.o)
 .text.__register_exitproc
                0x00000000010214c0      0x118 d:/intelfpga_lite/18.1/nios2eds/bin/gnu/h-x86_64-mingw32/bin/../lib/gcc/nios2-elf/5.3.0/../../../../../H-x86_64-mingw32/nios2-elf/lib/mno-hw-mul\libc.a(lib_a-__atexit.o)
                0x00000000010214c0                __register_exitproc
 *(.gnu.warning.*)
 *(.fini)
                [!provide]                        PROVIDE (__etext, ABSOLUTE (.))
                [!provide]                        PROVIDE (_etext, ABSOLUTE (.))
                [!provide]                        PROVIDE (etext, ABSOLUTE (.))
 *(.eh_frame_hdr)
                0x00000000010215d8                . = ALIGN (0x4)
                [!provide]                        PROVIDE (__preinit_array_start, ABSOLUTE (.))
 *(.preinit_array)
                [!provide]                        PROVIDE (__preinit_array_end, ABSOLUTE (.))
                [!provide]                        PROVIDE (__init_array_start, ABSOLUTE (.))
 *(.init_array)
                [!provide]                        PROVIDE (__init_array_end, ABSOLUTE (.))
                [!provide]                        PROVIDE (__fini_array_start, ABSOLUTE (.))
 *(.fini_array)
                [!provide]                        PROVIDE (__fini_array_end, ABSOLUTE (.))
 *(.eh_frame)
 *(.gcc_except_table .gcc_except_table.*)
 *(.dynamic)
                0x00000000010215d8                PROVIDE (__CTOR_LIST__, ABSOLUTE (.))
 *(.ctors)
 *(SORT(.ctors.*))
                0x00000000010215d8                PROVIDE (__CTOR_END__, ABSOLUTE (.))
                0x00000000010215d8                PROVIDE (__DTOR_LIST__, ABSOLUTE (.))
 *(.dtors)
 *(SORT(.dtors.*))
                0x00000000010215d8                PROVIDE (__DTOR_END__, ABSOLUTE (.))
 *(.jcr)
                0x00000000010215d8                . = ALIGN (0x4)

.rodata         0x00000000010215d8      0x8a8
                [!provide]                        PROVIDE (__ram_rodata_start, ABSOLUTE (.))
                0x00000000010215d8                . = ALIGN (0x4)
 *(.rodata .rodata.* .gnu.linkonce.r.*)
 .rodata        0x00000000010215d8       0xa6 obj/default//D/github/adamShiau_FPGA/intel_IP/LGSM/NIOS/LGSM_CPU_V2_0/lib/ads122c04_se.o
 *fill*         0x000000000102167e        0x2 
 .rodata        0x0000000001021680       0xac obj/default//D/github/adamShiau_FPGA/intel_IP/LGSM/NIOS/LGSM_CPU_V2_0/lib/asm330lhhx.o
 .rodata        0x000000000102172c       0xac obj/default//D/github/adamShiau_FPGA/intel_IP/LGSM/NIOS/LGSM_CPU_V2_0/lib/common.o
 .rodata        0x00000000010217d8       0x76 obj/default//D/github/adamShiau_FPGA/intel_IP/LGSM/NIOS/LGSM_CPU_V2_0/lib/eeprom_v2.o
 *fill*         0x000000000102184e        0x2 
 .rodata        0x0000000001021850      0x2d0 obj/default//D/github/adamShiau_FPGA/intel_IP/LGSM/NIOS/LGSM_CPU_V2_0/lib/memory_manage.o
                0x0000000001021850                fog_parameter_init
                0x0000000001021990                misalignment_init
                0x0000000001021a80                config_init
 .rodata        0x0000000001021b20      0x100 d:/intelfpga_lite/18.1/nios2eds/bin/gnu/h-x86_64-mingw32/bin/../lib/gcc/nios2-elf/5.3.0/mno-hw-mul\libgcc.a(_clz.o)
                0x0000000001021b20                __clz_tab
 .rodata.str1.4
                0x0000000001021c20        0x2 d:/intelfpga_lite/18.1/nios2eds/bin/gnu/h-x86_64-mingw32/bin/../lib/gcc/nios2-elf/5.3.0/../../../../../H-x86_64-mingw32/nios2-elf/lib/mno-hw-mul\libc.a(lib_a-impure.o)
 *fill*         0x0000000001021c22        0x2 
 .rodata.str1.4
                0x0000000001021c24        0x2 d:/intelfpga_lite/18.1/nios2eds/bin/gnu/h-x86_64-mingw32/bin/../lib/gcc/nios2-elf/5.3.0/../../../../../H-x86_64-mingw32/nios2-elf/lib/mno-hw-mul\libc.a(lib_a-puts.o)
 *fill*         0x0000000001021c26        0x2 
 .rodata.str1.4
                0x0000000001021c28       0x42 d:/intelfpga_lite/18.1/nios2eds/bin/gnu/h-x86_64-mingw32/bin/../lib/gcc/nios2-elf/5.3.0/../../../../../H-x86_64-mingw32/nios2-elf/lib/mno-hw-mul\libc.a(lib_a-svfprintf.o)
 .rodata.zeroes.4389
                0x0000000001021c6a       0x10 d:/intelfpga_lite/18.1/nios2eds/bin/gnu/h-x86_64-mingw32/bin/../lib/gcc/nios2-elf/5.3.0/../../../../../H-x86_64-mingw32/nios2-elf/lib/mno-hw-mul\libc.a(lib_a-svfprintf.o)
 .rodata.blanks.4388
                0x0000000001021c7a       0x10 d:/intelfpga_lite/18.1/nios2eds/bin/gnu/h-x86_64-mingw32/bin/../lib/gcc/nios2-elf/5.3.0/../../../../../H-x86_64-mingw32/nios2-elf/lib/mno-hw-mul\libc.a(lib_a-svfprintf.o)
 .rodata.str1.4
                0x0000000001021c8a       0x42 d:/intelfpga_lite/18.1/nios2eds/bin/gnu/h-x86_64-mingw32/bin/../lib/gcc/nios2-elf/5.3.0/../../../../../H-x86_64-mingw32/nios2-elf/lib/mno-hw-mul\libc.a(lib_a-vfprintf.o)
 .rodata.zeroes.4404
                0x0000000001021c8a       0x10 d:/intelfpga_lite/18.1/nios2eds/bin/gnu/h-x86_64-mingw32/bin/../lib/gcc/nios2-elf/5.3.0/../../../../../H-x86_64-mingw32/nios2-elf/lib/mno-hw-mul\libc.a(lib_a-vfprintf.o)
 .rodata.blanks.4403
                0x0000000001021c9a       0x10 d:/intelfpga_lite/18.1/nios2eds/bin/gnu/h-x86_64-mingw32/bin/../lib/gcc/nios2-elf/5.3.0/../../../../../H-x86_64-mingw32/nios2-elf/lib/mno-hw-mul\libc.a(lib_a-vfprintf.o)
 *fill*         0x0000000001021caa        0x2 
 .rodata.str1.4
                0x0000000001021cac       0x10 d:/intelfpga_lite/18.1/nios2eds/bin/gnu/h-x86_64-mingw32/bin/../lib/gcc/nios2-elf/5.3.0/../../../../../H-x86_64-mingw32/nios2-elf/lib/mno-hw-mul\libc.a(lib_a-dtoa.o)
                                         0x12 (size before relaxing)
 .rodata.str1.4
                0x0000000001021cbc        0xc d:/intelfpga_lite/18.1/nios2eds/bin/gnu/h-x86_64-mingw32/bin/../lib/gcc/nios2-elf/5.3.0/../../../../../H-x86_64-mingw32/nios2-elf/lib/mno-hw-mul\libc.a(lib_a-locale.o)
                                         0x12 (size before relaxing)
 .rodata.p05.2768
                0x0000000001021cc8        0xc d:/intelfpga_lite/18.1/nios2eds/bin/gnu/h-x86_64-mingw32/bin/../lib/gcc/nios2-elf/5.3.0/../../../../../H-x86_64-mingw32/nios2-elf/lib/mno-hw-mul\libc.a(lib_a-mprec.o)
 .rodata.__mprec_tinytens
                0x0000000001021cd4       0x28 d:/intelfpga_lite/18.1/nios2eds/bin/gnu/h-x86_64-mingw32/bin/../lib/gcc/nios2-elf/5.3.0/../../../../../H-x86_64-mingw32/nios2-elf/lib/mno-hw-mul\libc.a(lib_a-mprec.o)
                0x0000000001021cd4                __mprec_tinytens
 .rodata.__mprec_bigtens
                0x0000000001021cfc       0x28 d:/intelfpga_lite/18.1/nios2eds/bin/gnu/h-x86_64-mingw32/bin/../lib/gcc/nios2-elf/5.3.0/../../../../../H-x86_64-mingw32/nios2-elf/lib/mno-hw-mul\libc.a(lib_a-mprec.o)
                0x0000000001021cfc                __mprec_bigtens
 .rodata.__mprec_tens
                0x0000000001021d24       0xc8 d:/intelfpga_lite/18.1/nios2eds/bin/gnu/h-x86_64-mingw32/bin/../lib/gcc/nios2-elf/5.3.0/../../../../../H-x86_64-mingw32/nios2-elf/lib/mno-hw-mul\libc.a(lib_a-mprec.o)
                0x0000000001021d24                __mprec_tens
 .rodata.str1.4
                0x0000000001021dec       0x2f d:/intelfpga_lite/18.1/nios2eds/bin/gnu/h-x86_64-mingw32/bin/../lib/gcc/nios2-elf/5.3.0/../../../../../H-x86_64-mingw32/nios2-elf/lib/mno-hw-mul\libc.a(lib_a-svfiprintf.o)
 .rodata.zeroes.4333
                0x0000000001021dec       0x10 d:/intelfpga_lite/18.1/nios2eds/bin/gnu/h-x86_64-mingw32/bin/../lib/gcc/nios2-elf/5.3.0/../../../../../H-x86_64-mingw32/nios2-elf/lib/mno-hw-mul\libc.a(lib_a-svfiprintf.o)
 .rodata.blanks.4332
                0x0000000001021dfc       0x10 d:/intelfpga_lite/18.1/nios2eds/bin/gnu/h-x86_64-mingw32/bin/../lib/gcc/nios2-elf/5.3.0/../../../../../H-x86_64-mingw32/nios2-elf/lib/mno-hw-mul\libc.a(lib_a-svfiprintf.o)
 .rodata.str1.4
                0x0000000001021e0c       0x2f d:/intelfpga_lite/18.1/nios2eds/bin/gnu/h-x86_64-mingw32/bin/../lib/gcc/nios2-elf/5.3.0/../../../../../H-x86_64-mingw32/nios2-elf/lib/mno-hw-mul\libc.a(lib_a-vfiprintf.o)
 .rodata.zeroes.4349
                0x0000000001021e0c       0x10 d:/intelfpga_lite/18.1/nios2eds/bin/gnu/h-x86_64-mingw32/bin/../lib/gcc/nios2-elf/5.3.0/../../../../../H-x86_64-mingw32/nios2-elf/lib/mno-hw-mul\libc.a(lib_a-vfiprintf.o)
 .rodata.blanks.4348
                0x0000000001021e1c       0x10 d:/intelfpga_lite/18.1/nios2eds/bin/gnu/h-x86_64-mingw32/bin/../lib/gcc/nios2-elf/5.3.0/../../../../../H-x86_64-mingw32/nios2-elf/lib/mno-hw-mul\libc.a(lib_a-vfiprintf.o)
 .rodata        0x0000000001021e2c        0xa ../LGSM_CPU_V2_0_bsp/\libhal_bsp.a(alt_dev.o)
 *fill*         0x0000000001021e36        0x2 
 .rodata        0x0000000001021e38        0xf ../LGSM_CPU_V2_0_bsp/\libhal_bsp.a(alt_main.o)
 *fill*         0x0000000001021e47        0x1 
 .rodata        0x0000000001021e48       0x36 ../LGSM_CPU_V2_0_bsp/\libhal_bsp.a(alt_sys_init.o)
 *(.rodata1)
                0x0000000001021e80                . = ALIGN (0x4)
 *fill*         0x0000000001021e7e        0x2 
                [!provide]                        PROVIDE (__ram_rodata_end, ABSOLUTE (.))
                [!provide]                        PROVIDE (__flash_rodata_start, LOADADDR (.rodata))

.rwdata         0x0000000001021e80     0x1dd4
                [!provide]                        PROVIDE (__ram_rwdata_start, ABSOLUTE (.))
                0x0000000001021e80                . = ALIGN (0x4)
 *(.got.plt)
 *(.got)
 *(.data1)
 *(.data .data.* .gnu.linkonce.d.*)
 .data          0x0000000001021e80        0x0 ../LGSM_CPU_V2_0_bsp//obj/HAL/src/crt0.o
 .data          0x0000000001021e80       0x20 obj/default//D/github/adamShiau_FPGA/intel_IP/LGSM/NIOS/LGSM_CPU_V2_0/LGSM_CPU_V2_0.o
                0x0000000001021e80                my_cmd
 .data          0x0000000001021ea0        0x0 obj/default//D/github/adamShiau_FPGA/intel_IP/LGSM/NIOS/LGSM_CPU_V2_0/lib/Tsensor_DS1775.o
 .data          0x0000000001021ea0        0x0 obj/default//D/github/adamShiau_FPGA/intel_IP/LGSM/NIOS/LGSM_CPU_V2_0/lib/acq_fog.o
 .data          0x0000000001021ea0        0x0 obj/default//D/github/adamShiau_FPGA/intel_IP/LGSM/NIOS/LGSM_CPU_V2_0/lib/acq_imu.o
 .data          0x0000000001021ea0        0x0 obj/default//D/github/adamShiau_FPGA/intel_IP/LGSM/NIOS/LGSM_CPU_V2_0/lib/acq_rst.o
 .data          0x0000000001021ea0        0x0 obj/default//D/github/adamShiau_FPGA/intel_IP/LGSM/NIOS/LGSM_CPU_V2_0/lib/adda_config.o
 .data          0x0000000001021ea0        0x0 obj/default//D/github/adamShiau_FPGA/intel_IP/LGSM/NIOS/LGSM_CPU_V2_0/lib/ads122c04_se.o
 .data          0x0000000001021ea0        0x0 obj/default//D/github/adamShiau_FPGA/intel_IP/LGSM/NIOS/LGSM_CPU_V2_0/lib/asm330lhhx.o
 .data          0x0000000001021ea0        0x0 obj/default//D/github/adamShiau_FPGA/intel_IP/LGSM/NIOS/LGSM_CPU_V2_0/lib/common.o
 .data          0x0000000001021ea0        0x0 obj/default//D/github/adamShiau_FPGA/intel_IP/LGSM/NIOS/LGSM_CPU_V2_0/lib/eeprom_v2.o
 .data          0x0000000001021ea0        0x0 obj/default//D/github/adamShiau_FPGA/intel_IP/LGSM/NIOS/LGSM_CPU_V2_0/lib/memory_manage.o
 .data          0x0000000001021ea0        0x0 obj/default//D/github/adamShiau_FPGA/intel_IP/LGSM/NIOS/LGSM_CPU_V2_0/lib/myiic.o
 .data          0x0000000001021ea0        0x0 obj/default//D/github/adamShiau_FPGA/intel_IP/LGSM/NIOS/LGSM_CPU_V2_0/lib/output_mode.o
 .data          0x0000000001021ea0        0x0 obj/default//D/github/adamShiau_FPGA/intel_IP/LGSM/NIOS/LGSM_CPU_V2_0/lib/uart_dual.o
 .data          0x0000000001021ea0        0x0 d:/intelfpga_lite/18.1/nios2eds/bin/gnu/h-x86_64-mingw32/bin/../lib/gcc/nios2-elf/5.3.0/mno-hw-mul\libgcc.a(lib2-divmod.o)
 .data          0x0000000001021ea0        0x0 d:/intelfpga_lite/18.1/nios2eds/bin/gnu/h-x86_64-mingw32/bin/../lib/gcc/nios2-elf/5.3.0/mno-hw-mul\libgcc.a(addsf3.o)
 .data          0x0000000001021ea0        0x0 d:/intelfpga_lite/18.1/nios2eds/bin/gnu/h-x86_64-mingw32/bin/../lib/gcc/nios2-elf/5.3.0/mno-hw-mul\libgcc.a(divsf3.o)
 .data          0x0000000001021ea0        0x0 d:/intelfpga_lite/18.1/nios2eds/bin/gnu/h-x86_64-mingw32/bin/../lib/gcc/nios2-elf/5.3.0/mno-hw-mul\libgcc.a(eqsf2.o)
 .data          0x0000000001021ea0        0x0 d:/intelfpga_lite/18.1/nios2eds/bin/gnu/h-x86_64-mingw32/bin/../lib/gcc/nios2-elf/5.3.0/mno-hw-mul\libgcc.a(gesf2.o)
 .data          0x0000000001021ea0        0x0 d:/intelfpga_lite/18.1/nios2eds/bin/gnu/h-x86_64-mingw32/bin/../lib/gcc/nios2-elf/5.3.0/mno-hw-mul\libgcc.a(lesf2.o)
 .data          0x0000000001021ea0        0x0 d:/intelfpga_lite/18.1/nios2eds/bin/gnu/h-x86_64-mingw32/bin/../lib/gcc/nios2-elf/5.3.0/mno-hw-mul\libgcc.a(mulsf3.o)
 .data          0x0000000001021ea0        0x0 d:/intelfpga_lite/18.1/nios2eds/bin/gnu/h-x86_64-mingw32/bin/../lib/gcc/nios2-elf/5.3.0/mno-hw-mul\libgcc.a(subsf3.o)
 .data          0x0000000001021ea0        0x0 d:/intelfpga_lite/18.1/nios2eds/bin/gnu/h-x86_64-mingw32/bin/../lib/gcc/nios2-elf/5.3.0/mno-hw-mul\libgcc.a(floatsisf.o)
 .data          0x0000000001021ea0        0x0 d:/intelfpga_lite/18.1/nios2eds/bin/gnu/h-x86_64-mingw32/bin/../lib/gcc/nios2-elf/5.3.0/mno-hw-mul\libgcc.a(floatunsisf.o)
 .data          0x0000000001021ea0        0x0 d:/intelfpga_lite/18.1/nios2eds/bin/gnu/h-x86_64-mingw32/bin/../lib/gcc/nios2-elf/5.3.0/mno-hw-mul\libgcc.a(adddf3.o)
 .data          0x0000000001021ea0        0x0 d:/intelfpga_lite/18.1/nios2eds/bin/gnu/h-x86_64-mingw32/bin/../lib/gcc/nios2-elf/5.3.0/mno-hw-mul\libgcc.a(divdf3.o)
 .data          0x0000000001021ea0        0x0 d:/intelfpga_lite/18.1/nios2eds/bin/gnu/h-x86_64-mingw32/bin/../lib/gcc/nios2-elf/5.3.0/mno-hw-mul\libgcc.a(muldf3.o)
 .data          0x0000000001021ea0        0x0 d:/intelfpga_lite/18.1/nios2eds/bin/gnu/h-x86_64-mingw32/bin/../lib/gcc/nios2-elf/5.3.0/mno-hw-mul\libgcc.a(subdf3.o)
 .data          0x0000000001021ea0        0x0 d:/intelfpga_lite/18.1/nios2eds/bin/gnu/h-x86_64-mingw32/bin/../lib/gcc/nios2-elf/5.3.0/mno-hw-mul\libgcc.a(extendsfdf2.o)
 .data          0x0000000001021ea0        0x0 d:/intelfpga_lite/18.1/nios2eds/bin/gnu/h-x86_64-mingw32/bin/../lib/gcc/nios2-elf/5.3.0/mno-hw-mul\libgcc.a(truncdfsf2.o)
 .data          0x0000000001021ea0        0x0 d:/intelfpga_lite/18.1/nios2eds/bin/gnu/h-x86_64-mingw32/bin/../lib/gcc/nios2-elf/5.3.0/mno-hw-mul\libgcc.a(_clzsi2.o)
 .data          0x0000000001021ea0        0x0 d:/intelfpga_lite/18.1/nios2eds/bin/gnu/h-x86_64-mingw32/bin/../lib/gcc/nios2-elf/5.3.0/mno-hw-mul\libgcc.a(lib2-mul.o)
 .data          0x0000000001021ea0        0x0 d:/intelfpga_lite/18.1/nios2eds/bin/gnu/h-x86_64-mingw32/bin/../lib/gcc/nios2-elf/5.3.0/mno-hw-mul\libgcc.a(_clz.o)
 .data          0x0000000001021ea0        0x0 d:/intelfpga_lite/18.1/nios2eds/bin/gnu/h-x86_64-mingw32/bin/../lib/gcc/nios2-elf/5.3.0/../../../../../H-x86_64-mingw32/nios2-elf/lib/mno-hw-mul\libc.a(lib_a-exit.o)
 .data          0x0000000001021ea0        0x0 d:/intelfpga_lite/18.1/nios2eds/bin/gnu/h-x86_64-mingw32/bin/../lib/gcc/nios2-elf/5.3.0/../../../../../H-x86_64-mingw32/nios2-elf/lib/mno-hw-mul\libc.a(lib_a-impure.o)
 .data.impure_data
                0x0000000001021ea0      0x424 d:/intelfpga_lite/18.1/nios2eds/bin/gnu/h-x86_64-mingw32/bin/../lib/gcc/nios2-elf/5.3.0/../../../../../H-x86_64-mingw32/nios2-elf/lib/mno-hw-mul\libc.a(lib_a-impure.o)
 .data          0x00000000010222c4        0x0 d:/intelfpga_lite/18.1/nios2eds/bin/gnu/h-x86_64-mingw32/bin/../lib/gcc/nios2-elf/5.3.0/../../../../../H-x86_64-mingw32/nios2-elf/lib/mno-hw-mul\libc.a(lib_a-malloc.o)
 .data          0x00000000010222c4        0x0 d:/intelfpga_lite/18.1/nios2eds/bin/gnu/h-x86_64-mingw32/bin/../lib/gcc/nios2-elf/5.3.0/../../../../../H-x86_64-mingw32/nios2-elf/lib/mno-hw-mul\libc.a(lib_a-mallocr.o)
 .data.__malloc_av_
                0x00000000010222c4      0x408 d:/intelfpga_lite/18.1/nios2eds/bin/gnu/h-x86_64-mingw32/bin/../lib/gcc/nios2-elf/5.3.0/../../../../../H-x86_64-mingw32/nios2-elf/lib/mno-hw-mul\libc.a(lib_a-mallocr.o)
                0x00000000010222c4                __malloc_av_