Archive member included to satisfy reference by file (symbol)

d:/intelfpga_lite/18.1/nios2eds/bin/gnu/h-x86_64-mingw32/bin/../lib/gcc/nios2-elf/5.3.0/mno-hw-mul\libgcc.a(lib2-divmod.o)
                              obj/default//D/github/adamShiau_FPGA/intel_IP/LGSM/NIOS/LGSM_CPU_V2_0/lib/common.o (__umodsi3)
d:/intelfpga_lite/18.1/nios2eds/bin/gnu/h-x86_64-mingw32/bin/../lib/gcc/nios2-elf/5.3.0/mno-hw-mul\libgcc.a(addsf3.o)
                              obj/default//D/github/adamShiau_FPGA/intel_IP/LGSM/NIOS/LGSM_CPU_V2_0/LGSM_CPU_V2_0.o (__addsf3)
d:/intelfpga_lite/18.1/nios2eds/bin/gnu/h-x86_64-mingw32/bin/../lib/gcc/nios2-elf/5.3.0/mno-hw-mul\libgcc.a(divsf3.o)
                              obj/default//D/github/adamShiau_FPGA/intel_IP/LGSM/NIOS/LGSM_CPU_V2_0/lib/common.o (__divsf3)
d:/intelfpga_lite/18.1/nios2eds/bin/gnu/h-x86_64-mingw32/bin/../lib/gcc/nios2-elf/5.3.0/mno-hw-mul\libgcc.a(eqsf2.o)
                              obj/default//D/github/adamShiau_FPGA/intel_IP/LGSM/NIOS/LGSM_CPU_V2_0/lib/eeprom_v2.o (__eqsf2)
d:/intelfpga_lite/18.1/nios2eds/bin/gnu/h-x86_64-mingw32/bin/../lib/gcc/nios2-elf/5.3.0/mno-hw-mul\libgcc.a(gesf2.o)
                              obj/default//D/github/adamShiau_FPGA/intel_IP/LGSM/NIOS/LGSM_CPU_V2_0/lib/common.o (__gesf2)
d:/intelfpga_lite/18.1/nios2eds/bin/gnu/h-x86_64-mingw32/bin/../lib/gcc/nios2-elf/5.3.0/mno-hw-mul\libgcc.a(lesf2.o)
                              obj/default//D/github/adamShiau_FPGA/intel_IP/LGSM/NIOS/LGSM_CPU_V2_0/lib/common.o (__ltsf2)
d:/intelfpga_lite/18.1/nios2eds/bin/gnu/h-x86_64-mingw32/bin/../lib/gcc/nios2-elf/5.3.0/mno-hw-mul\libgcc.a(mulsf3.o)
                              obj/default//D/github/adamShiau_FPGA/intel_IP/LGSM/NIOS/LGSM_CPU_V2_0/LGSM_CPU_V2_0.o (__mulsf3)
d:/intelfpga_lite/18.1/nios2eds/bin/gnu/h-x86_64-mingw32/bin/../lib/gcc/nios2-elf/5.3.0/mno-hw-mul\libgcc.a(subsf3.o)
                              obj/default//D/github/adamShiau_FPGA/intel_IP/LGSM/NIOS/LGSM_CPU_V2_0/lib/acq_fog.o (__subsf3)
d:/intelfpga_lite/18.1/nios2eds/bin/gnu/h-x86_64-mingw32/bin/../lib/gcc/nios2-elf/5.3.0/mno-hw-mul\libgcc.a(floatsisf.o)
                              obj/default//D/github/adamShiau_FPGA/intel_IP/LGSM/NIOS/LGSM_CPU_V2_0/LGSM_CPU_V2_0.o (__floatsisf)
d:/intelfpga_lite/18.1/nios2eds/bin/gnu/h-x86_64-mingw32/bin/../lib/gcc/nios2-elf/5.3.0/mno-hw-mul\libgcc.a(floatunsisf.o)
                              obj/default//D/github/adamShiau_FPGA/intel_IP/LGSM/NIOS/LGSM_CPU_V2_0/LGSM_CPU_V2_0.o (__floatunsisf)
d:/intelfpga_lite/18.1/nios2eds/bin/gnu/h-x86_64-mingw32/bin/../lib/gcc/nios2-elf/5.3.0/mno-hw-mul\libgcc.a(adddf3.o)
                              obj/default//D/github/adamShiau_FPGA/intel_IP/LGSM/NIOS/LGSM_CPU_V2_0/LGSM_CPU_V2_0.o (__adddf3)
d:/intelfpga_lite/18.1/nios2eds/bin/gnu/h-x86_64-mingw32/bin/../lib/gcc/nios2-elf/5.3.0/mno-hw-mul\libgcc.a(divdf3.o)
                              obj/default//D/github/adamShiau_FPGA/intel_IP/LGSM/NIOS/LGSM_CPU_V2_0/lib/ads122c04_se.o (__divdf3)
d:/intelfpga_lite/18.1/nios2eds/bin/gnu/h-x86_64-mingw32/bin/../lib/gcc/nios2-elf/5.3.0/mno-hw-mul\libgcc.a(muldf3.o)
                              obj/default//D/github/adamShiau_FPGA/intel_IP/LGSM/NIOS/LGSM_CPU_V2_0/LGSM_CPU_V2_0.o (__muldf3)
d:/intelfpga_lite/18.1/nios2eds/bin/gnu/h-x86_64-mingw32/bin/../lib/gcc/nios2-elf/5.3.0/mno-hw-mul\libgcc.a(subdf3.o)
                              obj/default//D/github/adamShiau_FPGA/intel_IP/LGSM/NIOS/LGSM_CPU_V2_0/LGSM_CPU_V2_0.o (__subdf3)
d:/intelfpga_lite/18.1/nios2eds/bin/gnu/h-x86_64-mingw32/bin/../lib/gcc/nios2-elf/5.3.0/mno-hw-mul\libgcc.a(extendsfdf2.o)
                              obj/default//D/github/adamShiau_FPGA/intel_IP/LGSM/NIOS/LGSM_CPU_V2_0/LGSM_CPU_V2_0.o (__extendsfdf2)
d:/intelfpga_lite/18.1/nios2eds/bin/gnu/h-x86_64-mingw32/bin/../lib/gcc/nios2-elf/5.3.0/mno-hw-mul\libgcc.a(truncdfsf2.o)
                              obj/default//D/github/adamShiau_FPGA/intel_IP/LGSM/NIOS/LGSM_CPU_V2_0/LGSM_CPU_V2_0.o (__truncdfsf2)
d:/intelfpga_lite/18.1/nios2eds/bin/gnu/h-x86_64-mingw32/bin/../lib/gcc/nios2-elf/5.3.0/mno-hw-mul\libgcc.a(_clzsi2.o)
                              d:/intelfpga_lite/18.1/nios2eds/bin/gnu/h-x86_64-mingw32/bin/../lib/gcc/nios2-elf/5.3.0/mno-hw-mul\libgcc.a(addsf3.o) (__clzsi2)
d:/intelfpga_lite/18.1/nios2eds/bin/gnu/h-x86_64-mingw32/bin/../lib/gcc/nios2-elf/5.3.0/mno-hw-mul\libgcc.a(lib2-mul.o)
                              d:/intelfpga_lite/18.1/nios2eds/bin/gnu/h-x86_64-mingw32/bin/../lib/gcc/nios2-elf/5.3.0/mno-hw-mul\libgcc.a(mulsf3.o) (__mulsi3)
d:/intelfpga_lite/18.1/nios2eds/bin/gnu/h-x86_64-mingw32/bin/../lib/gcc/nios2-elf/5.3.0/mno-hw-mul\libgcc.a(_clz.o)
                              d:/intelfpga_lite/18.1/nios2eds/bin/gnu/h-x86_64-mingw32/bin/../lib/gcc/nios2-elf/5.3.0/mno-hw-mul\libgcc.a(_clzsi2.o) (__clz_tab)
[...]
Memory Configuration

Name             Origin             Length             Attributes
sdram_BEFORE_EXCEPTION 0x0000000001000000 0x0000000000000020
sdram            0x0000000001000020 0x0000000000ffffe0
reset            0x0000000002001000 0x0000000000000020
epcs             0x0000000002001020 0x00000000000007e0
*default*        0x0000000000000000 0xffffffffffffffff

Linker script and memory map

LOAD ../LGSM_CPU_V2_0_bsp//obj/HAL/src/crt0.o
LOAD obj/default//D/github/adamShiau_FPGA/intel_IP/LGSM/NIOS/LGSM_CPU_V2_0/LGSM_CPU_V2_0.o
LOAD obj/default//D/github/adamShiau_FPGA/intel_IP/LGSM/NIOS/LGSM_CPU_V2_0/lib/Tsensor_DS1775.o
LOAD obj/default//D/github/adamShiau_FPGA/intel_IP/LGSM/NIOS/LGSM_CPU_V2_0/lib/acq_fog.o
LOAD obj/default//D/github/adamShiau_FPGA/intel_IP/LGSM/NIOS/LGSM_CPU_V2_0/lib/acq_imu.o
LOAD obj/default//D/github/adamShiau_FPGA/intel_IP/LGSM/NIOS/LGSM_CPU_V2_0/lib/acq_rst.o
LOAD obj/default//D/github/adamShiau_FPGA/intel_IP/LGSM/NIOS/LGSM_CPU_V2_0/lib/adda_config.o
LOAD obj/default//D/github/adamShiau_FPGA/intel_IP/LGSM/NIOS/LGSM_CPU_V2_0/lib/ads122c04_se.o
LOAD obj/default//D/github/adamShiau_FPGA/intel_IP/LGSM/NIOS/LGSM_CPU_V2_0/lib/asm330lhhx.o
LOAD obj/default//D/github/adamShiau_FPGA/intel_IP/LGSM/NIOS/LGSM_CPU_V2_0/lib/common.o
LOAD obj/default//D/github/adamShiau_FPGA/intel_IP/LGSM/NIOS/LGSM_CPU_V2_0/lib/eeprom_v2.o
LOAD obj/default//D/github/adamShiau_FPGA/intel_IP/LGSM/NIOS/LGSM_CPU_V2_0/lib/memory_manage.o
LOAD obj/default//D/github/adamShiau_FPGA/intel_IP/LGSM/NIOS/LGSM_CPU_V2_0/lib/myiic.o
LOAD obj/default//D/github/adamShiau_FPGA/intel_IP/LGSM/NIOS/LGSM_CPU_V2_0/lib/output_mode.o
LOAD obj/default//D/github/adamShiau_FPGA/intel_IP/LGSM/NIOS/LGSM_CPU_V2_0/lib/uart_dual.o
LOAD d:/intelfpga_lite/18.1/nios2eds/bin/gnu/h-x86_64-mingw32/bin/../lib/gcc/nios2-elf/5.3.0/../../../../../H-x86_64-mingw32/nios2-elf/lib/mno-hw-mul\libstdc++.a
LOAD d:/intelfpga_lite/18.1/nios2eds/bin/gnu/h-x86_64-mingw32/bin/../lib/gcc/nios2-elf/5.3.0/../../../../../H-x86_64-mingw32/nios2-elf/lib/mno-hw-mul\libm.a
LOAD d:/intelfpga_lite/18.1/nios2eds/bin/gnu/h-x86_64-mingw32/bin/../lib/gcc/nios2-elf/5.3.0/mno-hw-mul\libgcc.a
START GROUP
LOAD d:/intelfpga_lite/18.1/nios2eds/bin/gnu/h-x86_64-mingw32/bin/../lib/gcc/nios2-elf/5.3.0/../../../../../H-x86_64-mingw32/nios2-elf/lib/mno-hw-mul\libc.a
LOAD d:/intelfpga_lite/18.1/nios2eds/bin/gnu/h-x86_64-mingw32/bin/../lib/gcc/nios2-elf/5.3.0/mno-hw-mul\libgcc.a
LOAD ../LGSM_CPU_V2_0_bsp/\libhal_bsp.a
LOAD d:/intelfpga_lite/18.1/nios2eds/bin/gnu/h-x86_64-mingw32/bin/../lib/gcc/nios2-elf/5.3.0/../../../../../H-x86_64-mingw32/nios2-elf/lib/mno-hw-mul\libm.a
END GROUP
LOAD d:/intelfpga_lite/18.1/nios2eds/bin/gnu/h-x86_64-mingw32/bin/../lib/gcc/nios2-elf/5.3.0/mno-hw-mul\libgcc.a
                0x0000000001000000                __alt_mem_sdram = 0x1000000
                0x0000000002001000                __alt_mem_epcs = 0x2001000

.entry          0x0000000002001000        0x0
 *(.entry)
 .entry         0x0000000002001000        0x0 ../LGSM_CPU_V2_0_bsp//obj/HAL/src/crt0.o
                0x0000000002001000                __reset

.exceptions     0x0000000001000020      0x210
                [!provide]                        PROVIDE (__ram_exceptions_start, ABSOLUTE (.))
                0x0000000001000020                . = ALIGN (0x20)
 *(.irq)
 *(.exceptions.entry.label)
 .exceptions.entry.label
                0x0000000001000020        0x0 ../LGSM_CPU_V2_0_bsp/\libhal_bsp.a(alt_irq_entry.o)
                0x0000000001000020                alt_irq_entry
 .exceptions.entry.label
                0x0000000001000020        0x0 ../LGSM_CPU_V2_0_bsp/\libhal_bsp.a(alt_exception_entry.o)
                0x0000000001000020                alt_exception
 *(.exceptions.entry.user)
 *(.exceptions.entry.ecc_fatal)
 *(.exceptions.entry)
 .exceptions.entry
                0x0000000001000020       0x54 ../LGSM_CPU_V2_0_bsp/\libhal_bsp.a(alt_exception_entry.o)
 *(.exceptions.irqtest.user)
 *(.exceptions.irqtest)
 .exceptions.irqtest
                0x0000000001000074       0x10 ../LGSM_CPU_V2_0_bsp/\libhal_bsp.a(alt_irq_entry.o)
 *(.exceptions.irqhandler.user)
 *(.exceptions.irqhandler)
 .exceptions.irqhandler
                0x0000000001000084        0x4 ../LGSM_CPU_V2_0_bsp/\libhal_bsp.a(alt_irq_entry.o)
 *(.exceptions.irqreturn.user)
 *(.exceptions.irqreturn)
 .exceptions.irqreturn
                0x0000000001000088        0x4 ../LGSM_CPU_V2_0_bsp/\libhal_bsp.a(alt_irq_entry.o)
 *(.exceptions.notirq.label)
 .exceptions.notirq.label
                0x000000000100008c        0x0 ../LGSM_CPU_V2_0_bsp/\libhal_bsp.a(alt_irq_entry.o)
 *(.exceptions.notirq.user)
 *(.exceptions.notirq)
 .exceptions.notirq
                0x000000000100008c        0x8 ../LGSM_CPU_V2_0_bsp/\libhal_bsp.a(alt_exception_entry.o)
 *(.exceptions.soft.user)
 *(.exceptions.soft)
 *(.exceptions.unknown.user)
 *(.exceptions.unknown)
 .exceptions.unknown
                0x0000000001000094       0x14 ../LGSM_CPU_V2_0_bsp/\libhal_bsp.a(alt_exception_entry.o)
 *(.exceptions.exit.label)
 .exceptions.exit.label
                0x00000000010000a8        0x0 ../LGSM_CPU_V2_0_bsp/\libhal_bsp.a(alt_irq_entry.o)
 .exceptions.exit.label
                0x00000000010000a8        0x0 ../LGSM_CPU_V2_0_bsp/\libhal_bsp.a(alt_exception_entry.o)
 *(.exceptions.exit.user)
 *(.exceptions.exit)
 .exceptions.exit
                0x00000000010000a8       0x54 ../LGSM_CPU_V2_0_bsp/\libhal_bsp.a(alt_exception_entry.o)
 *(.exceptions)
 .exceptions    0x00000000010000fc       0xd4 ../LGSM_CPU_V2_0_bsp/\libhal_bsp.a(alt_irq_handler.o)
                0x00000000010000fc                alt_irq_handler
 .exceptions    0x00000000010001d0       0x60 ../LGSM_CPU_V2_0_bsp/\libhal_bsp.a(alt_instruction_exception_entry.o)
                0x00000000010001d0                alt_instruction_exception_entry
                [!provide]                        PROVIDE (__ram_exceptions_end, ABSOLUTE (.))
                [!provide]                        PROVIDE (__flash_exceptions_start, LOADADDR (.exceptions))

.text           0x0000000001000230    0x21564
                [!provide]                        PROVIDE (stext, ABSOLUTE (.))
 *(.interp)
 *(.hash)
 *(.dynsym)
 *(.dynstr)
 *(.gnu.version)
 *(.gnu.version_d)
 *(.gnu.version_r)
 *(.rel.init)
 *(.rela.init)
 *(.rel.text .rel.text.* .rel.gnu.linkonce.t.*)
 *(.rela.text .rela.text.* .rela.gnu.linkonce.t.*)
 *(.rel.fini)
 *(.rela.fini)
 *(.rel.rodata .rel.rodata.* .rel.gnu.linkonce.r.*)
 *(.rela.rodata .rela.rodata.* .rela.gnu.linkonce.r.*)
 *(.rel.data .rel.data.* .rel.gnu.linkonce.d.*)
 *(.rela.data .rela.data.* .rela.gnu.linkonce.d.*)
 *(.rel.tdata .rel.tdata.* .rel.gnu.linkonce.td.*)
 *(.rela.tdata .rela.tdata.* .rela.gnu.linkonce.td.*)
 *(.rel.tbss .rel.tbss.* .rel.gnu.linkonce.tb.*)
 *(.rela.tbss .rela.tbss.* .rela.gnu.linkonce.tb.*)
 *(.rel.ctors)
 *(.rela.ctors)
 *(.rel.dtors)
 *(.rela.dtors)
 *(.rel.got)
 *(.rela.got)
 *(.rel.sdata .rel.sdata.* .rel.gnu.linkonce.s.*)
 *(.rela.sdata .rela.sdata.* .rela.gnu.linkonce.s.*)
 *(.rel.sbss .rel.sbss.* .rel.gnu.linkonce.sb.*)
 *(.rela.sbss .rela.sbss.* .rela.gnu.linkonce.sb.*)
 *(.rel.sdata2 .rel.sdata2.* .rel.gnu.linkonce.s2.*)
 *(.rela.sdata2 .rela.sdata2.* .rela.gnu.linkonce.s2.*)
 *(.rel.sbss2 .rel.sbss2.* .rel.gnu.linkonce.sb2.*)
 *(.rela.sbss2 .rela.sbss2.* .rela.gnu.linkonce.sb2.*)
 *(.rel.bss .rel.bss.* .rel.gnu.linkonce.b.*)
 *(.rela.bss .rela.bss.* .rela.gnu.linkonce.b.*)
 *(.rel.plt)
 *(.rela.plt)
 *(.rel.dyn)
 *(.init)
 *(.plt)
 *(.text .stub .text.* .gnu.linkonce.t.*)
 .text          0x0000000001000230       0x38 ../LGSM_CPU_V2_0_bsp//obj/HAL/src/crt0.o
                0x0000000001000230                _start
 .text          0x0000000001000268      0x6a4 obj/default//D/github/adamShiau_FPGA/intel_IP/LGSM/NIOS/LGSM_CPU_V2_0/LGSM_CPU_V2_0.o
                0x0000000001000268                main
                0x000000000100038c                monitor_reg
                0x00000000010003c4                dbg_mems
                0x00000000010005e8                update_sensor_data
                0x000000000100069c                TRIGGER_IRQ_init
                0x0000000001000700                IRQ_TRIGGER_ISR
 .text          0x000000000100090c      0x280 obj/default//D/github/adamShiau_FPGA/intel_IP/LGSM/NIOS/LGSM_CPU_V2_0/lib/Tsensor_DS1775.o
                0x000000000100090c                ds1775_setCurPtr
                0x0000000001000960                ds1775_setConfiguration
                0x00000000010009c0                ds1775_readConf
                0x0000000001000a08                ds1775_9B_readTemp_d
                0x0000000001000a74                ds1775_9B_readTemp_f
 .text          0x0000000001000b8c      0x558 obj/default//D/github/adamShiau_FPGA/intel_IP/LGSM/NIOS/LGSM_CPU_V2_0/lib/acq_fog.o
                0x0000000001000b8c                acq_fog
 .text          0x00000000010010e4      0x160 obj/default//D/github/adamShiau_FPGA/intel_IP/LGSM/NIOS/LGSM_CPU_V2_0/lib/acq_imu.o
                0x00000000010010e4                acq_imu
 .text          0x0000000001001244       0x48 obj/default//D/github/adamShiau_FPGA/intel_IP/LGSM/NIOS/LGSM_CPU_V2_0/lib/acq_rst.o
                0x0000000001001244                acq_rst
 .text          0x000000000100128c      0x1c8 obj/default//D/github/adamShiau_FPGA/intel_IP/LGSM/NIOS/LGSM_CPU_V2_0/lib/adda_config.o
                0x000000000100128c                init_ADDA
                0x0000000001001374                set_ADC_all_zero
                0x00000000010013b4                set_ADC_all_one
                0x00000000010013f4                set_DAC_reset
                0x0000000001001424                clear_DAC_reset
 .text          0x0000000001001454      0x92c obj/default//D/github/adamShiau_FPGA/intel_IP/LGSM/NIOS/LGSM_CPU_V2_0/lib/ads122c04_se.o
                0x00000000010014e4                init_ADS122C04_TEMP
                0x0000000001001504                I2C_write_verify_ADS122C04
                0x00000000010015a0                test_ADS122C04
                0x0000000001001600                read_ADS122C04_TEMP
                0x0000000001001858                I2C_sm_start_ADS122C04_TEMP
                0x00000000010018a8                I2C_op_mode_sel_ADS122C04_TEMP
                0x0000000001001908                I2C_clock_rate_sel_ADS122C04_TEMP
                0x0000000001001968                I2C_write_ADS122C04_TEMP_cmd
                0x0000000001001a00                I2C_write_ADS122C04_TEMP_register
                0x0000000001001ab0                I2C_read_ADS122C04_TEMP_register
                0x0000000001001b54                I2C_set_device_addr_ADS122C04_TEMP
                0x0000000001001b8c                set_bit_safe_ADS122C04_TEMP
                0x0000000001001bf0                clear_bit_safe_ADS122C04_TEMP
                0x0000000001001c54                I2C_sm_set_enable_ADS122C04_TEMP
                0x0000000001001c98                I2C_sm_set_disable_ADS122C04_TEMP
                0x0000000001001cdc                I2C_sm_set_finish_clear_pulse_ADS122C04_TEMP
                0x0000000001001d44                I2C_sm_read_finish_ADS122C04_TEMP
 .text          0x0000000001001d80      0xc84 obj/default//D/github/adamShiau_FPGA/intel_IP/LGSM/NIOS/LGSM_CPU_V2_0/lib/asm330lhhx.o
                0x0000000001001e10                init_ASM330LHHX
                0x0000000001001e30                I2C_sm_force_reset_ASM330LHHX
                0x0000000001001ebc                I2C_write_verify_ASM330LHHX
                0x0000000001001f58                test_ASM330LHHX
                0x0000000001001fb8                read_ASM330LHHX
                0x00000000010022e4                get_ASM330LHHX_SM_status
                0x0000000001002320                print_ASM330LHHX_SM_status
                0x0000000001002350                set_ASM330LHHX_Gyro_LPF1
                0x000000000100243c                set_ASM330LHHX_Accl_LPF2
                0x0000000001002534                I2C_sm_start_ASM330LHHX
                0x0000000001002584                I2C_op_mode_sel_ASM330LHHX
                0x00000000010025e4                I2C_clock_rate_sel_ASM330LHHX
                0x0000000001002644                I2C_write_ASM330LHHX_register
                0x000000000100271c                I2C_read_ASM330LHHX_register
                0x00000000010027d8                I2C_set_device_addr_ASM330LHHX
                0x0000000001002810                set_bit_safe_ASM330LHHX
                0x0000000001002874                clear_bit_safe_ASM330LHHX
                0x00000000010028d8                I2C_sm_set_enable_ASM330LHHX
                0x000000000100291c                I2C_sm_set_disable_ASM330LHHX
                0x0000000001002960                I2C_sm_set_finish_clear_pulse_ASM330LHHX
                0x00000000010029c8                I2C_sm_read_finish_ASM330LHHX
 .text          0x0000000001002a04     0x5da8 obj/default//D/github/adamShiau_FPGA/intel_IP/LGSM/NIOS/LGSM_CPU_V2_0/lib/common.o
                0x0000000001002a04                moving_average_init
                0x0000000001002ac0                moving_average_update
                0x0000000001002bdc                moving_average_free
                0x0000000001002c18                sendTx
                0x0000000001002ce8                checkByte
                0x0000000001002d38                checkByte_dbg
                0x0000000001002d80                uart_printf
                0x0000000001002df0                uart_printf_dbg
                0x0000000001002edc                send_uart_string
                0x0000000001002f60                SerialWrite
                0x0000000001002fe4                SerialWrite_dbg
                0x0000000001003060                SerialWrite_r
                0x00000000010030e8                SerialWrite_dbg_r
                0x0000000001003168                IEEE_754_F2INT
                0x0000000001003194                crc32_init_table
                0x0000000001003254                crc_32
                0x0000000001003348                print_crc
                0x0000000001003370                get_uart_cmd
                0x000000000100356c                cmd_mux
                0x00000000010035d8                Set_Dac_Gain_x
                0x000000000100365c                Set_Dac_Gain_y
                0x00000000010036e0                Set_Dac_Gain_z
                0x0000000001003764                fog_parameter_legacy
                0x0000000001003b58                fog_parameter
                0x0000000001006adc                apply_datarate_index
                0x0000000001006b54                apply_ASM330LHHX_Gyro_LPF1_index
                0x0000000001006bd0                apply_ASM330LHHX_Accl_LPF2_index
                0x0000000001006c4c                update_config_to_HW_REG
                0x0000000001006cc0                update_fog_parameters_to_HW_REG
                0x000000000100703c                dump_fog_param
                0x000000000100721c                dump_fog_param_framed
                0x0000000001007430                dump_misalignment_param
                0x0000000001007598                dump_misalignment_param_framed
                0x000000000100773c                dump_config_param_framed
                0x00000000010078e0                dump_SN_framed
                0x000000000100794c                dump_version_framed
                0x00000000010079ec                send_json_uart
                0x0000000001007a54                send_framed_payload
                0x0000000001007b38                SF_temp_compensation_1st_order_fog
                0x0000000001007c78                SF_temp_compensation_1st_order_adxl357
                0x0000000001007db8                BIAS_temp_compensation_1st_order_fog_3T
                0x00000000010080e8                BIAS_temp_compensation_1st_order_adxl357
                0x0000000001008228                misalignment_calibration
                0x0000000001008570                uart_write_bytes
                0x00000000010085d0                uart_write_cstr
                0x0000000001008610                crc16_ccitt_update
                0x00000000010086a8                crc16_ccitt_buf
                0x0000000001008724                update_datarate_to_HW_REG
 .text          0x00000000010087ac     0x11cc obj/default//D/github/adamShiau_FPGA/intel_IP/LGSM/NIOS/LGSM_CPU_V2_0/lib/eeprom_v2.o
                0x00000000010088f4                EEPROM_RW_TEST
                0x000000000100898c                EEPROM_Write_4B
                0x0000000001008a50                PARAMETER_Write_f
                0x0000000001008aa8                EEPROM_Read_4B
                0x0000000001008b90                EEPROM_Read_4B_R
                0x0000000001008ca0                PARAMETER_Read
                0x0000000001008cf8                PARAMETER_Read_R
                0x0000000001008d50                PARAMETER_Write_s
                0x00000000010090b8                EEPROM_Write_initial_parameter
                0x000000000100919c                LOAD_FOG_SN
                0x0000000001009220                LOAD_CONFIG
                0x000000000100930c                PRINT_FOG_CONFIG
                0x0000000001009350                LOAD_FOG_MISALIGNMENT
                0x000000000100943c                PRINT_FOG_MISALIGNMENT
                0x0000000001009480                LOAD_FOG_PARAMETER
                0x00000000010095e0                PRINT_FOG_PARAMETER
                0x0000000001009664                init_EEPROM
                0x0000000001009684                I2C_sm_start
                0x00000000010096c4                I2C_op_mode_sel_EEPROM
                0x0000000001009724                I2C_clock_rate_sel
                0x0000000001009784                set_bit_safe
                0x00000000010097e8                clear_bit_safe
                0x000000000100984c                I2C_sm_set_enable
                0x0000000001009890                I2C_sm_set_disable
                0x00000000010098d4                I2C_sm_set_finish_clear_pulse
                0x000000000100993c                I2C_sm_read_finish
 .text          0x0000000001009978      0x2b8 obj/default//D/github/adamShiau_FPGA/intel_IP/LGSM/NIOS/LGSM_CPU_V2_0/lib/memory_manage.o
                0x0000000001009978                initialize_fog_params_all
                0x0000000001009b54                initialize_fog_params_type
 .text          0x0000000001009c30      0x62c obj/default//D/github/adamShiau_FPGA/intel_IP/LGSM/NIOS/LGSM_CPU_V2_0/lib/myiic.o
                0x0000000001009c30                IIC_Init
                0x0000000001009c70                IIC_Start
                0x0000000001009d28                IIC_Stop
                0x0000000001009e04                IIC_Wait_Ack
                0x0000000001009ef0                IIC_Ack
                0x0000000001009fa8                IIC_NAck
                0x000000000100a060                IIC_Send_Byte
                0x000000000100a178                IIC_Read_Byte
 .text          0x000000000100a25c      0x15c obj/default//D/github/adamShiau_FPGA/intel_IP/LGSM/NIOS/LGSM_CPU_V2_0/lib/output_mode.o
                0x000000000100a25c                output_mode_setting
 .text          0x000000000100a3b8      0xc34 obj/default//D/github/adamShiau_FPGA/intel_IP/LGSM/NIOS/LGSM_CPU_V2_0/lib/uart_dual.o
                0x000000000100a670                uartInit
                0x000000000100a74c                uartAvailable
                0x000000000100a774                uartGetByte
                0x000000000100a848                uartGetc
                0x000000000100a884                uartAck
                0x000000000100a8d4                uartAvailable_dbg
                0x000000000100a8fc                uartGetByte_dbg
                0x000000000100a9c0                uartGetc_dbg
                0x000000000100a9fc                uartAck_dbg
                0x000000000100aa44                readDataDynamic
                0x000000000100ad18                readDataDynamic_dbg
 .text          0x000000000100afec      0x1b4 d:/intelfpga_lite/18.1/nios2eds/bin/gnu/h-x86_64-mingw32/bin/../lib/gcc/nios2-elf/5.3.0/mno-hw-mul\libgcc.a(lib2-divmod.o)
                0x000000000100afec                __divsi3
                0x000000000100b070                __modsi3
                0x000000000100b0e4                __udivsi3
                0x000000000100b148                __umodsi3
 .text          0x000000000100b1a0      0x4c8 d:/intelfpga_lite/18.1/nios2eds/bin/gnu/h-x86_64-mingw32/bin/../lib/gcc/nios2-elf/5.3.0/mno-hw-mul\libgcc.a(addsf3.o)
                0x000000000100b1a0                __addsf3
 .text          0x000000000100b668      0x440 d:/intelfpga_lite/18.1/nios2eds/bin/gnu/h-x86_64-mingw32/bin/../lib/gcc/nios2-elf/5.3.0/mno-hw-mul\libgcc.a(divsf3.o)
                0x000000000100b668                __divsf3
 .text          0x000000000100baa8       0x78 d:/intelfpga_lite/18.1/nios2eds/bin/gnu/h-x86_64-mingw32/bin/../lib/gcc/nios2-elf/5.3.0/mno-hw-mul\libgcc.a(eqsf2.o)
                0x000000000100baa8                __eqsf2
                0x000000000100baa8                __nesf2
 .text          0x000000000100bb20       0xbc d:/intelfpga_lite/18.1/nios2eds/bin/gnu/h-x86_64-mingw32/bin/../lib/gcc/nios2-elf/5.3.0/mno-hw-mul\libgcc.a(gesf2.o)
                0x000000000100bb20                __gesf2
                0x000000000100bb20                __gtsf2
 .text          0x000000000100bbdc       0xc8 d:/intelfpga_lite/18.1/nios2eds/bin/gnu/h-x86_64-mingw32/bin/../lib/gcc/nios2-elf/5.3.0/mno-hw-mul\libgcc.a(lesf2.o)
                0x000000000100bbdc                __ltsf2
                0x000000000100bbdc                __lesf2
 .text          0x000000000100bca4      0x430 d:/intelfpga_lite/18.1/nios2eds/bin/gnu/h-x86_64-mingw32/bin/../lib/gcc/nios2-elf/5.3.0/mno-hw-mul\libgcc.a(mulsf3.o)
                0x000000000100bca4                __mulsf3
 .text          0x000000000100c0d4      0x4e4 d:/intelfpga_lite/18.1/nios2eds/bin/gnu/h-x86_64-mingw32/bin/../lib/gcc/nios2-elf/5.3.0/mno-hw-mul\libgcc.a(subsf3.o)
                0x000000000100c0d4                __subsf3
 .text          0x000000000100c5b8      0x124 d:/intelfpga_lite/18.1/nios2eds/bin/gnu/h-x86_64-mingw32/bin/../lib/gcc/nios2-elf/5.3.0/mno-hw-mul\libgcc.a(floatsisf.o)
                0x000000000100c5b8                __floatsisf
 .text          0x000000000100c6dc       0xf0 d:/intelfpga_lite/18.1/nios2eds/bin/gnu/h-x86_64-mingw32/bin/../lib/gcc/nios2-elf/5.3.0/mno-hw-mul\libgcc.a(floatunsisf.o)
                0x000000000100c6dc                __floatunsisf
 .text          0x000000000100c7cc      0x8ac d:/intelfpga_lite/18.1/nios2eds/bin/gnu/h-x86_64-mingw32/bin/../lib/gcc/nios2-elf/5.3.0/mno-hw-mul\libgcc.a(adddf3.o)
                0x000000000100c7cc                __adddf3
 .text          0x000000000100d078      0x9d0 d:/intelfpga_lite/18.1/nios2eds/bin/gnu/h-x86_64-mingw32/bin/../lib/gcc/nios2-elf/5.3.0/mno-hw-mul\libgcc.a(divdf3.o)
                0x000000000100d078                __divdf3
 .text          0x000000000100da48      0x86c d:/intelfpga_lite/18.1/nios2eds/bin/gnu/h-x86_64-mingw32/bin/../lib/gcc/nios2-elf/5.3.0/mno-hw-mul\libgcc.a(muldf3.o)
                0x000000000100da48                __muldf3
 .text          0x000000000100e2b4      0x8fc d:/intelfpga_lite/18.1/nios2eds/bin/gnu/h-x86_64-mingw32/bin/../lib/gcc/nios2-elf/5.3.0/mno-hw-mul\libgcc.a(subdf3.o)
                0x000000000100e2b4                __subdf3
 .text          0x000000000100ebb0      0x110 d:/intelfpga_lite/18.1/nios2eds/bin/gnu/h-x86_64-mingw32/bin/../lib/gcc/nios2-elf/5.3.0/mno-hw-mul\libgcc.a(extendsfdf2.o)
                0x000000000100ebb0                __extendsfdf2
 .text          0x000000000100ecc0      0x1a8 d:/intelfpga_lite/18.1/nios2eds/bin/gnu/h-x86_64-mingw32/bin/../lib/gcc/nios2-elf/5.3.0/mno-hw-mul\libgcc.a(truncdfsf2.o)
                0x000000000100ecc0                __truncdfsf2
 .text          0x000000000100ee68       0x64 d:/intelfpga_lite/18.1/nios2eds/bin/gnu/h-x86_64-mingw32/bin/../lib/gcc/nios2-elf/5.3.0/mno-hw-mul\libgcc.a(_clzsi2.o)
                0x000000000100ee68                __clzsi2
 .text          0x000000000100eecc       0x28 d:/intelfpga_lite/18.1/nios2eds/bin/gnu/h-x86_64-mingw32/bin/../lib/gcc/nios2-elf/5.3.0/mno-hw-mul\libgcc.a(lib2-mul.o)
                0x000000000100eecc                __mulsi3
 .text          0x000000000100eef4        0x0 d:/intelfpga_lite/18.1/nios2eds/bin/gnu/h-x86_64-mingw32/bin/../lib/gcc/nios2-elf/5.3.0/mno-hw-mul\libgcc.a(_clz.o)
 .text          0x000000000100eef4        0x0 d:/intelfpga_lite/18.1/nios2eds/bin/gnu/h-x86_64-mingw32/bin/../lib/gcc/nios2-elf/5.3.0/../../../../../H-x86_64-mingw32/nios2-elf/lib/mno-hw-mul\libc.a(lib_a-exit.o)
 .text.exit     0x000000000100eef4       0x38 d:/intelfpga_lite/18.1/nios2eds/bin/gnu/h-x86_64-mingw32/bin/../lib/gcc/nios2-elf/5.3.0/../../../../../H-x86_64-mingw32/nios2-elf/lib/mno-hw-mul\libc.a(lib_a-exit.o)
                0x000000000100eef4                exit
 .text          0x000000000100ef2c        0x0 d:/intelfpga_lite/18.1/nios2eds/bin/gnu/h-x86_64-mingw32/bin/../lib/gcc/nios2-elf/5.3.0/../../../../../H-x86_64-mingw32/nios2-elf/lib/mno-hw-mul\libc.a(lib_a-impure.o)
 .text          0x000000000100ef2c        0x0 d:/intelfpga_lite/18.1/nios2eds/bin/gnu/h-x86_64-mingw32/bin/../lib/gcc/nios2-elf/5.3.0/../../../../../H-x86_64-mingw32/nios2-elf/lib/mno-hw-mul\libc.a(lib_a-malloc.o)
 .text.malloc   0x000000000100ef2c       0x14 d:/intelfpga_lite/18.1/nios2eds/bin/gnu/h-x86_64-mingw32/bin/../lib/gcc/nios2-elf/5.3.0/../../../../../H-x86_64-mingw32/nios2-elf/lib/mno-hw-mul\libc.a(lib_a-malloc.o)
                0x000000000100ef2c                malloc
 .text.free     0x000000000100ef40       0x14 d:/intelfpga_lite/18.1/nios2eds/bin/gnu/h-x86_64-mingw32/bin/../lib/gcc/nios2-elf/5.3.0/../../../../../H-x86_64-mingw32/nios2-elf/lib/mno-hw-mul\libc.a(lib_a-malloc.o)
                0x000000000100ef40                free
 .text          0x000000000100ef54        0x0 d:/intelfpga_lite/18.1/nios2eds/bin/gnu/h-x86_64-mingw32/bin/../lib/gcc/nios2-elf/5.3.0/../../../../../H-x86_64-mingw32/nios2-elf/lib/mno-hw-mul\libc.a(lib_a-mallocr.o)
 .text._malloc_r
                0x000000000100ef54      0x80c d:/intelfpga_lite/18.1/nios2eds/bin/gnu/h-x86_64-mingw32/bin/../lib/gcc/nios2-elf/5.3.0/../../../../../H-x86_64-mingw32/nios2-elf/lib/mno-hw-mul\libc.a(lib_a-mallocr.o)
                0x000000000100ef54                _malloc_r
 .text          0x000000000100f760        0x0 d:/intelfpga_lite/18.1/nios2eds/bin/gnu/h-x86_64-mingw32/bin/../lib/gcc/nios2-elf/5.3.0/../../../../../H-x86_64-mingw32/nios2-elf/lib/mno-hw-mul\libc.a(lib_a-memcpy.o)
 .text.memcpy   0x000000000100f760      0x148 d:/intelfpga_lite/18.1/nios2eds/bin/gnu/h-x86_64-mingw32/bin/../lib/gcc/nios2-elf/5.3.0/../../../../../H-x86_64-mingw32/nios2-elf/lib/mno-hw-mul\libc.a(lib_a-memcpy.o)
                0x000000000100f760                memcpy
 .text          0x000000000100f8a8        0x0 d:/intelfpga_lite/18.1/nios2eds/bin/gnu/h-x86_64-mingw32/bin/../lib/gcc/nios2-elf/5.3.0/../../../../../H-x86_64-mingw32/nios2-elf/lib/mno-hw-mul\libc.a(lib_a-memset.o)
 .text.memset   0x000000000100f8a8      0x128 d:/intelfpga_lite/18.1/nios2eds/bin/gnu/h-x86_64-mingw32/bin/../lib/gcc/nios2-elf/5.3.0/../../../../../H-x86_64-mingw32/nios2-elf/lib/mno-hw-mul\libc.a(lib_a-memset.o)
                0x000000000100f8a8                memset
 .text          0x000000000100f9d0        0x0 d:/intelfpga_lite/18.1/nios2eds/bin/gnu/h-x86_64-mingw32/bin/../lib/gcc/nios2-elf/5.3.0/../../../../../H-x86_64-mingw32/nios2-elf/lib/mno-hw-mul\libc.a(lib_a-printf.o)
 .text._printf_r
                0x000000000100f9d0       0x30 d:/intelfpga_lite/18.1/nios2eds/bin/gnu/h-x86_64-mingw32/bin/../lib/gcc/nios2-elf/5.3.0/../../../../../H-x86_64-mingw32/nios2-elf/lib/mno-hw-mul\libc.a(lib_a-printf.o)
                0x000000000100f9d0                _printf_r
 .text.printf   0x000000000100fa00       0x3c d:/intelfpga_lite/18.1/nios2eds/bin/gnu/h-x86_64-mingw32/bin/../lib/gcc/nios2-elf/5.3.0/../../../../../H-x86_64-mingw32/nios2-elf/lib/mno-hw-mul\libc.a(lib_a-printf.o)
                0x000000000100fa00                printf
 .text          0x000000000100fa3c        0x0 d:/intelfpga_lite/18.1/nios2eds/bin/gnu/h-x86_64-mingw32/bin/../lib/gcc/nios2-elf/5.3.0/../../../../../H-x86_64-mingw32/nios2-elf/lib/mno-hw-mul\libc.a(lib_a-puts.o)
 .text._puts_r  0x000000000100fa3c       0xc0 d:/intelfpga_lite/18.1/nios2eds/bin/gnu/h-x86_64-mingw32/bin/../lib/gcc/nios2-elf/5.3.0/../../../../../H-x86_64-mingw32/nios2-elf/lib/mno-hw-mul\libc.a(lib_a-puts.o)
                0x000000000100fa3c                _puts_r
 .text.puts     0x000000000100fafc       0x14 d:/intelfpga_lite/18.1/nios2eds/bin/gnu/h-x86_64-mingw32/bin/../lib/gcc/nios2-elf/5.3.0/../../../../../H-x86_64-mingw32/nios2-elf/lib/mno-hw-mul\libc.a(lib_a-puts.o)
                0x000000000100fafc                puts
 .text          0x000000000100fb10        0x0 d:/intelfpga_lite/18.1/nios2eds/bin/gnu/h-x86_64-mingw32/bin/../lib/gcc/nios2-elf/5.3.0/../../../../../H-x86_64-mingw32/nios2-elf/lib/mno-hw-mul\libc.a(lib_a-sbrkr.o)
 .text._sbrk_r  0x000000000100fb10       0x54 d:/intelfpga_lite/18.1/nios2eds/bin/gnu/h-x86_64-mingw32/bin/../lib/gcc/nios2-elf/5.3.0/../../../../../H-x86_64-mingw32/nios2-elf/lib/mno-hw-mul\libc.a(lib_a-sbrkr.o)
                0x000000000100fb10                _sbrk_r
 .text          0x000000000100fb64        0x0 d:/intelfpga_lite/18.1/nios2eds/bin/gnu/h-x86_64-mingw32/bin/../lib/gcc/nios2-elf/5.3.0/../../../../../H-x86_64-mingw32/nios2-elf/lib/mno-hw-mul\libc.a(lib_a-snprintf.o)
 .text._snprintf_r
                0x000000000100fb64       0xd8 d:/intelfpga_lite/18.1/nios2eds/bin/gnu/h-x86_64-mingw32/bin/../lib/gcc/nios2-elf/5.3.0/../../../../../H-x86_64-mingw32/nios2-elf/lib/mno-hw-mul\libc.a(lib_a-snprintf.o)
                0x000000000100fb64                _snprintf_r
 .text.snprintf
                0x000000000100fc3c       0xe4 d:/intelfpga_lite/18.1/nios2eds/bin/gnu/h-x86_64-mingw32/bin/../lib/gcc/nios2-elf/5.3.0/../../../../../H-x86_64-mingw32/nios2-elf/lib/mno-hw-mul\libc.a(lib_a-snprintf.o)
                0x000000000100fc3c                snprintf
 .text          0x000000000100fd20        0x0 d:/intelfpga_lite/18.1/nios2eds/bin/gnu/h-x86_64-mingw32/bin/../lib/gcc/nios2-elf/5.3.0/../../../../../H-x86_64-mingw32/nios2-elf/lib/mno-hw-mul\libc.a(lib_a-strlen.o)
 .text.strlen   0x000000000100fd20       0x98 d:/intelfpga_lite/18.1/nios2eds/bin/gnu/h-x86_64-mingw32/bin/../lib/gcc/nios2-elf/5.3.0/../../../../../H-x86_64-mingw32/nios2-elf/lib/mno-hw-mul\libc.a(lib_a-strlen.o)
                0x000000000100fd20                strlen
 .text          0x000000000100fdb8        0x0 d:/intelfpga_lite/18.1/nios2eds/bin/gnu/h-x86_64-mingw32/bin/../lib/gcc/nios2-elf/5.3.0/../../../../../H-x86_64-mingw32/nios2-elf/lib/mno-hw-mul\libc.a(lib_a-strnlen.o)
 .text.strnlen  0x000000000100fdb8       0x44 d:/intelfpga_lite/18.1/nios2eds/bin/gnu/h-x86_64-mingw32/bin/../lib/gcc/nios2-elf/5.3.0/../../../../../H-x86_64-mingw32/nios2-elf/lib/mno-hw-mul\libc.a(lib_a-strnlen.o)
                0x000000000100fdb8                strnlen
 .text          0x000000000100fdfc        0x0 d:/intelfpga_lite/18.1/nios2eds/bin/gnu/h-x86_64-mingw32/bin/../lib/gcc/nios2-elf/5.3.0/../../../../../H-x86_64-mingw32/nios2-elf/lib/mno-hw-mul\libc.a(lib_a-svfprintf.o)
 .text.___svfprintf_internal_r
                0x000000000100fdfc     0x22bc d:/intelfpga_lite/18.1/nios2eds/bin/gnu/h-x86_64-mingw32/bin/../lib/gcc/nios2-elf/5.3.0/../../../../../H-x86_64-mingw32/nios2-elf/lib/mno-hw-mul\libc.a(lib_a-svfprintf.o)
                0x000000000100fdfc                ___svfprintf_internal_r
 .text          0x00000000010120b8        0x0 d:/intelfpga_lite/18.1/nios2eds/bin/gnu/h-x86_64-mingw32/bin/../lib/gcc/nios2-elf/5.3.0/../../../../../H-x86_64-mingw32/nios2-elf/lib/mno-hw-mul\libc.a(lib_a-vfprintf.o)
 .text.___vfprintf_internal_r
                0x00000000010120b8     0x22dc d:/intelfpga_lite/18.1/nios2eds/bin/gnu/h-x86_64-mingw32/bin/../lib/gcc/nios2-elf/5.3.0/../../../../../H-x86_64-mingw32/nios2-elf/lib/mno-hw-mul\libc.a(lib_a-vfprintf.o)
                0x00000000010120b8                ___vfprintf_internal_r
 .text.__vfprintf_internal
                0x0000000001014394       0x1c d:/intelfpga_lite/18.1/nios2eds/bin/gnu/h-x86_64-mingw32/bin/../lib/gcc/nios2-elf/5.3.0/../../../../../H-x86_64-mingw32/nios2-elf/lib/mno-hw-mul\libc.a(lib_a-vfprintf.o)
                0x0000000001014394                __vfprintf_internal
 .text.__sbprintf
                0x00000000010143b0       0xbc d:/intelfpga_lite/18.1/nios2eds/bin/gnu/h-x86_64-mingw32/bin/../lib/gcc/nios2-elf/5.3.0/../../../../../H-x86_64-mingw32/nios2-elf/lib/mno-hw-mul\libc.a(lib_a-vfprintf.o)
 .text          0x000000000101446c        0x0 d:/intelfpga_lite/18.1/nios2eds/bin/gnu/h-x86_64-mingw32/bin/../lib/gcc/nios2-elf/5.3.0/../../../../../H-x86_64-mingw32/nios2-elf/lib/mno-hw-mul\libc.a(lib_a-vsnprintf.o)
 .text._vsnprintf_r
                0x000000000101446c       0xf0 d:/intelfpga_lite/18.1/nios2eds/bin/gnu/h-x86_64-mingw32/bin/../lib/gcc/nios2-elf/5.3.0/../../../../../H-x86_64-mingw32/nios2-elf/lib/mno-hw-mul\libc.a(lib_a-vsnprintf.o)
                0x000000000101446c                _vsnprintf_r
 .text.vsnprintf
                0x000000000101455c       0x34 d:/intelfpga_lite/18.1/nios2eds/bin/gnu/h-x86_64-mingw32/bin/../lib/gcc/nios2-elf/5.3.0/../../../../../H-x86_64-mingw32/nios2-elf/lib/mno-hw-mul\libc.a(lib_a-vsnprintf.o)
                0x000000000101455c                vsnprintf
 .text          0x0000000001014590        0x0 d:/intelfpga_lite/18.1/nios2eds/bin/gnu/h-x86_64-mingw32/bin/../lib/gcc/nios2-elf/5.3.0/../../../../../H-x86_64-mingw32/nios2-elf/lib/mno-hw-mul\libc.a(lib_a-wsetup.o)
 .text.__swsetup_r
                0x0000000001014590      0x154 d:/intelfpga_lite/18.1/nios2eds/bin/gnu/h-x86_64-mingw32/bin/../lib/gcc/nios2-elf/5.3.0/../../../../../H-x86_64-mingw32/nios2-elf/lib/mno-hw-mul\libc.a(lib_a-wsetup.o)
                0x0000000001014590                __swsetup_r
 .text          0x00000000010146e4        0x0 d:/intelfpga_lite/18.1/nios2eds/bin/gnu/h-x86_64-mingw32/bin/../lib/gcc/nios2-elf/5.3.0/../../../../../H-x86_64-mingw32/nios2-elf/lib/mno-hw-mul\libc.a(lib_a-__call_atexit.o)
 .text.__call_exitprocs
                0x00000000010146e4      0x180 d:/intelfpga_lite/18.1/nios2eds/bin/gnu/h-x86_64-mingw32/bin/../lib/gcc/nios2-elf/5.3.0/../../../../../H-x86_64-mingw32/nios2-elf/lib/mno-hw-mul\libc.a(lib_a-__call_atexit.o)
                0x00000000010146e4                __call_exitprocs
 .text          0x0000000001014864        0x0 d:/intelfpga_lite/18.1/nios2eds/bin/gnu/h-x86_64-mingw32/bin/../lib/gcc/nios2-elf/5.3.0/../../../../../H-x86_64-mingw32/nios2-elf/lib/mno-hw-mul\libc.a(lib_a-dtoa.o)
 .text.quorem   0x0000000001014864      0x228 d:/intelfpga_lite/18.1/nios2eds/bin/gnu/h-x86_64-mingw32/bin/../lib/gcc/nios2-elf/5.3.0/../../../../../H-x86_64-mingw32/nios2-elf/lib/mno-hw-mul\libc.a(lib_a-dtoa.o)
 .text._dtoa_r  0x0000000001014a8c     0x1688 d:/intelfpga_lite/18.1/nios2eds/bin/gnu/h-x86_64-mingw32/bin/../lib/gcc/nios2-elf/5.3.0/../../../../../H-x86_64-mingw32/nios2-elf/lib/mno-hw-mul\libc.a(lib_a-dtoa.o)
                0x0000000001014a8c                _dtoa_r
 .text          0x0000000001016114        0x0 d:/intelfpga_lite/18.1/nios2eds/bin/gnu/h-x86_64-mingw32/bin/../lib/gcc/nios2-elf/5.3.0/../../../../../H-x86_64-mingw32/nios2-elf/lib/mno-hw-mul\libc.a(lib_a-fflush.o)
 .text.__sflush_r
                0x0000000001016114      0x21c d:/intelfpga_lite/18.1/nios2eds/bin/gnu/h-x86_64-mingw32/bin/../lib/gcc/nios2-elf/5.3.0/../../../../../H-x86_64-mingw32/nios2-elf/lib/mno-hw-mul\libc.a(lib_a-fflush.o)
                0x0000000001016114                __sflush_r
 .text._fflush_r
                0x0000000001016330       0x5c d:/intelfpga_lite/18.1/nios2eds/bin/gnu/h-x86_64-mingw32/bin/../lib/gcc/nios2-elf/5.3.0/../../../../../H-x86_64-mingw32/nios2-elf/lib/mno-hw-mul\libc.a(lib_a-fflush.o)
                0x0000000001016330                _fflush_r
 .text.fflush   0x000000000101638c       0x30 d:/intelfpga_lite/18.1/nios2eds/bin/gnu/h-x86_64-mingw32/bin/../lib/gcc/nios2-elf/5.3.0/../../../../../H-x86_64-mingw32/nios2-elf/lib/mno-hw-mul\libc.a(lib_a-fflush.o)
                0x000000000101638c                fflush
 .text          0x00000000010163bc        0x0 d:/intelfpga_lite/18.1/nios2eds/bin/gnu/h-x86_64-mingw32/bin/../lib/gcc/nios2-elf/5.3.0/../../../../../H-x86_64-mingw32/nios2-elf/lib/mno-hw-mul\libc.a(lib_a-findfp.o)
 .text.__fp_unlock
                0x00000000010163bc        0x8 d:/intelfpga_lite/18.1/nios2eds/bin/gnu/h-x86_64-mingw32/bin/../lib/gcc/nios2-elf/5.3.0/../../../../../H-x86_64-mingw32/nios2-elf/lib/mno-hw-mul\libc.a(lib_a-findfp.o)
 .text._cleanup_r
                0x00000000010163c4        0xc d:/intelfpga_lite/18.1/nios2eds/bin/gnu/h-x86_64-mingw32/bin/../lib/gcc/nios2-elf/5.3.0/../../../../../H-x86_64-mingw32/nios2-elf/lib/mno-hw-mul\libc.a(lib_a-findfp.o)
                0x00000000010163c4                _cleanup_r
 .text.__sinit.part.1
                0x00000000010163d0      0x19c d:/intelfpga_lite/18.1/nios2eds/bin/gnu/h-x86_64-mingw32/bin/../lib/gcc/nios2-elf/5.3.0/../../../../../H-x86_64-mingw32/nios2-elf/lib/mno-hw-mul\libc.a(lib_a-findfp.o)
 .text.__fp_lock
                0x000000000101656c        0x8 d:/intelfpga_lite/18.1/nios2eds/bin/gnu/h-x86_64-mingw32/bin/../lib/gcc/nios2-elf/5.3.0/../../../../../H-x86_64-mingw32/nios2-elf/lib/mno-hw-mul\libc.a(lib_a-findfp.o)
 .text.__sfmoreglue
                0x0000000001016574       0x78 d:/intelfpga_lite/18.1/nios2eds/bin/gnu/h-x86_64-mingw32/bin/../lib/gcc/nios2-elf/5.3.0/../../../../../H-x86_64-mingw32/nios2-elf/lib/mno-hw-mul\libc.a(lib_a-findfp.o)
                0x0000000001016574                __sfmoreglue
 .text.__sfp    0x00000000010165ec      0x118 d:/intelfpga_lite/18.1/nios2eds/bin/gnu/h-x86_64-mingw32/bin/../lib/gcc/nios2-elf/5.3.0/../../../../../H-x86_64-mingw32/nios2-elf/lib/mno-hw-mul\libc.a(lib_a-findfp.o)
                0x00000000010165ec                __sfp
 .text._cleanup
                0x0000000001016704       0x18 d:/intelfpga_lite/18.1/nios2eds/bin/gnu/h-x86_64-mingw32/bin/../lib/gcc/nios2-elf/5.3.0/../../../../../H-x86_64-mingw32/nios2-elf/lib/mno-hw-mul\libc.a(lib_a-findfp.o)
                0x0000000001016704                _cleanup
 .text.__sinit  0x000000000101671c       0x10 d:/intelfpga_lite/18.1/nios2eds/bin/gnu/h-x86_64-mingw32/bin/../lib/gcc/nios2-elf/5.3.0/../../../../../H-x86_64-mingw32/nios2-elf/lib/mno-hw-mul\libc.a(lib_a-findfp.o)
                0x000000000101671c                __sinit
 .text.__sfp_lock_acquire
                0x000000000101672c        0x4 d:/intelfpga_lite/18.1/nios2eds/bin/gnu/h-x86_64-mingw32/bin/../lib/gcc/nios2-elf/5.3.0/../../../../../H-x86_64-mingw32/nios2-elf/lib/mno-hw-mul\libc.a(lib_a-findfp.o)
                0x000000000101672c                __sfp_lock_acquire
 .text.__sfp_lock_release
                0x0000000001016730        0x4 d:/intelfpga_lite/18.1/nios2eds/bin/gnu/h-x86_64-mingw32/bin/../lib/gcc/nios2-elf/5.3.0/../../../../../H-x86_64-mingw32/nios2-elf/lib/mno-hw-mul\libc.a(lib_a-findfp.o)
                0x0000000001016730                __sfp_lock_release
 .text.__sinit_lock_acquire
                0x0000000001016734        0x4 d:/intelfpga_lite/18.1/nios2eds/bin/gnu/h-x86_64-mingw32/bin/../lib/gcc/nios2-elf/5.3.0/../../../../../H-x86_64-mingw32/nios2-elf/lib/mno-hw-mul\libc.a(lib_a-findfp.o)
                0x0000000001016734                __sinit_lock_acquire
 .text.__sinit_lock_release
                0x0000000001016738        0x4 d:/intelfpga_lite/18.1/nios2eds/bin/gnu/h-x86_64-mingw32/bin/../lib/gcc/nios2-elf/5.3.0/../../../../../H-x86_64-mingw32/nios2-elf/lib/mno-hw-mul\libc.a(lib_a-findfp.o)
                0x0000000001016738                __sinit_lock_release
 .text.__fp_lock_all
                0x000000000101673c       0x18 d:/intelfpga_lite/18.1/nios2eds/bin/gnu/h-x86_64-mingw32/bin/../lib/gcc/nios2-elf/5.3.0/../../../../../H-x86_64-mingw32/nios2-elf/lib/mno-hw-mul\libc.a(lib_a-findfp.o)
                0x000000000101673c                __fp_lock_all
 .text.__fp_unlock_all
                0x0000000001016754       0x18 d:/intelfpga_lite/18.1/nios2eds/bin/gnu/h-x86_64-mingw32/bin/../lib/gcc/nios2-elf/5.3.0/../../../../../H-x86_64-mingw32/nios2-elf/lib/mno-hw-mul\libc.a(lib_a-findfp.o)
                0x0000000001016754                __fp_unlock_all
 .text          0x000000000101676c        0x0 d:/intelfpga_lite/18.1/nios2eds/bin/gnu/h-x86_64-mingw32/bin/../lib/gcc/nios2-elf/5.3.0/../../../../../H-x86_64-mingw32/nios2-elf/lib/mno-hw-mul\libc.a(lib_a-freer.o)
 .text._malloc_trim_r
                0x000000000101676c      0x124 d:/intelfpga_lite/18.1/nios2eds/bin/gnu/h-x86_64-mingw32/bin/../lib/gcc/nios2-elf/5.3.0/../../../../../H-x86_64-mingw32/nios2-elf/lib/mno-hw-mul\libc.a(lib_a-freer.o)
                0x000000000101676c                _malloc_trim_r
 .text._free_r  0x0000000001016890      0x310 d:/intelfpga_lite/18.1/nios2eds/bin/gnu/h-x86_64-mingw32/bin/../lib/gcc/nios2-elf/5.3.0/../../../../../H-x86_64-mingw32/nios2-elf/lib/mno-hw-mul\libc.a(lib_a-freer.o)
                0x0000000001016890                _free_r
 .text          0x0000000001016ba0        0x0 d:/intelfpga_lite/18.1/nios2eds/bin/gnu/h-x86_64-mingw32/bin/../lib/gcc/nios2-elf/5.3.0/../../../../../H-x86_64-mingw32/nios2-elf/lib/mno-hw-mul\libc.a(lib_a-fvwrite.o)
 .text.__sfvwrite_r
                0x0000000001016ba0      0x4c8 d:/intelfpga_lite/18.1/nios2eds/bin/gnu/h-x86_64-mingw32/bin/../lib/gcc/nios2-elf/5.3.0/../../../../../H-x86_64-mingw32/nios2-elf/lib/mno-hw-mul\libc.a(lib_a-fvwrite.o)
                0x0000000001016ba0                __sfvwrite_r
 .text          0x0000000001017068        0x0 d:/intelfpga_lite/18.1/nios2eds/bin/gnu/h-x86_64-mingw32/bin/../lib/gcc/nios2-elf/5.3.0/../../../../../H-x86_64-mingw32/nios2-elf/lib/mno-hw-mul\libc.a(lib_a-fwalk.o)
 .text._fwalk   0x0000000001017068       0xc4 d:/intelfpga_lite/18.1/nios2eds/bin/gnu/h-x86_64-mingw32/bin/../lib/gcc/nios2-elf/5.3.0/../../../../../H-x86_64-mingw32/nios2-elf/lib/mno-hw-mul\libc.a(lib_a-fwalk.o)
                0x0000000001017068                _fwalk
 .text._fwalk_reent
                0x000000000101712c       0xc4 d:/intelfpga_lite/18.1/nios2eds/bin/gnu/h-x86_64-mingw32/bin/../lib/gcc/nios2-elf/5.3.0/../../../../../H-x86_64-mingw32/nios2-elf/lib/mno-hw-mul\libc.a(lib_a-fwalk.o)
                0x000000000101712c                _fwalk_reent
 .text          0x00000000010171f0        0x0 d:/intelfpga_lite/18.1/nios2eds/bin/gnu/h-x86_64-mingw32/bin/../lib/gcc/nios2-elf/5.3.0/../../../../../H-x86_64-mingw32/nios2-elf/lib/mno-hw-mul\libc.a(lib_a-int_errno.o)
 .text          0x00000000010171f0        0x0 d:/intelfpga_lite/18.1/nios2eds/bin/gnu/h-x86_64-mingw32/bin/../lib/gcc/nios2-elf/5.3.0/../../../../../H-x86_64-mingw32/nios2-elf/lib/mno-hw-mul\libc.a(lib_a-locale.o)
 .text._setlocale_r
                0x00000000010171f0       0x7c d:/intelfpga_lite/18.1/nios2eds/bin/gnu/h-x86_64-mingw32/bin/../lib/gcc/nios2-elf/5.3.0/../../../../../H-x86_64-mingw32/nios2-elf/lib/mno-hw-mul\libc.a(lib_a-locale.o)
                0x00000000010171f0                _setlocale_r
 .text.__locale_charset
                0x000000000101726c        0xc d:/intelfpga_lite/18.1/nios2eds/bin/gnu/h-x86_64-mingw32/bin/../lib/gcc/nios2-elf/5.3.0/../../../../../H-x86_64-mingw32/nios2-elf/lib/mno-hw-mul\libc.a(lib_a-locale.o)
                0x000000000101726c                __locale_charset
 .text.__locale_mb_cur_max
                0x0000000001017278       0x10 d:/intelfpga_lite/18.1/nios2eds/bin/gnu/h-x86_64-mingw32/bin/../lib/gcc/nios2-elf/5.3.0/../../../../../H-x86_64-mingw32/nios2-elf/lib/mno-hw-mul\libc.a(lib_a-locale.o)
                0x0000000001017278                __locale_mb_cur_max
 .text.__locale_msgcharset
                0x0000000001017288        0xc d:/intelfpga_lite/18.1/nios2eds/bin/gnu/h-x86_64-mingw32/bin/../lib/gcc/nios2-elf/5.3.0/../../../../../H-x86_64-mingw32/nios2-elf/lib/mno-hw-mul\libc.a(lib_a-locale.o)
                0x0000000001017288                __locale_msgcharset
 .text.__locale_cjk_lang
                0x0000000001017294        0x8 d:/intelfpga_lite/18.1/nios2eds/bin/gnu/h-x86_64-mingw32/bin/../lib/gcc/nios2-elf/5.3.0/../../../../../H-x86_64-mingw32/nios2-elf/lib/mno-hw-mul\libc.a(lib_a-locale.o)
                0x0000000001017294                __locale_cjk_lang
 .text._localeconv_r
                0x000000000101729c        0xc d:/intelfpga_lite/18.1/nios2eds/bin/gnu/h-x86_64-mingw32/bin/../lib/gcc/nios2-elf/5.3.0/../../../../../H-x86_64-mingw32/nios2-elf/lib/mno-hw-mul\libc.a(lib_a-locale.o)
                0x000000000101729c                _localeconv_r
 .text.setlocale
                0x00000000010172a8       0x18 d:/intelfpga_lite/18.1/nios2eds/bin/gnu/h-x86_64-mingw32/bin/../lib/gcc/nios2-elf/5.3.0/../../../../../H-x86_64-mingw32/nios2-elf/lib/mno-hw-mul\libc.a(lib_a-locale.o)
                0x00000000010172a8                setlocale
 .text.localeconv
                0x00000000010172c0        0xc d:/intelfpga_lite/18.1/nios2eds/bin/gnu/h-x86_64-mingw32/bin/../lib/gcc/nios2-elf/5.3.0/../../../../../H-x86_64-mingw32/nios2-elf/lib/mno-hw-mul\libc.a(lib_a-locale.o)
                0x00000000010172c0                localeconv
 .text          0x00000000010172cc        0x0 d:/intelfpga_lite/18.1/nios2eds/bin/gnu/h-x86_64-mingw32/bin/../lib/gcc/nios2-elf/5.3.0/../../../../../H-x86_64-mingw32/nios2-elf/lib/mno-hw-mul\libc.a(lib_a-makebuf.o)
 .text.__smakebuf_r
                0x00000000010172cc      0x1bc d:/intelfpga_lite/18.1/nios2eds/bin/gnu/h-x86_64-mingw32/bin/../lib/gcc/nios2-elf/5.3.0/../../../../../H-x86_64-mingw32/nios2-elf/lib/mno-hw-mul\libc.a(lib_a-makebuf.o)
                0x00000000010172cc                __smakebuf_r
 .text          0x0000000001017488        0x0 d:/intelfpga_lite/18.1/nios2eds/bin/gnu/h-x86_64-mingw32/bin/../lib/gcc/nios2-elf/5.3.0/../../../../../H-x86_64-mingw32/nios2-elf/lib/mno-hw-mul\libc.a(lib_a-memchr.o)
 .text.memchr   0x0000000001017488       0xe4 d:/intelfpga_lite/18.1/nios2eds/bin/gnu/h-x86_64-mingw32/bin/../lib/gcc/nios2-elf/5.3.0/../../../../../H-x86_64-mingw32/nios2-elf/lib/mno-hw-mul\libc.a(lib_a-memchr.o)
                0x0000000001017488                memchr
 .text          0x000000000101756c        0x0 d:/intelfpga_lite/18.1/nios2eds/bin/gnu/h-x86_64-mingw32/bin/../lib/gcc/nios2-elf/5.3.0/../../../../../H-x86_64-mingw32/nios2-elf/lib/mno-hw-mul\libc.a(lib_a-memmove.o)
 .text.memmove  0x000000000101756c      0x15c d:/intelfpga_lite/18.1/nios2eds/bin/gnu/h-x86_64-mingw32/bin/../lib/gcc/nios2-elf/5.3.0/../../../../../H-x86_64-mingw32/nios2-elf/lib/mno-hw-mul\libc.a(lib_a-memmove.o)
                0x000000000101756c                memmove
 .text          0x00000000010176c8        0x0 d:/intelfpga_lite/18.1/nios2eds/bin/gnu/h-x86_64-mingw32/bin/../lib/gcc/nios2-elf/5.3.0/../../../../../H-x86_64-mingw32/nios2-elf/lib/mno-hw-mul\libc.a(lib_a-mprec.o)
 .text._Balloc  0x00000000010176c8       0xa8 d:/intelfpga_lite/18.1/nios2eds/bin/gnu/h-x86_64-mingw32/bin/../lib/gcc/nios2-elf/5.3.0/../../../../../H-x86_64-mingw32/nios2-elf/lib/mno-hw-mul\libc.a(lib_a-mprec.o)
                0x00000000010176c8                _Balloc
 .text._Bfree   0x0000000001017770       0x28 d:/intelfpga_lite/18.1/nios2eds/bin/gnu/h-x86_64-mingw32/bin/../lib/gcc/nios2-elf/5.3.0/../../../../../H-x86_64-mingw32/nios2-elf/lib/mno-hw-mul\libc.a(lib_a-mprec.o)
                0x0000000001017770                _Bfree
 .text.__multadd
                0x0000000001017798      0x148 d:/intelfpga_lite/18.1/nios2eds/bin/gnu/h-x86_64-mingw32/bin/../lib/gcc/nios2-elf/5.3.0/../../../../../H-x86_64-mingw32/nios2-elf/lib/mno-hw-mul\libc.a(lib_a-mprec.o)
                0x0000000001017798                __multadd
 .text.__s2b    0x00000000010178e0      0x104 d:/intelfpga_lite/18.1/nios2eds/bin/gnu/h-x86_64-mingw32/bin/../lib/gcc/nios2-elf/5.3.0/../../../../../H-x86_64-mingw32/nios2-elf/lib/mno-hw-mul\libc.a(lib_a-mprec.o)
                0x00000000010178e0                __s2b
 .text.__hi0bits
                0x00000000010179e4       0x68 d:/intelfpga_lite/18.1/nios2eds/bin/gnu/h-x86_64-mingw32/bin/../lib/gcc/nios2-elf/5.3.0/../../../../../H-x86_64-mingw32/nios2-elf/lib/mno-hw-mul\libc.a(lib_a-mprec.o)
                0x00000000010179e4                __hi0bits
 .text.__lo0bits
                0x0000000001017a4c       0xb0 d:/intelfpga_lite/18.1/nios2eds/bin/gnu/h-x86_64-mingw32/bin/../lib/gcc/nios2-elf/5.3.0/../../../../../H-x86_64-mingw32/nios2-elf/lib/mno-hw-mul\libc.a(lib_a-mprec.o)
                0x0000000001017a4c                __lo0bits
 .text.__i2b    0x0000000001017afc       0x3c d:/intelfpga_lite/18.1/nios2eds/bin/gnu/h-x86_64-mingw32/bin/../lib/gcc/nios2-elf/5.3.0/../../../../../H-x86_64-mingw32/nios2-elf/lib/mno-hw-mul\libc.a(lib_a-mprec.o)
                0x0000000001017afc                __i2b
 .text.__multiply
                0x0000000001017b38      0x28c d:/intelfpga_lite/18.1/nios2eds/bin/gnu/h-x86_64-mingw32/bin/../lib/gcc/nios2-elf/5.3.0/../../../../../H-x86_64-mingw32/nios2-elf/lib/mno-hw-mul\libc.a(lib_a-mprec.o)
                0x0000000001017b38                __multiply
 .text.__pow5mult
                0x0000000001017dc4      0x140 d:/intelfpga_lite/18.1/nios2eds/bin/gnu/h-x86_64-mingw32/bin/../lib/gcc/nios2-elf/5.3.0/../../../../../H-x86_64-mingw32/nios2-elf/lib/mno-hw-mul\libc.a(lib_a-mprec.o)
                0x0000000001017dc4                __pow5mult
 .text.__lshift
                0x0000000001017f04      0x148 d:/intelfpga_lite/18.1/nios2eds/bin/gnu/h-x86_64-mingw32/bin/../lib/gcc/nios2-elf/5.3.0/../../../../../H-x86_64-mingw32/nios2-elf/lib/mno-hw-mul\libc.a(lib_a-mprec.o)
                0x0000000001017f04                __lshift
 .text.__mcmp   0x000000000101804c       0x60 d:/intelfpga_lite/18.1/nios2eds/bin/gnu/h-x86_64-mingw32/bin/../lib/gcc/nios2-elf/5.3.0/../../../../../H-x86_64-mingw32/nios2-elf/lib/mno-hw-mul\libc.a(lib_a-mprec.o)
                0x000000000101804c                __mcmp
 .text.__mdiff  0x00000000010180ac      0x1fc d:/intelfpga_lite/18.1/nios2eds/bin/gnu/h-x86_64-mingw32/bin/../lib/gcc/nios2-elf/5.3.0/../../../../../H-x86_64-mingw32/nios2-elf/lib/mno-hw-mul\libc.a(lib_a-mprec.o)
                0x00000000010180ac                __mdiff
 .text.__ulp    0x00000000010182a8       0x64 d:/intelfpga_lite/18.1/nios2eds/bin/gnu/h-x86_64-mingw32/bin/../lib/gcc/nios2-elf/5.3.0/../../../../../H-x86_64-mingw32/nios2-elf/lib/mno-hw-mul\libc.a(lib_a-mprec.o)
                0x00000000010182a8                __ulp
 .text.__b2d    0x000000000101830c      0x10c d:/intelfpga_lite/18.1/nios2eds/bin/gnu/h-x86_64-mingw32/bin/../lib/gcc/nios2-elf/5.3.0/../../../../../H-x86_64-mingw32/nios2-elf/lib/mno-hw-mul\libc.a(lib_a-mprec.o)
                0x000000000101830c                __b2d
 .text.__d2b    0x0000000001018418      0x14c d:/intelfpga_lite/18.1/nios2eds/bin/gnu/h-x86_64-mingw32/bin/../lib/gcc/nios2-elf/5.3.0/../../../../../H-x86_64-mingw32/nios2-elf/lib/mno-hw-mul\libc.a(lib_a-mprec.o)
                0x0000000001018418                __d2b
 .text.__ratio  0x0000000001018564       0xa4 d:/intelfpga_lite/18.1/nios2eds/bin/gnu/h-x86_64-mingw32/bin/../lib/gcc/nios2-elf/5.3.0/../../../../../H-x86_64-mingw32/nios2-elf/lib/mno-hw-mul\libc.a(lib_a-mprec.o)
                0x0000000001018564                __ratio
 .text._mprec_log10
                0x0000000001018608       0x74 d:/intelfpga_lite/18.1/nios2eds/bin/gnu/h-x86_64-mingw32/bin/../lib/gcc/nios2-elf/5.3.0/../../../../../H-x86_64-mingw32/nios2-elf/lib/mno-hw-mul\libc.a(lib_a-mprec.o)
                0x0000000001018608                _mprec_log10
 .text.__copybits
                0x000000000101867c       0x78 d:/intelfpga_lite/18.1/nios2eds/bin/gnu/h-x86_64-mingw32/bin/../lib/gcc/nios2-elf/5.3.0/../../../../../H-x86_64-mingw32/nios2-elf/lib/mno-hw-mul\libc.a(lib_a-mprec.o)
                0x000000000101867c                __copybits
 .text.__any_on
                0x00000000010186f4       0x8c d:/intelfpga_lite/18.1/nios2eds/bin/gnu/h-x86_64-mingw32/bin/../lib/gcc/nios2-elf/5.3.0/../../../../../H-x86_64-mingw32/nios2-elf/lib/mno-hw-mul\libc.a(lib_a-mprec.o)
                0x00000000010186f4                __any_on
 .text          0x0000000001018780        0x0 d:/intelfpga_lite/18.1/nios2eds/bin/gnu/h-x86_64-mingw32/bin/../lib/gcc/nios2-elf/5.3.0/../../../../../H-x86_64-mingw32/nios2-elf/lib/mno-hw-mul\libc.a(lib_a-reallocr.o)
 .text._realloc_r
                0x0000000001018780      0x564 d:/intelfpga_lite/18.1/nios2eds/bin/gnu/h-x86_64-mingw32/bin/../lib/gcc/nios2-elf/5.3.0/../../../../../H-x86_64-mingw32/nios2-elf/lib/mno-hw-mul\libc.a(lib_a-reallocr.o)
                0x0000000001018780                _realloc_r
 .text          0x0000000001018ce4        0x0 d:/intelfpga_lite/18.1/nios2eds/bin/gnu/h-x86_64-mingw32/bin/../lib/gcc/nios2-elf/5.3.0/../../../../../H-x86_64-mingw32/nios2-elf/lib/mno-hw-mul\libc.a(lib_a-s_fpclassify.o)
 .text.__fpclassifyd
                0x0000000001018ce4       0x74 d:/intelfpga_lite/18.1/nios2eds/bin/gnu/h-x86_64-mingw32/bin/../lib/gcc/nios2-elf/5.3.0/../../../../../H-x86_64-mingw32/nios2-elf/lib/mno-hw-mul\libc.a(lib_a-s_fpclassify.o)
                0x0000000001018ce4                __fpclassifyd
 .text          0x0000000001018d58        0x0 d:/intelfpga_lite/18.1/nios2eds/bin/gnu/h-x86_64-mingw32/bin/../lib/gcc/nios2-elf/5.3.0/../../../../../H-x86_64-mingw32/nios2-elf/lib/mno-hw-mul\libc.a(lib_a-stdio.o)
 .text.__sread  0x0000000001018d58       0x54 d:/intelfpga_lite/18.1/nios2eds/bin/gnu/h-x86_64-mingw32/bin/../lib/gcc/nios2-elf/5.3.0/../../../../../H-x86_64-mingw32/nios2-elf/lib/mno-hw-mul\libc.a(lib_a-stdio.o)
                0x0000000001018d58                __sread
 .text.__seofread
                0x0000000001018dac        0x8 d:/intelfpga_lite/18.1/nios2eds/bin/gnu/h-x86_64-mingw32/bin/../lib/gcc/nios2-elf/5.3.0/../../../../../H-x86_64-mingw32/nios2-elf/lib/mno-hw-mul\libc.a(lib_a-stdio.o)
                0x0000000001018dac                __seofread
 .text.__swrite
                0x0000000001018db4       0x7c d:/intelfpga_lite/18.1/nios2eds/bin/gnu/h-x86_64-mingw32/bin/../lib/gcc/nios2-elf/5.3.0/../../../../../H-x86_64-mingw32/nios2-elf/lib/mno-hw-mul\libc.a(lib_a-stdio.o)
                0x0000000001018db4                __swrite
 .text.__sseek  0x0000000001018e30       0x5c d:/intelfpga_lite/18.1/nios2eds/bin/gnu/h-x86_64-mingw32/bin/../lib/gcc/nios2-elf/5.3.0/../../../../../H-x86_64-mingw32/nios2-elf/lib/mno-hw-mul\libc.a(lib_a-stdio.o)
                0x0000000001018e30                __sseek
 .text.__sclose
                0x0000000001018e8c        0x8 d:/intelfpga_lite/18.1/nios2eds/bin/gnu/h-x86_64-mingw32/bin/../lib/gcc/nios2-elf/5.3.0/../../../../../H-x86_64-mingw32/nios2-elf/lib/mno-hw-mul\libc.a(lib_a-stdio.o)
                0x0000000001018e8c                __sclose
 .text          0x0000000001018e94        0x0 d:/intelfpga_lite/18.1/nios2eds/bin/gnu/h-x86_64-mingw32/bin/../lib/gcc/nios2-elf/5.3.0/../../../../../H-x86_64-mingw32/nios2-elf/lib/mno-hw-mul\libc.a(lib_a-strcmp.o)
 .text.strcmp   0x0000000001018e94       0xdc d:/intelfpga_lite/18.1/nios2eds/bin/gnu/h-x86_64-mingw32/bin/../lib/gcc/nios2-elf/5.3.0/../../../../../H-x86_64-mingw32/nios2-elf/lib/mno-hw-mul\libc.a(lib_a-strcmp.o)
                0x0000000001018e94                strcmp
 .text          0x0000000001018f70        0x0 d:/intelfpga_lite/18.1/nios2eds/bin/gnu/h-x86_64-mingw32/bin/../lib/gcc/nios2-elf/5.3.0/../../../../../H-x86_64-mingw32/nios2-elf/lib/mno-hw-mul\libc.a(lib_a-svfiprintf.o)
 .text.__ssprint_r
                0x0000000001018f70      0x1d0 d:/intelfpga_lite/18.1/nios2eds/bin/gnu/h-x86_64-mingw32/bin/../lib/gcc/nios2-elf/5.3.0/../../../../../H-x86_64-mingw32/nios2-elf/lib/mno-hw-mul\libc.a(lib_a-svfiprintf.o)
                0x0000000001018f70                __ssprint_r
 .text.___svfiprintf_internal_r
                0x0000000001019140     0x13a0 d:/intelfpga_lite/18.1/nios2eds/bin/gnu/h-x86_64-mingw32/bin/../lib/gcc/nios2-elf/5.3.0/../../../../../H-x86_64-mingw32/nios2-elf/lib/mno-hw-mul\libc.a(lib_a-svfiprintf.o)
                0x0000000001019140                ___svfiprintf_internal_r
 .text          0x000000000101a4e0        0x0 d:/intelfpga_lite/18.1/nios2eds/bin/gnu/h-x86_64-mingw32/bin/../lib/gcc/nios2-elf/5.3.0/../../../../../H-x86_64-mingw32/nios2-elf/lib/mno-hw-mul\libc.a(lib_a-vfiprintf.o)
 .text.__sprint_r.part.0
                0x000000000101a4e0       0xfc d:/intelfpga_lite/18.1/nios2eds/bin/gnu/h-x86_64-mingw32/bin/../lib/gcc/nios2-elf/5.3.0/../../../../../H-x86_64-mingw32/nios2-elf/lib/mno-hw-mul\libc.a(lib_a-vfiprintf.o)
 .text.__sprint_r
                0x000000000101a5dc       0x18 d:/intelfpga_lite/18.1/nios2eds/bin/gnu/h-x86_64-mingw32/bin/../lib/gcc/nios2-elf/5.3.0/../../../../../H-x86_64-mingw32/nios2-elf/lib/mno-hw-mul\libc.a(lib_a-vfiprintf.o)
                0x000000000101a5dc                __sprint_r
 .text.___vfiprintf_internal_r
                0x000000000101a5f4     0x150c d:/intelfpga_lite/18.1/nios2eds/bin/gnu/h-x86_64-mingw32/bin/../lib/gcc/nios2-elf/5.3.0/../../../../../H-x86_64-mingw32/nios2-elf/lib/mno-hw-mul\libc.a(lib_a-vfiprintf.o)
                0x000000000101a5f4                ___vfiprintf_internal_r
 .text.__vfiprintf_internal
                0x000000000101bb00       0x1c d:/intelfpga_lite/18.1/nios2eds/bin/gnu/h-x86_64-mingw32/bin/../lib/gcc/nios2-elf/5.3.0/../../../../../H-x86_64-mingw32/nios2-elf/lib/mno-hw-mul\libc.a(lib_a-vfiprintf.o)
                0x000000000101bb00                __vfiprintf_internal
 .text.__sbprintf
                0x000000000101bb1c       0xbc d:/intelfpga_lite/18.1/nios2eds/bin/gnu/h-x86_64-mingw32/bin/../lib/gcc/nios2-elf/5.3.0/../../../../../H-x86_64-mingw32/nios2-elf/lib/mno-hw-mul\libc.a(lib_a-vfiprintf.o)
 .text          0x000000000101bbd8        0x0 d:/intelfpga_lite/18.1/nios2eds/bin/gnu/h-x86_64-mingw32/bin/../lib/gcc/nios2-elf/5.3.0/../../../../../H-x86_64-mingw32/nios2-elf/lib/mno-hw-mul\libc.a(lib_a-writer.o)
 .text._write_r
                0x000000000101bbd8       0x60 d:/intelfpga_lite/18.1/nios2eds/bin/gnu/h-x86_64-mingw32/bin/../lib/gcc/nios2-elf/5.3.0/../../../../../H-x86_64-mingw32/nios2-elf/lib/mno-hw-mul\libc.a(lib_a-writer.o)
                0x000000000101bbd8                _write_r
 .text          0x000000000101bc38        0x0 d:/intelfpga_lite/18.1/nios2eds/bin/gnu/h-x86_64-mingw32/bin/../lib/gcc/nios2-elf/5.3.0/../../../../../H-x86_64-mingw32/nios2-elf/lib/mno-hw-mul\libc.a(closer.o)
 .text._close_r
                0x000000000101bc38       0x54 d:/intelfpga_lite/18.1/nios2eds/bin/gnu/h-x86_64-mingw32/bin/../lib/gcc/nios2-elf/5.3.0/../../../../../H-x86_64-mingw32/nios2-elf/lib/mno-hw-mul\libc.a(closer.o)
                0x000000000101bc38                _close_r
 .text          0x000000000101bc8c        0x0 d:/intelfpga_lite/18.1/nios2eds/bin/gnu/h-x86_64-mingw32/bin/../lib/gcc/nios2-elf/5.3.0/../../../../../H-x86_64-mingw32/nios2-elf/lib/mno-hw-mul\libc.a(lib_a-callocr.o)
 .text._calloc_r
                0x000000000101bc8c       0xdc d:/intelfpga_lite/18.1/nios2eds/bin/gnu/h-x86_64-mingw32/bin/../lib/gcc/nios2-elf/5.3.0/../../../../../H-x86_64-mingw32/nios2-elf/lib/mno-hw-mul\libc.a(lib_a-callocr.o)
                0x000000000101bc8c                _calloc_r
 .text          0x000000000101bd68        0x0 d:/intelfpga_lite/18.1/nios2eds/bin/gnu/h-x86_64-mingw32/bin/../lib/gcc/nios2-elf/5.3.0/../../../../../H-x86_64-mingw32/nios2-elf/lib/mno-hw-mul\libc.a(lib_a-fclose.o)
 .text._fclose_r
                0x000000000101bd68       0xf0 d:/intelfpga_lite/18.1/nios2eds/bin/gnu/h-x86_64-mingw32/bin/../lib/gcc/nios2-elf/5.3.0/../../../../../H-x86_64-mingw32/nios2-elf/lib/mno-hw-mul\libc.a(lib_a-fclose.o)
                0x000000000101bd68                _fclose_r
 .text.fclose   0x000000000101be58       0x14 d:/intelfpga_lite/18.1/nios2eds/bin/gnu/h-x86_64-mingw32/bin/../lib/gcc/nios2-elf/5.3.0/../../../../../H-x86_64-mingw32/nios2-elf/lib/mno-hw-mul\libc.a(lib_a-fclose.o)
                0x000000000101be58                fclose
 .text          0x000000000101be6c        0x0 d:/intelfpga_lite/18.1/nios2eds/bin/gnu/h-x86_64-mingw32/bin/../lib/gcc/nios2-elf/5.3.0/../../../../../H-x86_64-mingw32/nios2-elf/lib/mno-hw-mul\libc.a(lib_a-fputwc.o)
 .text.__fputwc
                0x000000000101be6c      0x164 d:/intelfpga_lite/18.1/nios2eds/bin/gnu/h-x86_64-mingw32/bin/../lib/gcc/nios2-elf/5.3.0/../../../../../H-x86_64-mingw32/nios2-elf/lib/mno-hw-mul\libc.a(lib_a-fputwc.o)
                0x000000000101be6c                __fputwc
 .text._fputwc_r
                0x000000000101bfd0       0x24 d:/intelfpga_lite/18.1/nios2eds/bin/gnu/h-x86_64-mingw32/bin/../lib/gcc/nios2-elf/5.3.0/../../../../../H-x86_64-mingw32/nios2-elf/lib/mno-hw-mul\libc.a(lib_a-fputwc.o)
                0x000000000101bfd0                _fputwc_r
 .text.fputwc   0x000000000101bff4       0x80 d:/intelfpga_lite/18.1/nios2eds/bin/gnu/h-x86_64-mingw32/bin/../lib/gcc/nios2-elf/5.3.0/../../../../../H-x86_64-mingw32/nios2-elf/lib/mno-hw-mul\libc.a(lib_a-fputwc.o)
                0x000000000101bff4                fputwc
 .text          0x000000000101c074        0x0 d:/intelfpga_lite/18.1/nios2eds/bin/gnu/h-x86_64-mingw32/bin/../lib/gcc/nios2-elf/5.3.0/../../../../../H-x86_64-mingw32/nios2-elf/lib/mno-hw-mul\libc.a(lib_a-fstatr.o)
 .text._fstat_r
                0x000000000101c074       0x5c d:/intelfpga_lite/18.1/nios2eds/bin/gnu/h-x86_64-mingw32/bin/../lib/gcc/nios2-elf/5.3.0/../../../../../H-x86_64-mingw32/nios2-elf/lib/mno-hw-mul\libc.a(lib_a-fstatr.o)
                0x000000000101c074                _fstat_r
 .text          0x000000000101c0d0        0x0 d:/intelfpga_lite/18.1/nios2eds/bin/gnu/h-x86_64-mingw32/bin/../lib/gcc/nios2-elf/5.3.0/../../../../../H-x86_64-mingw32/nios2-elf/lib/mno-hw-mul\libc.a(lib_a-isattyr.o)
 .text._isatty_r
                0x000000000101c0d0       0x54 d:/intelfpga_lite/18.1/nios2eds/bin/gnu/h-x86_64-mingw32/bin/../lib/gcc/nios2-elf/5.3.0/../../../../../H-x86_64-mingw32/nios2-elf/lib/mno-hw-mul\libc.a(lib_a-isattyr.o)
                0x000000000101c0d0                _isatty_r
 .text          0x000000000101c124        0x0 d:/intelfpga_lite/18.1/nios2eds/bin/gnu/h-x86_64-mingw32/bin/../lib/gcc/nios2-elf/5.3.0/../../../../../H-x86_64-mingw32/nios2-elf/lib/mno-hw-mul\libc.a(lib_a-lseekr.o)
 .text._lseek_r
                0x000000000101c124       0x60 d:/intelfpga_lite/18.1/nios2eds/bin/gnu/h-x86_64-mingw32/bin/../lib/gcc/nios2-elf/5.3.0/../../../../../H-x86_64-mingw32/nios2-elf/lib/mno-hw-mul\libc.a(lib_a-lseekr.o)
                0x000000000101c124                _lseek_r
 .text          0x000000000101c184        0x0 d:/intelfpga_lite/18.1/nios2eds/bin/gnu/h-x86_64-mingw32/bin/../lib/gcc/nios2-elf/5.3.0/../../../../../H-x86_64-mingw32/nios2-elf/lib/mno-hw-mul\libc.a(lib_a-readr.o)
 .text._read_r  0x000000000101c184       0x60 d:/intelfpga_lite/18.1/nios2eds/bin/gnu/h-x86_64-mingw32/bin/../lib/gcc/nios2-elf/5.3.0/../../../../../H-x86_64-mingw32/nios2-elf/lib/mno-hw-mul\libc.a(lib_a-readr.o)
                0x000000000101c184                _read_r
 .text          0x000000000101c1e4        0x0 d:/intelfpga_lite/18.1/nios2eds/bin/gnu/h-x86_64-mingw32/bin/../lib/gcc/nios2-elf/5.3.0/../../../../../H-x86_64-mingw32/nios2-elf/lib/mno-hw-mul\libc.a(lib_a-wbuf.o)
 .text.__swbuf_r
                0x000000000101c1e4      0x140 d:/intelfpga_lite/18.1/nios2eds/bin/gnu/h-x86_64-mingw32/bin/../lib/gcc/nios2-elf/5.3.0/../../../../../H-x86_64-mingw32/nios2-elf/lib/mno-hw-mul\libc.a(lib_a-wbuf.o)
                0x000000000101c1e4                __swbuf_r
 .text.__swbuf  0x000000000101c324       0x18 d:/intelfpga_lite/18.1/nios2eds/bin/gnu/h-x86_64-mingw32/bin/../lib/gcc/nios2-elf/5.3.0/../../../../../H-x86_64-mingw32/nios2-elf/lib/mno-hw-mul\libc.a(lib_a-wbuf.o)
                0x000000000101c324                __swbuf
 .text          0x000000000101c33c        0x0 d:/intelfpga_lite/18.1/nios2eds/bin/gnu/h-x86_64-mingw32/bin/../lib/gcc/nios2-elf/5.3.0/../../../../../H-x86_64-mingw32/nios2-elf/lib/mno-hw-mul\libc.a(lib_a-wcrtomb.o)
 .text._wcrtomb_r
                0x000000000101c33c       0x9c d:/intelfpga_lite/18.1/nios2eds/bin/gnu/h-x86_64-mingw32/bin/../lib/gcc/nios2-elf/5.3.0/../../../../../H-x86_64-mingw32/nios2-elf/lib/mno-hw-mul\libc.a(lib_a-wcrtomb.o)
                0x000000000101c33c                _wcrtomb_r
 .text.wcrtomb  0x000000000101c3d8       0xc0 d:/intelfpga_lite/18.1/nios2eds/bin/gnu/h-x86_64-mingw32/bin/../lib/gcc/nios2-elf/5.3.0/../../../../../H-x86_64-mingw32/nios2-elf/lib/mno-hw-mul\libc.a(lib_a-wcrtomb.o)
                0x000000000101c3d8                wcrtomb
 .text          0x000000000101c498        0x0 d:/intelfpga_lite/18.1/nios2eds/bin/gnu/h-x86_64-mingw32/bin/../lib/gcc/nios2-elf/5.3.0/../../../../../H-x86_64-mingw32/nios2-elf/lib/mno-hw-mul\libc.a(lib_a-wctomb_r.o)
 .text.__ascii_wctomb
                0x000000000101c498       0x30 d:/intelfpga_lite/18.1/nios2eds/bin/gnu/h-x86_64-mingw32/bin/../lib/gcc/nios2-elf/5.3.0/../../../../../H-x86_64-mingw32/nios2-elf/lib/mno-hw-mul\libc.a(lib_a-wctomb_r.o)
                0x000000000101c498                __ascii_wctomb
 .text._wctomb_r
                0x000000000101c4c8       0x5c d:/intelfpga_lite/18.1/nios2eds/bin/gnu/h-x86_64-mingw32/bin/../lib/gcc/nios2-elf/5.3.0/../../../../../H-x86_64-mingw32/nios2-elf/lib/mno-hw-mul\libc.a(lib_a-wctomb_r.o)
                0x000000000101c4c8                _wctomb_r
 .text          0x000000000101c524      0x5fc d:/intelfpga_lite/18.1/nios2eds/bin/gnu/h-x86_64-mingw32/bin/../lib/gcc/nios2-elf/5.3.0/mno-hw-mul\libgcc.a(_udivdi3.o)
                0x000000000101c524                __udivdi3
 .text          0x000000000101cb20      0x5c4 d:/intelfpga_lite/18.1/nios2eds/bin/gnu/h-x86_64-mingw32/bin/../lib/gcc/nios2-elf/5.3.0/mno-hw-mul\libgcc.a(_umoddi3.o)
                0x000000000101cb20                __umoddi3
 .text          0x000000000101d0e4       0x88 d:/intelfpga_lite/18.1/nios2eds/bin/gnu/h-x86_64-mingw32/bin/../lib/gcc/nios2-elf/5.3.0/mno-hw-mul\libgcc.a(eqdf2.o)
                0x000000000101d0e4                __nedf2
                0x000000000101d0e4                __eqdf2
 .text          0x000000000101d16c       0xdc d:/intelfpga_lite/18.1/nios2eds/bin/gnu/h-x86_64-mingw32/bin/../lib/gcc/nios2-elf/5.3.0/mno-hw-mul\libgcc.a(gedf2.o)
                0x000000000101d16c                __gedf2
                0x000000000101d16c                __gtdf2
 .text          0x000000000101d248       0xf4 d:/intelfpga_lite/18.1/nios2eds/bin/gnu/h-x86_64-mingw32/bin/../lib/gcc/nios2-elf/5.3.0/mno-hw-mul\libgcc.a(ledf2.o)
                0x000000000101d248                __ledf2
                0x000000000101d248                __ltdf2
 .text          0x000000000101d33c       0x80 d:/intelfpga_lite/18.1/nios2eds/bin/gnu/h-x86_64-mingw32/bin/../lib/gcc/nios2-elf/5.3.0/mno-hw-mul\libgcc.a(fixdfsi.o)
                0x000000000101d33c                __fixdfsi
 .text          0x000000000101d3bc       0xdc d:/intelfpga_lite/18.1/nios2eds/bin/gnu/h-x86_64-mingw32/bin/../lib/gcc/nios2-elf/5.3.0/mno-hw-mul\libgcc.a(floatsidf.o)
                0x000000000101d3bc                __floatsidf
 .text          0x000000000101d498       0xa8 d:/intelfpga_lite/18.1/nios2eds/bin/gnu/h-x86_64-mingw32/bin/../lib/gcc/nios2-elf/5.3.0/mno-hw-mul\libgcc.a(floatunsidf.o)
                0x000000000101d498                __floatunsidf
 .text          0x000000000101d540      0x114 ../LGSM_CPU_V2_0_bsp/\libhal_bsp.a(alt_close.o)
                0x000000000101d57c                close
 .text          0x000000000101d654       0x2c ../LGSM_CPU_V2_0_bsp/\libhal_bsp.a(alt_dev.o)
 .text          0x000000000101d680        0x0 ../LGSM_CPU_V2_0_bsp/\libhal_bsp.a(alt_errno.o)
 .text          0x000000000101d680       0x34 ../LGSM_CPU_V2_0_bsp/\libhal_bsp.a(alt_exit.o)
                0x000000000101d680                _exit
 .text          0x000000000101d6b4       0xf4 ../LGSM_CPU_V2_0_bsp/\libhal_bsp.a(alt_fstat.o)
                0x000000000101d6f0                fstat
 .text          0x000000000101d7a8      0x1b0 ../LGSM_CPU_V2_0_bsp/\libhal_bsp.a(alt_iic.o)
                0x000000000101d7a8                alt_ic_isr_register
                0x000000000101d7f8                alt_ic_irq_enable
                0x000000000101d880                alt_ic_irq_disable
                0x000000000101d90c                alt_ic_irq_enabled
 .text          0x000000000101d958       0xf0 ../LGSM_CPU_V2_0_bsp/\libhal_bsp.a(alt_iic_isr_register.o)
                0x000000000101d958                alt_iic_isr_register
 .text          0x000000000101da48        0x0 ../LGSM_CPU_V2_0_bsp/\libhal_bsp.a(alt_irq_entry.o)
 .text          0x000000000101da48        0x0 ../LGSM_CPU_V2_0_bsp/\libhal_bsp.a(alt_irq_handler.o)
 .text          0x000000000101da48        0x0 ../LGSM_CPU_V2_0_bsp/\libhal_bsp.a(alt_irq_vars.o)
 .text          0x000000000101da48       0xe8 ../LGSM_CPU_V2_0_bsp/\libhal_bsp.a(alt_isatty.o)
                0x000000000101da84                isatty
 .text          0x000000000101db30      0x118 ../LGSM_CPU_V2_0_bsp/\libhal_bsp.a(alt_lseek.o)
                0x000000000101db6c                lseek
 .text          0x000000000101dc48       0x7c ../LGSM_CPU_V2_0_bsp/\libhal_bsp.a(alt_main.o)
                0x000000000101dc48                alt_main
 .text          0x000000000101dcc4       0x48 ../LGSM_CPU_V2_0_bsp/\libhal_bsp.a(alt_malloc_lock.o)
                0x000000000101dcc4                __malloc_lock
                0x000000000101dce8                __malloc_unlock
 .text          0x000000000101dd0c      0x140 ../LGSM_CPU_V2_0_bsp/\libhal_bsp.a(alt_read.o)
                0x000000000101dd48                read
 .text          0x000000000101de4c       0x84 ../LGSM_CPU_V2_0_bsp/\libhal_bsp.a(alt_release_fd.o)
                0x000000000101de4c                alt_release_fd
 .text          0x000000000101ded0       0xb0 ../LGSM_CPU_V2_0_bsp/\libhal_bsp.a(alt_sbrk.o)
                0x000000000101ded0                sbrk
 .text          0x000000000101df80       0x30 ../LGSM_CPU_V2_0_bsp/\libhal_bsp.a(alt_usleep.o)
                0x000000000101df80                usleep
 .text          0x000000000101dfb0      0x13c ../LGSM_CPU_V2_0_bsp/\libhal_bsp.a(alt_write.o)
                0x000000000101dfec                write
 .text          0x000000000101e0ec      0x108 ../LGSM_CPU_V2_0_bsp/\libhal_bsp.a(alt_sys_init.o)
                0x000000000101e120                alt_irq_init
                0x000000000101e158                alt_sys_init
 .text          0x000000000101e1f4      0xafc ../LGSM_CPU_V2_0_bsp/\libhal_bsp.a(altera_avalon_epcs_flash_controller.o)
                0x000000000101e228                alt_epcs_flash_init
                0x000000000101e760                alt_epcs_flash_write
                0x000000000101e9c0                alt_epcs_flash_get_info
                0x000000000101eae0                alt_epcs_flash_erase_block
                0x000000000101eb58                alt_epcs_flash_write_block
                0x000000000101ec58                alt_epcs_flash_read
 .text          0x000000000101ecf0      0x164 ../LGSM_CPU_V2_0_bsp/\libhal_bsp.a(altera_avalon_jtag_uart_fd.o)
                0x000000000101ecf0                altera_avalon_jtag_uart_read_fd
                0x000000000101ed50                altera_avalon_jtag_uart_write_fd
                0x000000000101edb0                altera_avalon_jtag_uart_close_fd
                0x000000000101ee00                altera_avalon_jtag_uart_ioctl_fd
 .text          0x000000000101ee54      0x3d4 ../LGSM_CPU_V2_0_bsp/\libhal_bsp.a(altera_avalon_jtag_uart_init.o)
                0x000000000101ee54                altera_avalon_jtag_uart_init
                0x000000000101f1c0                altera_avalon_jtag_uart_close
 .text          0x000000000101f228       0xf0 ../LGSM_CPU_V2_0_bsp/\libhal_bsp.a(altera_avalon_jtag_uart_ioctl.o)
                0x000000000101f228                altera_avalon_jtag_uart_ioctl
 .text          0x000000000101f318      0x21c ../LGSM_CPU_V2_0_bsp/\libhal_bsp.a(altera_avalon_jtag_uart_read.o)
                0x000000000101f318                altera_avalon_jtag_uart_read
 .text          0x000000000101f534      0x224 ../LGSM_CPU_V2_0_bsp/\libhal_bsp.a(altera_avalon_jtag_uart_write.o)
                0x000000000101f534                altera_avalon_jtag_uart_write
 .text          0x000000000101f758      0x110 ../LGSM_CPU_V2_0_bsp/\libhal_bsp.a(altera_avalon_uart_fd.o)
                0x000000000101f758                altera_avalon_uart_read_fd
                0x000000000101f7b8                altera_avalon_uart_write_fd
                0x000000000101f818                altera_avalon_uart_close_fd
 .text          0x000000000101f868      0x3c8 ../LGSM_CPU_V2_0_bsp/\libhal_bsp.a(altera_avalon_uart_init.o)
                0x000000000101f868                altera_avalon_uart_init
                0x000000000101fbdc                altera_avalon_uart_close
 .text          0x000000000101fc30      0x218 ../LGSM_CPU_V2_0_bsp/\libhal_bsp.a(altera_avalon_uart_read.o)
                0x000000000101fc6c                altera_avalon_uart_read
 .text          0x000000000101fe48      0x1e8 ../LGSM_CPU_V2_0_bsp/\libhal_bsp.a(altera_avalon_uart_write.o)
                0x000000000101fe84                altera_avalon_uart_write
 .text          0x0000000001020030      0x63c ../LGSM_CPU_V2_0_bsp/\libhal_bsp.a(epcs_commands.o)
                0x0000000001020030                epcs_read_status_register
                0x0000000001020100                epcs_sector_erase
                0x00000000010201fc                epcs_read_buffer
                0x00000000010202f0                epcs_write_enable
                0x0000000001020344                epcs_write_status_register
                0x00000000010203b0                epcs_write_buffer
                0x00000000010204cc                epcs_read_electronic_signature
                0x0000000001020534                epcs_read_device_id
                0x00000000010205b4                epcs_enter_4_bytes_mode
                0x0000000001020610                epcs_exit_4_bytes_mode
 .text          0x000000000102066c      0x12c ../LGSM_CPU_V2_0_bsp/\libhal_bsp.a(alt_alarm_start.o)
                0x000000000102066c                alt_alarm_start
 .text          0x0000000001020798      0x158 ../LGSM_CPU_V2_0_bsp/\libhal_bsp.a(alt_busy_sleep.o)
                0x0000000001020798                alt_busy_sleep
 .text          0x00000000010208f0       0xe0 ../LGSM_CPU_V2_0_bsp/\libhal_bsp.a(alt_dev_llist_insert.o)
                0x000000000102092c                alt_dev_llist_insert
 .text          0x00000000010209d0       0x60 ../LGSM_CPU_V2_0_bsp/\libhal_bsp.a(alt_do_ctors.o)
                0x00000000010209d0                _do_ctors
 .text          0x0000000001020a30       0x60 ../LGSM_CPU_V2_0_bsp/\libhal_bsp.a(alt_do_dtors.o)
                0x0000000001020a30                _do_dtors
 .text          0x0000000001020a90        0x0 ../LGSM_CPU_V2_0_bsp/\libhal_bsp.a(alt_exception_entry.o)
 .text          0x0000000001020a90       0xbc ../LGSM_CPU_V2_0_bsp/\libhal_bsp.a(alt_flash_dev.o)
                0x0000000001020a90                alt_flash_open_dev
                0x0000000001020af8                alt_flash_close_dev
 .text          0x0000000001020b4c       0x9c ../LGSM_CPU_V2_0_bsp/\libhal_bsp.a(alt_instruction_exception_entry.o)
                0x0000000001020b4c                alt_exception_cause_generated_bad_addr
 .text          0x0000000001020be8      0x160 ../LGSM_CPU_V2_0_bsp/\libhal_bsp.a(alt_io_redirect.o)
                0x0000000001020ccc                alt_io_redirect
 .text          0x0000000001020d48      0x284 ../LGSM_CPU_V2_0_bsp/\libhal_bsp.a(alt_open.o)
                0x0000000001020e70                open
 .text          0x0000000001020fcc      0x1a4 ../LGSM_CPU_V2_0_bsp/\libhal_bsp.a(alt_tick.o)
                0x0000000001020fcc                alt_alarm_stop
                0x0000000001021068                alt_tick
 .text          0x0000000001021170       0x24 ../LGSM_CPU_V2_0_bsp/\libhal_bsp.a(altera_nios2_gen2_irq.o)
                0x0000000001021170                altera_nios2_gen2_irq_init
 .text          0x0000000001021194      0x1fc ../LGSM_CPU_V2_0_bsp/\libhal_bsp.a(altera_avalon_spi.o)
                0x0000000001021194                alt_avalon_spi_command
 .text          0x0000000001021390       0x90 ../LGSM_CPU_V2_0_bsp/\libhal_bsp.a(alt_find_dev.o)
                0x0000000001021390                alt_find_dev
 .text          0x0000000001021420      0x108 ../LGSM_CPU_V2_0_bsp/\libhal_bsp.a(alt_find_file.o)
                0x0000000001021420                alt_find_file
 .text          0x0000000001021528       0xc4 ../LGSM_CPU_V2_0_bsp/\libhal_bsp.a(alt_get_fd.o)
                0x0000000001021528                alt_get_fd
 .text          0x00000000010215ec        0x0 d:/intelfpga_lite/18.1/nios2eds/bin/gnu/h-x86_64-mingw32/bin/../lib/gcc/nios2-elf/5.3.0/../../../../../H-x86_64-mingw32/nios2-elf/lib/mno-hw-mul\libc.a(lib_a-atexit.o)
 .text.atexit   0x00000000010215ec       0x14 d:/intelfpga_lite/18.1/nios2eds/bin/gnu/h-x86_64-mingw32/bin/../lib/gcc/nios2-elf/5.3.0/../../../../../H-x86_64-mingw32/nios2-elf/lib/mno-hw-mul\libc.a(lib_a-atexit.o)
                0x00000000010215ec                atexit
 .text          0x0000000001021600        0x0 d:/intelfpga_lite/18.1/nios2eds/bin/gnu/h-x86_64-mingw32/bin/../lib/gcc/nios2-elf/5.3.0/../../../../../H-x86_64-mingw32/nios2-elf/lib/mno-hw-mul\libc.a(lib_a-memcmp.o)
 .text.memcmp   0x0000000001021600       0x7c d:/intelfpga_lite/18.1/nios2eds/bin/gnu/h-x86_64-mingw32/bin/../lib/gcc/nios2-elf/5.3.0/../../../../../H-x86_64-mingw32/nios2-elf/lib/mno-hw-mul\libc.a(lib_a-memcmp.o)
                0x0000000001021600                memcmp
 .text          0x000000000102167c        0x0 d:/intelfpga_lite/18.1/nios2eds/bin/gnu/h-x86_64-mingw32/bin/../lib/gcc/nios2-elf/5.3.0/../../../../../H-x86_64-mingw32/nios2-elf/lib/mno-hw-mul\libc.a(lib_a-__atexit.o)
 .text.__register_exitproc
                0x000000000102167c      0x118 d:/intelfpga_lite/18.1/nios2eds/bin/gnu/h-x86_64-mingw32/bin/../lib/gcc/nios2-elf/5.3.0/../../../../../H-x86_64-mingw32/nios2-elf/lib/mno-hw-mul\libc.a(lib_a-__atexit.o)
                0x000000000102167c                __register_exitproc
 *(.gnu.warning.*)
 *(.fini)
                [!provide]                        PROVIDE (__etext, ABSOLUTE (.))
                [!provide]                        PROVIDE (_etext, ABSOLUTE (.))
                [!provide]                        PROVIDE (etext, ABSOLUTE (.))
 *(.eh_frame_hdr)
                0x0000000001021794                . = ALIGN (0x4)
                [!provide]                        PROVIDE (__preinit_array_start, ABSOLUTE (.))
 *(.preinit_array)
                [!provide]                        PROVIDE (__preinit_array_end, ABSOLUTE (.))
                [!provide]                        PROVIDE (__init_array_start, ABSOLUTE (.))
 *(.init_array)
                [!provide]                        PROVIDE (__init_array_end, ABSOLUTE (.))
                [!provide]                        PROVIDE (__fini_array_start, ABSOLUTE (.))
 *(.fini_array)
                [!provide]                        PROVIDE (__fini_array_end, ABSOLUTE (.))
 *(.eh_frame)
 *(.gcc_except_table .gcc_except_table.*)
 *(.dynamic)
                0x0000000001021794                PROVIDE (__CTOR_LIST__, ABSOLUTE (.))
 *(.ctors)
 *(SORT(.ctors.*))
                0x0000000001021794                PROVIDE (__CTOR_END__, ABSOLUTE (.))
                0x0000000001021794                PROVIDE (__DTOR_LIST__, ABSOLUTE (.))
 *(.dtors)
 *(SORT(.dtors.*))
                0x0000000001021794                PROVIDE (__DTOR_END__, ABSOLUTE (.))
 *(.jcr)
                0x0000000001021794                . = ALIGN (0x4)

.rodata         0x0000000001021794      0x8a8
                [!provide]                        PROVIDE (__ram_rodata_start, ABSOLUTE (.))
                0x0000000001021794                . = ALIGN (0x4)
 *(.rodata .rodata.* .gnu.linkonce.r.*)
 .rodata        0x0000000001021794       0xa6 obj/default//D/github/adamShiau_FPGA/intel_IP/LGSM/NIOS/LGSM_CPU_V2_0/lib/ads122c04_se.o
 *fill*         0x000000000102183a        0x2 
 .rodata        0x000000000102183c       0xac obj/default//D/github/adamShiau_FPGA/intel_IP/LGSM/NIOS/LGSM_CPU_V2_0/lib/asm330lhhx.o
 .rodata        0x00000000010218e8       0xac obj/default//D/github/adamShiau_FPGA/intel_IP/LGSM/NIOS/LGSM_CPU_V2_0/lib/common.o
 .rodata        0x0000000001021994       0x76 obj/default//D/github/adamShiau_FPGA/intel_IP/LGSM/NIOS/LGSM_CPU_V2_0/lib/eeprom_v2.o
 *fill*         0x0000000001021a0a        0x2 
 .rodata        0x0000000001021a0c      0x2d0 obj/default//D/github/adamShiau_FPGA/intel_IP/LGSM/NIOS/LGSM_CPU_V2_0/lib/memory_manage.o
                0x0000000001021a0c                fog_parameter_init
                0x0000000001021b4c                misalignment_init
                0x0000000001021c3c                config_init
 .rodata        0x0000000001021cdc      0x100 d:/intelfpga_lite/18.1/nios2eds/bin/gnu/h-x86_64-mingw32/bin/../lib/gcc/nios2-elf/5.3.0/mno-hw-mul\libgcc.a(_clz.o)
                0x0000000001021cdc                __clz_tab
 .rodata.str1.4
                0x0000000001021ddc        0x2 d:/intelfpga_lite/18.1/nios2eds/bin/gnu/h-x86_64-mingw32/bin/../lib/gcc/nios2-elf/5.3.0/../../../../../H-x86_64-mingw32/nios2-elf/lib/mno-hw-mul\libc.a(lib_a-impure.o)
 *fill*         0x0000000001021dde        0x2 
 .rodata.str1.4
                0x0000000001021de0        0x2 d:/intelfpga_lite/18.1/nios2eds/bin/gnu/h-x86_64-mingw32/bin/../lib/gcc/nios2-elf/5.3.0/../../../../../H-x86_64-mingw32/nios2-elf/lib/mno-hw-mul\libc.a(lib_a-puts.o)
 *fill*         0x0000000001021de2        0x2 
 .rodata.str1.4
                0x0000000001021de4       0x42 d:/intelfpga_lite/18.1/nios2eds/bin/gnu/h-x86_64-mingw32/bin/../lib/gcc/nios2-elf/5.3.0/../../../../../H-x86_64-mingw32/nios2-elf/lib/mno-hw-mul\libc.a(lib_a-svfprintf.o)
 .rodata.zeroes.4389
                0x0000000001021e26       0x10 d:/intelfpga_lite/18.1/nios2eds/bin/gnu/h-x86_64-mingw32/bin/../lib/gcc/nios2-elf/5.3.0/../../../../../H-x86_64-mingw32/nios2-elf/lib/mno-hw-mul\libc.a(lib_a-svfprintf.o)
 .rodata.blanks.4388
                0x0000000001021e36       0x10 d:/intelfpga_lite/18.1/nios2eds/bin/gnu/h-x86_64-mingw32/bin/../lib/gcc/nios2-elf/5.3.0/../../../../../H-x86_64-mingw32/nios2-elf/lib/mno-hw-mul\libc.a(lib_a-svfprintf.o)
 .rodata.str1.4
                0x0000000001021e46       0x42 d:/intelfpga_lite/18.1/nios2eds/bin/gnu/h-x86_64-mingw32/bin/../lib/gcc/nios2-elf/5.3.0/../../../../../H-x86_64-mingw32/nios2-elf/lib/mno-hw-mul\libc.a(lib_a-vfprintf.o)
 .rodata.zeroes.4404
                0x0000000001021e46       0x10 d:/intelfpga_lite/18.1/nios2eds/bin/gnu/h-x86_64-mingw32/bin/../lib/gcc/nios2-elf/5.3.0/../../../../../H-x86_64-mingw32/nios2-elf/lib/mno-hw-mul\libc.a(lib_a-vfprintf.o)
 .rodata.blanks.4403
                0x0000000001021e56       0x10 d:/intelfpga_lite/18.1/nios2eds/bin/gnu/h-x86_64-mingw32/bin/../lib/gcc/nios2-elf/5.3.0/../../../../../H-x86_64-mingw32/nios2-elf/lib/mno-hw-mul\libc.a(lib_a-vfprintf.o)
 *fill*         0x0000000001021e66        0x2 
 .rodata.str1.4
                0x0000000001021e68       0x10 d:/intelfpga_lite/18.1/nios2eds/bin/gnu/h-x86_64-mingw32/bin/../lib/gcc/nios2-elf/5.3.0/../../../../../H-x86_64-mingw32/nios2-elf/lib/mno-hw-mul\libc.a(lib_a-dtoa.o)
                                         0x12 (size before relaxing)
 .rodata.str1.4
                0x0000000001021e78        0xc d:/intelfpga_lite/18.1/nios2eds/bin/gnu/h-x86_64-mingw32/bin/../lib/gcc/nios2-elf/5.3.0/../../../../../H-x86_64-mingw32/nios2-elf/lib/mno-hw-mul\libc.a(lib_a-locale.o)
                                         0x12 (size before relaxing)
 .rodata.p05.2768
                0x0000000001021e84        0xc d:/intelfpga_lite/18.1/nios2eds/bin/gnu/h-x86_64-mingw32/bin/../lib/gcc/nios2-elf/5.3.0/../../../../../H-x86_64-mingw32/nios2-elf/lib/mno-hw-mul\libc.a(lib_a-mprec.o)
 .rodata.__mprec_tinytens
                0x0000000001021e90       0x28 d:/intelfpga_lite/18.1/nios2eds/bin/gnu/h-x86_64-mingw32/bin/../lib/gcc/nios2-elf/5.3.0/../../../../../H-x86_64-mingw32/nios2-elf/lib/mno-hw-mul\libc.a(lib_a-mprec.o)
                0x0000000001021e90                __mprec_tinytens
 .rodata.__mprec_bigtens
                0x0000000001021eb8       0x28 d:/intelfpga_lite/18.1/nios2eds/bin/gnu/h-x86_64-mingw32/bin/../lib/gcc/nios2-elf/5.3.0/../../../../../H-x86_64-mingw32/nios2-elf/lib/mno-hw-mul\libc.a(lib_a-mprec.o)
                0x0000000001021eb8                __mprec_bigtens
 .rodata.__mprec_tens
                0x0000000001021ee0       0xc8 d:/intelfpga_lite/18.1/nios2eds/bin/gnu/h-x86_64-mingw32/bin/../lib/gcc/nios2-elf/5.3.0/../../../../../H-x86_64-mingw32/nios2-elf/lib/mno-hw-mul\libc.a(lib_a-mprec.o)
                0x0000000001021ee0                __mprec_tens
 .rodata.str1.4
                0x0000000001021fa8       0x2f d:/intelfpga_lite/18.1/nios2eds/bin/gnu/h-x86_64-mingw32/bin/../lib/gcc/nios2-elf/5.3.0/../../../../../H-x86_64-mingw32/nios2-elf/lib/mno-hw-mul\libc.a(lib_a-svfiprintf.o)
 .rodata.zeroes.4333
                0x0000000001021fa8       0x10 d:/intelfpga_lite/18.1/nios2eds/bin/gnu/h-x86_64-mingw32/bin/../lib/gcc/nios2-elf/5.3.0/../../../../../H-x86_64-mingw32/nios2-elf/lib/mno-hw-mul\libc.a(lib_a-svfiprintf.o)
 .rodata.blanks.4332
                0x0000000001021fb8       0x10 d:/intelfpga_lite/18.1/nios2eds/bin/gnu/h-x86_64-mingw32/bin/../lib/gcc/nios2-elf/5.3.0/../../../../../H-x86_64-mingw32/nios2-elf/lib/mno-hw-mul\libc.a(lib_a-svfiprintf.o)
 .rodata.str1.4
                0x0000000001021fc8       0x2f d:/intelfpga_lite/18.1/nios2eds/bin/gnu/h-x86_64-mingw32/bin/../lib/gcc/nios2-elf/5.3.0/../../../../../H-x86_64-mingw32/nios2-elf/lib/mno-hw-mul\libc.a(lib_a-vfiprintf.o)
 .rodata.zeroes.4349
                0x0000000001021fc8       0x10 d:/intelfpga_lite/18.1/nios2eds/bin/gnu/h-x86_64-mingw32/bin/../lib/gcc/nios2-elf/5.3.0/../../../../../H-x86_64-mingw32/nios2-elf/lib/mno-hw-mul\libc.a(lib_a-vfiprintf.o)
 .rodata.blanks.4348
                0x0000000001021fd8       0x10 d:/intelfpga_lite/18.1/nios2eds/bin/gnu/h-x86_64-mingw32/bin/../lib/gcc/nios2-elf/5.3.0/../../../../../H-x86_64-mingw32/nios2-elf/lib/mno-hw-mul\libc.a(lib_a-vfiprintf.o)
 .rodata        0x0000000001021fe8        0xa ../LGSM_CPU_V2_0_bsp/\libhal_bsp.a(alt_dev.o)
 *fill*         0x0000000001021ff2        0x2 
 .rodata        0x0000000001021ff4        0xf ../LGSM_CPU_V2_0_bsp/\libhal_bsp.a(alt_main.o)
 *fill*         0x0000000001022003        0x1 
 .rodata        0x0000000001022004       0x36 ../LGSM_CPU_V2_0_bsp/\libhal_bsp.a(alt_sys_init.o)
 *(.rodata1)
                0x000000000102203c                . = ALIGN (0x4)
 *fill*         0x000000000102203a        0x2 
                [!provide]                        PROVIDE (__ram_rodata_end, ABSOLUTE (.))
                [!provide]                        PROVIDE (__flash_rodata_start, LOADADDR (.rodata))

.rwdata         0x000000000102203c     0x1dd4
                [!provide]                        PROVIDE (__ram_rwdata_start, ABSOLUTE (.))
                0x000000000102203c                . = ALIGN (0x4)
 *(.got.plt)
 *(.got)
 *(.data1)
 *(.data .data.* .gnu.linkonce.d.*)
 .data          0x000000000102203c        0x0 ../LGSM_CPU_V2_0_bsp//obj/HAL/src/crt0.o
 .data          0x000000000102203c       0x20 obj/default//D/github/adamShiau_FPGA/intel_IP/LGSM/NIOS/LGSM_CPU_V2_0/LGSM_CPU_V2_0.o
                0x000000000102203c                my_cmd
 .data          0x000000000102205c        0x0 obj/default//D/github/adamShiau_FPGA/intel_IP/LGSM/NIOS/LGSM_CPU_V2_0/lib/Tsensor_DS1775.o
 .data          0x000000000102205c        0x0 obj/default//D/github/adamShiau_FPGA/intel_IP/LGSM/NIOS/LGSM_CPU_V2_0/lib/acq_fog.o
 .data          0x000000000102205c        0x0 obj/default//D/github/adamShiau_FPGA/intel_IP/LGSM/NIOS/LGSM_CPU_V2_0/lib/acq_imu.o
 .data          0x000000000102205c        0x0 obj/default//D/github/adamShiau_FPGA/intel_IP/LGSM/NIOS/LGSM_CPU_V2_0/lib/acq_rst.o
 .data          0x000000000102205c        0x0 obj/default//D/github/adamShiau_FPGA/intel_IP/LGSM/NIOS/LGSM_CPU_V2_0/lib/adda_config.o
 .data          0x000000000102205c        0x0 obj/default//D/github/adamShiau_FPGA/intel_IP/LGSM/NIOS/LGSM_CPU_V2_0/lib/ads122c04_se.o
 .data          0x000000000102205c        0x0 obj/default//D/github/adamShiau_FPGA/intel_IP/LGSM/NIOS/LGSM_CPU_V2_0/lib/asm330lhhx.o
 .data          0x000000000102205c        0x0 obj/default//D/github/adamShiau_FPGA/intel_IP/LGSM/NIOS/LGSM_CPU_V2_0/lib/common.o
 .data          0x000000000102205c        0x0 obj/default//D/github/adamShiau_FPGA/intel_IP/LGSM/NIOS/LGSM_CPU_V2_0/lib/eeprom_v2.o
 .data          0x000000000102205c        0x0 obj/default//D/github/adamShiau_FPGA/intel_IP/LGSM/NIOS/LGSM_CPU_V2_0/lib/memory_manage.o
 .data          0x000000000102205c        0x0 obj/default//D/github/adamShiau_FPGA/intel_IP/LGSM/NIOS/LGSM_CPU_V2_0/lib/myiic.o
 .data          0x000000000102205c        0x0 obj/default//D/github/adamShiau_FPGA/intel_IP/LGSM/NIOS/LGSM_CPU_V2_0/lib/output_mode.o
 .data          0x000000000102205c        0x0 obj/default//D/github/adamShiau_FPGA/intel_IP/LGSM/NIOS/LGSM_CPU_V2_0/lib/uart_dual.o
 .data          0x000000000102205c        0x0 d:/intelfpga_lite/18.1/nios2eds/bin/gnu/h-x86_64-mingw32/bin/../lib/gcc/nios2-elf/5.3.0/mno-hw-mul\libgcc.a(lib2-divmod.o)
 .data          0x000000000102205c        0x0 d:/intelfpga_lite/18.1/nios2eds/bin/gnu/h-x86_64-mingw32/bin/../lib/gcc/nios2-elf/5.3.0/mno-hw-mul\libgcc.a(addsf3.o)
 .data          0x000000000102205c        0x0 d:/intelfpga_lite/18.1/nios2eds/bin/gnu/h-x86_64-mingw32/bin/../lib/gcc/nios2-elf/5.3.0/mno-hw-mul\libgcc.a(divsf3.o)
 .data          0x000000000102205c        0x0 d:/intelfpga_lite/18.1/nios2eds/bin/gnu/h-x86_64-mingw32/bin/../lib/gcc/nios2-elf/5.3.0/mno-hw-mul\libgcc.a(eqsf2.o)
 .data          0x000000000102205c        0x0 d:/intelfpga_lite/18.1/nios2eds/bin/gnu/h-x86_64-mingw32/bin/../lib/gcc/nios2-elf/5.3.0/mno-hw-mul\libgcc.a(gesf2.o)
 .data          0x000000000102205c        0x0 d:/intelfpga_lite/18.1/nios2eds/bin/gnu/h-x86_64-mingw32/bin/../lib/gcc/nios2-elf/5.3.0/mno-hw-mul\libgcc.a(lesf2.o)
 .data          0x000000000102205c        0x0 d:/intelfpga_lite/18.1/nios2eds/bin/gnu/h-x86_64-mingw32/bin/../lib/gcc/nios2-elf/5.3.0/mno-hw-mul\libgcc.a(mulsf3.o)
 .data          0x000000000102205c        0x0 d:/intelfpga_lite/18.1/nios2eds/bin/gnu/h-x86_64-mingw32/bin/../lib/gcc/nios2-elf/5.3.0/mno-hw-mul\libgcc.a(subsf3.o)
 .data          0x000000000102205c        0x0 d:/intelfpga_lite/18.1/nios2eds/bin/gnu/h-x86_64-mingw32/bin/../lib/gcc/nios2-elf/5.3.0/mno-hw-mul\libgcc.a(floatsisf.o)
 .data          0x000000000102205c        0x0 d:/intelfpga_lite/18.1/nios2eds/bin/gnu/h-x86_64-mingw32/bin/../lib/gcc/nios2-elf/5.3.0/mno-hw-mul\libgcc.a(floatunsisf.o)
 .data          0x000000000102205c        0x0 d:/intelfpga_lite/18.1/nios2eds/bin/gnu/h-x86_64-mingw32/bin/../lib/gcc/nios2-elf/5.3.0/mno-hw-mul\libgcc.a(adddf3.o)
 .data          0x000000000102205c        0x0 d:/intelfpga_lite/18.1/nios2eds/bin/gnu/h-x86_64-mingw32/bin/../lib/gcc/nios2-elf/5.3.0/mno-hw-mul\libgcc.a(divdf3.o)
 .data          0x000000000102205c        0x0 d:/intelfpga_lite/18.1/nios2eds/bin/gnu/h-x86_64-mingw32/bin/../lib/gcc/nios2-elf/5.3.0/mno-hw-mul\libgcc.a(muldf3.o)
 .data          0x000000000102205c        0x0 d:/intelfpga_lite/18.1/nios2eds/bin/gnu/h-x86_64-mingw32/bin/../lib/gcc/nios2-elf/5.3.0/mno-hw-mul\libgcc.a(subdf3.o)
 .data          0x000000000102205c        0x0 d:/intelfpga_lite/18.1/nios2eds/bin/gnu/h-x86_64-mingw32/bin/../lib/gcc/nios2-elf/5.3.0/mno-hw-mul\libgcc.a(extendsfdf2.o)
 .data          0x000000000102205c        0x0 d:/intelfpga_lite/18.1/nios2eds/bin/gnu/h-x86_64-mingw32/bin/../lib/gcc/nios2-elf/5.3.0/mno-hw-mul\libgcc.a(truncdfsf2.o)
 .data          0x000000000102205c        0x0 d:/intelfpga_lite/18.1/nios2eds/bin/gnu/h-x86_64-mingw32/bin/../lib/gcc/nios2-elf/5.3.0/mno-hw-mul\libgcc.a(_clzsi2.o)
 .data          0x000000000102205c        0x0 d:/intelfpga_lite/18.1/nios2eds/bin/gnu/h-x86_64-mingw32/bin/../lib/gcc/nios2-elf/5.3.0/mno-hw-mul\libgcc.a(lib2-mul.o)
 .data          0x000000000102205c        0x0 d:/intelfpga_lite/18.1/nios2eds/bin/gnu/h-x86_64-mingw32/bin/../lib/gcc/nios2-elf/5.3.0/mno-hw-mul\libgcc.a(_clz.o)
 .data          0x000000000102205c        0x0 d:/intelfpga_lite/18.1/nios2eds/bin/gnu/h-x86_64-mingw32/bin/../lib/gcc/nios2-elf/5.3.0/../../../../../H-x86_64-mingw32/nios2-elf/lib/mno-hw-mul\libc.a(lib_a-exit.o)
 .data          0x000000000102205c        0x0 d:/intelfpga_lite/18.1/nios2eds/bin/gnu/h-x86_64-mingw32/bin/../lib/gcc/nios2-elf/5.3.0/../../../../../H-x86_64-mingw32/nios2-elf/lib/mno-hw-mul\libc.a(lib_a-impure.o)
 .data.impure_data
                0x000000000102205c      0x424 d:/intelfpga_lite/18.1/nios2eds/bin/gnu/h-x86_64-mingw32/bin/../lib/gcc/nios2-elf/5.3.0/../../../../../H-x86_64-mingw32/nios2-elf/lib/mno-hw-mul\libc.a(lib_a-impure.o)
 .data          0x0000000001022480        0x0 d:/intelfpga_lite/18.1/nios2eds/bin/gnu/h-x86_64-mingw32/bin/../lib/gcc/nios2-elf/5.3.0/../../../../../H-x86_64-mingw32/nios2-elf/lib/mno-hw-mul\libc.a(lib_a-malloc.o)
 .data          0x0000000001022480        0x0 d:/intelfpga_lite/18.1/nios2eds/bin/gnu/h-x86_64-mingw32/bin/../lib/gcc/nios2-elf/5.3.0/../../../../../H-x86_64-mingw32/nios2-elf/lib/mno-hw-mul\libc.a(lib_a-mallocr.o)
 .data.__malloc_av_
                0x0000000001022480      0x408 d:/intelfpga_lite/18.1/nios2eds/bin/gnu/h-x86_64-mingw32/bin/../lib/gcc/nios2-elf/5.3.0/../../../../../H-x86_64-mingw32/nios2-elf/lib/mno-hw-mul\libc.a(lib_a-mallocr.o)
                0x0000000001022480                __malloc_av_