Archive member included to satisfy reference by file (symbol)

d:/intelfpga_lite/18.1/nios2eds/bin/gnu/h-x86_64-mingw32/bin/../lib/gcc/nios2-elf/5.3.0/mno-hw-mul\libgcc.a(_muldi3.o)
                              obj/default//D/github/adamShiau_FPGA/intel_IP/IRIS/NIOS/IRIS1_CPU_V01_7/IRIS1_CPU_V01_7.o (__muldi3)
d:/intelfpga_lite/18.1/nios2eds/bin/gnu/h-x86_64-mingw32/bin/../lib/gcc/nios2-elf/5.3.0/mno-hw-mul\libgcc.a(_divdi3.o)
                              obj/default//D/github/adamShiau_FPGA/intel_IP/IRIS/NIOS/IRIS1_CPU_V01_7/IRIS1_CPU_V01_7.o (__divdi3)
d:/intelfpga_lite/18.1/nios2eds/bin/gnu/h-x86_64-mingw32/bin/../lib/gcc/nios2-elf/5.3.0/mno-hw-mul\libgcc.a(lib2-divmod.o)
                              d:/intelfpga_lite/18.1/nios2eds/bin/gnu/h-x86_64-mingw32/bin/../lib/gcc/nios2-elf/5.3.0/mno-hw-mul\libgcc.a(_divdi3.o) (__udivsi3)
d:/intelfpga_lite/18.1/nios2eds/bin/gnu/h-x86_64-mingw32/bin/../lib/gcc/nios2-elf/5.3.0/mno-hw-mul\libgcc.a(lib2-mul.o)
                              obj/default//D/github/adamShiau_FPGA/intel_IP/IRIS/NIOS/IRIS1_CPU_V01_7/IRIS1_CPU_V01_7.o (__mulsi3)
d:/intelfpga_lite/18.1/nios2eds/bin/gnu/h-x86_64-mingw32/bin/../lib/gcc/nios2-elf/5.3.0/mno-hw-mul\libgcc.a(addsf3.o)
                              obj/default//D/github/adamShiau_FPGA/intel_IP/IRIS/NIOS/IRIS1_CPU_V01_7/lib/common.o (__addsf3)
d:/intelfpga_lite/18.1/nios2eds/bin/gnu/h-x86_64-mingw32/bin/../lib/gcc/nios2-elf/5.3.0/mno-hw-mul\libgcc.a(divsf3.o)
                              obj/default//D/github/adamShiau_FPGA/intel_IP/IRIS/NIOS/IRIS1_CPU_V01_7/IRIS1_CPU_V01_7.o (__divsf3)
d:/intelfpga_lite/18.1/nios2eds/bin/gnu/h-x86_64-mingw32/bin/../lib/gcc/nios2-elf/5.3.0/mno-hw-mul\libgcc.a(gesf2.o)
                              obj/default//D/github/adamShiau_FPGA/intel_IP/IRIS/NIOS/IRIS1_CPU_V01_7/lib/common.o (__gesf2)
d:/intelfpga_lite/18.1/nios2eds/bin/gnu/h-x86_64-mingw32/bin/../lib/gcc/nios2-elf/5.3.0/mno-hw-mul\libgcc.a(lesf2.o)
                              obj/default//D/github/adamShiau_FPGA/intel_IP/IRIS/NIOS/IRIS1_CPU_V01_7/lib/common.o (__ltsf2)
d:/intelfpga_lite/18.1/nios2eds/bin/gnu/h-x86_64-mingw32/bin/../lib/gcc/nios2-elf/5.3.0/mno-hw-mul\libgcc.a(mulsf3.o)
                              obj/default//D/github/adamShiau_FPGA/intel_IP/IRIS/NIOS/IRIS1_CPU_V01_7/lib/acq_fog.o (__mulsf3)
d:/intelfpga_lite/18.1/nios2eds/bin/gnu/h-x86_64-mingw32/bin/../lib/gcc/nios2-elf/5.3.0/mno-hw-mul\libgcc.a(subsf3.o)
                              obj/default//D/github/adamShiau_FPGA/intel_IP/IRIS/NIOS/IRIS1_CPU_V01_7/lib/acq_fog.o (__subsf3)
d:/intelfpga_lite/18.1/nios2eds/bin/gnu/h-x86_64-mingw32/bin/../lib/gcc/nios2-elf/5.3.0/mno-hw-mul\libgcc.a(floatsisf.o)
                              obj/default//D/github/adamShiau_FPGA/intel_IP/IRIS/NIOS/IRIS1_CPU_V01_7/IRIS1_CPU_V01_7.o (__floatsisf)
d:/intelfpga_lite/18.1/nios2eds/bin/gnu/h-x86_64-mingw32/bin/../lib/gcc/nios2-elf/5.3.0/mno-hw-mul\libgcc.a(floatunsisf.o)
                              obj/default//D/github/adamShiau_FPGA/intel_IP/IRIS/NIOS/IRIS1_CPU_V01_7/lib/common.o (__floatunsisf)
d:/intelfpga_lite/18.1/nios2eds/bin/gnu/h-x86_64-mingw32/bin/../lib/gcc/nios2-elf/5.3.0/mno-hw-mul\libgcc.a(divdf3.o)
                              obj/default//D/github/adamShiau_FPGA/intel_IP/IRIS/NIOS/IRIS1_CPU_V01_7/lib/ads122c04_se.o (__divdf3)
d:/intelfpga_lite/18.1/nios2eds/bin/gnu/h-x86_64-mingw32/bin/../lib/gcc/nios2-elf/5.3.0/mno-hw-mul\libgcc.a(muldf3.o)
                              obj/default//D/github/adamShiau_FPGA/intel_IP/IRIS/NIOS/IRIS1_CPU_V01_7/IRIS1_CPU_V01_7.o (__muldf3)
d:/intelfpga_lite/18.1/nios2eds/bin/gnu/h-x86_64-mingw32/bin/../lib/gcc/nios2-elf/5.3.0/mno-hw-mul\libgcc.a(subdf3.o)
                              obj/default//D/github/adamShiau_FPGA/intel_IP/IRIS/NIOS/IRIS1_CPU_V01_7/lib/adxl357.o (__subdf3)
d:/intelfpga_lite/18.1/nios2eds/bin/gnu/h-x86_64-mingw32/bin/../lib/gcc/nios2-elf/5.3.0/mno-hw-mul\libgcc.a(extendsfdf2.o)
                              obj/default//D/github/adamShiau_FPGA/intel_IP/IRIS/NIOS/IRIS1_CPU_V01_7/IRIS1_CPU_V01_7.o (__extendsfdf2)
d:/intelfpga_lite/18.1/nios2eds/bin/gnu/h-x86_64-mingw32/bin/../lib/gcc/nios2-elf/5.3.0/mno-hw-mul\libgcc.a(truncdfsf2.o)
                              obj/default//D/github/adamShiau_FPGA/intel_IP/IRIS/NIOS/IRIS1_CPU_V01_7/IRIS1_CPU_V01_7.o (__truncdfsf2)
d:/intelfpga_lite/18.1/nios2eds/bin/gnu/h-x86_64-mingw32/bin/../lib/gcc/nios2-elf/5.3.0/mno-hw-mul\libgcc.a(_clz.o)
                              d:/intelfpga_lite/18.1/nios2eds/bin/gnu/h-x86_64-mingw32/bin/../lib/gcc/nios2-elf/5.3.0/mno-hw-mul\libgcc.a(_divdi3.o) (__clz_tab)
d:/intelfpga_lite/18.1/nios2eds/bin/gnu/h-x86_64-mingw32/bin/../lib/gcc/nios2-elf/5.3.0/mno-hw-mul\libgcc.a(_clzsi2.o)
                              d:/intelfpga_lite/18.1/nios2eds/bin/gnu/h-x86_64-mingw32/bin/../lib/gcc/nios2-elf/5.3.0/mno-hw-mul\libgcc.a(addsf3.o) (__clzsi2)
[...]
Memory Configuration

Name             Origin             Length             Attributes
sdram_BEFORE_EXCEPTION 0x0000000001000000 0x0000000000000020
sdram            0x0000000001000020 0x0000000000ffffe0
reset            0x0000000002001000 0x0000000000000020
epcs             0x0000000002001020 0x00000000000007e0
*default*        0x0000000000000000 0xffffffffffffffff

Linker script and memory map

LOAD ../IRIS1_CPU_V01_7_bsp//obj/HAL/src/crt0.o
LOAD obj/default//D/github/adamShiau_FPGA/intel_IP/IRIS/NIOS/IRIS1_CPU_V01_7/IRIS1_CPU_V01_7.o
LOAD obj/default//D/github/adamShiau_FPGA/intel_IP/IRIS/NIOS/IRIS1_CPU_V01_7/lib/acq_fog.o
LOAD obj/default//D/github/adamShiau_FPGA/intel_IP/IRIS/NIOS/IRIS1_CPU_V01_7/lib/acq_imu.o
LOAD obj/default//D/github/adamShiau_FPGA/intel_IP/IRIS/NIOS/IRIS1_CPU_V01_7/lib/acq_rst.o
LOAD obj/default//D/github/adamShiau_FPGA/intel_IP/IRIS/NIOS/IRIS1_CPU_V01_7/lib/adda_config.o
LOAD obj/default//D/github/adamShiau_FPGA/intel_IP/IRIS/NIOS/IRIS1_CPU_V01_7/lib/ads122c04_se.o
LOAD obj/default//D/github/adamShiau_FPGA/intel_IP/IRIS/NIOS/IRIS1_CPU_V01_7/lib/adxl357.o
LOAD obj/default//D/github/adamShiau_FPGA/intel_IP/IRIS/NIOS/IRIS1_CPU_V01_7/lib/common.o
LOAD obj/default//D/github/adamShiau_FPGA/intel_IP/IRIS/NIOS/IRIS1_CPU_V01_7/lib/eeprom_v2.o
LOAD obj/default//D/github/adamShiau_FPGA/intel_IP/IRIS/NIOS/IRIS1_CPU_V01_7/lib/memory_manage.o
LOAD obj/default//D/github/adamShiau_FPGA/intel_IP/IRIS/NIOS/IRIS1_CPU_V01_7/lib/output_mode.o
LOAD obj/default//D/github/adamShiau_FPGA/intel_IP/IRIS/NIOS/IRIS1_CPU_V01_7/lib/uart_dual.o
LOAD d:/intelfpga_lite/18.1/nios2eds/bin/gnu/h-x86_64-mingw32/bin/../lib/gcc/nios2-elf/5.3.0/../../../../../H-x86_64-mingw32/nios2-elf/lib/mno-hw-mul\libstdc++.a
LOAD d:/intelfpga_lite/18.1/nios2eds/bin/gnu/h-x86_64-mingw32/bin/../lib/gcc/nios2-elf/5.3.0/../../../../../H-x86_64-mingw32/nios2-elf/lib/mno-hw-mul\libm.a
LOAD d:/intelfpga_lite/18.1/nios2eds/bin/gnu/h-x86_64-mingw32/bin/../lib/gcc/nios2-elf/5.3.0/mno-hw-mul\libgcc.a
START GROUP
LOAD d:/intelfpga_lite/18.1/nios2eds/bin/gnu/h-x86_64-mingw32/bin/../lib/gcc/nios2-elf/5.3.0/../../../../../H-x86_64-mingw32/nios2-elf/lib/mno-hw-mul\libc.a
LOAD d:/intelfpga_lite/18.1/nios2eds/bin/gnu/h-x86_64-mingw32/bin/../lib/gcc/nios2-elf/5.3.0/mno-hw-mul\libgcc.a
LOAD ../IRIS1_CPU_V01_7_bsp/\libhal_bsp.a
LOAD d:/intelfpga_lite/18.1/nios2eds/bin/gnu/h-x86_64-mingw32/bin/../lib/gcc/nios2-elf/5.3.0/../../../../../H-x86_64-mingw32/nios2-elf/lib/mno-hw-mul\libm.a
END GROUP
LOAD d:/intelfpga_lite/18.1/nios2eds/bin/gnu/h-x86_64-mingw32/bin/../lib/gcc/nios2-elf/5.3.0/mno-hw-mul\libgcc.a
                0x0000000001000000                __alt_mem_sdram = 0x1000000
                0x0000000002001000                __alt_mem_epcs = 0x2001000

.entry          0x0000000002001000        0x0
 *(.entry)
 .entry         0x0000000002001000        0x0 ../IRIS1_CPU_V01_7_bsp//obj/HAL/src/crt0.o
                0x0000000002001000                __reset

.exceptions     0x0000000001000020      0x210
                [!provide]                        PROVIDE (__ram_exceptions_start, ABSOLUTE (.))
                0x0000000001000020                . = ALIGN (0x20)
 *(.irq)
 *(.exceptions.entry.label)
 .exceptions.entry.label
                0x0000000001000020        0x0 ../IRIS1_CPU_V01_7_bsp/\libhal_bsp.a(alt_irq_entry.o)
                0x0000000001000020                alt_irq_entry
 .exceptions.entry.label
                0x0000000001000020        0x0 ../IRIS1_CPU_V01_7_bsp/\libhal_bsp.a(alt_exception_entry.o)
                0x0000000001000020                alt_exception
 *(.exceptions.entry.user)
 *(.exceptions.entry.ecc_fatal)
 *(.exceptions.entry)
 .exceptions.entry
                0x0000000001000020       0x54 ../IRIS1_CPU_V01_7_bsp/\libhal_bsp.a(alt_exception_entry.o)
 *(.exceptions.irqtest.user)
 *(.exceptions.irqtest)
 .exceptions.irqtest
                0x0000000001000074       0x10 ../IRIS1_CPU_V01_7_bsp/\libhal_bsp.a(alt_irq_entry.o)
 *(.exceptions.irqhandler.user)
 *(.exceptions.irqhandler)
 .exceptions.irqhandler
                0x0000000001000084        0x4 ../IRIS1_CPU_V01_7_bsp/\libhal_bsp.a(alt_irq_entry.o)
 *(.exceptions.irqreturn.user)
 *(.exceptions.irqreturn)
 .exceptions.irqreturn
                0x0000000001000088        0x4 ../IRIS1_CPU_V01_7_bsp/\libhal_bsp.a(alt_irq_entry.o)
 *(.exceptions.notirq.label)
 .exceptions.notirq.label
                0x000000000100008c        0x0 ../IRIS1_CPU_V01_7_bsp/\libhal_bsp.a(alt_irq_entry.o)
 *(.exceptions.notirq.user)
 *(.exceptions.notirq)
 .exceptions.notirq
                0x000000000100008c        0x8 ../IRIS1_CPU_V01_7_bsp/\libhal_bsp.a(alt_exception_entry.o)
 *(.exceptions.soft.user)
 *(.exceptions.soft)
 *(.exceptions.unknown.user)
 *(.exceptions.unknown)
 .exceptions.unknown
                0x0000000001000094       0x14 ../IRIS1_CPU_V01_7_bsp/\libhal_bsp.a(alt_exception_entry.o)
 *(.exceptions.exit.label)
 .exceptions.exit.label
                0x00000000010000a8        0x0 ../IRIS1_CPU_V01_7_bsp/\libhal_bsp.a(alt_irq_entry.o)
 .exceptions.exit.label
                0x00000000010000a8        0x0 ../IRIS1_CPU_V01_7_bsp/\libhal_bsp.a(alt_exception_entry.o)
 *(.exceptions.exit.user)
 *(.exceptions.exit)
 .exceptions.exit
                0x00000000010000a8       0x54 ../IRIS1_CPU_V01_7_bsp/\libhal_bsp.a(alt_exception_entry.o)
 *(.exceptions)
 .exceptions    0x00000000010000fc       0xd4 ../IRIS1_CPU_V01_7_bsp/\libhal_bsp.a(alt_irq_handler.o)
                0x00000000010000fc                alt_irq_handler
 .exceptions    0x00000000010001d0       0x60 ../IRIS1_CPU_V01_7_bsp/\libhal_bsp.a(alt_instruction_exception_entry.o)
                0x00000000010001d0                alt_instruction_exception_entry
                [!provide]                        PROVIDE (__ram_exceptions_end, ABSOLUTE (.))
                [!provide]                        PROVIDE (__flash_exceptions_start, LOADADDR (.exceptions))

.text           0x0000000001000230    0x1a894
                [!provide]                        PROVIDE (stext, ABSOLUTE (.))
 *(.interp)
 *(.hash)
 *(.dynsym)
 *(.dynstr)
 *(.gnu.version)
 *(.gnu.version_d)
 *(.gnu.version_r)
 *(.rel.init)
 *(.rela.init)
 *(.rel.text .rel.text.* .rel.gnu.linkonce.t.*)
 *(.rela.text .rela.text.* .rela.gnu.linkonce.t.*)
 *(.rel.fini)
 *(.rela.fini)
 *(.rel.rodata .rel.rodata.* .rel.gnu.linkonce.r.*)
 *(.rela.rodata .rela.rodata.* .rela.gnu.linkonce.r.*)
 *(.rel.data .rel.data.* .rel.gnu.linkonce.d.*)
 *(.rela.data .rela.data.* .rela.gnu.linkonce.d.*)
 *(.rel.tdata .rel.tdata.* .rel.gnu.linkonce.td.*)
 *(.rela.tdata .rela.tdata.* .rela.gnu.linkonce.td.*)
 *(.rel.tbss .rel.tbss.* .rel.gnu.linkonce.tb.*)
 *(.rela.tbss .rela.tbss.* .rela.gnu.linkonce.tb.*)
 *(.rel.ctors)
 *(.rela.ctors)
 *(.rel.dtors)
 *(.rela.dtors)
 *(.rel.got)
 *(.rela.got)
 *(.rel.sdata .rel.sdata.* .rel.gnu.linkonce.s.*)
 *(.rela.sdata .rela.sdata.* .rela.gnu.linkonce.s.*)
 *(.rel.sbss .rel.sbss.* .rel.gnu.linkonce.sb.*)
 *(.rela.sbss .rela.sbss.* .rela.gnu.linkonce.sb.*)
 *(.rel.sdata2 .rel.sdata2.* .rel.gnu.linkonce.s2.*)
 *(.rela.sdata2 .rela.sdata2.* .rela.gnu.linkonce.s2.*)
 *(.rel.sbss2 .rel.sbss2.* .rel.gnu.linkonce.sb2.*)
 *(.rela.sbss2 .rela.sbss2.* .rela.gnu.linkonce.sb2.*)
 *(.rel.bss .rel.bss.* .rel.gnu.linkonce.b.*)
 *(.rela.bss .rela.bss.* .rela.gnu.linkonce.b.*)
 *(.rel.plt)
 *(.rela.plt)
 *(.rel.dyn)
 *(.init)
 *(.plt)
 *(.text .stub .text.* .gnu.linkonce.t.*)
 .text          0x0000000001000230       0x38 ../IRIS1_CPU_V01_7_bsp//obj/HAL/src/crt0.o
                0x0000000001000230                _start
 .text          0x0000000001000268      0x894 obj/default//D/github/adamShiau_FPGA/intel_IP/IRIS/NIOS/IRIS1_CPU_V01_7/IRIS1_CPU_V01_7.o
                0x0000000001000268                main
                0x00000000010004b0                get_timer_int
                0x00000000010004d8                update_sensor_data
                0x0000000001000a1c                update_IRIS_config_to_HW_REG
                0x0000000001000a5c                TRIGGER_IRQ_init
                0x0000000001000ac0                IRQ_TRIGGER_ISR
 .text          0x0000000001000afc      0x6e4 obj/default//D/github/adamShiau_FPGA/intel_IP/IRIS/NIOS/IRIS1_CPU_V01_7/lib/acq_fog.o
                0x0000000001000afc                acq_fog
 .text          0x00000000010011e0      0x1dc obj/default//D/github/adamShiau_FPGA/intel_IP/IRIS/NIOS/IRIS1_CPU_V01_7/lib/acq_imu.o
                0x00000000010011e0                acq_imu
 .text          0x00000000010013bc       0x48 obj/default//D/github/adamShiau_FPGA/intel_IP/IRIS/NIOS/IRIS1_CPU_V01_7/lib/acq_rst.o
                0x00000000010013bc                acq_rst
 .text          0x0000000001001404      0x288 obj/default//D/github/adamShiau_FPGA/intel_IP/IRIS/NIOS/IRIS1_CPU_V01_7/lib/adda_config.o
                0x0000000001001404                init_ADDA
                0x00000000010015ac                set_ADC_all_zero
                0x00000000010015ec                set_ADC_all_one
                0x000000000100162c                set_DAC_reset
                0x000000000100165c                clear_DAC_reset
 .text          0x000000000100168c      0x798 obj/default//D/github/adamShiau_FPGA/intel_IP/IRIS/NIOS/IRIS1_CPU_V01_7/lib/ads122c04_se.o
                0x000000000100168c                init_ADS122C04_TEMP
                0x0000000001001708                test_ADS122C04
                0x0000000001001754                read_ADS122C04_TEMP
                0x0000000001001a58                I2C_sm_start_ADS122C04_TEMP
                0x0000000001001aa8                I2C_op_mode_sel_ADS122C04_TEMP
                0x0000000001001b08                I2C_clock_rate_sel_ADS122C04_TEMP
                0x0000000001001b68                I2C_write_ADS122C04_TEMP_register
                0x0000000001001be4                I2C_read_ADS122C04_TEMP_register
                0x0000000001001c60                I2C_set_device_addr_ADS122C04_TEMP
                0x0000000001001c98                set_bit_safe_ADS122C04_TEMP
                0x0000000001001cfc                clear_bit_safe_ADS122C04_TEMP
                0x0000000001001d60                I2C_sm_set_enable_ADS122C04_TEMP
                0x0000000001001da4                I2C_sm_set_disable_ADS122C04_TEMP
                0x0000000001001de8                I2C_sm_read_finish_ADS122C04_TEMP
 .text          0x0000000001001e24      0xb40 obj/default//D/github/adamShiau_FPGA/intel_IP/IRIS/NIOS/IRIS1_CPU_V01_7/lib/adxl357.o
                0x0000000001001e24                test_CPU_ADXL357_ACCL
                0x0000000001001e8c                test_HW_ADXL357
                0x0000000001001ed8                init_ADXL357
                0x0000000001001fac                read_357_temp_CPU
                0x00000000010020a8                read_357_accl_CPU
                0x0000000001002298                read_357_all
                0x0000000001002538                I2C_sm_start_ADXL357
                0x0000000001002588                I2C_op_mode_sel_ADXL357
                0x00000000010025e8                I2C_clock_rate_sel_ADXL357
                0x0000000001002648                I2C_write_357_register
                0x00000000010026cc                I2C_read_357_register
                0x0000000001002750                set_bit_safe_ADXL357
                0x00000000010027b4                clear_bit_safe_ADXL357
                0x0000000001002818                I2C_sm_set_enable_ADXL357
                0x000000000100285c                I2C_sm_set_disable_ADXL357
                0x00000000010028a0                I2C_set_read_mode_ADXL357
                0x00000000010028e4                I2C_set_write_mode_ADXL357
                0x0000000001002928                I2C_sm_read_finish_ADXL357
 .text          0x0000000001002964     0x4a08 obj/default//D/github/adamShiau_FPGA/intel_IP/IRIS/NIOS/IRIS1_CPU_V01_7/lib/common.o
                0x0000000001002964                moving_average_init
                0x0000000001002a20                moving_average_update
                0x0000000001002b3c                moving_average_free
                0x0000000001002b78                sendTx
                0x0000000001002c48                checkByte
                0x0000000001002c98                checkByte_dbg
                0x0000000001002ce8                uart_printf
                0x0000000001002d58                uart_printf_dbg
                0x0000000001002e44                SerialWrite
                0x0000000001002ec8                SerialWrite_dbg
                0x0000000001002f4c                SerialWrite_r
                0x0000000001002fd4                SerialWrite_dbg_r
                0x000000000100305c                IEEE_754_F2INT
                0x0000000001003088                crc32_init_table
                0x0000000001003148                crc_32
                0x000000000100323c                print_crc
                0x0000000001003264                get_uart_cmd
                0x000000000100352c                cmd_mux
                0x0000000001003598                Set_Dac_Gain_x
                0x000000000100361c                Set_Dac_Gain_y
                0x00000000010036a0                Set_Dac_Gain_z
                0x0000000001003724                fog_parameter
                0x0000000001005948                set_MUX_RS422
                0x0000000001005978                set_MUX_RS232
                0x00000000010059a8                set_MUX_CAN
                0x00000000010059d8                update_fog_parameters_to_HW_REG
                0x0000000001005d5c                dump_fog_param
                0x0000000001005f50                dump_fog_param_framed
                0x0000000001006164                send_framed_payload
                0x0000000001006280                dump_misalignment_param
                0x00000000010063fc                dump_misalignment_param_framed
                0x00000000010065a0                dump_SN
                0x0000000001006604                dump_SN_framed
                0x0000000001006670                send_json_uart
                0x00000000010066d8                SF_temp_compensation_1st_order_fog
                0x0000000001006848                SF_temp_compensation_1st_order_adxl357
                0x0000000001006988                BIAS_temp_compensation_1st_order_fog_3T
                0x0000000001006ce8                BIAS_temp_compensation_1st_order_adxl357
                0x0000000001006e58                misalignment_calibration
                0x00000000010071b8                uart_write_bytes
                0x0000000001007218                uart_write_cstr
                0x0000000001007258                crc16_ccitt_update
                0x00000000010072f0                crc16_ccitt_buf
 .text          0x000000000100736c     0x1290 obj/default//D/github/adamShiau_FPGA/intel_IP/IRIS/NIOS/IRIS1_CPU_V01_7/lib/eeprom_v2.o
                0x000000000100736c                EEPROM_RW_TEST
                0x0000000001007550                EEPROM_Write_4B
                0x0000000001007628                PARAMETER_Write_f
                0x0000000001007680                EEPROM_Read_4B
                0x0000000001007768                EEPROM_Read_4B_R
                0x0000000001007880                PARAMETER_Read
                0x00000000010078d8                PARAMETER_Read_R
                0x0000000001007930                PARAMETER_Write_s
                0x0000000001007cec                EEPROM_Write_initial_parameter
                0x0000000001007de8                LOAD_FOG_SN
                0x0000000001007e84                LOAD_FOG_MISALIGNMENT
                0x0000000001007f30                PRINT_FOG_MISALIGNMENT
                0x0000000001007fc0                LOAD_FOG_PARAMETER
                0x0000000001008138                PRINT_FOG_PARAMETER
                0x00000000010082d8                init_EEPROM
                0x0000000001008308                I2C_sm_start
                0x0000000001008348                I2C_op_mode_sel_EEPROM
                0x00000000010083a8                I2C_clock_rate_sel
                0x0000000001008408                set_bit_safe
                0x000000000100846c                clear_bit_safe
                0x00000000010084d0                I2C_sm_set_enable
                0x0000000001008514                I2C_sm_set_disable
                0x0000000001008558                I2C_sm_set_finish_clear_pulse
                0x00000000010085c0                I2C_sm_read_finish
 .text          0x00000000010085fc      0x2b8 obj/default//D/github/adamShiau_FPGA/intel_IP/IRIS/NIOS/IRIS1_CPU_V01_7/lib/memory_manage.o
                0x00000000010085fc                initialize_fog_params_all
                0x00000000010087d8                initialize_fog_params_type
 .text          0x00000000010088b4      0x1c0 obj/default//D/github/adamShiau_FPGA/intel_IP/IRIS/NIOS/IRIS1_CPU_V01_7/lib/output_mode.o
                0x00000000010088b4                output_mode_setting
 .text          0x0000000001008a74      0xc78 obj/default//D/github/adamShiau_FPGA/intel_IP/IRIS/NIOS/IRIS1_CPU_V01_7/lib/uart_dual.o
                0x0000000001008d4c                uartInit
                0x0000000001008e34                uartAvailable
                0x0000000001008e5c                uartGetByte
                0x0000000001008f30                uartGetc
                0x0000000001008f6c                uartAck
                0x0000000001008fbc                uartAvailable_dbg
                0x0000000001008fe4                uartGetByte_dbg
                0x00000000010090b8                uartGetc_dbg
                0x00000000010090f4                uartAck_dbg
                0x0000000001009144                readDataDynamic
                0x0000000001009418                readDataDynamic_dbg
 .text          0x00000000010096ec      0x10c d:/intelfpga_lite/18.1/nios2eds/bin/gnu/h-x86_64-mingw32/bin/../lib/gcc/nios2-elf/5.3.0/mno-hw-mul\libgcc.a(_muldi3.o)
                0x00000000010096ec                __muldi3
 .text          0x00000000010097f8      0x658 d:/intelfpga_lite/18.1/nios2eds/bin/gnu/h-x86_64-mingw32/bin/../lib/gcc/nios2-elf/5.3.0/mno-hw-mul\libgcc.a(_divdi3.o)
                0x00000000010097f8                __divdi3
 .text          0x0000000001009e50      0x1b4 d:/intelfpga_lite/18.1/nios2eds/bin/gnu/h-x86_64-mingw32/bin/../lib/gcc/nios2-elf/5.3.0/mno-hw-mul\libgcc.a(lib2-divmod.o)
                0x0000000001009e50                __divsi3
                0x0000000001009ed4                __modsi3
                0x0000000001009f48                __udivsi3
                0x0000000001009fac                __umodsi3
 .text          0x000000000100a004       0x28 d:/intelfpga_lite/18.1/nios2eds/bin/gnu/h-x86_64-mingw32/bin/../lib/gcc/nios2-elf/5.3.0/mno-hw-mul\libgcc.a(lib2-mul.o)
                0x000000000100a004                __mulsi3
 .text          0x000000000100a02c      0x4c8 d:/intelfpga_lite/18.1/nios2eds/bin/gnu/h-x86_64-mingw32/bin/../lib/gcc/nios2-elf/5.3.0/mno-hw-mul\libgcc.a(addsf3.o)
                0x000000000100a02c                __addsf3
 .text          0x000000000100a4f4      0x440 d:/intelfpga_lite/18.1/nios2eds/bin/gnu/h-x86_64-mingw32/bin/../lib/gcc/nios2-elf/5.3.0/mno-hw-mul\libgcc.a(divsf3.o)
                0x000000000100a4f4                __divsf3
 .text          0x000000000100a934       0xbc d:/intelfpga_lite/18.1/nios2eds/bin/gnu/h-x86_64-mingw32/bin/../lib/gcc/nios2-elf/5.3.0/mno-hw-mul\libgcc.a(gesf2.o)
                0x000000000100a934                __gesf2
                0x000000000100a934                __gtsf2
 .text          0x000000000100a9f0       0xc8 d:/intelfpga_lite/18.1/nios2eds/bin/gnu/h-x86_64-mingw32/bin/../lib/gcc/nios2-elf/5.3.0/mno-hw-mul\libgcc.a(lesf2.o)
                0x000000000100a9f0                __ltsf2
                0x000000000100a9f0                __lesf2
 .text          0x000000000100aab8      0x430 d:/intelfpga_lite/18.1/nios2eds/bin/gnu/h-x86_64-mingw32/bin/../lib/gcc/nios2-elf/5.3.0/mno-hw-mul\libgcc.a(mulsf3.o)
                0x000000000100aab8                __mulsf3
 .text          0x000000000100aee8      0x4e4 d:/intelfpga_lite/18.1/nios2eds/bin/gnu/h-x86_64-mingw32/bin/../lib/gcc/nios2-elf/5.3.0/mno-hw-mul\libgcc.a(subsf3.o)
                0x000000000100aee8                __subsf3
 .text          0x000000000100b3cc      0x124 d:/intelfpga_lite/18.1/nios2eds/bin/gnu/h-x86_64-mingw32/bin/../lib/gcc/nios2-elf/5.3.0/mno-hw-mul\libgcc.a(floatsisf.o)
                0x000000000100b3cc                __floatsisf
 .text          0x000000000100b4f0       0xf0 d:/intelfpga_lite/18.1/nios2eds/bin/gnu/h-x86_64-mingw32/bin/../lib/gcc/nios2-elf/5.3.0/mno-hw-mul\libgcc.a(floatunsisf.o)
                0x000000000100b4f0                __floatunsisf
 .text          0x000000000100b5e0      0x9d0 d:/intelfpga_lite/18.1/nios2eds/bin/gnu/h-x86_64-mingw32/bin/../lib/gcc/nios2-elf/5.3.0/mno-hw-mul\libgcc.a(divdf3.o)
                0x000000000100b5e0                __divdf3
 .text          0x000000000100bfb0      0x86c d:/intelfpga_lite/18.1/nios2eds/bin/gnu/h-x86_64-mingw32/bin/../lib/gcc/nios2-elf/5.3.0/mno-hw-mul\libgcc.a(muldf3.o)
                0x000000000100bfb0                __muldf3
 .text          0x000000000100c81c      0x8fc d:/intelfpga_lite/18.1/nios2eds/bin/gnu/h-x86_64-mingw32/bin/../lib/gcc/nios2-elf/5.3.0/mno-hw-mul\libgcc.a(subdf3.o)
                0x000000000100c81c                __subdf3
 .text          0x000000000100d118      0x110 d:/intelfpga_lite/18.1/nios2eds/bin/gnu/h-x86_64-mingw32/bin/../lib/gcc/nios2-elf/5.3.0/mno-hw-mul\libgcc.a(extendsfdf2.o)
                0x000000000100d118                __extendsfdf2
 .text          0x000000000100d228      0x1a8 d:/intelfpga_lite/18.1/nios2eds/bin/gnu/h-x86_64-mingw32/bin/../lib/gcc/nios2-elf/5.3.0/mno-hw-mul\libgcc.a(truncdfsf2.o)
                0x000000000100d228                __truncdfsf2
 .text          0x000000000100d3d0        0x0 d:/intelfpga_lite/18.1/nios2eds/bin/gnu/h-x86_64-mingw32/bin/../lib/gcc/nios2-elf/5.3.0/mno-hw-mul\libgcc.a(_clz.o)
 .text          0x000000000100d3d0       0x64 d:/intelfpga_lite/18.1/nios2eds/bin/gnu/h-x86_64-mingw32/bin/../lib/gcc/nios2-elf/5.3.0/mno-hw-mul\libgcc.a(_clzsi2.o)
                0x000000000100d3d0                __clzsi2
 .text          0x000000000100d434        0x0 d:/intelfpga_lite/18.1/nios2eds/bin/gnu/h-x86_64-mingw32/bin/../lib/gcc/nios2-elf/5.3.0/../../../../../H-x86_64-mingw32/nios2-elf/lib/mno-hw-mul\libc.a(lib_a-exit.o)
 .text.exit     0x000000000100d434       0x38 d:/intelfpga_lite/18.1/nios2eds/bin/gnu/h-x86_64-mingw32/bin/../lib/gcc/nios2-elf/5.3.0/../../../../../H-x86_64-mingw32/nios2-elf/lib/mno-hw-mul\libc.a(lib_a-exit.o)
                0x000000000100d434                exit
 .text          0x000000000100d46c        0x0 d:/intelfpga_lite/18.1/nios2eds/bin/gnu/h-x86_64-mingw32/bin/../lib/gcc/nios2-elf/5.3.0/../../../../../H-x86_64-mingw32/nios2-elf/lib/mno-hw-mul\libc.a(lib_a-impure.o)
 .text          0x000000000100d46c        0x0 d:/intelfpga_lite/18.1/nios2eds/bin/gnu/h-x86_64-mingw32/bin/../lib/gcc/nios2-elf/5.3.0/../../../../../H-x86_64-mingw32/nios2-elf/lib/mno-hw-mul\libc.a(lib_a-malloc.o)
 .text.malloc   0x000000000100d46c       0x14 d:/intelfpga_lite/18.1/nios2eds/bin/gnu/h-x86_64-mingw32/bin/../lib/gcc/nios2-elf/5.3.0/../../../../../H-x86_64-mingw32/nios2-elf/lib/mno-hw-mul\libc.a(lib_a-malloc.o)
                0x000000000100d46c                malloc
 .text.free     0x000000000100d480       0x14 d:/intelfpga_lite/18.1/nios2eds/bin/gnu/h-x86_64-mingw32/bin/../lib/gcc/nios2-elf/5.3.0/../../../../../H-x86_64-mingw32/nios2-elf/lib/mno-hw-mul\libc.a(lib_a-malloc.o)
                0x000000000100d480                free
 .text          0x000000000100d494        0x0 d:/intelfpga_lite/18.1/nios2eds/bin/gnu/h-x86_64-mingw32/bin/../lib/gcc/nios2-elf/5.3.0/../../../../../H-x86_64-mingw32/nios2-elf/lib/mno-hw-mul\libc.a(lib_a-mallocr.o)
 .text._malloc_r
                0x000000000100d494      0x80c d:/intelfpga_lite/18.1/nios2eds/bin/gnu/h-x86_64-mingw32/bin/../lib/gcc/nios2-elf/5.3.0/../../../../../H-x86_64-mingw32/nios2-elf/lib/mno-hw-mul\libc.a(lib_a-mallocr.o)
                0x000000000100d494                _malloc_r
 .text          0x000000000100dca0        0x0 d:/intelfpga_lite/18.1/nios2eds/bin/gnu/h-x86_64-mingw32/bin/../lib/gcc/nios2-elf/5.3.0/../../../../../H-x86_64-mingw32/nios2-elf/lib/mno-hw-mul\libc.a(lib_a-memcpy.o)
 .text.memcpy   0x000000000100dca0      0x148 d:/intelfpga_lite/18.1/nios2eds/bin/gnu/h-x86_64-mingw32/bin/../lib/gcc/nios2-elf/5.3.0/../../../../../H-x86_64-mingw32/nios2-elf/lib/mno-hw-mul\libc.a(lib_a-memcpy.o)
                0x000000000100dca0                memcpy
 .text          0x000000000100dde8        0x0 d:/intelfpga_lite/18.1/nios2eds/bin/gnu/h-x86_64-mingw32/bin/../lib/gcc/nios2-elf/5.3.0/../../../../../H-x86_64-mingw32/nios2-elf/lib/mno-hw-mul\libc.a(lib_a-memset.o)
 .text.memset   0x000000000100dde8      0x128 d:/intelfpga_lite/18.1/nios2eds/bin/gnu/h-x86_64-mingw32/bin/../lib/gcc/nios2-elf/5.3.0/../../../../../H-x86_64-mingw32/nios2-elf/lib/mno-hw-mul\libc.a(lib_a-memset.o)
                0x000000000100dde8                memset
 .text          0x000000000100df10        0x0 d:/intelfpga_lite/18.1/nios2eds/bin/gnu/h-x86_64-mingw32/bin/../lib/gcc/nios2-elf/5.3.0/../../../../../H-x86_64-mingw32/nios2-elf/lib/mno-hw-mul\libc.a(lib_a-sbrkr.o)
 .text._sbrk_r  0x000000000100df10       0x54 d:/intelfpga_lite/18.1/nios2eds/bin/gnu/h-x86_64-mingw32/bin/../lib/gcc/nios2-elf/5.3.0/../../../../../H-x86_64-mingw32/nios2-elf/lib/mno-hw-mul\libc.a(lib_a-sbrkr.o)
                0x000000000100df10                _sbrk_r
 .text          0x000000000100df64        0x0 d:/intelfpga_lite/18.1/nios2eds/bin/gnu/h-x86_64-mingw32/bin/../lib/gcc/nios2-elf/5.3.0/../../../../../H-x86_64-mingw32/nios2-elf/lib/mno-hw-mul\libc.a(lib_a-snprintf.o)
 .text._snprintf_r
                0x000000000100df64       0xd8 d:/intelfpga_lite/18.1/nios2eds/bin/gnu/h-x86_64-mingw32/bin/../lib/gcc/nios2-elf/5.3.0/../../../../../H-x86_64-mingw32/nios2-elf/lib/mno-hw-mul\libc.a(lib_a-snprintf.o)
                0x000000000100df64                _snprintf_r
 .text.snprintf
                0x000000000100e03c       0xe4 d:/intelfpga_lite/18.1/nios2eds/bin/gnu/h-x86_64-mingw32/bin/../lib/gcc/nios2-elf/5.3.0/../../../../../H-x86_64-mingw32/nios2-elf/lib/mno-hw-mul\libc.a(lib_a-snprintf.o)
                0x000000000100e03c                snprintf
 .text          0x000000000100e120        0x0 d:/intelfpga_lite/18.1/nios2eds/bin/gnu/h-x86_64-mingw32/bin/../lib/gcc/nios2-elf/5.3.0/../../../../../H-x86_64-mingw32/nios2-elf/lib/mno-hw-mul\libc.a(lib_a-strlen.o)
 .text.strlen   0x000000000100e120       0x98 d:/intelfpga_lite/18.1/nios2eds/bin/gnu/h-x86_64-mingw32/bin/../lib/gcc/nios2-elf/5.3.0/../../../../../H-x86_64-mingw32/nios2-elf/lib/mno-hw-mul\libc.a(lib_a-strlen.o)
                0x000000000100e120                strlen
 .text          0x000000000100e1b8        0x0 d:/intelfpga_lite/18.1/nios2eds/bin/gnu/h-x86_64-mingw32/bin/../lib/gcc/nios2-elf/5.3.0/../../../../../H-x86_64-mingw32/nios2-elf/lib/mno-hw-mul\libc.a(lib_a-strnlen.o)
 .text.strnlen  0x000000000100e1b8       0x44 d:/intelfpga_lite/18.1/nios2eds/bin/gnu/h-x86_64-mingw32/bin/../lib/gcc/nios2-elf/5.3.0/../../../../../H-x86_64-mingw32/nios2-elf/lib/mno-hw-mul\libc.a(lib_a-strnlen.o)
                0x000000000100e1b8                strnlen
 .text          0x000000000100e1fc        0x0 d:/intelfpga_lite/18.1/nios2eds/bin/gnu/h-x86_64-mingw32/bin/../lib/gcc/nios2-elf/5.3.0/../../../../../H-x86_64-mingw32/nios2-elf/lib/mno-hw-mul\libc.a(lib_a-svfprintf.o)
 .text.___svfprintf_internal_r
                0x000000000100e1fc     0x22bc d:/intelfpga_lite/18.1/nios2eds/bin/gnu/h-x86_64-mingw32/bin/../lib/gcc/nios2-elf/5.3.0/../../../../../H-x86_64-mingw32/nios2-elf/lib/mno-hw-mul\libc.a(lib_a-svfprintf.o)
                0x000000000100e1fc                ___svfprintf_internal_r
 .text          0x00000000010104b8        0x0 d:/intelfpga_lite/18.1/nios2eds/bin/gnu/h-x86_64-mingw32/bin/../lib/gcc/nios2-elf/5.3.0/../../../../../H-x86_64-mingw32/nios2-elf/lib/mno-hw-mul\libc.a(lib_a-vsnprintf.o)
 .text._vsnprintf_r
                0x00000000010104b8       0xf0 d:/intelfpga_lite/18.1/nios2eds/bin/gnu/h-x86_64-mingw32/bin/../lib/gcc/nios2-elf/5.3.0/../../../../../H-x86_64-mingw32/nios2-elf/lib/mno-hw-mul\libc.a(lib_a-vsnprintf.o)
                0x00000000010104b8                _vsnprintf_r
 .text.vsnprintf
                0x00000000010105a8       0x34 d:/intelfpga_lite/18.1/nios2eds/bin/gnu/h-x86_64-mingw32/bin/../lib/gcc/nios2-elf/5.3.0/../../../../../H-x86_64-mingw32/nios2-elf/lib/mno-hw-mul\libc.a(lib_a-vsnprintf.o)
                0x00000000010105a8                vsnprintf
 .text          0x00000000010105dc        0x0 d:/intelfpga_lite/18.1/nios2eds/bin/gnu/h-x86_64-mingw32/bin/../lib/gcc/nios2-elf/5.3.0/../../../../../H-x86_64-mingw32/nios2-elf/lib/mno-hw-mul\libc.a(lib_a-__call_atexit.o)
 .text.__call_exitprocs
                0x00000000010105dc      0x180 d:/intelfpga_lite/18.1/nios2eds/bin/gnu/h-x86_64-mingw32/bin/../lib/gcc/nios2-elf/5.3.0/../../../../../H-x86_64-mingw32/nios2-elf/lib/mno-hw-mul\libc.a(lib_a-__call_atexit.o)
                0x00000000010105dc                __call_exitprocs
 .text          0x000000000101075c        0x0 d:/intelfpga_lite/18.1/nios2eds/bin/gnu/h-x86_64-mingw32/bin/../lib/gcc/nios2-elf/5.3.0/../../../../../H-x86_64-mingw32/nios2-elf/lib/mno-hw-mul\libc.a(lib_a-dtoa.o)
 .text.quorem   0x000000000101075c      0x228 d:/intelfpga_lite/18.1/nios2eds/bin/gnu/h-x86_64-mingw32/bin/../lib/gcc/nios2-elf/5.3.0/../../../../../H-x86_64-mingw32/nios2-elf/lib/mno-hw-mul\libc.a(lib_a-dtoa.o)
 .text._dtoa_r  0x0000000001010984     0x1688 d:/intelfpga_lite/18.1/nios2eds/bin/gnu/h-x86_64-mingw32/bin/../lib/gcc/nios2-elf/5.3.0/../../../../../H-x86_64-mingw32/nios2-elf/lib/mno-hw-mul\libc.a(lib_a-dtoa.o)
                0x0000000001010984                _dtoa_r
 .text          0x000000000101200c        0x0 d:/intelfpga_lite/18.1/nios2eds/bin/gnu/h-x86_64-mingw32/bin/../lib/gcc/nios2-elf/5.3.0/../../../../../H-x86_64-mingw32/nios2-elf/lib/mno-hw-mul\libc.a(lib_a-freer.o)
 .text._malloc_trim_r
                0x000000000101200c      0x124 d:/intelfpga_lite/18.1/nios2eds/bin/gnu/h-x86_64-mingw32/bin/../lib/gcc/nios2-elf/5.3.0/../../../../../H-x86_64-mingw32/nios2-elf/lib/mno-hw-mul\libc.a(lib_a-freer.o)
                0x000000000101200c                _malloc_trim_r
 .text._free_r  0x0000000001012130      0x310 d:/intelfpga_lite/18.1/nios2eds/bin/gnu/h-x86_64-mingw32/bin/../lib/gcc/nios2-elf/5.3.0/../../../../../H-x86_64-mingw32/nios2-elf/lib/mno-hw-mul\libc.a(lib_a-freer.o)
                0x0000000001012130                _free_r
 .text          0x0000000001012440        0x0 d:/intelfpga_lite/18.1/nios2eds/bin/gnu/h-x86_64-mingw32/bin/../lib/gcc/nios2-elf/5.3.0/../../../../../H-x86_64-mingw32/nios2-elf/lib/mno-hw-mul\libc.a(lib_a-int_errno.o)
 .text          0x0000000001012440        0x0 d:/intelfpga_lite/18.1/nios2eds/bin/gnu/h-x86_64-mingw32/bin/../lib/gcc/nios2-elf/5.3.0/../../../../../H-x86_64-mingw32/nios2-elf/lib/mno-hw-mul\libc.a(lib_a-locale.o)
 .text._setlocale_r
                0x0000000001012440       0x7c d:/intelfpga_lite/18.1/nios2eds/bin/gnu/h-x86_64-mingw32/bin/../lib/gcc/nios2-elf/5.3.0/../../../../../H-x86_64-mingw32/nios2-elf/lib/mno-hw-mul\libc.a(lib_a-locale.o)
                0x0000000001012440                _setlocale_r
 .text.__locale_charset
                0x00000000010124bc        0xc d:/intelfpga_lite/18.1/nios2eds/bin/gnu/h-x86_64-mingw32/bin/../lib/gcc/nios2-elf/5.3.0/../../../../../H-x86_64-mingw32/nios2-elf/lib/mno-hw-mul\libc.a(lib_a-locale.o)
                0x00000000010124bc                __locale_charset
 .text.__locale_mb_cur_max
                0x00000000010124c8       0x10 d:/intelfpga_lite/18.1/nios2eds/bin/gnu/h-x86_64-mingw32/bin/../lib/gcc/nios2-elf/5.3.0/../../../../../H-x86_64-mingw32/nios2-elf/lib/mno-hw-mul\libc.a(lib_a-locale.o)
                0x00000000010124c8                __locale_mb_cur_max
 .text.__locale_msgcharset
                0x00000000010124d8        0xc d:/intelfpga_lite/18.1/nios2eds/bin/gnu/h-x86_64-mingw32/bin/../lib/gcc/nios2-elf/5.3.0/../../../../../H-x86_64-mingw32/nios2-elf/lib/mno-hw-mul\libc.a(lib_a-locale.o)
                0x00000000010124d8                __locale_msgcharset
 .text.__locale_cjk_lang
                0x00000000010124e4        0x8 d:/intelfpga_lite/18.1/nios2eds/bin/gnu/h-x86_64-mingw32/bin/../lib/gcc/nios2-elf/5.3.0/../../../../../H-x86_64-mingw32/nios2-elf/lib/mno-hw-mul\libc.a(lib_a-locale.o)
                0x00000000010124e4                __locale_cjk_lang
 .text._localeconv_r
                0x00000000010124ec        0xc d:/intelfpga_lite/18.1/nios2eds/bin/gnu/h-x86_64-mingw32/bin/../lib/gcc/nios2-elf/5.3.0/../../../../../H-x86_64-mingw32/nios2-elf/lib/mno-hw-mul\libc.a(lib_a-locale.o)
                0x00000000010124ec                _localeconv_r
 .text.setlocale
                0x00000000010124f8       0x18 d:/intelfpga_lite/18.1/nios2eds/bin/gnu/h-x86_64-mingw32/bin/../lib/gcc/nios2-elf/5.3.0/../../../../../H-x86_64-mingw32/nios2-elf/lib/mno-hw-mul\libc.a(lib_a-locale.o)
                0x00000000010124f8                setlocale
 .text.localeconv
                0x0000000001012510        0xc d:/intelfpga_lite/18.1/nios2eds/bin/gnu/h-x86_64-mingw32/bin/../lib/gcc/nios2-elf/5.3.0/../../../../../H-x86_64-mingw32/nios2-elf/lib/mno-hw-mul\libc.a(lib_a-locale.o)
                0x0000000001012510                localeconv
 .text          0x000000000101251c        0x0 d:/intelfpga_lite/18.1/nios2eds/bin/gnu/h-x86_64-mingw32/bin/../lib/gcc/nios2-elf/5.3.0/../../../../../H-x86_64-mingw32/nios2-elf/lib/mno-hw-mul\libc.a(lib_a-memchr.o)
 .text.memchr   0x000000000101251c       0xe4 d:/intelfpga_lite/18.1/nios2eds/bin/gnu/h-x86_64-mingw32/bin/../lib/gcc/nios2-elf/5.3.0/../../../../../H-x86_64-mingw32/nios2-elf/lib/mno-hw-mul\libc.a(lib_a-memchr.o)
                0x000000000101251c                memchr
 .text          0x0000000001012600        0x0 d:/intelfpga_lite/18.1/nios2eds/bin/gnu/h-x86_64-mingw32/bin/../lib/gcc/nios2-elf/5.3.0/../../../../../H-x86_64-mingw32/nios2-elf/lib/mno-hw-mul\libc.a(lib_a-mprec.o)
 .text._Balloc  0x0000000001012600       0xa8 d:/intelfpga_lite/18.1/nios2eds/bin/gnu/h-x86_64-mingw32/bin/../lib/gcc/nios2-elf/5.3.0/../../../../../H-x86_64-mingw32/nios2-elf/lib/mno-hw-mul\libc.a(lib_a-mprec.o)
                0x0000000001012600                _Balloc
 .text._Bfree   0x00000000010126a8       0x28 d:/intelfpga_lite/18.1/nios2eds/bin/gnu/h-x86_64-mingw32/bin/../lib/gcc/nios2-elf/5.3.0/../../../../../H-x86_64-mingw32/nios2-elf/lib/mno-hw-mul\libc.a(lib_a-mprec.o)
                0x00000000010126a8                _Bfree
 .text.__multadd
                0x00000000010126d0      0x148 d:/intelfpga_lite/18.1/nios2eds/bin/gnu/h-x86_64-mingw32/bin/../lib/gcc/nios2-elf/5.3.0/../../../../../H-x86_64-mingw32/nios2-elf/lib/mno-hw-mul\libc.a(lib_a-mprec.o)
                0x00000000010126d0                __multadd
 .text.__s2b    0x0000000001012818      0x104 d:/intelfpga_lite/18.1/nios2eds/bin/gnu/h-x86_64-mingw32/bin/../lib/gcc/nios2-elf/5.3.0/../../../../../H-x86_64-mingw32/nios2-elf/lib/mno-hw-mul\libc.a(lib_a-mprec.o)
                0x0000000001012818                __s2b
 .text.__hi0bits
                0x000000000101291c       0x68 d:/intelfpga_lite/18.1/nios2eds/bin/gnu/h-x86_64-mingw32/bin/../lib/gcc/nios2-elf/5.3.0/../../../../../H-x86_64-mingw32/nios2-elf/lib/mno-hw-mul\libc.a(lib_a-mprec.o)
                0x000000000101291c                __hi0bits
 .text.__lo0bits
                0x0000000001012984       0xb0 d:/intelfpga_lite/18.1/nios2eds/bin/gnu/h-x86_64-mingw32/bin/../lib/gcc/nios2-elf/5.3.0/../../../../../H-x86_64-mingw32/nios2-elf/lib/mno-hw-mul\libc.a(lib_a-mprec.o)
                0x0000000001012984                __lo0bits
 .text.__i2b    0x0000000001012a34       0x3c d:/intelfpga_lite/18.1/nios2eds/bin/gnu/h-x86_64-mingw32/bin/../lib/gcc/nios2-elf/5.3.0/../../../../../H-x86_64-mingw32/nios2-elf/lib/mno-hw-mul\libc.a(lib_a-mprec.o)
                0x0000000001012a34                __i2b
 .text.__multiply
                0x0000000001012a70      0x28c d:/intelfpga_lite/18.1/nios2eds/bin/gnu/h-x86_64-mingw32/bin/../lib/gcc/nios2-elf/5.3.0/../../../../../H-x86_64-mingw32/nios2-elf/lib/mno-hw-mul\libc.a(lib_a-mprec.o)
                0x0000000001012a70                __multiply
 .text.__pow5mult
                0x0000000001012cfc      0x140 d:/intelfpga_lite/18.1/nios2eds/bin/gnu/h-x86_64-mingw32/bin/../lib/gcc/nios2-elf/5.3.0/../../../../../H-x86_64-mingw32/nios2-elf/lib/mno-hw-mul\libc.a(lib_a-mprec.o)
                0x0000000001012cfc                __pow5mult
 .text.__lshift
                0x0000000001012e3c      0x148 d:/intelfpga_lite/18.1/nios2eds/bin/gnu/h-x86_64-mingw32/bin/../lib/gcc/nios2-elf/5.3.0/../../../../../H-x86_64-mingw32/nios2-elf/lib/mno-hw-mul\libc.a(lib_a-mprec.o)
                0x0000000001012e3c                __lshift
 .text.__mcmp   0x0000000001012f84       0x60 d:/intelfpga_lite/18.1/nios2eds/bin/gnu/h-x86_64-mingw32/bin/../lib/gcc/nios2-elf/5.3.0/../../../../../H-x86_64-mingw32/nios2-elf/lib/mno-hw-mul\libc.a(lib_a-mprec.o)
                0x0000000001012f84                __mcmp
 .text.__mdiff  0x0000000001012fe4      0x1fc d:/intelfpga_lite/18.1/nios2eds/bin/gnu/h-x86_64-mingw32/bin/../lib/gcc/nios2-elf/5.3.0/../../../../../H-x86_64-mingw32/nios2-elf/lib/mno-hw-mul\libc.a(lib_a-mprec.o)
                0x0000000001012fe4                __mdiff
 .text.__ulp    0x00000000010131e0       0x64 d:/intelfpga_lite/18.1/nios2eds/bin/gnu/h-x86_64-mingw32/bin/../lib/gcc/nios2-elf/5.3.0/../../../../../H-x86_64-mingw32/nios2-elf/lib/mno-hw-mul\libc.a(lib_a-mprec.o)
                0x00000000010131e0                __ulp
 .text.__b2d    0x0000000001013244      0x10c d:/intelfpga_lite/18.1/nios2eds/bin/gnu/h-x86_64-mingw32/bin/../lib/gcc/nios2-elf/5.3.0/../../../../../H-x86_64-mingw32/nios2-elf/lib/mno-hw-mul\libc.a(lib_a-mprec.o)
                0x0000000001013244                __b2d
 .text.__d2b    0x0000000001013350      0x14c d:/intelfpga_lite/18.1/nios2eds/bin/gnu/h-x86_64-mingw32/bin/../lib/gcc/nios2-elf/5.3.0/../../../../../H-x86_64-mingw32/nios2-elf/lib/mno-hw-mul\libc.a(lib_a-mprec.o)
                0x0000000001013350                __d2b
 .text.__ratio  0x000000000101349c       0xa4 d:/intelfpga_lite/18.1/nios2eds/bin/gnu/h-x86_64-mingw32/bin/../lib/gcc/nios2-elf/5.3.0/../../../../../H-x86_64-mingw32/nios2-elf/lib/mno-hw-mul\libc.a(lib_a-mprec.o)
                0x000000000101349c                __ratio
 .text._mprec_log10
                0x0000000001013540       0x74 d:/intelfpga_lite/18.1/nios2eds/bin/gnu/h-x86_64-mingw32/bin/../lib/gcc/nios2-elf/5.3.0/../../../../../H-x86_64-mingw32/nios2-elf/lib/mno-hw-mul\libc.a(lib_a-mprec.o)
                0x0000000001013540                _mprec_log10
 .text.__copybits
                0x00000000010135b4       0x78 d:/intelfpga_lite/18.1/nios2eds/bin/gnu/h-x86_64-mingw32/bin/../lib/gcc/nios2-elf/5.3.0/../../../../../H-x86_64-mingw32/nios2-elf/lib/mno-hw-mul\libc.a(lib_a-mprec.o)
                0x00000000010135b4                __copybits
 .text.__any_on
                0x000000000101362c       0x8c d:/intelfpga_lite/18.1/nios2eds/bin/gnu/h-x86_64-mingw32/bin/../lib/gcc/nios2-elf/5.3.0/../../../../../H-x86_64-mingw32/nios2-elf/lib/mno-hw-mul\libc.a(lib_a-mprec.o)
                0x000000000101362c                __any_on
 .text          0x00000000010136b8        0x0 d:/intelfpga_lite/18.1/nios2eds/bin/gnu/h-x86_64-mingw32/bin/../lib/gcc/nios2-elf/5.3.0/../../../../../H-x86_64-mingw32/nios2-elf/lib/mno-hw-mul\libc.a(lib_a-s_fpclassify.o)
 .text.__fpclassifyd
                0x00000000010136b8       0x74 d:/intelfpga_lite/18.1/nios2eds/bin/gnu/h-x86_64-mingw32/bin/../lib/gcc/nios2-elf/5.3.0/../../../../../H-x86_64-mingw32/nios2-elf/lib/mno-hw-mul\libc.a(lib_a-s_fpclassify.o)
                0x00000000010136b8                __fpclassifyd
 .text          0x000000000101372c        0x0 d:/intelfpga_lite/18.1/nios2eds/bin/gnu/h-x86_64-mingw32/bin/../lib/gcc/nios2-elf/5.3.0/../../../../../H-x86_64-mingw32/nios2-elf/lib/mno-hw-mul\libc.a(lib_a-strcmp.o)
 .text.strcmp   0x000000000101372c       0xdc d:/intelfpga_lite/18.1/nios2eds/bin/gnu/h-x86_64-mingw32/bin/../lib/gcc/nios2-elf/5.3.0/../../../../../H-x86_64-mingw32/nios2-elf/lib/mno-hw-mul\libc.a(lib_a-strcmp.o)
                0x000000000101372c                strcmp
 .text          0x0000000001013808        0x0 d:/intelfpga_lite/18.1/nios2eds/bin/gnu/h-x86_64-mingw32/bin/../lib/gcc/nios2-elf/5.3.0/../../../../../H-x86_64-mingw32/nios2-elf/lib/mno-hw-mul\libc.a(lib_a-svfiprintf.o)
 .text.__ssprint_r
                0x0000000001013808      0x1d0 d:/intelfpga_lite/18.1/nios2eds/bin/gnu/h-x86_64-mingw32/bin/../lib/gcc/nios2-elf/5.3.0/../../../../../H-x86_64-mingw32/nios2-elf/lib/mno-hw-mul\libc.a(lib_a-svfiprintf.o)
                0x0000000001013808                __ssprint_r
 .text.___svfiprintf_internal_r
                0x00000000010139d8     0x13a0 d:/intelfpga_lite/18.1/nios2eds/bin/gnu/h-x86_64-mingw32/bin/../lib/gcc/nios2-elf/5.3.0/../../../../../H-x86_64-mingw32/nios2-elf/lib/mno-hw-mul\libc.a(lib_a-svfiprintf.o)
                0x00000000010139d8                ___svfiprintf_internal_r
 .text          0x0000000001014d78        0x0 d:/intelfpga_lite/18.1/nios2eds/bin/gnu/h-x86_64-mingw32/bin/../lib/gcc/nios2-elf/5.3.0/../../../../../H-x86_64-mingw32/nios2-elf/lib/mno-hw-mul\libc.a(lib_a-callocr.o)
 .text._calloc_r
                0x0000000001014d78       0xdc d:/intelfpga_lite/18.1/nios2eds/bin/gnu/h-x86_64-mingw32/bin/../lib/gcc/nios2-elf/5.3.0/../../../../../H-x86_64-mingw32/nios2-elf/lib/mno-hw-mul\libc.a(lib_a-callocr.o)
                0x0000000001014d78                _calloc_r
 .text          0x0000000001014e54        0x0 d:/intelfpga_lite/18.1/nios2eds/bin/gnu/h-x86_64-mingw32/bin/../lib/gcc/nios2-elf/5.3.0/../../../../../H-x86_64-mingw32/nios2-elf/lib/mno-hw-mul\libc.a(lib_a-memmove.o)
 .text.memmove  0x0000000001014e54      0x15c d:/intelfpga_lite/18.1/nios2eds/bin/gnu/h-x86_64-mingw32/bin/../lib/gcc/nios2-elf/5.3.0/../../../../../H-x86_64-mingw32/nios2-elf/lib/mno-hw-mul\libc.a(lib_a-memmove.o)
                0x0000000001014e54                memmove
 .text          0x0000000001014fb0        0x0 d:/intelfpga_lite/18.1/nios2eds/bin/gnu/h-x86_64-mingw32/bin/../lib/gcc/nios2-elf/5.3.0/../../../../../H-x86_64-mingw32/nios2-elf/lib/mno-hw-mul\libc.a(lib_a-reallocr.o)
 .text._realloc_r
                0x0000000001014fb0      0x564 d:/intelfpga_lite/18.1/nios2eds/bin/gnu/h-x86_64-mingw32/bin/../lib/gcc/nios2-elf/5.3.0/../../../../../H-x86_64-mingw32/nios2-elf/lib/mno-hw-mul\libc.a(lib_a-reallocr.o)
                0x0000000001014fb0                _realloc_r
 .text          0x0000000001015514      0x5fc d:/intelfpga_lite/18.1/nios2eds/bin/gnu/h-x86_64-mingw32/bin/../lib/gcc/nios2-elf/5.3.0/mno-hw-mul\libgcc.a(_udivdi3.o)
                0x0000000001015514                __udivdi3
 .text          0x0000000001015b10      0x5c4 d:/intelfpga_lite/18.1/nios2eds/bin/gnu/h-x86_64-mingw32/bin/../lib/gcc/nios2-elf/5.3.0/mno-hw-mul\libgcc.a(_umoddi3.o)
                0x0000000001015b10                __umoddi3
 .text          0x00000000010160d4      0x8ac d:/intelfpga_lite/18.1/nios2eds/bin/gnu/h-x86_64-mingw32/bin/../lib/gcc/nios2-elf/5.3.0/mno-hw-mul\libgcc.a(adddf3.o)
                0x00000000010160d4                __adddf3
 .text          0x0000000001016980       0x88 d:/intelfpga_lite/18.1/nios2eds/bin/gnu/h-x86_64-mingw32/bin/../lib/gcc/nios2-elf/5.3.0/mno-hw-mul\libgcc.a(eqdf2.o)
                0x0000000001016980                __nedf2
                0x0000000001016980                __eqdf2
 .text          0x0000000001016a08       0xdc d:/intelfpga_lite/18.1/nios2eds/bin/gnu/h-x86_64-mingw32/bin/../lib/gcc/nios2-elf/5.3.0/mno-hw-mul\libgcc.a(gedf2.o)
                0x0000000001016a08                __gedf2
                0x0000000001016a08                __gtdf2
 .text          0x0000000001016ae4       0xf4 d:/intelfpga_lite/18.1/nios2eds/bin/gnu/h-x86_64-mingw32/bin/../lib/gcc/nios2-elf/5.3.0/mno-hw-mul\libgcc.a(ledf2.o)
                0x0000000001016ae4                __ledf2
                0x0000000001016ae4                __ltdf2
 .text          0x0000000001016bd8       0x80 d:/intelfpga_lite/18.1/nios2eds/bin/gnu/h-x86_64-mingw32/bin/../lib/gcc/nios2-elf/5.3.0/mno-hw-mul\libgcc.a(fixdfsi.o)
                0x0000000001016bd8                __fixdfsi
 .text          0x0000000001016c58       0xdc d:/intelfpga_lite/18.1/nios2eds/bin/gnu/h-x86_64-mingw32/bin/../lib/gcc/nios2-elf/5.3.0/mno-hw-mul\libgcc.a(floatsidf.o)
                0x0000000001016c58                __floatsidf
 .text          0x0000000001016d34       0xa8 d:/intelfpga_lite/18.1/nios2eds/bin/gnu/h-x86_64-mingw32/bin/../lib/gcc/nios2-elf/5.3.0/mno-hw-mul\libgcc.a(floatunsidf.o)
                0x0000000001016d34                __floatunsidf
 .text          0x0000000001016ddc       0x34 ../IRIS1_CPU_V01_7_bsp/\libhal_bsp.a(alt_exit.o)
                0x0000000001016ddc                _exit
 .text          0x0000000001016e10      0x1b0 ../IRIS1_CPU_V01_7_bsp/\libhal_bsp.a(alt_iic.o)
                0x0000000001016e10                alt_ic_isr_register
                0x0000000001016e60                alt_ic_irq_enable
                0x0000000001016ee8                alt_ic_irq_disable
                0x0000000001016f74                alt_ic_irq_enabled
 .text          0x0000000001016fc0       0xf0 ../IRIS1_CPU_V01_7_bsp/\libhal_bsp.a(alt_iic_isr_register.o)
                0x0000000001016fc0                alt_iic_isr_register
 .text          0x00000000010170b0        0x0 ../IRIS1_CPU_V01_7_bsp/\libhal_bsp.a(alt_irq_entry.o)
 .text          0x00000000010170b0        0x0 ../IRIS1_CPU_V01_7_bsp/\libhal_bsp.a(alt_irq_handler.o)
 .text          0x00000000010170b0        0x0 ../IRIS1_CPU_V01_7_bsp/\libhal_bsp.a(alt_irq_vars.o)
 .text          0x00000000010170b0       0x7c ../IRIS1_CPU_V01_7_bsp/\libhal_bsp.a(alt_main.o)
                0x00000000010170b0                alt_main
 .text          0x000000000101712c       0x48 ../IRIS1_CPU_V01_7_bsp/\libhal_bsp.a(alt_malloc_lock.o)
                0x000000000101712c                __malloc_lock
                0x0000000001017150                __malloc_unlock
 .text          0x0000000001017174       0xb0 ../IRIS1_CPU_V01_7_bsp/\libhal_bsp.a(alt_sbrk.o)
                0x0000000001017174                sbrk
 .text          0x0000000001017224       0x30 ../IRIS1_CPU_V01_7_bsp/\libhal_bsp.a(alt_usleep.o)
                0x0000000001017224                usleep
 .text          0x0000000001017254      0x10c ../IRIS1_CPU_V01_7_bsp/\libhal_bsp.a(alt_sys_init.o)
                0x0000000001017288                alt_irq_init
                0x00000000010172c0                alt_sys_init
 .text          0x0000000001017360      0xafc ../IRIS1_CPU_V01_7_bsp/\libhal_bsp.a(altera_avalon_epcs_flash_controller.o)
                0x0000000001017394                alt_epcs_flash_init
                0x00000000010178cc                alt_epcs_flash_write
                0x0000000001017b2c                alt_epcs_flash_get_info
                0x0000000001017c4c                alt_epcs_flash_erase_block
                0x0000000001017cc4                alt_epcs_flash_write_block
                0x0000000001017dc4                alt_epcs_flash_read
 .text          0x0000000001017e5c      0x164 ../IRIS1_CPU_V01_7_bsp/\libhal_bsp.a(altera_avalon_jtag_uart_fd.o)
                0x0000000001017e5c                altera_avalon_jtag_uart_read_fd
                0x0000000001017ebc                altera_avalon_jtag_uart_write_fd
                0x0000000001017f1c                altera_avalon_jtag_uart_close_fd
                0x0000000001017f6c                altera_avalon_jtag_uart_ioctl_fd
 .text          0x0000000001017fc0      0x3d4 ../IRIS1_CPU_V01_7_bsp/\libhal_bsp.a(altera_avalon_jtag_uart_init.o)
                0x0000000001017fc0                altera_avalon_jtag_uart_init
                0x000000000101832c                altera_avalon_jtag_uart_close
 .text          0x0000000001018394       0xf0 ../IRIS1_CPU_V01_7_bsp/\libhal_bsp.a(altera_avalon_jtag_uart_ioctl.o)
                0x0000000001018394                altera_avalon_jtag_uart_ioctl
 .text          0x0000000001018484      0x21c ../IRIS1_CPU_V01_7_bsp/\libhal_bsp.a(altera_avalon_jtag_uart_read.o)
                0x0000000001018484                altera_avalon_jtag_uart_read
 .text          0x00000000010186a0      0x224 ../IRIS1_CPU_V01_7_bsp/\libhal_bsp.a(altera_avalon_jtag_uart_write.o)
                0x00000000010186a0                altera_avalon_jtag_uart_write
 .text          0x00000000010188c4      0x110 ../IRIS1_CPU_V01_7_bsp/\libhal_bsp.a(altera_avalon_uart_fd.o)
                0x00000000010188c4                altera_avalon_uart_read_fd
                0x0000000001018924                altera_avalon_uart_write_fd
                0x0000000001018984                altera_avalon_uart_close_fd
 .text          0x00000000010189d4      0x3c8 ../IRIS1_CPU_V01_7_bsp/\libhal_bsp.a(altera_avalon_uart_init.o)
                0x00000000010189d4                altera_avalon_uart_init
                0x0000000001018d48                altera_avalon_uart_close
 .text          0x0000000001018d9c      0x218 ../IRIS1_CPU_V01_7_bsp/\libhal_bsp.a(altera_avalon_uart_read.o)
                0x0000000001018dd8                altera_avalon_uart_read
 .text          0x0000000001018fb4      0x1e8 ../IRIS1_CPU_V01_7_bsp/\libhal_bsp.a(altera_avalon_uart_write.o)
                0x0000000001018ff0                altera_avalon_uart_write
 .text          0x000000000101919c      0x63c ../IRIS1_CPU_V01_7_bsp/\libhal_bsp.a(epcs_commands.o)
                0x000000000101919c                epcs_read_status_register
                0x000000000101926c                epcs_sector_erase
                0x0000000001019368                epcs_read_buffer
                0x000000000101945c                epcs_write_enable
                0x00000000010194b0                epcs_write_status_register
                0x000000000101951c                epcs_write_buffer
                0x0000000001019638                epcs_read_electronic_signature
                0x00000000010196a0                epcs_read_device_id
                0x0000000001019720                epcs_enter_4_bytes_mode
                0x000000000101977c                epcs_exit_4_bytes_mode
 .text          0x00000000010197d8      0x12c ../IRIS1_CPU_V01_7_bsp/\libhal_bsp.a(alt_alarm_start.o)
                0x00000000010197d8                alt_alarm_start
 .text          0x0000000001019904      0x158 ../IRIS1_CPU_V01_7_bsp/\libhal_bsp.a(alt_busy_sleep.o)
                0x0000000001019904                alt_busy_sleep
 .text          0x0000000001019a5c      0x114 ../IRIS1_CPU_V01_7_bsp/\libhal_bsp.a(alt_close.o)
                0x0000000001019a98                close
 .text          0x0000000001019b70       0x2c ../IRIS1_CPU_V01_7_bsp/\libhal_bsp.a(alt_dev.o)
 .text          0x0000000001019b9c       0xe0 ../IRIS1_CPU_V01_7_bsp/\libhal_bsp.a(alt_dev_llist_insert.o)
                0x0000000001019bd8                alt_dev_llist_insert
 .text          0x0000000001019c7c       0x60 ../IRIS1_CPU_V01_7_bsp/\libhal_bsp.a(alt_do_ctors.o)
                0x0000000001019c7c                _do_ctors
 .text          0x0000000001019cdc       0x60 ../IRIS1_CPU_V01_7_bsp/\libhal_bsp.a(alt_do_dtors.o)
                0x0000000001019cdc                _do_dtors
 .text          0x0000000001019d3c        0x0 ../IRIS1_CPU_V01_7_bsp/\libhal_bsp.a(alt_errno.o)
 .text          0x0000000001019d3c        0x0 ../IRIS1_CPU_V01_7_bsp/\libhal_bsp.a(alt_exception_entry.o)
 .text          0x0000000001019d3c       0xbc ../IRIS1_CPU_V01_7_bsp/\libhal_bsp.a(alt_flash_dev.o)
                0x0000000001019d3c                alt_flash_open_dev
                0x0000000001019da4                alt_flash_close_dev
 .text          0x0000000001019df8       0x9c ../IRIS1_CPU_V01_7_bsp/\libhal_bsp.a(alt_instruction_exception_entry.o)
                0x0000000001019df8                alt_exception_cause_generated_bad_addr
 .text          0x0000000001019e94      0x160 ../IRIS1_CPU_V01_7_bsp/\libhal_bsp.a(alt_io_redirect.o)
                0x0000000001019f78                alt_io_redirect
 .text          0x0000000001019ff4      0x284 ../IRIS1_CPU_V01_7_bsp/\libhal_bsp.a(alt_open.o)
                0x000000000101a11c                open
 .text          0x000000000101a278       0x84 ../IRIS1_CPU_V01_7_bsp/\libhal_bsp.a(alt_release_fd.o)
                0x000000000101a278                alt_release_fd
 .text          0x000000000101a2fc      0x1a4 ../IRIS1_CPU_V01_7_bsp/\libhal_bsp.a(alt_tick.o)
                0x000000000101a2fc                alt_alarm_stop
                0x000000000101a398                alt_tick
 .text          0x000000000101a4a0       0x24 ../IRIS1_CPU_V01_7_bsp/\libhal_bsp.a(altera_nios2_gen2_irq.o)
                0x000000000101a4a0                altera_nios2_gen2_irq_init
 .text          0x000000000101a4c4      0x1fc ../IRIS1_CPU_V01_7_bsp/\libhal_bsp.a(altera_avalon_spi.o)
                0x000000000101a4c4                alt_avalon_spi_command
 .text          0x000000000101a6c0       0x90 ../IRIS1_CPU_V01_7_bsp/\libhal_bsp.a(alt_find_dev.o)
                0x000000000101a6c0                alt_find_dev
 .text          0x000000000101a750      0x108 ../IRIS1_CPU_V01_7_bsp/\libhal_bsp.a(alt_find_file.o)
                0x000000000101a750                alt_find_file
 .text          0x000000000101a858       0xc4 ../IRIS1_CPU_V01_7_bsp/\libhal_bsp.a(alt_get_fd.o)
                0x000000000101a858                alt_get_fd
 .text          0x000000000101a91c        0x0 d:/intelfpga_lite/18.1/nios2eds/bin/gnu/h-x86_64-mingw32/bin/../lib/gcc/nios2-elf/5.3.0/../../../../../H-x86_64-mingw32/nios2-elf/lib/mno-hw-mul\libc.a(lib_a-atexit.o)
 .text.atexit   0x000000000101a91c       0x14 d:/intelfpga_lite/18.1/nios2eds/bin/gnu/h-x86_64-mingw32/bin/../lib/gcc/nios2-elf/5.3.0/../../../../../H-x86_64-mingw32/nios2-elf/lib/mno-hw-mul\libc.a(lib_a-atexit.o)
                0x000000000101a91c                atexit
 .text          0x000000000101a930        0x0 d:/intelfpga_lite/18.1/nios2eds/bin/gnu/h-x86_64-mingw32/bin/../lib/gcc/nios2-elf/5.3.0/../../../../../H-x86_64-mingw32/nios2-elf/lib/mno-hw-mul\libc.a(lib_a-memcmp.o)
 .text.memcmp   0x000000000101a930       0x7c d:/intelfpga_lite/18.1/nios2eds/bin/gnu/h-x86_64-mingw32/bin/../lib/gcc/nios2-elf/5.3.0/../../../../../H-x86_64-mingw32/nios2-elf/lib/mno-hw-mul\libc.a(lib_a-memcmp.o)
                0x000000000101a930                memcmp
 .text          0x000000000101a9ac        0x0 d:/intelfpga_lite/18.1/nios2eds/bin/gnu/h-x86_64-mingw32/bin/../lib/gcc/nios2-elf/5.3.0/../../../../../H-x86_64-mingw32/nios2-elf/lib/mno-hw-mul\libc.a(lib_a-__atexit.o)
 .text.__register_exitproc
                0x000000000101a9ac      0x118 d:/intelfpga_lite/18.1/nios2eds/bin/gnu/h-x86_64-mingw32/bin/../lib/gcc/nios2-elf/5.3.0/../../../../../H-x86_64-mingw32/nios2-elf/lib/mno-hw-mul\libc.a(lib_a-__atexit.o)
                0x000000000101a9ac                __register_exitproc
 *(.gnu.warning.*)
 *(.fini)
                [!provide]                        PROVIDE (__etext, ABSOLUTE (.))
                [!provide]                        PROVIDE (_etext, ABSOLUTE (.))
                [!provide]                        PROVIDE (etext, ABSOLUTE (.))
 *(.eh_frame_hdr)
                0x000000000101aac4                . = ALIGN (0x4)
                [!provide]                        PROVIDE (__preinit_array_start, ABSOLUTE (.))
 *(.preinit_array)
                [!provide]                        PROVIDE (__preinit_array_end, ABSOLUTE (.))
                [!provide]                        PROVIDE (__init_array_start, ABSOLUTE (.))
 *(.init_array)
                [!provide]                        PROVIDE (__init_array_end, ABSOLUTE (.))
                [!provide]                        PROVIDE (__fini_array_start, ABSOLUTE (.))
 *(.fini_array)
                [!provide]                        PROVIDE (__fini_array_end, ABSOLUTE (.))
 *(.eh_frame)
 *(.gcc_except_table .gcc_except_table.*)
 *(.dynamic)
                0x000000000101aac4                PROVIDE (__CTOR_LIST__, ABSOLUTE (.))
 *(.ctors)
 *(SORT(.ctors.*))
                0x000000000101aac4                PROVIDE (__CTOR_END__, ABSOLUTE (.))
                0x000000000101aac4                PROVIDE (__DTOR_LIST__, ABSOLUTE (.))
 *(.dtors)
 *(SORT(.dtors.*))
                0x000000000101aac4                PROVIDE (__DTOR_END__, ABSOLUTE (.))
 *(.jcr)
                0x000000000101aac4                . = ALIGN (0x4)

.rodata         0x000000000101aac4      0xf30
                [!provide]                        PROVIDE (__ram_rodata_start, ABSOLUTE (.))
                0x000000000101aac4                . = ALIGN (0x4)
 *(.rodata .rodata.* .gnu.linkonce.r.*)
 .rodata        0x000000000101aac4       0x94 obj/default//D/github/adamShiau_FPGA/intel_IP/IRIS/NIOS/IRIS1_CPU_V01_7/IRIS1_CPU_V01_7.o
 .rodata        0x000000000101ab58       0x75 obj/default//D/github/adamShiau_FPGA/intel_IP/IRIS/NIOS/IRIS1_CPU_V01_7/lib/acq_fog.o
 *fill*         0x000000000101abcd        0x3 
 .rodata        0x000000000101abd0       0x7d obj/default//D/github/adamShiau_FPGA/intel_IP/IRIS/NIOS/IRIS1_CPU_V01_7/lib/acq_imu.o
 *fill*         0x000000000101ac4d        0x3 
 .rodata        0x000000000101ac50       0x24 obj/default//D/github/adamShiau_FPGA/intel_IP/IRIS/NIOS/IRIS1_CPU_V01_7/lib/ads122c04_se.o
 .rodata        0x000000000101ac74       0x68 obj/default//D/github/adamShiau_FPGA/intel_IP/IRIS/NIOS/IRIS1_CPU_V01_7/lib/adxl357.o
 .rodata        0x000000000101acdc      0x3e1 obj/default//D/github/adamShiau_FPGA/intel_IP/IRIS/NIOS/IRIS1_CPU_V01_7/lib/common.o
 *fill*         0x000000000101b0bd        0x3 
 .rodata        0x000000000101b0c0      0x43a obj/default//D/github/adamShiau_FPGA/intel_IP/IRIS/NIOS/IRIS1_CPU_V01_7/lib/eeprom_v2.o
 *fill*         0x000000000101b4fa        0x2 
 .rodata        0x000000000101b4fc      0x140 obj/default//D/github/adamShiau_FPGA/intel_IP/IRIS/NIOS/IRIS1_CPU_V01_7/lib/memory_manage.o
                0x000000000101b4fc                fog_parameter_init
 .rodata        0x000000000101b63c       0x9b obj/default//D/github/adamShiau_FPGA/intel_IP/IRIS/NIOS/IRIS1_CPU_V01_7/lib/output_mode.o
 .rodata        0x000000000101b6d7      0x100 d:/intelfpga_lite/18.1/nios2eds/bin/gnu/h-x86_64-mingw32/bin/../lib/gcc/nios2-elf/5.3.0/mno-hw-mul\libgcc.a(_clz.o)
                0x000000000101b6d7                __clz_tab
 *fill*         0x000000000101b7d7        0x1 
 .rodata.str1.4
                0x000000000101b7d8        0x2 d:/intelfpga_lite/18.1/nios2eds/bin/gnu/h-x86_64-mingw32/bin/../lib/gcc/nios2-elf/5.3.0/../../../../../H-x86_64-mingw32/nios2-elf/lib/mno-hw-mul\libc.a(lib_a-impure.o)
 *fill*         0x000000000101b7da        0x2 
 .rodata.str1.4
                0x000000000101b7dc       0x42 d:/intelfpga_lite/18.1/nios2eds/bin/gnu/h-x86_64-mingw32/bin/../lib/gcc/nios2-elf/5.3.0/../../../../../H-x86_64-mingw32/nios2-elf/lib/mno-hw-mul\libc.a(lib_a-svfprintf.o)
 .rodata.zeroes.4389
                0x000000000101b81e       0x10 d:/intelfpga_lite/18.1/nios2eds/bin/gnu/h-x86_64-mingw32/bin/../lib/gcc/nios2-elf/5.3.0/../../../../../H-x86_64-mingw32/nios2-elf/lib/mno-hw-mul\libc.a(lib_a-svfprintf.o)
 .rodata.blanks.4388
                0x000000000101b82e       0x10 d:/intelfpga_lite/18.1/nios2eds/bin/gnu/h-x86_64-mingw32/bin/../lib/gcc/nios2-elf/5.3.0/../../../../../H-x86_64-mingw32/nios2-elf/lib/mno-hw-mul\libc.a(lib_a-svfprintf.o)
 *fill*         0x000000000101b83e        0x2 
 .rodata.str1.4
                0x000000000101b840       0x10 d:/intelfpga_lite/18.1/nios2eds/bin/gnu/h-x86_64-mingw32/bin/../lib/gcc/nios2-elf/5.3.0/../../../../../H-x86_64-mingw32/nios2-elf/lib/mno-hw-mul\libc.a(lib_a-dtoa.o)
                                         0x12 (size before relaxing)
 .rodata.str1.4
                0x000000000101b850        0xc d:/intelfpga_lite/18.1/nios2eds/bin/gnu/h-x86_64-mingw32/bin/../lib/gcc/nios2-elf/5.3.0/../../../../../H-x86_64-mingw32/nios2-elf/lib/mno-hw-mul\libc.a(lib_a-locale.o)
                                         0x12 (size before relaxing)
 .rodata.p05.2768
                0x000000000101b85c        0xc d:/intelfpga_lite/18.1/nios2eds/bin/gnu/h-x86_64-mingw32/bin/../lib/gcc/nios2-elf/5.3.0/../../../../../H-x86_64-mingw32/nios2-elf/lib/mno-hw-mul\libc.a(lib_a-mprec.o)
 .rodata.__mprec_tinytens
                0x000000000101b868       0x28 d:/intelfpga_lite/18.1/nios2eds/bin/gnu/h-x86_64-mingw32/bin/../lib/gcc/nios2-elf/5.3.0/../../../../../H-x86_64-mingw32/nios2-elf/lib/mno-hw-mul\libc.a(lib_a-mprec.o)
                0x000000000101b868                __mprec_tinytens
 .rodata.__mprec_bigtens
                0x000000000101b890       0x28 d:/intelfpga_lite/18.1/nios2eds/bin/gnu/h-x86_64-mingw32/bin/../lib/gcc/nios2-elf/5.3.0/../../../../../H-x86_64-mingw32/nios2-elf/lib/mno-hw-mul\libc.a(lib_a-mprec.o)
                0x000000000101b890                __mprec_bigtens
 .rodata.__mprec_tens
                0x000000000101b8b8       0xc8 d:/intelfpga_lite/18.1/nios2eds/bin/gnu/h-x86_64-mingw32/bin/../lib/gcc/nios2-elf/5.3.0/../../../../../H-x86_64-mingw32/nios2-elf/lib/mno-hw-mul\libc.a(lib_a-mprec.o)
                0x000000000101b8b8                __mprec_tens
 .rodata.str1.4
                0x000000000101b980       0x2f d:/intelfpga_lite/18.1/nios2eds/bin/gnu/h-x86_64-mingw32/bin/../lib/gcc/nios2-elf/5.3.0/../../../../../H-x86_64-mingw32/nios2-elf/lib/mno-hw-mul\libc.a(lib_a-svfiprintf.o)
 .rodata.zeroes.4333
                0x000000000101b980       0x10 d:/intelfpga_lite/18.1/nios2eds/bin/gnu/h-x86_64-mingw32/bin/../lib/gcc/nios2-elf/5.3.0/../../../../../H-x86_64-mingw32/nios2-elf/lib/mno-hw-mul\libc.a(lib_a-svfiprintf.o)
 .rodata.blanks.4332
                0x000000000101b990       0x10 d:/intelfpga_lite/18.1/nios2eds/bin/gnu/h-x86_64-mingw32/bin/../lib/gcc/nios2-elf/5.3.0/../../../../../H-x86_64-mingw32/nios2-elf/lib/mno-hw-mul\libc.a(lib_a-svfiprintf.o)
 .rodata        0x000000000101b9a0        0xf ../IRIS1_CPU_V01_7_bsp/\libhal_bsp.a(alt_main.o)
 *fill*         0x000000000101b9af        0x1 
 .rodata        0x000000000101b9b0       0x36 ../IRIS1_CPU_V01_7_bsp/\libhal_bsp.a(alt_sys_init.o)
 *fill*         0x000000000101b9e6        0x2 
 .rodata        0x000000000101b9e8        0xa ../IRIS1_CPU_V01_7_bsp/\libhal_bsp.a(alt_dev.o)
 *(.rodata1)
                0x000000000101b9f4                . = ALIGN (0x4)
 *fill*         0x000000000101b9f2        0x2 
                [!provide]                        PROVIDE (__ram_rodata_end, ABSOLUTE (.))
                [!provide]                        PROVIDE (__flash_rodata_start, LOADADDR (.rodata))

.rwdata         0x000000000101b9f4     0x1d90
                [!provide]                        PROVIDE (__ram_rwdata_start, ABSOLUTE (.))
                0x000000000101b9f4                . = ALIGN (0x4)
 *(.got.plt)
 *(.got)
 *(.data1)
 *(.data .data.* .gnu.linkonce.d.*)
 .data          0x000000000101b9f4        0x0 ../IRIS1_CPU_V01_7_bsp//obj/HAL/src/crt0.o
 .data          0x000000000101b9f4       0x20 obj/default//D/github/adamShiau_FPGA/intel_IP/IRIS/NIOS/IRIS1_CPU_V01_7/IRIS1_CPU_V01_7.o
                0x000000000101b9f4                my_cmd
 .data          0x000000000101ba14        0x0 obj/default//D/github/adamShiau_FPGA/intel_IP/IRIS/NIOS/IRIS1_CPU_V01_7/lib/acq_fog.o
 .data          0x000000000101ba14        0x0 obj/default//D/github/adamShiau_FPGA/intel_IP/IRIS/NIOS/IRIS1_CPU_V01_7/lib/acq_imu.o
 .data          0x000000000101ba14        0x0 obj/default//D/github/adamShiau_FPGA/intel_IP/IRIS/NIOS/IRIS1_CPU_V01_7/lib/acq_rst.o
 .data          0x000000000101ba14        0x0 obj/default//D/github/adamShiau_FPGA/intel_IP/IRIS/NIOS/IRIS1_CPU_V01_7/lib/adda_config.o
 .data          0x000000000101ba14        0x0 obj/default//D/github/adamShiau_FPGA/intel_IP/IRIS/NIOS/IRIS1_CPU_V01_7/lib/ads122c04_se.o
 .data          0x000000000101ba14        0x0 obj/default//D/github/adamShiau_FPGA/intel_IP/IRIS/NIOS/IRIS1_CPU_V01_7/lib/adxl357.o
 .data          0x000000000101ba14        0x0 obj/default//D/github/adamShiau_FPGA/intel_IP/IRIS/NIOS/IRIS1_CPU_V01_7/lib/common.o
 .data          0x000000000101ba14        0x0 obj/default//D/github/adamShiau_FPGA/intel_IP/IRIS/NIOS/IRIS1_CPU_V01_7/lib/eeprom_v2.o
 .data          0x000000000101ba14        0x0 obj/default//D/github/adamShiau_FPGA/intel_IP/IRIS/NIOS/IRIS1_CPU_V01_7/lib/memory_manage.o
 .data          0x000000000101ba14        0x0 obj/default//D/github/adamShiau_FPGA/intel_IP/IRIS/NIOS/IRIS1_CPU_V01_7/lib/output_mode.o
 .data          0x000000000101ba14        0x0 obj/default//D/github/adamShiau_FPGA/intel_IP/IRIS/NIOS/IRIS1_CPU_V01_7/lib/uart_dual.o
 .data          0x000000000101ba14        0x0 d:/intelfpga_lite/18.1/nios2eds/bin/gnu/h-x86_64-mingw32/bin/../lib/gcc/nios2-elf/5.3.0/mno-hw-mul\libgcc.a(_muldi3.o)
 .data          0x000000000101ba14        0x0 d:/intelfpga_lite/18.1/nios2eds/bin/gnu/h-x86_64-mingw32/bin/../lib/gcc/nios2-elf/5.3.0/mno-hw-mul\libgcc.a(_divdi3.o)
 .data          0x000000000101ba14        0x0 d:/intelfpga_lite/18.1/nios2eds/bin/gnu/h-x86_64-mingw32/bin/../lib/gcc/nios2-elf/5.3.0/mno-hw-mul\libgcc.a(lib2-divmod.o)
 .data          0x000000000101ba14        0x0 d:/intelfpga_lite/18.1/nios2eds/bin/gnu/h-x86_64-mingw32/bin/../lib/gcc/nios2-elf/5.3.0/mno-hw-mul\libgcc.a(lib2-mul.o)
 .data          0x000000000101ba14        0x0 d:/intelfpga_lite/18.1/nios2eds/bin/gnu/h-x86_64-mingw32/bin/../lib/gcc/nios2-elf/5.3.0/mno-hw-mul\libgcc.a(addsf3.o)
 .data          0x000000000101ba14        0x0 d:/intelfpga_lite/18.1/nios2eds/bin/gnu/h-x86_64-mingw32/bin/../lib/gcc/nios2-elf/5.3.0/mno-hw-mul\libgcc.a(divsf3.o)
 .data          0x000000000101ba14        0x0 d:/intelfpga_lite/18.1/nios2eds/bin/gnu/h-x86_64-mingw32/bin/../lib/gcc/nios2-elf/5.3.0/mno-hw-mul\libgcc.a(gesf2.o)
 .data          0x000000000101ba14        0x0 d:/intelfpga_lite/18.1/nios2eds/bin/gnu/h-x86_64-mingw32/bin/../lib/gcc/nios2-elf/5.3.0/mno-hw-mul\libgcc.a(lesf2.o)
 .data          0x000000000101ba14        0x0 d:/intelfpga_lite/18.1/nios2eds/bin/gnu/h-x86_64-mingw32/bin/../lib/gcc/nios2-elf/5.3.0/mno-hw-mul\libgcc.a(mulsf3.o)
 .data          0x000000000101ba14        0x0 d:/intelfpga_lite/18.1/nios2eds/bin/gnu/h-x86_64-mingw32/bin/../lib/gcc/nios2-elf/5.3.0/mno-hw-mul\libgcc.a(subsf3.o)
 .data          0x000000000101ba14        0x0 d:/intelfpga_lite/18.1/nios2eds/bin/gnu/h-x86_64-mingw32/bin/../lib/gcc/nios2-elf/5.3.0/mno-hw-mul\libgcc.a(floatsisf.o)
 .data          0x000000000101ba14        0x0 d:/intelfpga_lite/18.1/nios2eds/bin/gnu/h-x86_64-mingw32/bin/../lib/gcc/nios2-elf/5.3.0/mno-hw-mul\libgcc.a(floatunsisf.o)
 .data          0x000000000101ba14        0x0 d:/intelfpga_lite/18.1/nios2eds/bin/gnu/h-x86_64-mingw32/bin/../lib/gcc/nios2-elf/5.3.0/mno-hw-mul\libgcc.a(divdf3.o)
 .data          0x000000000101ba14        0x0 d:/intelfpga_lite/18.1/nios2eds/bin/gnu/h-x86_64-mingw32/bin/../lib/gcc/nios2-elf/5.3.0/mno-hw-mul\libgcc.a(muldf3.o)
 .data          0x000000000101ba14        0x0 d:/intelfpga_lite/18.1/nios2eds/bin/gnu/h-x86_64-mingw32/bin/../lib/gcc/nios2-elf/5.3.0/mno-hw-mul\libgcc.a(subdf3.o)
 .data          0x000000000101ba14        0x0 d:/intelfpga_lite/18.1/nios2eds/bin/gnu/h-x86_64-mingw32/bin/../lib/gcc/nios2-elf/5.3.0/mno-hw-mul\libgcc.a(extendsfdf2.o)
 .data          0x000000000101ba14        0x0 d:/intelfpga_lite/18.1/nios2eds/bin/gnu/h-x86_64-mingw32/bin/../lib/gcc/nios2-elf/5.3.0/mno-hw-mul\libgcc.a(truncdfsf2.o)
 .data          0x000000000101ba14        0x0 d:/intelfpga_lite/18.1/nios2eds/bin/gnu/h-x86_64-mingw32/bin/../lib/gcc/nios2-elf/5.3.0/mno-hw-mul\libgcc.a(_clz.o)
 .data          0x000000000101ba14        0x0 d:/intelfpga_lite/18.1/nios2eds/bin/gnu/h-x86_64-mingw32/bin/../lib/gcc/nios2-elf/5.3.0/mno-hw-mul\libgcc.a(_clzsi2.o)
 .data          0x000000000101ba14        0x0 d:/intelfpga_lite/18.1/nios2eds/bin/gnu/h-x86_64-mingw32/bin/../lib/gcc/nios2-elf/5.3.0/../../../../../H-x86_64-mingw32/nios2-elf/lib/mno-hw-mul\libc.a(lib_a-exit.o)
 .data          0x000000000101ba14        0x0 d:/intelfpga_lite/18.1/nios2eds/bin/gnu/h-x86_64-mingw32/bin/../lib/gcc/nios2-elf/5.3.0/../../../../../H-x86_64-mingw32/nios2-elf/lib/mno-hw-mul\libc.a(lib_a-impure.o)
 .data.impure_data
                0x000000000101ba14      0x424 d:/intelfpga_lite/18.1/nios2eds/bin/gnu/h-x86_64-mingw32/bin/../lib/gcc/nios2-elf/5.3.0/../../../../../H-x86_64-mingw32/nios2-elf/lib/mno-hw-mul\libc.a(lib_a-impure.o)
 .data          0x000000000101be38        0x0 d:/intelfpga_lite/18.1/nios2eds/bin/gnu/h-x86_64-mingw32/bin/../lib/gcc/nios2-elf/5.3.0/../../../../../H-x86_64-mingw32/nios2-elf/lib/mno-hw-mul\libc.a(lib_a-malloc.o)
 .data          0x000000000101be38        0x0 d:/intelfpga_lite/18.1/nios2eds/bin/gnu/h-x86_64-mingw32/bin/../lib/gcc/nios2-elf/5.3.0/../../../../../H-x86_64-mingw32/nios2-elf/lib/mno-hw-mul\libc.a(lib_a-mallocr.o)
 .data.__malloc_av_
                0x000000000101be38      0x408 d:/intelfpga_lite/18.1/nios2eds/bin/gnu/h-x86_64-mingw32/bin/../lib/gcc/nios2-elf/5.3.0/../../../../../H-x86_64-mingw32/nios2-elf/lib/mno-hw-mul\libc.a(lib_a-mallocr.o)
                0x000000000101be38                __malloc_av_
 .data          0x000000000101c240        0x0 d:/intelfpga_lite/18.1/nios2eds/bin/gnu/h-x86_64-mingw32/bin/../lib/gcc/nios2-elf/5.3.0/../../../../../H-x86_64-mingw32/nios2-elf/lib/mno-hw-mul\libc.a(lib_a-memcpy.o)
 .data          0x000000000101c240        0x0 d:/intelfpga_lite/18.1/nios2eds/bin/gnu/h-x86_64-mingw32/bin/../lib/gcc/nios2-elf/5.3.0/../../../../../H-x86_64-mingw32/nios2-elf/lib/mno-hw-mul\libc.a(lib_a-memset.o)
 .data          0x000000000101c240        0x0 d:/intelfpga_lite/18.1/nios2eds/bin/gnu/h-x86_64-mingw32/bin/../lib/gcc/nios2-elf/5.3.0/../../../../../H-x86_64-mingw32/nios2-elf/lib/mno-hw-mul\libc.a(lib_a-sbrkr.o)
 .data          0x000000000101c240        0x0 d:/intelfpga_lite/18.1/nios2eds/bin/gnu/h-x86_64-mingw32/bin/../lib/gcc/nios2-elf/5.3.0/../../../../../H-x86_64-mingw32/nios2-elf/lib/mno-hw-mul\libc.a(lib_a-snprintf.o)
 .data          0x000000000101c240        0x0 d:/intelfpga_lite/18.1/nios2eds/bin/gnu/h-x86_64-mingw32/bin/../lib/gcc/nios2-elf/5.3.0/../../../../../H-x86_64-mingw32/nios2-elf/lib/mno-hw-mul\libc.a(lib_a-strlen.o)
 .data          0x000000000101c240        0x0 d:/intelfpga_lite/18.1/nios2eds/bin/gnu/h-x86_64-mingw32/bin/../lib/gcc/nios2-elf/5.3.0/../../../../../H-x86_64-mingw32/nios2-elf/lib/mno-hw-mul\libc.a(lib_a-strnlen.o)
 .data          0x000000000101c240        0x0 d:/intelfpga_lite/18.1/nios2eds/bin/gnu/h-x86_64-mingw32/bin/../lib/gcc/nios2-elf/5.3.0/../../../../../H-x86_64-mingw32/nios2-elf/lib/mno-hw-mul\libc.a(lib_a-svfprintf.o)
 .data          0x000000000101c240        0x0 d:/intelfpga_lite/18.1/nios2eds/bin/gnu/h-x86_64-mingw32/bin/../lib/gcc/nios2-elf/5.3.0/../../../../../H-x86_64-mingw32/nios2-elf/lib/mno-hw-mul\libc.a(lib_a-vsnprintf.o)
 .data          0x000000000101c240        0x0 d:/intelfpga_lite/18.1/nios2eds/bin/gnu/h-x86_64-mingw32/bin/../lib/gcc/nios2-elf/5.3.0/../../../../../H-x86_64-mingw32/nios2-elf/lib/mno-hw-mul\libc.a(lib_a-__call_atexit.o)
 .data          0x000000000101c240        0x0 d:/intelfpga_lite/18.1/nios2eds/bin/gnu/h-x86_64-mingw32/bin/../lib/gcc/nios2-elf/5.3.0/../../../../../H-x86_64-mingw32/nios2-elf/lib/mno-hw-mul\libc.a(lib_a-dtoa.o)
 .data          0x000000000101c240        0x0 d:/intelfpga_lite/18.1/nios2eds/bin/gnu/h-x86_64-mingw32/bin/../lib/gcc/nios2-elf/5.3.0/../../../../../H-x86_64-mingw32/nios2-elf/lib/mno-hw-mul\libc.a(lib_a-freer.o)
 .data          0x000000000101c240        0x0 d:/intelfpga_lite/18.1/nios2eds/bin/gnu/h-x86_64-mingw32/bin/../lib/gcc/nios2-elf/5.3.0/../../../../../H-x86_64-mingw32/nios2-elf/lib/mno-hw-mul\libc.a(lib_a-int_errno.o)
 .data          0x000000000101c240        0x0 d:/intelfpga_lite/18.1/nios2eds/bin/gnu/h-x86_64-mingw32/bin/../lib/gcc/nios2-elf/5.3.0/../../../../../H-x86_64-mingw32/nios2-elf/lib/mno-hw-mul\libc.a(lib_a-locale.o)
 .data.lc_message_charset
                0x000000000101c240       0x20 d:/intelfpga_lite/18.1/nios2eds/bin/gnu/h-x86_64-mingw32/bin/../lib/gcc/nios2-elf/5.3.0/../../../../../H-x86_64-mingw32/nios2-elf/lib/mno-hw-mul\libc.a(lib_a-locale.o)
 .data.lc_ctype_charset
                0x000000000101c260       0x20 d:/intelfpga_lite/18.1/nios2eds/bin/gnu/h-x86_64-mingw32/bin/../lib/gcc/nios2-elf/5.3.0/../../../../../H-x86_64-mingw32/nios2-elf/lib/mno-hw-mul\libc.a(lib_a-locale.o)
 .data.lconv    0x000000000101c280       0x38 d:/intelfpga_lite/18.1/nios2eds/bin/gnu/h-x86_64-mingw32/bin/../lib/gcc/nios2-elf/5.3.0/../../../../../H-x86_64-mingw32/nios2-elf/lib/mno-hw-mul\libc.a(lib_a-locale.o)
 .data          0x000000000101c2b8        0x0 d:/intelfpga_lite/18.1/nios2eds/bin/gnu/h-x86_64-mingw32/bin/../lib/gcc/nios2-elf/5.3.0/../../../../../H-x86_64-mingw32/nios2-elf/lib/mno-hw-mul\libc.a(lib_a-memchr.o)
 .data          0x000000000101c2b8        0x0 d:/intelfpga_lite/18.1/nios2eds/bin/gnu/h-x86_64-mingw32/bin/../lib/gcc/nios2-elf/5.3.0/../../../../../H-x86_64-mingw32/nios2-elf/lib/mno-hw-mul\libc.a(lib_a-mprec.o)
 .data          0x000000000101c2b8        0x0 d:/intelfpga_lite/18.1/nios2eds/bin/gnu/h-x86_64-mingw32/bin/../lib/gcc/nios2-elf/5.3.0/../../../../../H-x86_64-mingw32/nios2-elf/lib/mno-hw-mul\libc.a(lib_a-s_fpclassify.o)
 .data          0x000000000101c2b8        0x0 d:/intelfpga_lite/18.1/nios2eds/bin/gnu/h-x86_64-mingw32/bin/../lib/gcc/nios2-elf/5.3.0/../../../../../H-x86_64-mingw32/nios2-elf/lib/mno-hw-mul\libc.a(lib_a-strcmp.o)
 .data          0x000000000101c2b8        0x0 d:/intelfpga_lite/18.1/nios2eds/bin/gnu/h-x86_64-mingw32/bin/../lib/gcc/nios2-elf/5.3.0/../../../../../H-x86_64-mingw32/nios2-elf/lib/mno-hw-mul\libc.a(lib_a-svfiprintf.o)
 .data          0x000000000101c2b8        0x0 d:/intelfpga_lite/18.1/nios2eds/bin/gnu/h-x86_64-mingw32/bin/../lib/gcc/nios2-elf/5.3.0/../../../../../H-x86_64-mingw32/nios2-elf/lib/mno-hw-mul\libc.a(lib_a-callocr.o)
 .data          0x000000000101c2b8        0x0 d:/intelfpga_lite/18.1/nios2eds/bin/gnu/h-x86_64-mingw32/bin/../lib/gcc/nios2-elf/5.3.0/../../../../../H-x86_64-mingw32/nios2-elf/lib/mno-hw-mul\libc.a(lib_a-memmove.o)
 .data          0x000000000101c2b8        0x0 d:/intelfpga_lite/18.1/nios2eds/bin/gnu/h-x86_64-mingw32/bin/../lib/gcc/nios2-elf/5.3.0/../../../../../H-x86_64-mingw32/nios2-elf/lib/mno-hw-mul\libc.a(lib_a-reallocr.o)
 .data          0x000000000101c2b8        0x0 d:/intelfpga_lite/18.1/nios2eds/bin/gnu/h-x86_64-mingw32/bin/../lib/gcc/nios2-elf/5.3.0/mno-hw-mul\libgcc.a(_udivdi3.o)
 .data          0x000000000101c2b8        0x0 d:/intelfpga_lite/18.1/nios2eds/bin/gnu/h-x86_64-mingw32/bin/../lib/gcc/nios2-elf/5.3.0/mno-hw-mul\libgcc.a(_umoddi3.o)
 .data          0x000000000101c2b8        0x0 d:/intelfpga_lite/18.1/nios2eds/bin/gnu/h-x86_64-mingw32/bin/../lib/gcc/nios2-elf/5.3.0/mno-hw-mul\libgcc.a(adddf3.o)
 .data          0x000000000101c2b8        0x0 d:/intelfpga_lite/18.1/nios2eds/bin/gnu/h-x86_64-mingw32/bin/../lib/gcc/nios2-elf/5.3.0/mno-hw-mul\libgcc.a(eqdf2.o)
 .data          0x000000000101c2b8        0x0 d:/intelfpga_lite/18.1/nios2eds/bin/gnu/h-x86_64-mingw32/bin/../lib/gcc/nios2-elf/5.3.0/mno-hw-mul\libgcc.a(gedf2.o)
 .data          0x000000000101c2b8        0x0 d:/intelfpga_lite/18.1/nios2eds/bin/gnu/h-x86_64-mingw32/bin/../lib/gcc/nios2-elf/5.3.0/mno-hw-mul\libgcc.a(ledf2.o)
 .data          0x000000000101c2b8        0x0 d:/intelfpga_lite/18.1/nios2eds/bin/gnu/h-x86_64-mingw32/bin/../lib/gcc/nios2-elf/5.3.0/mno-hw-mul\libgcc.a(fixdfsi.o)
 .data          0x000000000101c2b8        0x0 d:/intelfpga_lite/18.1/nios2eds/bin/gnu/h-x86_64-mingw32/bin/../lib/gcc/nios2-elf/5.3.0/mno-hw-mul\libgcc.a(floatsidf.o)
 .data          0x000000000101c2b8        0x0 d:/intelfpga_lite/18.1/nios2eds/bin/gnu/h-x86_64-mingw32/bin/../lib/gcc/nios2-elf/5.3.0/mno-hw-mul\libgcc.a(floatunsidf.o)
 .data          0x000000000101c2b8        0x0 ../IRIS1_CPU_V01_7_bsp/\libhal_bsp.a(alt_exit.o)
 .data          0x000000000101c2b8        0x0 ../IRIS1_CPU_V01_7_bsp/\libhal_bsp.a(alt_iic.o)
 .data          0x000000000101c2b8        0x0 ../IRIS1_CPU_V01_7_bsp/\libhal_bsp.a(alt_iic_isr_register.o)
 .data          0x000000000101c2b8        0x0 ../IRIS1_CPU_V01_7_bsp/\libhal_bsp.a(alt_irq_entry.o)
 .data          0x000000000101c2b8        0x0 ../IRIS1_CPU_V01_7_bsp/\libhal_bsp.a(alt_irq_handler.o)
 .data          0x000000000101c2b8        0x0 ../IRIS1_CPU_V01_7_bsp/\libhal_bsp.a(alt_irq_vars.o)
 .data          0x000000000101c2b8        0x0 ../IRIS1_CPU_V01_7_bsp/\libhal_bsp.a(alt_main.o)
 .data          0x000000000101c2b8        0x0 ../IRIS1_CPU_V01_7_bsp/\libhal_bsp.a(alt_malloc_lock.o)
 .data          0x000000000101c2b8        0x0 ../IRIS1_CPU_V01_7_bsp/\libhal_bsp.a(alt_sbrk.o)
 .data          0x000000000101c2b8        0x0 ../IRIS1_CPU_V01_7_bsp/\libhal_bsp.a(alt_usleep.o)
 .data          0x000000000101c2b8     0x12b4 ../IRIS1_CPU_V01_7_bsp/\libhal_bsp.a(alt_sys_init.o)
 .data          0x000000000101d56c        0x0 ../IRIS1_CPU_V01_7_bsp/\libhal_bsp.a(altera_avalon_epcs_flash_controller.o)
 .data          0x000000000101d56c        0x0 ../IRIS1_CPU_V01_7_bsp/\libhal_bsp.a(altera_avalon_jtag_uart_fd.o)
 .data          0x000000000101d56c        0x0 ../IRIS1_CPU_V01_7_bsp/\libhal_bsp.a(altera_avalon_jtag_uart_init.o)
 .data          0x000000000101d56c        0x0 ../IRIS1_CPU_V01_7_bsp/\libhal_bsp.a(altera_avalon_jtag_uart_ioctl.o)
 .data          0x000000000101d56c        0x0 ../IRIS1_CPU_V01_7_bsp/\libhal_bsp.a(altera_avalon_jtag_uart_read.o)
 .data          0x000000000101d56c        0x0 ../IRIS1_CPU_V01_7_bsp/\libhal_bsp.a(altera_avalon_jtag_uart_write.o)
 .data          0x000000000101d56c        0x0 ../IRIS1_CPU_V01_7_bsp/\libhal_bsp.a(altera_avalon_uart_fd.o)
 .data          0x000000000101d56c        0x0 ../IRIS1_CPU_V01_7_bsp/\libhal_bsp.a(altera_avalon_uart_init.o)
 .data          0x000000000101d56c        0x0 ../IRIS1_CPU_V01_7_bsp/\libhal_bsp.a(altera_avalon_uart_read.o)
 .data          0x000000000101d56c        0x0 ../IRIS1_CPU_V01_7_bsp/\libhal_bsp.a(altera_avalon_uart_write.o)
 .data          0x000000000101d56c        0x0 ../IRIS1_CPU_V01_7_bsp/\libhal_bsp.a(epcs_commands.o)
 .data          0x000000000101d56c        0x0 ../IRIS1_CPU_V01_7_bsp/\libhal_bsp.a(alt_alarm_start.o)
 .data          0x000000000101d56c        0x0 ../IRIS1_CPU_V01_7_bsp/\libhal_bsp.a(alt_busy_sleep.o)
 .data          0x000000000101d56c        0x0 ../IRIS1_CPU_V01_7_bsp/\libhal_bsp.a(alt_close.o)
 .data          0x000000000101d56c      0x1a8 ../IRIS1_CPU_V01_7_bsp/\libhal_bsp.a(alt_dev.o)
                0x000000000101d56c                alt_dev_null
                0x000000000101d594                alt_fd_list
 .data          0x000000000101d714        0x0 ../IRIS1_CPU_V01_7_bsp/\libhal_bsp.a(alt_dev_llist_insert.o)
 .data          0x000000000101d714        0x0 ../IRIS1_CPU_V01_7_bsp/\libhal_bsp.a(alt_do_ctors.o)
 .data          0x000000000101d714        0x0 ../IRIS1_CPU_V01_7_bsp/\libhal_bsp.a(alt_do_dtors.o)
 .data          0x000000000101d714        0x0 ../IRIS1_CPU_V01_7_bsp/\libhal_bsp.a(alt_errno.o)
 .data          0x000000000101d714        0x0 ../IRIS1_CPU_V01_7_bsp/\libhal_bsp.a(alt_exception_entry.o)
 .data          0x000000000101d714        0x0 ../IRIS1_CPU_V01_7_bsp/\libhal_bsp.a(alt_flash_dev.o)
 .data          0x000000000101d714        0x0 ../IRIS1_CPU_V01_7_bsp/\libhal_bsp.a(alt_instruction_exception_entry.o)
 .data          0x000000000101d714        0x0 ../IRIS1_CPU_V01_7_bsp/\libhal_bsp.a(alt_io_redirect.o)
 .data          0x000000000101d714        0x0 ../IRIS1_CPU_V01_7_bsp/\libhal_bsp.a(alt_open.o)
 .data          0x000000000101d714        0x0 ../IRIS1_CPU_V01_7_bsp/\libhal_bsp.a(alt_release_fd.o)
 .data          0x000000000101d714        0x0 ../IRIS1_CPU_V01_7_bsp/\libhal_bsp.a(alt_tick.o)
 .data          0x000000000101d714        0x0 ../IRIS1_CPU_V01_7_bsp/\libhal_bsp.a(altera_nios2_gen2_irq.o)
 .data          0x000000000101d714        0x0 ../IRIS1_CPU_V01_7_bsp/\libhal_bsp.a(altera_avalon_spi.o)
 .data          0x000000000101d714        0x0 ../IRIS1_CPU_V01_7_bsp/\libhal_bsp.a(alt_find_dev.o)
 .data          0x000000000101d714        0x0 ../IRIS1_CPU_V01_7_bsp/\libhal_bsp.a(alt_find_file.o)
 .data          0x000000000101d714        0x0 ../IRIS1_CPU_V01_7_bsp/\libhal_bsp.a(alt_get_fd.o)
 .data          0x000000000101d714        0x0 d:/intelfpga_lite/18.1/nios2eds/bin/gnu/h-x86_64-mingw32/bin/../lib/gcc/nios2-elf/5.3.0/../../../../../H-x86_64-mingw32/nios2-elf/lib/mno-hw-mul\libc.a(lib_a-atexit.o)
 .data          0x000000000101d714        0x0 d:/intelfpga_lite/18.1/nios2eds/bin/gnu/h-x86_64-mingw32/bin/../lib/gcc/nios2-elf/5.3.0/../../../../../H-x86_64-mingw32/nios2-elf/lib/mno-hw-mul\libc.a(lib_a-memcmp.o)
 .data          0x000000000101d714        0x0 d:/intelfpga_lite/18.1/nios2eds/bin/gnu/h-x86_64-mingw32/bin/../lib/gcc/nios2-elf/5.3.0/../../../../../H-x86_64-mingw32/nios2-elf/lib/mno-hw-mul\libc.a(lib_a-__atexit.o)
                0x0000000001025714                _gp = ABSOLUTE ((. + 0x8000))
                [!provide]                        PROVIDE (gp, _gp)
 *(.rwdata .rwdata.*)
 *(.sdata .sdata.* .gnu.linkonce.s.*)
 .sdata         0x000000000101d714        0xc obj/default//D/github/adamShiau_FPGA/intel_IP/IRIS/NIOS/IRIS1_CPU_V01_7/IRIS1_CPU_V01_7.o
                0x000000000101d714                cmd_header
                0x000000000101d716                cmd_trailer
                0x000000000101d718                output_fn
                0x000000000101d71c                cntt
 .sdata         0x000000000101d720        0x4 obj/default//D/github/adamShiau_FPGA/intel_IP/IRIS/NIOS/IRIS1_CPU_V01_7/lib/acq_fog.o
 .sdata         0x000000000101d724        0x8 obj/default//D/github/adamShiau_FPGA/intel_IP/IRIS/NIOS/IRIS1_CPU_V01_7/lib/acq_imu.o
 .sdata         0x000000000101d72c        0x4 obj/default//D/github/adamShiau_FPGA/intel_IP/IRIS/NIOS/IRIS1_CPU_V01_7/lib/ads122c04_se.o
 .sdata         0x000000000101d730        0x4 obj/default//D/github/adamShiau_FPGA/intel_IP/IRIS/NIOS/IRIS1_CPU_V01_7/lib/adxl357.o
 .sdata         0x000000000101d734        0xc obj/default//D/github/adamShiau_FPGA/intel_IP/IRIS/NIOS/IRIS1_CPU_V01_7/lib/uart_dual.o
 .sdata._global_impure_ptr
                0x000000000101d740        0x4 d:/intelfpga_lite/18.1/nios2eds/bin/gnu/h-x86_64-mingw32/bin/../lib/gcc/nios2-elf/5.3.0/../../../../../H-x86_64-mingw32/nios2-elf/lib/mno-hw-mul\libc.a(lib_a-impure.o)
                0x000000000101d740                _global_impure_ptr
 .sdata._impure_ptr
                0x000000000101d744        0x4 d:/intelfpga_lite/18.1/nios2eds/bin/gnu/h-x86_64-mingw32/bin/../lib/gcc/nios2-elf/5.3.0/../../../../../H-x86_64-mingw32/nios2-elf/lib/mno-hw-mul\libc.a(lib_a-impure.o)
                0x000000000101d744                _impure_ptr
 .sdata.__malloc_sbrk_base
                0x000000000101d748        0x4 d:/intelfpga_lite/18.1/nios2eds/bin/gnu/h-x86_64-mingw32/bin/../lib/gcc/nios2-elf/5.3.0/../../../../../H-x86_64-mingw32/nios2-elf/lib/mno-hw-mul\libc.a(lib_a-mallocr.o)
                0x000000000101d748                __malloc_sbrk_base
 .sdata.__malloc_trim_threshold
                0x000000000101d74c        0x4 d:/intelfpga_lite/18.1/nios2eds/bin/gnu/h-x86_64-mingw32/bin/../lib/gcc/nios2-elf/5.3.0/../../../../../H-x86_64-mingw32/nios2-elf/lib/mno-hw-mul\libc.a(lib_a-mallocr.o)
                0x000000000101d74c                __malloc_trim_threshold
 .sdata.__mb_cur_max
                0x000000000101d750        0x4 d:/intelfpga_lite/18.1/nios2eds/bin/gnu/h-x86_64-mingw32/bin/../lib/gcc/nios2-elf/5.3.0/../../../../../H-x86_64-mingw32/nios2-elf/lib/mno-hw-mul\libc.a(lib_a-locale.o)
                0x000000000101d750                __mb_cur_max
 .sdata         0x000000000101d754        0x4 ../IRIS1_CPU_V01_7_bsp/\libhal_bsp.a(alt_irq_vars.o)
                0x000000000101d754                alt_priority_mask
 .sdata         0x000000000101d758        0x4 ../IRIS1_CPU_V01_7_bsp/\libhal_bsp.a(alt_sbrk.o)
 .sdata         0x000000000101d75c       0x14 ../IRIS1_CPU_V01_7_bsp/\libhal_bsp.a(alt_dev.o)
                0x000000000101d75c                alt_fs_list
                0x000000000101d764                alt_dev_list
                0x000000000101d76c                alt_max_fd
 .sdata         0x000000000101d770        0x4 ../IRIS1_CPU_V01_7_bsp/\libhal_bsp.a(alt_errno.o)
                0x000000000101d770                alt_errno
 .sdata         0x000000000101d774        0x8 ../IRIS1_CPU_V01_7_bsp/\libhal_bsp.a(alt_flash_dev.o)
                0x000000000101d774                alt_flash_dev_list
 .sdata         0x000000000101d77c        0x8 ../IRIS1_CPU_V01_7_bsp/\libhal_bsp.a(alt_tick.o)
                0x000000000101d77c                alt_alarm_list
 *(.sdata2 .sdata2.* .gnu.linkonce.s2.*)
                0x000000000101d784                . = ALIGN (0x4)
                0x000000000101d784                _edata = ABSOLUTE (.)
                [!provide]                        PROVIDE (edata, ABSOLUTE (.))
                [!provide]                        PROVIDE (__ram_rwdata_end, ABSOLUTE (.))
                [!provide]                        PROVIDE (__flash_rwdata_start, LOADADDR (.rwdata))

.bss            0x000000000101d784      0xa80
                0x000000000101d784                __bss_start = ABSOLUTE (.)
                [!provide]                        PROVIDE (__sbss_start, ABSOLUTE (.))
                [!provide]                        PROVIDE (___sbss_start, ABSOLUTE (.))
 *(.dynsbss)
 *(.sbss .sbss.* .gnu.linkonce.sb.*)
 .sbss          0x000000000101d784        0x5 obj/default//D/github/adamShiau_FPGA/intel_IP/IRIS/NIOS/IRIS1_CPU_V01_7/IRIS1_CPU_V01_7.o
                0x000000000101d786                trigger_sig
                0x000000000101d787                auto_rst
 *fill*         0x000000000101d789        0x3 
 .sbss          0x000000000101d78c        0x4 obj/default//D/github/adamShiau_FPGA/intel_IP/IRIS/NIOS/IRIS1_CPU_V01_7/IRIS1_CPU_V01_7.o
                0x000000000101d78c                my_f
 .sbss          0x000000000101d790        0x1 obj/default//D/github/adamShiau_FPGA/intel_IP/IRIS/NIOS/IRIS1_CPU_V01_7/lib/acq_fog.o
 *fill*         0x000000000101d791        0x3 
 .sbss          0x000000000101d794        0x4 obj/default//D/github/adamShiau_FPGA/intel_IP/IRIS/NIOS/IRIS1_CPU_V01_7/lib/acq_rst.o
 .sbss          0x000000000101d798        0x4 obj/default//D/github/adamShiau_FPGA/intel_IP/IRIS/NIOS/IRIS1_CPU_V01_7/lib/ads122c04_se.o
 .sbss          0x000000000101d79c        0x4 obj/default//D/github/adamShiau_FPGA/intel_IP/IRIS/NIOS/IRIS1_CPU_V01_7/lib/adxl357.o
 .sbss          0x000000000101d7a0       0x1d obj/default//D/github/adamShiau_FPGA/intel_IP/IRIS/NIOS/IRIS1_CPU_V01_7/lib/uart_dual.o
 *fill*         0x000000000101d7bd        0x3 
 .sbss.__malloc_max_total_mem
                0x000000000101d7c0        0x4 d:/intelfpga_lite/18.1/nios2eds/bin/gnu/h-x86_64-mingw32/bin/../lib/gcc/nios2-elf/5.3.0/../../../../../H-x86_64-mingw32/nios2-elf/lib/mno-hw-mul\libc.a(lib_a-mallocr.o)
                0x000000000101d7c0                __malloc_max_total_mem
 .sbss.__malloc_max_sbrked_mem
                0x000000000101d7c4        0x4 d:/intelfpga_lite/18.1/nios2eds/bin/gnu/h-x86_64-mingw32/bin/../lib/gcc/nios2-elf/5.3.0/../../../../../H-x86_64-mingw32/nios2-elf/lib/mno-hw-mul\libc.a(lib_a-mallocr.o)
                0x000000000101d7c4                __malloc_max_sbrked_mem
 .sbss.__malloc_top_pad
                0x000000000101d7c8        0x4 d:/intelfpga_lite/18.1/nios2eds/bin/gnu/h-x86_64-mingw32/bin/../lib/gcc/nios2-elf/5.3.0/../../../../../H-x86_64-mingw32/nios2-elf/lib/mno-hw-mul\libc.a(lib_a-mallocr.o)
                0x000000000101d7c8                __malloc_top_pad
 .sbss          0x000000000101d7cc        0x4 d:/intelfpga_lite/18.1/nios2eds/bin/gnu/h-x86_64-mingw32/bin/../lib/gcc/nios2-elf/5.3.0/../../../../../H-x86_64-mingw32/nios2-elf/lib/mno-hw-mul\libc.a(lib_a-int_errno.o)
                0x000000000101d7cc                errno
 .sbss._PathLocale
                0x000000000101d7d0        0x4 d:/intelfpga_lite/18.1/nios2eds/bin/gnu/h-x86_64-mingw32/bin/../lib/gcc/nios2-elf/5.3.0/../../../../../H-x86_64-mingw32/nios2-elf/lib/mno-hw-mul\libc.a(lib_a-locale.o)
                0x000000000101d7d0                _PathLocale
 .sbss.__mlocale_changed
                0x000000000101d7d4        0x4 d:/intelfpga_lite/18.1/nios2eds/bin/gnu/h-x86_64-mingw32/bin/../lib/gcc/nios2-elf/5.3.0/../../../../../H-x86_64-mingw32/nios2-elf/lib/mno-hw-mul\libc.a(lib_a-locale.o)
                0x000000000101d7d4                __mlocale_changed
 .sbss.__nlocale_changed
                0x000000000101d7d8        0x4 d:/intelfpga_lite/18.1/nios2eds/bin/gnu/h-x86_64-mingw32/bin/../lib/gcc/nios2-elf/5.3.0/../../../../../H-x86_64-mingw32/nios2-elf/lib/mno-hw-mul\libc.a(lib_a-locale.o)
                0x000000000101d7d8                __nlocale_changed
 .sbss          0x000000000101d7dc        0x4 ../IRIS1_CPU_V01_7_bsp/\libhal_bsp.a(alt_irq_vars.o)
                0x000000000101d7dc                alt_irq_active
 .sbss          0x000000000101d7e0        0xc ../IRIS1_CPU_V01_7_bsp/\libhal_bsp.a(alt_main.o)
                0x000000000101d7e0                alt_argc
                0x000000000101d7e4                alt_argv
                0x000000000101d7e8                alt_envp
 .sbss          0x000000000101d7ec        0x4 ../IRIS1_CPU_V01_7_bsp/\libhal_bsp.a(alt_instruction_exception_entry.o)
                0x000000000101d7ec                alt_instruction_exception_handler
 .sbss          0x000000000101d7f0        0x8 ../IRIS1_CPU_V01_7_bsp/\libhal_bsp.a(alt_tick.o)
                0x000000000101d7f0                _alt_tick_rate
                0x000000000101d7f4                _alt_nticks
 *(.sbss2 .sbss2.* .gnu.linkonce.sb2.*)
 *(.scommon)
                [!provide]                        PROVIDE (__sbss_end, ABSOLUTE (.))
                [!provide]                        PROVIDE (___sbss_end, ABSOLUTE (.))
 *(.dynbss)
 *(.bss .bss.* .gnu.linkonce.b.*)
 .bss           0x000000000101d7f8        0x0 ../IRIS1_CPU_V01_7_bsp//obj/HAL/src/crt0.o
 .bss           0x000000000101d7f8       0x38 obj/default//D/github/adamShiau_FPGA/intel_IP/IRIS/NIOS/IRIS1_CPU_V01_7/IRIS1_CPU_V01_7.o
                0x000000000101d7f8                sensor_data
 .bss           0x000000000101d830        0x0 obj/default//D/github/adamShiau_FPGA/intel_IP/IRIS/NIOS/IRIS1_CPU_V01_7/lib/acq_fog.o
 .bss           0x000000000101d830        0x0 obj/default//D/github/adamShiau_FPGA/intel_IP/IRIS/NIOS/IRIS1_CPU_V01_7/lib/acq_imu.o
 .bss           0x000000000101d830        0x0 obj/default//D/github/adamShiau_FPGA/intel_IP/IRIS/NIOS/IRIS1_CPU_V01_7/lib/acq_rst.o
 .bss           0x000000000101d830        0x0 obj/default//D/github/adamShiau_FPGA/intel_IP/IRIS/NIOS/IRIS1_CPU_V01_7/lib/adda_config.o
 .bss           0x000000000101d830        0x0 obj/default//D/github/adamShiau_FPGA/intel_IP/IRIS/NIOS/IRIS1_CPU_V01_7/lib/ads122c04_se.o
 .bss           0x000000000101d830        0x0 obj/default//D/github/adamShiau_FPGA/intel_IP/IRIS/NIOS/IRIS1_CPU_V01_7/lib/adxl357.o
 .bss           0x000000000101d830        0x0 obj/default//D/github/adamShiau_FPGA/intel_IP/IRIS/NIOS/IRIS1_CPU_V01_7/lib/common.o
 .bss           0x000000000101d830        0x0 obj/default//D/github/adamShiau_FPGA/intel_IP/IRIS/NIOS/IRIS1_CPU_V01_7/lib/eeprom_v2.o
 .bss           0x000000000101d830        0x0 obj/default//D/github/adamShiau_FPGA/intel_IP/IRIS/NIOS/IRIS1_CPU_V01_7/lib/memory_manage.o
 .bss           0x000000000101d830        0x0 obj/default//D/github/adamShiau_FPGA/intel_IP/IRIS/NIOS/IRIS1_CPU_V01_7/lib/output_mode.o
 .bss           0x000000000101d830      0x44c obj/default//D/github/adamShiau_FPGA/intel_IP/IRIS/NIOS/IRIS1_CPU_V01_7/lib/uart_dual.o
 .bss           0x000000000101dc7c        0x0 d:/intelfpga_lite/18.1/nios2eds/bin/gnu/h-x86_64-mingw32/bin/../lib/gcc/nios2-elf/5.3.0/mno-hw-mul\libgcc.a(_muldi3.o)
 .bss           0x000000000101dc7c        0x0 d:/intelfpga_lite/18.1/nios2eds/bin/gnu/h-x86_64-mingw32/bin/../lib/gcc/nios2-elf/5.3.0/mno-hw-mul\libgcc.a(_divdi3.o)
 .bss           0x000000000101dc7c        0x0 d:/intelfpga_lite/18.1/nios2eds/bin/gnu/h-x86_64-mingw32/bin/../lib/gcc/nios2-elf/5.3.0/mno-hw-mul\libgcc.a(lib2-divmod.o)
 .bss           0x000000000101dc7c        0x0 d:/intelfpga_lite/18.1/nios2eds/bin/gnu/h-x86_64-mingw32/bin/../lib/gcc/nios2-elf/5.3.0/mno-hw-mul\libgcc.a(lib2-mul.o)
 .bss           0x000000000101dc7c        0x0 d:/intelfpga_lite/18.1/nios2eds/bin/gnu/h-x86_64-mingw32/bin/../lib/gcc/nios2-elf/5.3.0/mno-hw-mul\libgcc.a(addsf3.o)
 .bss           0x000000000101dc7c        0x0 d:/intelfpga_lite/18.1/nios2eds/bin/gnu/h-x86_64-mingw32/bin/../lib/gcc/nios2-elf/5.3.0/mno-hw-mul\libgcc.a(divsf3.o)
 .bss           0x000000000101dc7c        0x0 d:/intelfpga_lite/18.1/nios2eds/bin/gnu/h-x86_64-mingw32/bin/../lib/gcc/nios2-elf/5.3.0/mno-hw-mul\libgcc.a(gesf2.o)
 .bss           0x000000000101dc7c        0x0 d:/intelfpga_lite/18.1/nios2eds/bin/gnu/h-x86_64-mingw32/bin/../lib/gcc/nios2-elf/5.3.0/mno-hw-mul\libgcc.a(lesf2.o)
 .bss           0x000000000101dc7c        0x0 d:/intelfpga_lite/18.1/nios2eds/bin/gnu/h-x86_64-mingw32/bin/../lib/gcc/nios2-elf/5.3.0/mno-hw-mul\libgcc.a(mulsf3.o)
 .bss           0x000000000101dc7c        0x0 d:/intelfpga_lite/18.1/nios2eds/bin/gnu/h-x86_64-mingw32/bin/../lib/gcc/nios2-elf/5.3.0/mno-hw-mul\libgcc.a(subsf3.o)
 .bss           0x000000000101dc7c        0x0 d:/intelfpga_lite/18.1/nios2eds/bin/gnu/h-x86_64-mingw32/bin/../lib/gcc/nios2-elf/5.3.0/mno-hw-mul\libgcc.a(floatsisf.o)
 .bss           0x000000000101dc7c        0x0 d:/intelfpga_lite/18.1/nios2eds/bin/gnu/h-x86_64-mingw32/bin/../lib/gcc/nios2-elf/5.3.0/mno-hw-mul\libgcc.a(floatunsisf.o)
 .bss           0x000000000101dc7c        0x0 d:/intelfpga_lite/18.1/nios2eds/bin/gnu/h-x86_64-mingw32/bin/../lib/gcc/nios2-elf/5.3.0/mno-hw-mul\libgcc.a(divdf3.o)