------------------------------------------------------------
Timing Analyzer Summary
------------------------------------------------------------

Type  : Slow 1200mV 100C Model Setup 'pll_inst|altpll_component|auto_generated|pll1|clk[3]'
Slack : 0.531
TNS   : 0.000

Type  : Slow 1200mV 100C Model Setup 'pll_inst|altpll_component|auto_generated|pll1|clk[0]'
Slack : 5.729
TNS   : 0.000

Type  : Slow 1200mV 100C Model Setup 'altera_reserved_tck'
Slack : 45.858
TNS   : 0.000

Type  : Slow 1200mV 100C Model Hold 'pll_inst|altpll_component|auto_generated|pll1|clk[3]'
Slack : 0.368
TNS   : 0.000

Type  : Slow 1200mV 100C Model Hold 'pll_inst|altpll_component|auto_generated|pll1|clk[0]'
Slack : 0.393
TNS   : 0.000

Type  : Slow 1200mV 100C Model Hold 'altera_reserved_tck'
Slack : 0.419
TNS   : 0.000

Type  : Slow 1200mV 100C Model Recovery 'pll_inst|altpll_component|auto_generated|pll1|clk[3]'
Slack : 5.256
TNS   : 0.000

Type  : Slow 1200mV 100C Model Recovery 'pll_inst|altpll_component|auto_generated|pll1|clk[0]'
Slack : 5.393
TNS   : 0.000

Type  : Slow 1200mV 100C Model Recovery 'altera_reserved_tck'
Slack : 48.560
TNS   : 0.000

Type  : Slow 1200mV 100C Model Removal 'pll_inst|altpll_component|auto_generated|pll1|clk[3]'
Slack : 0.804
TNS   : 0.000

Type  : Slow 1200mV 100C Model Removal 'altera_reserved_tck'
Slack : 1.028
TNS   : 0.000

Type  : Slow 1200mV 100C Model Removal 'pll_inst|altpll_component|auto_generated|pll1|clk[0]'
Slack : 1.529
TNS   : 0.000

Type  : Slow 1200mV 100C Model Minimum Pulse Width 'pll_inst|altpll_component|auto_generated|pll1|clk[3]'
Slack : 4.720
TNS   : 0.000

Type  : Slow 1200mV 100C Model Minimum Pulse Width 'pll_inst|altpll_component|auto_generated|pll1|clk[0]'
Slack : 4.723
TNS   : 0.000

Type  : Slow 1200mV 100C Model Minimum Pulse Width 'CLOCK_100M'
Slack : 4.780
TNS   : 0.000

Type  : Slow 1200mV 100C Model Minimum Pulse Width 'altera_reserved_tck'
Slack : 49.555
TNS   : 0.000

Type  : Slow 1200mV -40C Model Setup 'pll_inst|altpll_component|auto_generated|pll1|clk[3]'
Slack : 1.862
TNS   : 0.000

Type  : Slow 1200mV -40C Model Setup 'pll_inst|altpll_component|auto_generated|pll1|clk[0]'
Slack : 6.207
TNS   : 0.000

Type  : Slow 1200mV -40C Model Setup 'altera_reserved_tck'
Slack : 46.559
TNS   : 0.000

Type  : Slow 1200mV -40C Model Hold 'pll_inst|altpll_component|auto_generated|pll1|clk[3]'
Slack : 0.329
TNS   : 0.000

Type  : Slow 1200mV -40C Model Hold 'pll_inst|altpll_component|auto_generated|pll1|clk[0]'
Slack : 0.344
TNS   : 0.000

Type  : Slow 1200mV -40C Model Hold 'altera_reserved_tck'
Slack : 0.345
TNS   : 0.000

Type  : Slow 1200mV -40C Model Recovery 'pll_inst|altpll_component|auto_generated|pll1|clk[3]'
Slack : 5.814
TNS   : 0.000

Type  : Slow 1200mV -40C Model Recovery 'pll_inst|altpll_component|auto_generated|pll1|clk[0]'
Slack : 5.955
TNS   : 0.000

Type  : Slow 1200mV -40C Model Recovery 'altera_reserved_tck'
Slack : 48.903
TNS   : 0.000

Type  : Slow 1200mV -40C Model Removal 'pll_inst|altpll_component|auto_generated|pll1|clk[3]'
Slack : 0.698
TNS   : 0.000

Type  : Slow 1200mV -40C Model Removal 'altera_reserved_tck'
Slack : 0.896
TNS   : 0.000

Type  : Slow 1200mV -40C Model Removal 'pll_inst|altpll_component|auto_generated|pll1|clk[0]'
Slack : 1.329
TNS   : 0.000

Type  : Slow 1200mV -40C Model Minimum Pulse Width 'pll_inst|altpll_component|auto_generated|pll1|clk[3]'
Slack : 4.684
TNS   : 0.000

Type  : Slow 1200mV -40C Model Minimum Pulse Width 'pll_inst|altpll_component|auto_generated|pll1|clk[0]'
Slack : 4.694
TNS   : 0.000

Type  : Slow 1200mV -40C Model Minimum Pulse Width 'CLOCK_100M'
Slack : 4.783
TNS   : 0.000

Type  : Slow 1200mV -40C Model Minimum Pulse Width 'altera_reserved_tck'
Slack : 49.446
TNS   : 0.000

Type  : Fast 1200mV -40C Model Setup 'pll_inst|altpll_component|auto_generated|pll1|clk[3]'
Slack : 5.542
TNS   : 0.000

Type  : Fast 1200mV -40C Model Setup 'pll_inst|altpll_component|auto_generated|pll1|clk[0]'
Slack : 7.963
TNS   : 0.000

Type  : Fast 1200mV -40C Model Setup 'altera_reserved_tck'
Slack : 48.407
TNS   : 0.000

Type  : Fast 1200mV -40C Model Hold 'pll_inst|altpll_component|auto_generated|pll1|clk[3]'
Slack : 0.148
TNS   : 0.000

Type  : Fast 1200mV -40C Model Hold 'pll_inst|altpll_component|auto_generated|pll1|clk[0]'
Slack : 0.163
TNS   : 0.000

Type  : Fast 1200mV -40C Model Hold 'altera_reserved_tck'
Slack : 0.178
TNS   : 0.000

Type  : Fast 1200mV -40C Model Recovery 'pll_inst|altpll_component|auto_generated|pll1|clk[3]'
Slack : 7.644
TNS   : 0.000

Type  : Fast 1200mV -40C Model Recovery 'pll_inst|altpll_component|auto_generated|pll1|clk[0]'
Slack : 7.698
TNS   : 0.000

Type  : Fast 1200mV -40C Model Recovery 'altera_reserved_tck'
Slack : 49.682
TNS   : 0.000

Type  : Fast 1200mV -40C Model Removal 'pll_inst|altpll_component|auto_generated|pll1|clk[3]'
Slack : 0.365
TNS   : 0.000

Type  : Fast 1200mV -40C Model Removal 'altera_reserved_tck'
Slack : 0.479
TNS   : 0.000

Type  : Fast 1200mV -40C Model Removal 'pll_inst|altpll_component|auto_generated|pll1|clk[0]'
Slack : 0.681
TNS   : 0.000

Type  : Fast 1200mV -40C Model Minimum Pulse Width 'CLOCK_100M'
Slack : 4.423
TNS   : 0.000

Type  : Fast 1200mV -40C Model Minimum Pulse Width 'pll_inst|altpll_component|auto_generated|pll1|clk[0]'
Slack : 4.740
TNS   : 0.000

Type  : Fast 1200mV -40C Model Minimum Pulse Width 'pll_inst|altpll_component|auto_generated|pll1|clk[3]'
Slack : 4.740
TNS   : 0.000

Type  : Fast 1200mV -40C Model Minimum Pulse Width 'altera_reserved_tck'
Slack : 49.311
TNS   : 0.000

------------------------------------------------------------
