Archive member included to satisfy reference by file (symbol)

d:/intelfpga_lite/18.1/nios2eds/bin/gnu/h-x86_64-mingw32/bin/../lib/gcc/nios2-elf/5.3.0/mno-hw-mul\libgcc.a(lib2-divmod.o)
                              obj/default//D/github/adamShiau_FPGA/intel_IP/LGSM/NIOS/LGSM_CPU_V1_0/lib/common.o (__umodsi3)
d:/intelfpga_lite/18.1/nios2eds/bin/gnu/h-x86_64-mingw32/bin/../lib/gcc/nios2-elf/5.3.0/mno-hw-mul\libgcc.a(addsf3.o)
                              obj/default//D/github/adamShiau_FPGA/intel_IP/LGSM/NIOS/LGSM_CPU_V1_0/LGSM_CPU_V1_0.o (__addsf3)
d:/intelfpga_lite/18.1/nios2eds/bin/gnu/h-x86_64-mingw32/bin/../lib/gcc/nios2-elf/5.3.0/mno-hw-mul\libgcc.a(divsf3.o)
                              obj/default//D/github/adamShiau_FPGA/intel_IP/LGSM/NIOS/LGSM_CPU_V1_0/lib/common.o (__divsf3)
d:/intelfpga_lite/18.1/nios2eds/bin/gnu/h-x86_64-mingw32/bin/../lib/gcc/nios2-elf/5.3.0/mno-hw-mul\libgcc.a(eqsf2.o)
                              obj/default//D/github/adamShiau_FPGA/intel_IP/LGSM/NIOS/LGSM_CPU_V1_0/lib/eeprom_v2.o (__eqsf2)
d:/intelfpga_lite/18.1/nios2eds/bin/gnu/h-x86_64-mingw32/bin/../lib/gcc/nios2-elf/5.3.0/mno-hw-mul\libgcc.a(gesf2.o)
                              obj/default//D/github/adamShiau_FPGA/intel_IP/LGSM/NIOS/LGSM_CPU_V1_0/lib/common.o (__gesf2)
d:/intelfpga_lite/18.1/nios2eds/bin/gnu/h-x86_64-mingw32/bin/../lib/gcc/nios2-elf/5.3.0/mno-hw-mul\libgcc.a(lesf2.o)
                              obj/default//D/github/adamShiau_FPGA/intel_IP/LGSM/NIOS/LGSM_CPU_V1_0/lib/common.o (__ltsf2)
d:/intelfpga_lite/18.1/nios2eds/bin/gnu/h-x86_64-mingw32/bin/../lib/gcc/nios2-elf/5.3.0/mno-hw-mul\libgcc.a(mulsf3.o)
                              obj/default//D/github/adamShiau_FPGA/intel_IP/LGSM/NIOS/LGSM_CPU_V1_0/LGSM_CPU_V1_0.o (__mulsf3)
d:/intelfpga_lite/18.1/nios2eds/bin/gnu/h-x86_64-mingw32/bin/../lib/gcc/nios2-elf/5.3.0/mno-hw-mul\libgcc.a(subsf3.o)
                              obj/default//D/github/adamShiau_FPGA/intel_IP/LGSM/NIOS/LGSM_CPU_V1_0/lib/acq_fog.o (__subsf3)
d:/intelfpga_lite/18.1/nios2eds/bin/gnu/h-x86_64-mingw32/bin/../lib/gcc/nios2-elf/5.3.0/mno-hw-mul\libgcc.a(floatsisf.o)
                              obj/default//D/github/adamShiau_FPGA/intel_IP/LGSM/NIOS/LGSM_CPU_V1_0/LGSM_CPU_V1_0.o (__floatsisf)
d:/intelfpga_lite/18.1/nios2eds/bin/gnu/h-x86_64-mingw32/bin/../lib/gcc/nios2-elf/5.3.0/mno-hw-mul\libgcc.a(floatunsisf.o)
                              obj/default//D/github/adamShiau_FPGA/intel_IP/LGSM/NIOS/LGSM_CPU_V1_0/LGSM_CPU_V1_0.o (__floatunsisf)
d:/intelfpga_lite/18.1/nios2eds/bin/gnu/h-x86_64-mingw32/bin/../lib/gcc/nios2-elf/5.3.0/mno-hw-mul\libgcc.a(adddf3.o)
                              obj/default//D/github/adamShiau_FPGA/intel_IP/LGSM/NIOS/LGSM_CPU_V1_0/LGSM_CPU_V1_0.o (__adddf3)
d:/intelfpga_lite/18.1/nios2eds/bin/gnu/h-x86_64-mingw32/bin/../lib/gcc/nios2-elf/5.3.0/mno-hw-mul\libgcc.a(divdf3.o)
                              obj/default//D/github/adamShiau_FPGA/intel_IP/LGSM/NIOS/LGSM_CPU_V1_0/lib/ads122c04_se.o (__divdf3)
d:/intelfpga_lite/18.1/nios2eds/bin/gnu/h-x86_64-mingw32/bin/../lib/gcc/nios2-elf/5.3.0/mno-hw-mul\libgcc.a(muldf3.o)
                              obj/default//D/github/adamShiau_FPGA/intel_IP/LGSM/NIOS/LGSM_CPU_V1_0/LGSM_CPU_V1_0.o (__muldf3)
d:/intelfpga_lite/18.1/nios2eds/bin/gnu/h-x86_64-mingw32/bin/../lib/gcc/nios2-elf/5.3.0/mno-hw-mul\libgcc.a(subdf3.o)
                              obj/default//D/github/adamShiau_FPGA/intel_IP/LGSM/NIOS/LGSM_CPU_V1_0/LGSM_CPU_V1_0.o (__subdf3)
d:/intelfpga_lite/18.1/nios2eds/bin/gnu/h-x86_64-mingw32/bin/../lib/gcc/nios2-elf/5.3.0/mno-hw-mul\libgcc.a(extendsfdf2.o)
                              obj/default//D/github/adamShiau_FPGA/intel_IP/LGSM/NIOS/LGSM_CPU_V1_0/LGSM_CPU_V1_0.o (__extendsfdf2)
d:/intelfpga_lite/18.1/nios2eds/bin/gnu/h-x86_64-mingw32/bin/../lib/gcc/nios2-elf/5.3.0/mno-hw-mul\libgcc.a(truncdfsf2.o)
                              obj/default//D/github/adamShiau_FPGA/intel_IP/LGSM/NIOS/LGSM_CPU_V1_0/LGSM_CPU_V1_0.o (__truncdfsf2)
d:/intelfpga_lite/18.1/nios2eds/bin/gnu/h-x86_64-mingw32/bin/../lib/gcc/nios2-elf/5.3.0/mno-hw-mul\libgcc.a(_clzsi2.o)
                              d:/intelfpga_lite/18.1/nios2eds/bin/gnu/h-x86_64-mingw32/bin/../lib/gcc/nios2-elf/5.3.0/mno-hw-mul\libgcc.a(addsf3.o) (__clzsi2)
d:/intelfpga_lite/18.1/nios2eds/bin/gnu/h-x86_64-mingw32/bin/../lib/gcc/nios2-elf/5.3.0/mno-hw-mul\libgcc.a(lib2-mul.o)
                              d:/intelfpga_lite/18.1/nios2eds/bin/gnu/h-x86_64-mingw32/bin/../lib/gcc/nios2-elf/5.3.0/mno-hw-mul\libgcc.a(mulsf3.o) (__mulsi3)
d:/intelfpga_lite/18.1/nios2eds/bin/gnu/h-x86_64-mingw32/bin/../lib/gcc/nios2-elf/5.3.0/mno-hw-mul\libgcc.a(_clz.o)
                              d:/intelfpga_lite/18.1/nios2eds/bin/gnu/h-x86_64-mingw32/bin/../lib/gcc/nios2-elf/5.3.0/mno-hw-mul\libgcc.a(_clzsi2.o) (__clz_tab)
[...]
Memory Configuration

Name             Origin             Length             Attributes
sdram_BEFORE_EXCEPTION 0x0000000001000000 0x0000000000000020
sdram            0x0000000001000020 0x0000000000ffffe0
reset            0x0000000002001000 0x0000000000000020
epcs             0x0000000002001020 0x00000000000007e0
*default*        0x0000000000000000 0xffffffffffffffff

Linker script and memory map

LOAD ../LGSM_CPU_V1_0_bsp//obj/HAL/src/crt0.o
LOAD obj/default//D/github/adamShiau_FPGA/intel_IP/LGSM/NIOS/LGSM_CPU_V1_0/LGSM_CPU_V1_0.o
LOAD obj/default//D/github/adamShiau_FPGA/intel_IP/LGSM/NIOS/LGSM_CPU_V1_0/lib/Tsensor_DS1775.o
LOAD obj/default//D/github/adamShiau_FPGA/intel_IP/LGSM/NIOS/LGSM_CPU_V1_0/lib/acq_fog.o
LOAD obj/default//D/github/adamShiau_FPGA/intel_IP/LGSM/NIOS/LGSM_CPU_V1_0/lib/acq_imu.o
LOAD obj/default//D/github/adamShiau_FPGA/intel_IP/LGSM/NIOS/LGSM_CPU_V1_0/lib/acq_rst.o
LOAD obj/default//D/github/adamShiau_FPGA/intel_IP/LGSM/NIOS/LGSM_CPU_V1_0/lib/adda_config.o
LOAD obj/default//D/github/adamShiau_FPGA/intel_IP/LGSM/NIOS/LGSM_CPU_V1_0/lib/ads122c04_se.o
LOAD obj/default//D/github/adamShiau_FPGA/intel_IP/LGSM/NIOS/LGSM_CPU_V1_0/lib/asm330lhhx.o
LOAD obj/default//D/github/adamShiau_FPGA/intel_IP/LGSM/NIOS/LGSM_CPU_V1_0/lib/common.o
LOAD obj/default//D/github/adamShiau_FPGA/intel_IP/LGSM/NIOS/LGSM_CPU_V1_0/lib/eeprom_v2.o
LOAD obj/default//D/github/adamShiau_FPGA/intel_IP/LGSM/NIOS/LGSM_CPU_V1_0/lib/memory_manage.o
LOAD obj/default//D/github/adamShiau_FPGA/intel_IP/LGSM/NIOS/LGSM_CPU_V1_0/lib/myiic.o
LOAD obj/default//D/github/adamShiau_FPGA/intel_IP/LGSM/NIOS/LGSM_CPU_V1_0/lib/output_mode.o
LOAD obj/default//D/github/adamShiau_FPGA/intel_IP/LGSM/NIOS/LGSM_CPU_V1_0/lib/uart_dual.o
LOAD d:/intelfpga_lite/18.1/nios2eds/bin/gnu/h-x86_64-mingw32/bin/../lib/gcc/nios2-elf/5.3.0/../../../../../H-x86_64-mingw32/nios2-elf/lib/mno-hw-mul\libstdc++.a
LOAD d:/intelfpga_lite/18.1/nios2eds/bin/gnu/h-x86_64-mingw32/bin/../lib/gcc/nios2-elf/5.3.0/../../../../../H-x86_64-mingw32/nios2-elf/lib/mno-hw-mul\libm.a
LOAD d:/intelfpga_lite/18.1/nios2eds/bin/gnu/h-x86_64-mingw32/bin/../lib/gcc/nios2-elf/5.3.0/mno-hw-mul\libgcc.a
START GROUP
LOAD d:/intelfpga_lite/18.1/nios2eds/bin/gnu/h-x86_64-mingw32/bin/../lib/gcc/nios2-elf/5.3.0/../../../../../H-x86_64-mingw32/nios2-elf/lib/mno-hw-mul\libc.a
LOAD d:/intelfpga_lite/18.1/nios2eds/bin/gnu/h-x86_64-mingw32/bin/../lib/gcc/nios2-elf/5.3.0/mno-hw-mul\libgcc.a
LOAD ../LGSM_CPU_V1_0_bsp/\libhal_bsp.a
LOAD d:/intelfpga_lite/18.1/nios2eds/bin/gnu/h-x86_64-mingw32/bin/../lib/gcc/nios2-elf/5.3.0/../../../../../H-x86_64-mingw32/nios2-elf/lib/mno-hw-mul\libm.a
END GROUP
LOAD d:/intelfpga_lite/18.1/nios2eds/bin/gnu/h-x86_64-mingw32/bin/../lib/gcc/nios2-elf/5.3.0/mno-hw-mul\libgcc.a
                0x0000000001000000                __alt_mem_sdram = 0x1000000
                0x0000000002001000                __alt_mem_epcs = 0x2001000

.entry          0x0000000002001000        0x0
 *(.entry)
 .entry         0x0000000002001000        0x0 ../LGSM_CPU_V1_0_bsp//obj/HAL/src/crt0.o
                0x0000000002001000                __reset

.exceptions     0x0000000001000020      0x210
                [!provide]                        PROVIDE (__ram_exceptions_start, ABSOLUTE (.))
                0x0000000001000020                . = ALIGN (0x20)
 *(.irq)
 *(.exceptions.entry.label)
 .exceptions.entry.label
                0x0000000001000020        0x0 ../LGSM_CPU_V1_0_bsp/\libhal_bsp.a(alt_irq_entry.o)
                0x0000000001000020                alt_irq_entry
 .exceptions.entry.label
                0x0000000001000020        0x0 ../LGSM_CPU_V1_0_bsp/\libhal_bsp.a(alt_exception_entry.o)
                0x0000000001000020                alt_exception
 *(.exceptions.entry.user)
 *(.exceptions.entry.ecc_fatal)
 *(.exceptions.entry)
 .exceptions.entry
                0x0000000001000020       0x54 ../LGSM_CPU_V1_0_bsp/\libhal_bsp.a(alt_exception_entry.o)
 *(.exceptions.irqtest.user)
 *(.exceptions.irqtest)
 .exceptions.irqtest
                0x0000000001000074       0x10 ../LGSM_CPU_V1_0_bsp/\libhal_bsp.a(alt_irq_entry.o)
 *(.exceptions.irqhandler.user)
 *(.exceptions.irqhandler)
 .exceptions.irqhandler
                0x0000000001000084        0x4 ../LGSM_CPU_V1_0_bsp/\libhal_bsp.a(alt_irq_entry.o)
 *(.exceptions.irqreturn.user)
 *(.exceptions.irqreturn)
 .exceptions.irqreturn
                0x0000000001000088        0x4 ../LGSM_CPU_V1_0_bsp/\libhal_bsp.a(alt_irq_entry.o)
 *(.exceptions.notirq.label)
 .exceptions.notirq.label
                0x000000000100008c        0x0 ../LGSM_CPU_V1_0_bsp/\libhal_bsp.a(alt_irq_entry.o)
 *(.exceptions.notirq.user)
 *(.exceptions.notirq)
 .exceptions.notirq
                0x000000000100008c        0x8 ../LGSM_CPU_V1_0_bsp/\libhal_bsp.a(alt_exception_entry.o)
 *(.exceptions.soft.user)
 *(.exceptions.soft)
 *(.exceptions.unknown.user)
 *(.exceptions.unknown)
 .exceptions.unknown
                0x0000000001000094       0x14 ../LGSM_CPU_V1_0_bsp/\libhal_bsp.a(alt_exception_entry.o)
 *(.exceptions.exit.label)
 .exceptions.exit.label
                0x00000000010000a8        0x0 ../LGSM_CPU_V1_0_bsp/\libhal_bsp.a(alt_irq_entry.o)
 .exceptions.exit.label
                0x00000000010000a8        0x0 ../LGSM_CPU_V1_0_bsp/\libhal_bsp.a(alt_exception_entry.o)
 *(.exceptions.exit.user)
 *(.exceptions.exit)
 .exceptions.exit
                0x00000000010000a8       0x54 ../LGSM_CPU_V1_0_bsp/\libhal_bsp.a(alt_exception_entry.o)
 *(.exceptions)
 .exceptions    0x00000000010000fc       0xd4 ../LGSM_CPU_V1_0_bsp/\libhal_bsp.a(alt_irq_handler.o)
                0x00000000010000fc                alt_irq_handler
 .exceptions    0x00000000010001d0       0x60 ../LGSM_CPU_V1_0_bsp/\libhal_bsp.a(alt_instruction_exception_entry.o)
                0x00000000010001d0                alt_instruction_exception_entry
                [!provide]                        PROVIDE (__ram_exceptions_end, ABSOLUTE (.))
                [!provide]                        PROVIDE (__flash_exceptions_start, LOADADDR (.exceptions))

.text           0x0000000001000230    0x214f8
                [!provide]                        PROVIDE (stext, ABSOLUTE (.))
 *(.interp)
 *(.hash)
 *(.dynsym)
 *(.dynstr)
 *(.gnu.version)
 *(.gnu.version_d)
 *(.gnu.version_r)
 *(.rel.init)
 *(.rela.init)
 *(.rel.text .rel.text.* .rel.gnu.linkonce.t.*)
 *(.rela.text .rela.text.* .rela.gnu.linkonce.t.*)
 *(.rel.fini)
 *(.rela.fini)
 *(.rel.rodata .rel.rodata.* .rel.gnu.linkonce.r.*)
 *(.rela.rodata .rela.rodata.* .rela.gnu.linkonce.r.*)
 *(.rel.data .rel.data.* .rel.gnu.linkonce.d.*)
 *(.rela.data .rela.data.* .rela.gnu.linkonce.d.*)
 *(.rel.tdata .rel.tdata.* .rel.gnu.linkonce.td.*)
 *(.rela.tdata .rela.tdata.* .rela.gnu.linkonce.td.*)
 *(.rel.tbss .rel.tbss.* .rel.gnu.linkonce.tb.*)
 *(.rela.tbss .rela.tbss.* .rela.gnu.linkonce.tb.*)
 *(.rel.ctors)
 *(.rela.ctors)
 *(.rel.dtors)
 *(.rela.dtors)
 *(.rel.got)
 *(.rela.got)
 *(.rel.sdata .rel.sdata.* .rel.gnu.linkonce.s.*)
 *(.rela.sdata .rela.sdata.* .rela.gnu.linkonce.s.*)
 *(.rel.sbss .rel.sbss.* .rel.gnu.linkonce.sb.*)
 *(.rela.sbss .rela.sbss.* .rela.gnu.linkonce.sb.*)
 *(.rel.sdata2 .rel.sdata2.* .rel.gnu.linkonce.s2.*)
 *(.rela.sdata2 .rela.sdata2.* .rela.gnu.linkonce.s2.*)
 *(.rel.sbss2 .rel.sbss2.* .rel.gnu.linkonce.sb2.*)
 *(.rela.sbss2 .rela.sbss2.* .rela.gnu.linkonce.sb2.*)
 *(.rel.bss .rel.bss.* .rel.gnu.linkonce.b.*)
 *(.rela.bss .rela.bss.* .rela.gnu.linkonce.b.*)
 *(.rel.plt)
 *(.rela.plt)
 *(.rel.dyn)
 *(.init)
 *(.plt)
 *(.text .stub .text.* .gnu.linkonce.t.*)
 .text          0x0000000001000230       0x38 ../LGSM_CPU_V1_0_bsp//obj/HAL/src/crt0.o
                0x0000000001000230                _start
 .text          0x0000000001000268      0x668 obj/default//D/github/adamShiau_FPGA/intel_IP/LGSM/NIOS/LGSM_CPU_V1_0/LGSM_CPU_V1_0.o
                0x0000000001000268                main
                0x000000000100038c                monitor_reg
                0x00000000010003c4                dbg_mems
                0x00000000010005e8                update_sensor_data
                0x0000000001000660                TRIGGER_IRQ_init
                0x00000000010006c4                IRQ_TRIGGER_ISR
 .text          0x00000000010008d0      0x280 obj/default//D/github/adamShiau_FPGA/intel_IP/LGSM/NIOS/LGSM_CPU_V1_0/lib/Tsensor_DS1775.o
                0x00000000010008d0                ds1775_setCurPtr
                0x0000000001000924                ds1775_setConfiguration
                0x0000000001000984                ds1775_readConf
                0x00000000010009cc                ds1775_9B_readTemp_d
                0x0000000001000a38                ds1775_9B_readTemp_f
 .text          0x0000000001000b50      0x558 obj/default//D/github/adamShiau_FPGA/intel_IP/LGSM/NIOS/LGSM_CPU_V1_0/lib/acq_fog.o
                0x0000000001000b50                acq_fog
 .text          0x00000000010010a8      0x130 obj/default//D/github/adamShiau_FPGA/intel_IP/LGSM/NIOS/LGSM_CPU_V1_0/lib/acq_imu.o
                0x00000000010010a8                acq_imu
 .text          0x00000000010011d8       0x48 obj/default//D/github/adamShiau_FPGA/intel_IP/LGSM/NIOS/LGSM_CPU_V1_0/lib/acq_rst.o
                0x00000000010011d8                acq_rst
 .text          0x0000000001001220      0x1c8 obj/default//D/github/adamShiau_FPGA/intel_IP/LGSM/NIOS/LGSM_CPU_V1_0/lib/adda_config.o
                0x0000000001001220                init_ADDA
                0x0000000001001308                set_ADC_all_zero
                0x0000000001001348                set_ADC_all_one
                0x0000000001001388                set_DAC_reset
                0x00000000010013b8                clear_DAC_reset
 .text          0x00000000010013e8      0x92c obj/default//D/github/adamShiau_FPGA/intel_IP/LGSM/NIOS/LGSM_CPU_V1_0/lib/ads122c04_se.o
                0x0000000001001478                init_ADS122C04_TEMP
                0x0000000001001498                I2C_write_verify_ADS122C04
                0x0000000001001534                test_ADS122C04
                0x0000000001001594                read_ADS122C04_TEMP
                0x00000000010017ec                I2C_sm_start_ADS122C04_TEMP
                0x000000000100183c                I2C_op_mode_sel_ADS122C04_TEMP
                0x000000000100189c                I2C_clock_rate_sel_ADS122C04_TEMP
                0x00000000010018fc                I2C_write_ADS122C04_TEMP_cmd
                0x0000000001001994                I2C_write_ADS122C04_TEMP_register
                0x0000000001001a44                I2C_read_ADS122C04_TEMP_register
                0x0000000001001ae8                I2C_set_device_addr_ADS122C04_TEMP
                0x0000000001001b20                set_bit_safe_ADS122C04_TEMP
                0x0000000001001b84                clear_bit_safe_ADS122C04_TEMP
                0x0000000001001be8                I2C_sm_set_enable_ADS122C04_TEMP
                0x0000000001001c2c                I2C_sm_set_disable_ADS122C04_TEMP
                0x0000000001001c70                I2C_sm_set_finish_clear_pulse_ADS122C04_TEMP
                0x0000000001001cd8                I2C_sm_read_finish_ADS122C04_TEMP
 .text          0x0000000001001d14      0xc84 obj/default//D/github/adamShiau_FPGA/intel_IP/LGSM/NIOS/LGSM_CPU_V1_0/lib/asm330lhhx.o
                0x0000000001001da4                init_ASM330LHHX
                0x0000000001001dc4                I2C_sm_force_reset_ASM330LHHX
                0x0000000001001e50                I2C_write_verify_ASM330LHHX
                0x0000000001001eec                test_ASM330LHHX
                0x0000000001001f4c                read_ASM330LHHX
                0x0000000001002278                get_ASM330LHHX_SM_status
                0x00000000010022b4                print_ASM330LHHX_SM_status
                0x00000000010022e4                set_ASM330LHHX_Gyro_LPF1
                0x00000000010023d0                set_ASM330LHHX_Accl_LPF2
                0x00000000010024c8                I2C_sm_start_ASM330LHHX
                0x0000000001002518                I2C_op_mode_sel_ASM330LHHX
                0x0000000001002578                I2C_clock_rate_sel_ASM330LHHX
                0x00000000010025d8                I2C_write_ASM330LHHX_register
                0x00000000010026b0                I2C_read_ASM330LHHX_register
                0x000000000100276c                I2C_set_device_addr_ASM330LHHX
                0x00000000010027a4                set_bit_safe_ASM330LHHX
                0x0000000001002808                clear_bit_safe_ASM330LHHX
                0x000000000100286c                I2C_sm_set_enable_ASM330LHHX
                0x00000000010028b0                I2C_sm_set_disable_ASM330LHHX
                0x00000000010028f4                I2C_sm_set_finish_clear_pulse_ASM330LHHX
                0x000000000100295c                I2C_sm_read_finish_ASM330LHHX
 .text          0x0000000001002998     0x5da8 obj/default//D/github/adamShiau_FPGA/intel_IP/LGSM/NIOS/LGSM_CPU_V1_0/lib/common.o
                0x0000000001002998                moving_average_init
                0x0000000001002a54                moving_average_update
                0x0000000001002b70                moving_average_free
                0x0000000001002bac                sendTx
                0x0000000001002c7c                checkByte
                0x0000000001002ccc                checkByte_dbg
                0x0000000001002d14                uart_printf
                0x0000000001002d84                uart_printf_dbg
                0x0000000001002e70                send_uart_string
                0x0000000001002ef4                SerialWrite
                0x0000000001002f78                SerialWrite_dbg
                0x0000000001002ff4                SerialWrite_r
                0x000000000100307c                SerialWrite_dbg_r
                0x00000000010030fc                IEEE_754_F2INT
                0x0000000001003128                crc32_init_table
                0x00000000010031e8                crc_32
                0x00000000010032dc                print_crc
                0x0000000001003304                get_uart_cmd
                0x0000000001003500                cmd_mux
                0x000000000100356c                Set_Dac_Gain_x
                0x00000000010035f0                Set_Dac_Gain_y
                0x0000000001003674                Set_Dac_Gain_z
                0x00000000010036f8                fog_parameter_legacy
                0x0000000001003aec                fog_parameter
                0x0000000001006a70                apply_datarate_index
                0x0000000001006ae8                apply_ASM330LHHX_Gyro_LPF1_index
                0x0000000001006b64                apply_ASM330LHHX_Accl_LPF2_index
                0x0000000001006be0                update_config_to_HW_REG
                0x0000000001006c54                update_fog_parameters_to_HW_REG
                0x0000000001006fd0                dump_fog_param
                0x00000000010071b0                dump_fog_param_framed
                0x00000000010073c4                dump_misalignment_param
                0x000000000100752c                dump_misalignment_param_framed
                0x00000000010076d0                dump_config_param_framed
                0x0000000001007874                dump_SN_framed
                0x00000000010078e0                dump_version_framed
                0x0000000001007980                send_json_uart
                0x00000000010079e8                send_framed_payload
                0x0000000001007acc                SF_temp_compensation_1st_order_fog
                0x0000000001007c0c                SF_temp_compensation_1st_order_adxl357
                0x0000000001007d4c                BIAS_temp_compensation_1st_order_fog_3T
                0x000000000100807c                BIAS_temp_compensation_1st_order_adxl357
                0x00000000010081bc                misalignment_calibration
                0x0000000001008504                uart_write_bytes
                0x0000000001008564                uart_write_cstr
                0x00000000010085a4                crc16_ccitt_update
                0x000000000100863c                crc16_ccitt_buf
                0x00000000010086b8                update_datarate_to_HW_REG
 .text          0x0000000001008740     0x11cc obj/default//D/github/adamShiau_FPGA/intel_IP/LGSM/NIOS/LGSM_CPU_V1_0/lib/eeprom_v2.o
                0x0000000001008888                EEPROM_RW_TEST
                0x0000000001008920                EEPROM_Write_4B
                0x00000000010089e4                PARAMETER_Write_f
                0x0000000001008a3c                EEPROM_Read_4B
                0x0000000001008b24                EEPROM_Read_4B_R
                0x0000000001008c34                PARAMETER_Read
                0x0000000001008c8c                PARAMETER_Read_R
                0x0000000001008ce4                PARAMETER_Write_s
                0x000000000100904c                EEPROM_Write_initial_parameter
                0x0000000001009130                LOAD_FOG_SN
                0x00000000010091b4                LOAD_CONFIG
                0x00000000010092a0                PRINT_FOG_CONFIG
                0x00000000010092e4                LOAD_FOG_MISALIGNMENT
                0x00000000010093d0                PRINT_FOG_MISALIGNMENT
                0x0000000001009414                LOAD_FOG_PARAMETER
                0x0000000001009574                PRINT_FOG_PARAMETER
                0x00000000010095f8                init_EEPROM
                0x0000000001009618                I2C_sm_start
                0x0000000001009658                I2C_op_mode_sel_EEPROM
                0x00000000010096b8                I2C_clock_rate_sel
                0x0000000001009718                set_bit_safe
                0x000000000100977c                clear_bit_safe
                0x00000000010097e0                I2C_sm_set_enable
                0x0000000001009824                I2C_sm_set_disable
                0x0000000001009868                I2C_sm_set_finish_clear_pulse
                0x00000000010098d0                I2C_sm_read_finish
 .text          0x000000000100990c      0x2b8 obj/default//D/github/adamShiau_FPGA/intel_IP/LGSM/NIOS/LGSM_CPU_V1_0/lib/memory_manage.o
                0x000000000100990c                initialize_fog_params_all
                0x0000000001009ae8                initialize_fog_params_type
 .text          0x0000000001009bc4      0x62c obj/default//D/github/adamShiau_FPGA/intel_IP/LGSM/NIOS/LGSM_CPU_V1_0/lib/myiic.o
                0x0000000001009bc4                IIC_Init
                0x0000000001009c04                IIC_Start
                0x0000000001009cbc                IIC_Stop
                0x0000000001009d98                IIC_Wait_Ack
                0x0000000001009e84                IIC_Ack
                0x0000000001009f3c                IIC_NAck
                0x0000000001009ff4                IIC_Send_Byte
                0x000000000100a10c                IIC_Read_Byte
 .text          0x000000000100a1f0      0x15c obj/default//D/github/adamShiau_FPGA/intel_IP/LGSM/NIOS/LGSM_CPU_V1_0/lib/output_mode.o
                0x000000000100a1f0                output_mode_setting
 .text          0x000000000100a34c      0xc34 obj/default//D/github/adamShiau_FPGA/intel_IP/LGSM/NIOS/LGSM_CPU_V1_0/lib/uart_dual.o
                0x000000000100a604                uartInit
                0x000000000100a6e0                uartAvailable
                0x000000000100a708                uartGetByte
                0x000000000100a7dc                uartGetc
                0x000000000100a818                uartAck
                0x000000000100a868                uartAvailable_dbg
                0x000000000100a890                uartGetByte_dbg
                0x000000000100a954                uartGetc_dbg
                0x000000000100a990                uartAck_dbg
                0x000000000100a9d8                readDataDynamic
                0x000000000100acac                readDataDynamic_dbg
 .text          0x000000000100af80      0x1b4 d:/intelfpga_lite/18.1/nios2eds/bin/gnu/h-x86_64-mingw32/bin/../lib/gcc/nios2-elf/5.3.0/mno-hw-mul\libgcc.a(lib2-divmod.o)
                0x000000000100af80                __divsi3
                0x000000000100b004                __modsi3
                0x000000000100b078                __udivsi3
                0x000000000100b0dc                __umodsi3
 .text          0x000000000100b134      0x4c8 d:/intelfpga_lite/18.1/nios2eds/bin/gnu/h-x86_64-mingw32/bin/../lib/gcc/nios2-elf/5.3.0/mno-hw-mul\libgcc.a(addsf3.o)
                0x000000000100b134                __addsf3
 .text          0x000000000100b5fc      0x440 d:/intelfpga_lite/18.1/nios2eds/bin/gnu/h-x86_64-mingw32/bin/../lib/gcc/nios2-elf/5.3.0/mno-hw-mul\libgcc.a(divsf3.o)
                0x000000000100b5fc                __divsf3
 .text          0x000000000100ba3c       0x78 d:/intelfpga_lite/18.1/nios2eds/bin/gnu/h-x86_64-mingw32/bin/../lib/gcc/nios2-elf/5.3.0/mno-hw-mul\libgcc.a(eqsf2.o)
                0x000000000100ba3c                __eqsf2
                0x000000000100ba3c                __nesf2
 .text          0x000000000100bab4       0xbc d:/intelfpga_lite/18.1/nios2eds/bin/gnu/h-x86_64-mingw32/bin/../lib/gcc/nios2-elf/5.3.0/mno-hw-mul\libgcc.a(gesf2.o)
                0x000000000100bab4                __gesf2
                0x000000000100bab4                __gtsf2
 .text          0x000000000100bb70       0xc8 d:/intelfpga_lite/18.1/nios2eds/bin/gnu/h-x86_64-mingw32/bin/../lib/gcc/nios2-elf/5.3.0/mno-hw-mul\libgcc.a(lesf2.o)
                0x000000000100bb70                __ltsf2
                0x000000000100bb70                __lesf2
 .text          0x000000000100bc38      0x430 d:/intelfpga_lite/18.1/nios2eds/bin/gnu/h-x86_64-mingw32/bin/../lib/gcc/nios2-elf/5.3.0/mno-hw-mul\libgcc.a(mulsf3.o)
                0x000000000100bc38                __mulsf3
 .text          0x000000000100c068      0x4e4 d:/intelfpga_lite/18.1/nios2eds/bin/gnu/h-x86_64-mingw32/bin/../lib/gcc/nios2-elf/5.3.0/mno-hw-mul\libgcc.a(subsf3.o)
                0x000000000100c068                __subsf3
 .text          0x000000000100c54c      0x124 d:/intelfpga_lite/18.1/nios2eds/bin/gnu/h-x86_64-mingw32/bin/../lib/gcc/nios2-elf/5.3.0/mno-hw-mul\libgcc.a(floatsisf.o)
                0x000000000100c54c                __floatsisf
 .text          0x000000000100c670       0xf0 d:/intelfpga_lite/18.1/nios2eds/bin/gnu/h-x86_64-mingw32/bin/../lib/gcc/nios2-elf/5.3.0/mno-hw-mul\libgcc.a(floatunsisf.o)
                0x000000000100c670                __floatunsisf
 .text          0x000000000100c760      0x8ac d:/intelfpga_lite/18.1/nios2eds/bin/gnu/h-x86_64-mingw32/bin/../lib/gcc/nios2-elf/5.3.0/mno-hw-mul\libgcc.a(adddf3.o)
                0x000000000100c760                __adddf3
 .text          0x000000000100d00c      0x9d0 d:/intelfpga_lite/18.1/nios2eds/bin/gnu/h-x86_64-mingw32/bin/../lib/gcc/nios2-elf/5.3.0/mno-hw-mul\libgcc.a(divdf3.o)
                0x000000000100d00c                __divdf3
 .text          0x000000000100d9dc      0x86c d:/intelfpga_lite/18.1/nios2eds/bin/gnu/h-x86_64-mingw32/bin/../lib/gcc/nios2-elf/5.3.0/mno-hw-mul\libgcc.a(muldf3.o)
                0x000000000100d9dc                __muldf3
 .text          0x000000000100e248      0x8fc d:/intelfpga_lite/18.1/nios2eds/bin/gnu/h-x86_64-mingw32/bin/../lib/gcc/nios2-elf/5.3.0/mno-hw-mul\libgcc.a(subdf3.o)
                0x000000000100e248                __subdf3
 .text          0x000000000100eb44      0x110 d:/intelfpga_lite/18.1/nios2eds/bin/gnu/h-x86_64-mingw32/bin/../lib/gcc/nios2-elf/5.3.0/mno-hw-mul\libgcc.a(extendsfdf2.o)
                0x000000000100eb44                __extendsfdf2
 .text          0x000000000100ec54      0x1a8 d:/intelfpga_lite/18.1/nios2eds/bin/gnu/h-x86_64-mingw32/bin/../lib/gcc/nios2-elf/5.3.0/mno-hw-mul\libgcc.a(truncdfsf2.o)
                0x000000000100ec54                __truncdfsf2
 .text          0x000000000100edfc       0x64 d:/intelfpga_lite/18.1/nios2eds/bin/gnu/h-x86_64-mingw32/bin/../lib/gcc/nios2-elf/5.3.0/mno-hw-mul\libgcc.a(_clzsi2.o)
                0x000000000100edfc                __clzsi2
 .text          0x000000000100ee60       0x28 d:/intelfpga_lite/18.1/nios2eds/bin/gnu/h-x86_64-mingw32/bin/../lib/gcc/nios2-elf/5.3.0/mno-hw-mul\libgcc.a(lib2-mul.o)
                0x000000000100ee60                __mulsi3
 .text          0x000000000100ee88        0x0 d:/intelfpga_lite/18.1/nios2eds/bin/gnu/h-x86_64-mingw32/bin/../lib/gcc/nios2-elf/5.3.0/mno-hw-mul\libgcc.a(_clz.o)
 .text          0x000000000100ee88        0x0 d:/intelfpga_lite/18.1/nios2eds/bin/gnu/h-x86_64-mingw32/bin/../lib/gcc/nios2-elf/5.3.0/../../../../../H-x86_64-mingw32/nios2-elf/lib/mno-hw-mul\libc.a(lib_a-exit.o)
 .text.exit     0x000000000100ee88       0x38 d:/intelfpga_lite/18.1/nios2eds/bin/gnu/h-x86_64-mingw32/bin/../lib/gcc/nios2-elf/5.3.0/../../../../../H-x86_64-mingw32/nios2-elf/lib/mno-hw-mul\libc.a(lib_a-exit.o)
                0x000000000100ee88                exit
 .text          0x000000000100eec0        0x0 d:/intelfpga_lite/18.1/nios2eds/bin/gnu/h-x86_64-mingw32/bin/../lib/gcc/nios2-elf/5.3.0/../../../../../H-x86_64-mingw32/nios2-elf/lib/mno-hw-mul\libc.a(lib_a-impure.o)
 .text          0x000000000100eec0        0x0 d:/intelfpga_lite/18.1/nios2eds/bin/gnu/h-x86_64-mingw32/bin/../lib/gcc/nios2-elf/5.3.0/../../../../../H-x86_64-mingw32/nios2-elf/lib/mno-hw-mul\libc.a(lib_a-malloc.o)
 .text.malloc   0x000000000100eec0       0x14 d:/intelfpga_lite/18.1/nios2eds/bin/gnu/h-x86_64-mingw32/bin/../lib/gcc/nios2-elf/5.3.0/../../../../../H-x86_64-mingw32/nios2-elf/lib/mno-hw-mul\libc.a(lib_a-malloc.o)
                0x000000000100eec0                malloc
 .text.free     0x000000000100eed4       0x14 d:/intelfpga_lite/18.1/nios2eds/bin/gnu/h-x86_64-mingw32/bin/../lib/gcc/nios2-elf/5.3.0/../../../../../H-x86_64-mingw32/nios2-elf/lib/mno-hw-mul\libc.a(lib_a-malloc.o)
                0x000000000100eed4                free
 .text          0x000000000100eee8        0x0 d:/intelfpga_lite/18.1/nios2eds/bin/gnu/h-x86_64-mingw32/bin/../lib/gcc/nios2-elf/5.3.0/../../../../../H-x86_64-mingw32/nios2-elf/lib/mno-hw-mul\libc.a(lib_a-mallocr.o)
 .text._malloc_r
                0x000000000100eee8      0x80c d:/intelfpga_lite/18.1/nios2eds/bin/gnu/h-x86_64-mingw32/bin/../lib/gcc/nios2-elf/5.3.0/../../../../../H-x86_64-mingw32/nios2-elf/lib/mno-hw-mul\libc.a(lib_a-mallocr.o)
                0x000000000100eee8                _malloc_r
 .text          0x000000000100f6f4        0x0 d:/intelfpga_lite/18.1/nios2eds/bin/gnu/h-x86_64-mingw32/bin/../lib/gcc/nios2-elf/5.3.0/../../../../../H-x86_64-mingw32/nios2-elf/lib/mno-hw-mul\libc.a(lib_a-memcpy.o)
 .text.memcpy   0x000000000100f6f4      0x148 d:/intelfpga_lite/18.1/nios2eds/bin/gnu/h-x86_64-mingw32/bin/../lib/gcc/nios2-elf/5.3.0/../../../../../H-x86_64-mingw32/nios2-elf/lib/mno-hw-mul\libc.a(lib_a-memcpy.o)
                0x000000000100f6f4                memcpy
 .text          0x000000000100f83c        0x0 d:/intelfpga_lite/18.1/nios2eds/bin/gnu/h-x86_64-mingw32/bin/../lib/gcc/nios2-elf/5.3.0/../../../../../H-x86_64-mingw32/nios2-elf/lib/mno-hw-mul\libc.a(lib_a-memset.o)
 .text.memset   0x000000000100f83c      0x128 d:/intelfpga_lite/18.1/nios2eds/bin/gnu/h-x86_64-mingw32/bin/../lib/gcc/nios2-elf/5.3.0/../../../../../H-x86_64-mingw32/nios2-elf/lib/mno-hw-mul\libc.a(lib_a-memset.o)
                0x000000000100f83c                memset
 .text          0x000000000100f964        0x0 d:/intelfpga_lite/18.1/nios2eds/bin/gnu/h-x86_64-mingw32/bin/../lib/gcc/nios2-elf/5.3.0/../../../../../H-x86_64-mingw32/nios2-elf/lib/mno-hw-mul\libc.a(lib_a-printf.o)
 .text._printf_r
                0x000000000100f964       0x30 d:/intelfpga_lite/18.1/nios2eds/bin/gnu/h-x86_64-mingw32/bin/../lib/gcc/nios2-elf/5.3.0/../../../../../H-x86_64-mingw32/nios2-elf/lib/mno-hw-mul\libc.a(lib_a-printf.o)
                0x000000000100f964                _printf_r
 .text.printf   0x000000000100f994       0x3c d:/intelfpga_lite/18.1/nios2eds/bin/gnu/h-x86_64-mingw32/bin/../lib/gcc/nios2-elf/5.3.0/../../../../../H-x86_64-mingw32/nios2-elf/lib/mno-hw-mul\libc.a(lib_a-printf.o)
                0x000000000100f994                printf
 .text          0x000000000100f9d0        0x0 d:/intelfpga_lite/18.1/nios2eds/bin/gnu/h-x86_64-mingw32/bin/../lib/gcc/nios2-elf/5.3.0/../../../../../H-x86_64-mingw32/nios2-elf/lib/mno-hw-mul\libc.a(lib_a-puts.o)
 .text._puts_r  0x000000000100f9d0       0xc0 d:/intelfpga_lite/18.1/nios2eds/bin/gnu/h-x86_64-mingw32/bin/../lib/gcc/nios2-elf/5.3.0/../../../../../H-x86_64-mingw32/nios2-elf/lib/mno-hw-mul\libc.a(lib_a-puts.o)
                0x000000000100f9d0                _puts_r
 .text.puts     0x000000000100fa90       0x14 d:/intelfpga_lite/18.1/nios2eds/bin/gnu/h-x86_64-mingw32/bin/../lib/gcc/nios2-elf/5.3.0/../../../../../H-x86_64-mingw32/nios2-elf/lib/mno-hw-mul\libc.a(lib_a-puts.o)
                0x000000000100fa90                puts
 .text          0x000000000100faa4        0x0 d:/intelfpga_lite/18.1/nios2eds/bin/gnu/h-x86_64-mingw32/bin/../lib/gcc/nios2-elf/5.3.0/../../../../../H-x86_64-mingw32/nios2-elf/lib/mno-hw-mul\libc.a(lib_a-sbrkr.o)
 .text._sbrk_r  0x000000000100faa4       0x54 d:/intelfpga_lite/18.1/nios2eds/bin/gnu/h-x86_64-mingw32/bin/../lib/gcc/nios2-elf/5.3.0/../../../../../H-x86_64-mingw32/nios2-elf/lib/mno-hw-mul\libc.a(lib_a-sbrkr.o)
                0x000000000100faa4                _sbrk_r
 .text          0x000000000100faf8        0x0 d:/intelfpga_lite/18.1/nios2eds/bin/gnu/h-x86_64-mingw32/bin/../lib/gcc/nios2-elf/5.3.0/../../../../../H-x86_64-mingw32/nios2-elf/lib/mno-hw-mul\libc.a(lib_a-snprintf.o)
 .text._snprintf_r
                0x000000000100faf8       0xd8 d:/intelfpga_lite/18.1/nios2eds/bin/gnu/h-x86_64-mingw32/bin/../lib/gcc/nios2-elf/5.3.0/../../../../../H-x86_64-mingw32/nios2-elf/lib/mno-hw-mul\libc.a(lib_a-snprintf.o)
                0x000000000100faf8                _snprintf_r
 .text.snprintf
                0x000000000100fbd0       0xe4 d:/intelfpga_lite/18.1/nios2eds/bin/gnu/h-x86_64-mingw32/bin/../lib/gcc/nios2-elf/5.3.0/../../../../../H-x86_64-mingw32/nios2-elf/lib/mno-hw-mul\libc.a(lib_a-snprintf.o)
                0x000000000100fbd0                snprintf
 .text          0x000000000100fcb4        0x0 d:/intelfpga_lite/18.1/nios2eds/bin/gnu/h-x86_64-mingw32/bin/../lib/gcc/nios2-elf/5.3.0/../../../../../H-x86_64-mingw32/nios2-elf/lib/mno-hw-mul\libc.a(lib_a-strlen.o)
 .text.strlen   0x000000000100fcb4       0x98 d:/intelfpga_lite/18.1/nios2eds/bin/gnu/h-x86_64-mingw32/bin/../lib/gcc/nios2-elf/5.3.0/../../../../../H-x86_64-mingw32/nios2-elf/lib/mno-hw-mul\libc.a(lib_a-strlen.o)
                0x000000000100fcb4                strlen
 .text          0x000000000100fd4c        0x0 d:/intelfpga_lite/18.1/nios2eds/bin/gnu/h-x86_64-mingw32/bin/../lib/gcc/nios2-elf/5.3.0/../../../../../H-x86_64-mingw32/nios2-elf/lib/mno-hw-mul\libc.a(lib_a-strnlen.o)
 .text.strnlen  0x000000000100fd4c       0x44 d:/intelfpga_lite/18.1/nios2eds/bin/gnu/h-x86_64-mingw32/bin/../lib/gcc/nios2-elf/5.3.0/../../../../../H-x86_64-mingw32/nios2-elf/lib/mno-hw-mul\libc.a(lib_a-strnlen.o)
                0x000000000100fd4c                strnlen
 .text          0x000000000100fd90        0x0 d:/intelfpga_lite/18.1/nios2eds/bin/gnu/h-x86_64-mingw32/bin/../lib/gcc/nios2-elf/5.3.0/../../../../../H-x86_64-mingw32/nios2-elf/lib/mno-hw-mul\libc.a(lib_a-svfprintf.o)
 .text.___svfprintf_internal_r
                0x000000000100fd90     0x22bc d:/intelfpga_lite/18.1/nios2eds/bin/gnu/h-x86_64-mingw32/bin/../lib/gcc/nios2-elf/5.3.0/../../../../../H-x86_64-mingw32/nios2-elf/lib/mno-hw-mul\libc.a(lib_a-svfprintf.o)
                0x000000000100fd90                ___svfprintf_internal_r
 .text          0x000000000101204c        0x0 d:/intelfpga_lite/18.1/nios2eds/bin/gnu/h-x86_64-mingw32/bin/../lib/gcc/nios2-elf/5.3.0/../../../../../H-x86_64-mingw32/nios2-elf/lib/mno-hw-mul\libc.a(lib_a-vfprintf.o)
 .text.___vfprintf_internal_r
                0x000000000101204c     0x22dc d:/intelfpga_lite/18.1/nios2eds/bin/gnu/h-x86_64-mingw32/bin/../lib/gcc/nios2-elf/5.3.0/../../../../../H-x86_64-mingw32/nios2-elf/lib/mno-hw-mul\libc.a(lib_a-vfprintf.o)
                0x000000000101204c                ___vfprintf_internal_r
 .text.__vfprintf_internal
                0x0000000001014328       0x1c d:/intelfpga_lite/18.1/nios2eds/bin/gnu/h-x86_64-mingw32/bin/../lib/gcc/nios2-elf/5.3.0/../../../../../H-x86_64-mingw32/nios2-elf/lib/mno-hw-mul\libc.a(lib_a-vfprintf.o)
                0x0000000001014328                __vfprintf_internal
 .text.__sbprintf
                0x0000000001014344       0xbc d:/intelfpga_lite/18.1/nios2eds/bin/gnu/h-x86_64-mingw32/bin/../lib/gcc/nios2-elf/5.3.0/../../../../../H-x86_64-mingw32/nios2-elf/lib/mno-hw-mul\libc.a(lib_a-vfprintf.o)
 .text          0x0000000001014400        0x0 d:/intelfpga_lite/18.1/nios2eds/bin/gnu/h-x86_64-mingw32/bin/../lib/gcc/nios2-elf/5.3.0/../../../../../H-x86_64-mingw32/nios2-elf/lib/mno-hw-mul\libc.a(lib_a-vsnprintf.o)
 .text._vsnprintf_r
                0x0000000001014400       0xf0 d:/intelfpga_lite/18.1/nios2eds/bin/gnu/h-x86_64-mingw32/bin/../lib/gcc/nios2-elf/5.3.0/../../../../../H-x86_64-mingw32/nios2-elf/lib/mno-hw-mul\libc.a(lib_a-vsnprintf.o)
                0x0000000001014400                _vsnprintf_r
 .text.vsnprintf
                0x00000000010144f0       0x34 d:/intelfpga_lite/18.1/nios2eds/bin/gnu/h-x86_64-mingw32/bin/../lib/gcc/nios2-elf/5.3.0/../../../../../H-x86_64-mingw32/nios2-elf/lib/mno-hw-mul\libc.a(lib_a-vsnprintf.o)
                0x00000000010144f0                vsnprintf
 .text          0x0000000001014524        0x0 d:/intelfpga_lite/18.1/nios2eds/bin/gnu/h-x86_64-mingw32/bin/../lib/gcc/nios2-elf/5.3.0/../../../../../H-x86_64-mingw32/nios2-elf/lib/mno-hw-mul\libc.a(lib_a-wsetup.o)
 .text.__swsetup_r
                0x0000000001014524      0x154 d:/intelfpga_lite/18.1/nios2eds/bin/gnu/h-x86_64-mingw32/bin/../lib/gcc/nios2-elf/5.3.0/../../../../../H-x86_64-mingw32/nios2-elf/lib/mno-hw-mul\libc.a(lib_a-wsetup.o)
                0x0000000001014524                __swsetup_r
 .text          0x0000000001014678        0x0 d:/intelfpga_lite/18.1/nios2eds/bin/gnu/h-x86_64-mingw32/bin/../lib/gcc/nios2-elf/5.3.0/../../../../../H-x86_64-mingw32/nios2-elf/lib/mno-hw-mul\libc.a(lib_a-__call_atexit.o)
 .text.__call_exitprocs
                0x0000000001014678      0x180 d:/intelfpga_lite/18.1/nios2eds/bin/gnu/h-x86_64-mingw32/bin/../lib/gcc/nios2-elf/5.3.0/../../../../../H-x86_64-mingw32/nios2-elf/lib/mno-hw-mul\libc.a(lib_a-__call_atexit.o)
                0x0000000001014678                __call_exitprocs
 .text          0x00000000010147f8        0x0 d:/intelfpga_lite/18.1/nios2eds/bin/gnu/h-x86_64-mingw32/bin/../lib/gcc/nios2-elf/5.3.0/../../../../../H-x86_64-mingw32/nios2-elf/lib/mno-hw-mul\libc.a(lib_a-dtoa.o)
 .text.quorem   0x00000000010147f8      0x228 d:/intelfpga_lite/18.1/nios2eds/bin/gnu/h-x86_64-mingw32/bin/../lib/gcc/nios2-elf/5.3.0/../../../../../H-x86_64-mingw32/nios2-elf/lib/mno-hw-mul\libc.a(lib_a-dtoa.o)
 .text._dtoa_r  0x0000000001014a20     0x1688 d:/intelfpga_lite/18.1/nios2eds/bin/gnu/h-x86_64-mingw32/bin/../lib/gcc/nios2-elf/5.3.0/../../../../../H-x86_64-mingw32/nios2-elf/lib/mno-hw-mul\libc.a(lib_a-dtoa.o)
                0x0000000001014a20                _dtoa_r
 .text          0x00000000010160a8        0x0 d:/intelfpga_lite/18.1/nios2eds/bin/gnu/h-x86_64-mingw32/bin/../lib/gcc/nios2-elf/5.3.0/../../../../../H-x86_64-mingw32/nios2-elf/lib/mno-hw-mul\libc.a(lib_a-fflush.o)
 .text.__sflush_r
                0x00000000010160a8      0x21c d:/intelfpga_lite/18.1/nios2eds/bin/gnu/h-x86_64-mingw32/bin/../lib/gcc/nios2-elf/5.3.0/../../../../../H-x86_64-mingw32/nios2-elf/lib/mno-hw-mul\libc.a(lib_a-fflush.o)
                0x00000000010160a8                __sflush_r
 .text._fflush_r
                0x00000000010162c4       0x5c d:/intelfpga_lite/18.1/nios2eds/bin/gnu/h-x86_64-mingw32/bin/../lib/gcc/nios2-elf/5.3.0/../../../../../H-x86_64-mingw32/nios2-elf/lib/mno-hw-mul\libc.a(lib_a-fflush.o)
                0x00000000010162c4                _fflush_r
 .text.fflush   0x0000000001016320       0x30 d:/intelfpga_lite/18.1/nios2eds/bin/gnu/h-x86_64-mingw32/bin/../lib/gcc/nios2-elf/5.3.0/../../../../../H-x86_64-mingw32/nios2-elf/lib/mno-hw-mul\libc.a(lib_a-fflush.o)
                0x0000000001016320                fflush
 .text          0x0000000001016350        0x0 d:/intelfpga_lite/18.1/nios2eds/bin/gnu/h-x86_64-mingw32/bin/../lib/gcc/nios2-elf/5.3.0/../../../../../H-x86_64-mingw32/nios2-elf/lib/mno-hw-mul\libc.a(lib_a-findfp.o)
 .text.__fp_unlock
                0x0000000001016350        0x8 d:/intelfpga_lite/18.1/nios2eds/bin/gnu/h-x86_64-mingw32/bin/../lib/gcc/nios2-elf/5.3.0/../../../../../H-x86_64-mingw32/nios2-elf/lib/mno-hw-mul\libc.a(lib_a-findfp.o)
 .text._cleanup_r
                0x0000000001016358        0xc d:/intelfpga_lite/18.1/nios2eds/bin/gnu/h-x86_64-mingw32/bin/../lib/gcc/nios2-elf/5.3.0/../../../../../H-x86_64-mingw32/nios2-elf/lib/mno-hw-mul\libc.a(lib_a-findfp.o)
                0x0000000001016358                _cleanup_r
 .text.__sinit.part.1
                0x0000000001016364      0x19c d:/intelfpga_lite/18.1/nios2eds/bin/gnu/h-x86_64-mingw32/bin/../lib/gcc/nios2-elf/5.3.0/../../../../../H-x86_64-mingw32/nios2-elf/lib/mno-hw-mul\libc.a(lib_a-findfp.o)
 .text.__fp_lock
                0x0000000001016500        0x8 d:/intelfpga_lite/18.1/nios2eds/bin/gnu/h-x86_64-mingw32/bin/../lib/gcc/nios2-elf/5.3.0/../../../../../H-x86_64-mingw32/nios2-elf/lib/mno-hw-mul\libc.a(lib_a-findfp.o)
 .text.__sfmoreglue
                0x0000000001016508       0x78 d:/intelfpga_lite/18.1/nios2eds/bin/gnu/h-x86_64-mingw32/bin/../lib/gcc/nios2-elf/5.3.0/../../../../../H-x86_64-mingw32/nios2-elf/lib/mno-hw-mul\libc.a(lib_a-findfp.o)
                0x0000000001016508                __sfmoreglue
 .text.__sfp    0x0000000001016580      0x118 d:/intelfpga_lite/18.1/nios2eds/bin/gnu/h-x86_64-mingw32/bin/../lib/gcc/nios2-elf/5.3.0/../../../../../H-x86_64-mingw32/nios2-elf/lib/mno-hw-mul\libc.a(lib_a-findfp.o)
                0x0000000001016580                __sfp
 .text._cleanup
                0x0000000001016698       0x18 d:/intelfpga_lite/18.1/nios2eds/bin/gnu/h-x86_64-mingw32/bin/../lib/gcc/nios2-elf/5.3.0/../../../../../H-x86_64-mingw32/nios2-elf/lib/mno-hw-mul\libc.a(lib_a-findfp.o)
                0x0000000001016698                _cleanup
 .text.__sinit  0x00000000010166b0       0x10 d:/intelfpga_lite/18.1/nios2eds/bin/gnu/h-x86_64-mingw32/bin/../lib/gcc/nios2-elf/5.3.0/../../../../../H-x86_64-mingw32/nios2-elf/lib/mno-hw-mul\libc.a(lib_a-findfp.o)
                0x00000000010166b0                __sinit
 .text.__sfp_lock_acquire
                0x00000000010166c0        0x4 d:/intelfpga_lite/18.1/nios2eds/bin/gnu/h-x86_64-mingw32/bin/../lib/gcc/nios2-elf/5.3.0/../../../../../H-x86_64-mingw32/nios2-elf/lib/mno-hw-mul\libc.a(lib_a-findfp.o)
                0x00000000010166c0                __sfp_lock_acquire
 .text.__sfp_lock_release
                0x00000000010166c4        0x4 d:/intelfpga_lite/18.1/nios2eds/bin/gnu/h-x86_64-mingw32/bin/../lib/gcc/nios2-elf/5.3.0/../../../../../H-x86_64-mingw32/nios2-elf/lib/mno-hw-mul\libc.a(lib_a-findfp.o)
                0x00000000010166c4                __sfp_lock_release
 .text.__sinit_lock_acquire
                0x00000000010166c8        0x4 d:/intelfpga_lite/18.1/nios2eds/bin/gnu/h-x86_64-mingw32/bin/../lib/gcc/nios2-elf/5.3.0/../../../../../H-x86_64-mingw32/nios2-elf/lib/mno-hw-mul\libc.a(lib_a-findfp.o)
                0x00000000010166c8                __sinit_lock_acquire
 .text.__sinit_lock_release
                0x00000000010166cc        0x4 d:/intelfpga_lite/18.1/nios2eds/bin/gnu/h-x86_64-mingw32/bin/../lib/gcc/nios2-elf/5.3.0/../../../../../H-x86_64-mingw32/nios2-elf/lib/mno-hw-mul\libc.a(lib_a-findfp.o)
                0x00000000010166cc                __sinit_lock_release
 .text.__fp_lock_all
                0x00000000010166d0       0x18 d:/intelfpga_lite/18.1/nios2eds/bin/gnu/h-x86_64-mingw32/bin/../lib/gcc/nios2-elf/5.3.0/../../../../../H-x86_64-mingw32/nios2-elf/lib/mno-hw-mul\libc.a(lib_a-findfp.o)
                0x00000000010166d0                __fp_lock_all
 .text.__fp_unlock_all
                0x00000000010166e8       0x18 d:/intelfpga_lite/18.1/nios2eds/bin/gnu/h-x86_64-mingw32/bin/../lib/gcc/nios2-elf/5.3.0/../../../../../H-x86_64-mingw32/nios2-elf/lib/mno-hw-mul\libc.a(lib_a-findfp.o)
                0x00000000010166e8                __fp_unlock_all
 .text          0x0000000001016700        0x0 d:/intelfpga_lite/18.1/nios2eds/bin/gnu/h-x86_64-mingw32/bin/../lib/gcc/nios2-elf/5.3.0/../../../../../H-x86_64-mingw32/nios2-elf/lib/mno-hw-mul\libc.a(lib_a-freer.o)
 .text._malloc_trim_r
                0x0000000001016700      0x124 d:/intelfpga_lite/18.1/nios2eds/bin/gnu/h-x86_64-mingw32/bin/../lib/gcc/nios2-elf/5.3.0/../../../../../H-x86_64-mingw32/nios2-elf/lib/mno-hw-mul\libc.a(lib_a-freer.o)
                0x0000000001016700                _malloc_trim_r
 .text._free_r  0x0000000001016824      0x310 d:/intelfpga_lite/18.1/nios2eds/bin/gnu/h-x86_64-mingw32/bin/../lib/gcc/nios2-elf/5.3.0/../../../../../H-x86_64-mingw32/nios2-elf/lib/mno-hw-mul\libc.a(lib_a-freer.o)
                0x0000000001016824                _free_r
 .text          0x0000000001016b34        0x0 d:/intelfpga_lite/18.1/nios2eds/bin/gnu/h-x86_64-mingw32/bin/../lib/gcc/nios2-elf/5.3.0/../../../../../H-x86_64-mingw32/nios2-elf/lib/mno-hw-mul\libc.a(lib_a-fvwrite.o)
 .text.__sfvwrite_r
                0x0000000001016b34      0x4c8 d:/intelfpga_lite/18.1/nios2eds/bin/gnu/h-x86_64-mingw32/bin/../lib/gcc/nios2-elf/5.3.0/../../../../../H-x86_64-mingw32/nios2-elf/lib/mno-hw-mul\libc.a(lib_a-fvwrite.o)
                0x0000000001016b34                __sfvwrite_r
 .text          0x0000000001016ffc        0x0 d:/intelfpga_lite/18.1/nios2eds/bin/gnu/h-x86_64-mingw32/bin/../lib/gcc/nios2-elf/5.3.0/../../../../../H-x86_64-mingw32/nios2-elf/lib/mno-hw-mul\libc.a(lib_a-fwalk.o)
 .text._fwalk   0x0000000001016ffc       0xc4 d:/intelfpga_lite/18.1/nios2eds/bin/gnu/h-x86_64-mingw32/bin/../lib/gcc/nios2-elf/5.3.0/../../../../../H-x86_64-mingw32/nios2-elf/lib/mno-hw-mul\libc.a(lib_a-fwalk.o)
                0x0000000001016ffc                _fwalk
 .text._fwalk_reent
                0x00000000010170c0       0xc4 d:/intelfpga_lite/18.1/nios2eds/bin/gnu/h-x86_64-mingw32/bin/../lib/gcc/nios2-elf/5.3.0/../../../../../H-x86_64-mingw32/nios2-elf/lib/mno-hw-mul\libc.a(lib_a-fwalk.o)
                0x00000000010170c0                _fwalk_reent
 .text          0x0000000001017184        0x0 d:/intelfpga_lite/18.1/nios2eds/bin/gnu/h-x86_64-mingw32/bin/../lib/gcc/nios2-elf/5.3.0/../../../../../H-x86_64-mingw32/nios2-elf/lib/mno-hw-mul\libc.a(lib_a-int_errno.o)
 .text          0x0000000001017184        0x0 d:/intelfpga_lite/18.1/nios2eds/bin/gnu/h-x86_64-mingw32/bin/../lib/gcc/nios2-elf/5.3.0/../../../../../H-x86_64-mingw32/nios2-elf/lib/mno-hw-mul\libc.a(lib_a-locale.o)
 .text._setlocale_r
                0x0000000001017184       0x7c d:/intelfpga_lite/18.1/nios2eds/bin/gnu/h-x86_64-mingw32/bin/../lib/gcc/nios2-elf/5.3.0/../../../../../H-x86_64-mingw32/nios2-elf/lib/mno-hw-mul\libc.a(lib_a-locale.o)
                0x0000000001017184                _setlocale_r
 .text.__locale_charset
                0x0000000001017200        0xc d:/intelfpga_lite/18.1/nios2eds/bin/gnu/h-x86_64-mingw32/bin/../lib/gcc/nios2-elf/5.3.0/../../../../../H-x86_64-mingw32/nios2-elf/lib/mno-hw-mul\libc.a(lib_a-locale.o)
                0x0000000001017200                __locale_charset
 .text.__locale_mb_cur_max
                0x000000000101720c       0x10 d:/intelfpga_lite/18.1/nios2eds/bin/gnu/h-x86_64-mingw32/bin/../lib/gcc/nios2-elf/5.3.0/../../../../../H-x86_64-mingw32/nios2-elf/lib/mno-hw-mul\libc.a(lib_a-locale.o)
                0x000000000101720c                __locale_mb_cur_max
 .text.__locale_msgcharset
                0x000000000101721c        0xc d:/intelfpga_lite/18.1/nios2eds/bin/gnu/h-x86_64-mingw32/bin/../lib/gcc/nios2-elf/5.3.0/../../../../../H-x86_64-mingw32/nios2-elf/lib/mno-hw-mul\libc.a(lib_a-locale.o)
                0x000000000101721c                __locale_msgcharset
 .text.__locale_cjk_lang
                0x0000000001017228        0x8 d:/intelfpga_lite/18.1/nios2eds/bin/gnu/h-x86_64-mingw32/bin/../lib/gcc/nios2-elf/5.3.0/../../../../../H-x86_64-mingw32/nios2-elf/lib/mno-hw-mul\libc.a(lib_a-locale.o)
                0x0000000001017228                __locale_cjk_lang
 .text._localeconv_r
                0x0000000001017230        0xc d:/intelfpga_lite/18.1/nios2eds/bin/gnu/h-x86_64-mingw32/bin/../lib/gcc/nios2-elf/5.3.0/../../../../../H-x86_64-mingw32/nios2-elf/lib/mno-hw-mul\libc.a(lib_a-locale.o)
                0x0000000001017230                _localeconv_r
 .text.setlocale
                0x000000000101723c       0x18 d:/intelfpga_lite/18.1/nios2eds/bin/gnu/h-x86_64-mingw32/bin/../lib/gcc/nios2-elf/5.3.0/../../../../../H-x86_64-mingw32/nios2-elf/lib/mno-hw-mul\libc.a(lib_a-locale.o)
                0x000000000101723c                setlocale
 .text.localeconv
                0x0000000001017254        0xc d:/intelfpga_lite/18.1/nios2eds/bin/gnu/h-x86_64-mingw32/bin/../lib/gcc/nios2-elf/5.3.0/../../../../../H-x86_64-mingw32/nios2-elf/lib/mno-hw-mul\libc.a(lib_a-locale.o)
                0x0000000001017254                localeconv
 .text          0x0000000001017260        0x0 d:/intelfpga_lite/18.1/nios2eds/bin/gnu/h-x86_64-mingw32/bin/../lib/gcc/nios2-elf/5.3.0/../../../../../H-x86_64-mingw32/nios2-elf/lib/mno-hw-mul\libc.a(lib_a-makebuf.o)
 .text.__smakebuf_r
                0x0000000001017260      0x1bc d:/intelfpga_lite/18.1/nios2eds/bin/gnu/h-x86_64-mingw32/bin/../lib/gcc/nios2-elf/5.3.0/../../../../../H-x86_64-mingw32/nios2-elf/lib/mno-hw-mul\libc.a(lib_a-makebuf.o)
                0x0000000001017260                __smakebuf_r
 .text          0x000000000101741c        0x0 d:/intelfpga_lite/18.1/nios2eds/bin/gnu/h-x86_64-mingw32/bin/../lib/gcc/nios2-elf/5.3.0/../../../../../H-x86_64-mingw32/nios2-elf/lib/mno-hw-mul\libc.a(lib_a-memchr.o)
 .text.memchr   0x000000000101741c       0xe4 d:/intelfpga_lite/18.1/nios2eds/bin/gnu/h-x86_64-mingw32/bin/../lib/gcc/nios2-elf/5.3.0/../../../../../H-x86_64-mingw32/nios2-elf/lib/mno-hw-mul\libc.a(lib_a-memchr.o)
                0x000000000101741c                memchr
 .text          0x0000000001017500        0x0 d:/intelfpga_lite/18.1/nios2eds/bin/gnu/h-x86_64-mingw32/bin/../lib/gcc/nios2-elf/5.3.0/../../../../../H-x86_64-mingw32/nios2-elf/lib/mno-hw-mul\libc.a(lib_a-memmove.o)
 .text.memmove  0x0000000001017500      0x15c d:/intelfpga_lite/18.1/nios2eds/bin/gnu/h-x86_64-mingw32/bin/../lib/gcc/nios2-elf/5.3.0/../../../../../H-x86_64-mingw32/nios2-elf/lib/mno-hw-mul\libc.a(lib_a-memmove.o)
                0x0000000001017500                memmove
 .text          0x000000000101765c        0x0 d:/intelfpga_lite/18.1/nios2eds/bin/gnu/h-x86_64-mingw32/bin/../lib/gcc/nios2-elf/5.3.0/../../../../../H-x86_64-mingw32/nios2-elf/lib/mno-hw-mul\libc.a(lib_a-mprec.o)
 .text._Balloc  0x000000000101765c       0xa8 d:/intelfpga_lite/18.1/nios2eds/bin/gnu/h-x86_64-mingw32/bin/../lib/gcc/nios2-elf/5.3.0/../../../../../H-x86_64-mingw32/nios2-elf/lib/mno-hw-mul\libc.a(lib_a-mprec.o)
                0x000000000101765c                _Balloc
 .text._Bfree   0x0000000001017704       0x28 d:/intelfpga_lite/18.1/nios2eds/bin/gnu/h-x86_64-mingw32/bin/../lib/gcc/nios2-elf/5.3.0/../../../../../H-x86_64-mingw32/nios2-elf/lib/mno-hw-mul\libc.a(lib_a-mprec.o)
                0x0000000001017704                _Bfree
 .text.__multadd
                0x000000000101772c      0x148 d:/intelfpga_lite/18.1/nios2eds/bin/gnu/h-x86_64-mingw32/bin/../lib/gcc/nios2-elf/5.3.0/../../../../../H-x86_64-mingw32/nios2-elf/lib/mno-hw-mul\libc.a(lib_a-mprec.o)
                0x000000000101772c                __multadd
 .text.__s2b    0x0000000001017874      0x104 d:/intelfpga_lite/18.1/nios2eds/bin/gnu/h-x86_64-mingw32/bin/../lib/gcc/nios2-elf/5.3.0/../../../../../H-x86_64-mingw32/nios2-elf/lib/mno-hw-mul\libc.a(lib_a-mprec.o)
                0x0000000001017874                __s2b
 .text.__hi0bits
                0x0000000001017978       0x68 d:/intelfpga_lite/18.1/nios2eds/bin/gnu/h-x86_64-mingw32/bin/../lib/gcc/nios2-elf/5.3.0/../../../../../H-x86_64-mingw32/nios2-elf/lib/mno-hw-mul\libc.a(lib_a-mprec.o)
                0x0000000001017978                __hi0bits
 .text.__lo0bits
                0x00000000010179e0       0xb0 d:/intelfpga_lite/18.1/nios2eds/bin/gnu/h-x86_64-mingw32/bin/../lib/gcc/nios2-elf/5.3.0/../../../../../H-x86_64-mingw32/nios2-elf/lib/mno-hw-mul\libc.a(lib_a-mprec.o)
                0x00000000010179e0                __lo0bits
 .text.__i2b    0x0000000001017a90       0x3c d:/intelfpga_lite/18.1/nios2eds/bin/gnu/h-x86_64-mingw32/bin/../lib/gcc/nios2-elf/5.3.0/../../../../../H-x86_64-mingw32/nios2-elf/lib/mno-hw-mul\libc.a(lib_a-mprec.o)
                0x0000000001017a90                __i2b
 .text.__multiply
                0x0000000001017acc      0x28c d:/intelfpga_lite/18.1/nios2eds/bin/gnu/h-x86_64-mingw32/bin/../lib/gcc/nios2-elf/5.3.0/../../../../../H-x86_64-mingw32/nios2-elf/lib/mno-hw-mul\libc.a(lib_a-mprec.o)
                0x0000000001017acc                __multiply
 .text.__pow5mult
                0x0000000001017d58      0x140 d:/intelfpga_lite/18.1/nios2eds/bin/gnu/h-x86_64-mingw32/bin/../lib/gcc/nios2-elf/5.3.0/../../../../../H-x86_64-mingw32/nios2-elf/lib/mno-hw-mul\libc.a(lib_a-mprec.o)
                0x0000000001017d58                __pow5mult
 .text.__lshift
                0x0000000001017e98      0x148 d:/intelfpga_lite/18.1/nios2eds/bin/gnu/h-x86_64-mingw32/bin/../lib/gcc/nios2-elf/5.3.0/../../../../../H-x86_64-mingw32/nios2-elf/lib/mno-hw-mul\libc.a(lib_a-mprec.o)
                0x0000000001017e98                __lshift
 .text.__mcmp   0x0000000001017fe0       0x60 d:/intelfpga_lite/18.1/nios2eds/bin/gnu/h-x86_64-mingw32/bin/../lib/gcc/nios2-elf/5.3.0/../../../../../H-x86_64-mingw32/nios2-elf/lib/mno-hw-mul\libc.a(lib_a-mprec.o)
                0x0000000001017fe0                __mcmp
 .text.__mdiff  0x0000000001018040      0x1fc d:/intelfpga_lite/18.1/nios2eds/bin/gnu/h-x86_64-mingw32/bin/../lib/gcc/nios2-elf/5.3.0/../../../../../H-x86_64-mingw32/nios2-elf/lib/mno-hw-mul\libc.a(lib_a-mprec.o)
                0x0000000001018040                __mdiff
 .text.__ulp    0x000000000101823c       0x64 d:/intelfpga_lite/18.1/nios2eds/bin/gnu/h-x86_64-mingw32/bin/../lib/gcc/nios2-elf/5.3.0/../../../../../H-x86_64-mingw32/nios2-elf/lib/mno-hw-mul\libc.a(lib_a-mprec.o)
                0x000000000101823c                __ulp
 .text.__b2d    0x00000000010182a0      0x10c d:/intelfpga_lite/18.1/nios2eds/bin/gnu/h-x86_64-mingw32/bin/../lib/gcc/nios2-elf/5.3.0/../../../../../H-x86_64-mingw32/nios2-elf/lib/mno-hw-mul\libc.a(lib_a-mprec.o)
                0x00000000010182a0                __b2d
 .text.__d2b    0x00000000010183ac      0x14c d:/intelfpga_lite/18.1/nios2eds/bin/gnu/h-x86_64-mingw32/bin/../lib/gcc/nios2-elf/5.3.0/../../../../../H-x86_64-mingw32/nios2-elf/lib/mno-hw-mul\libc.a(lib_a-mprec.o)
                0x00000000010183ac                __d2b
 .text.__ratio  0x00000000010184f8       0xa4 d:/intelfpga_lite/18.1/nios2eds/bin/gnu/h-x86_64-mingw32/bin/../lib/gcc/nios2-elf/5.3.0/../../../../../H-x86_64-mingw32/nios2-elf/lib/mno-hw-mul\libc.a(lib_a-mprec.o)
                0x00000000010184f8                __ratio
 .text._mprec_log10
                0x000000000101859c       0x74 d:/intelfpga_lite/18.1/nios2eds/bin/gnu/h-x86_64-mingw32/bin/../lib/gcc/nios2-elf/5.3.0/../../../../../H-x86_64-mingw32/nios2-elf/lib/mno-hw-mul\libc.a(lib_a-mprec.o)
                0x000000000101859c                _mprec_log10
 .text.__copybits
                0x0000000001018610       0x78 d:/intelfpga_lite/18.1/nios2eds/bin/gnu/h-x86_64-mingw32/bin/../lib/gcc/nios2-elf/5.3.0/../../../../../H-x86_64-mingw32/nios2-elf/lib/mno-hw-mul\libc.a(lib_a-mprec.o)
                0x0000000001018610                __copybits
 .text.__any_on
                0x0000000001018688       0x8c d:/intelfpga_lite/18.1/nios2eds/bin/gnu/h-x86_64-mingw32/bin/../lib/gcc/nios2-elf/5.3.0/../../../../../H-x86_64-mingw32/nios2-elf/lib/mno-hw-mul\libc.a(lib_a-mprec.o)
                0x0000000001018688                __any_on
 .text          0x0000000001018714        0x0 d:/intelfpga_lite/18.1/nios2eds/bin/gnu/h-x86_64-mingw32/bin/../lib/gcc/nios2-elf/5.3.0/../../../../../H-x86_64-mingw32/nios2-elf/lib/mno-hw-mul\libc.a(lib_a-reallocr.o)
 .text._realloc_r
                0x0000000001018714      0x564 d:/intelfpga_lite/18.1/nios2eds/bin/gnu/h-x86_64-mingw32/bin/../lib/gcc/nios2-elf/5.3.0/../../../../../H-x86_64-mingw32/nios2-elf/lib/mno-hw-mul\libc.a(lib_a-reallocr.o)
                0x0000000001018714                _realloc_r
 .text          0x0000000001018c78        0x0 d:/intelfpga_lite/18.1/nios2eds/bin/gnu/h-x86_64-mingw32/bin/../lib/gcc/nios2-elf/5.3.0/../../../../../H-x86_64-mingw32/nios2-elf/lib/mno-hw-mul\libc.a(lib_a-s_fpclassify.o)
 .text.__fpclassifyd
                0x0000000001018c78       0x74 d:/intelfpga_lite/18.1/nios2eds/bin/gnu/h-x86_64-mingw32/bin/../lib/gcc/nios2-elf/5.3.0/../../../../../H-x86_64-mingw32/nios2-elf/lib/mno-hw-mul\libc.a(lib_a-s_fpclassify.o)
                0x0000000001018c78                __fpclassifyd
 .text          0x0000000001018cec        0x0 d:/intelfpga_lite/18.1/nios2eds/bin/gnu/h-x86_64-mingw32/bin/../lib/gcc/nios2-elf/5.3.0/../../../../../H-x86_64-mingw32/nios2-elf/lib/mno-hw-mul\libc.a(lib_a-stdio.o)
 .text.__sread  0x0000000001018cec       0x54 d:/intelfpga_lite/18.1/nios2eds/bin/gnu/h-x86_64-mingw32/bin/../lib/gcc/nios2-elf/5.3.0/../../../../../H-x86_64-mingw32/nios2-elf/lib/mno-hw-mul\libc.a(lib_a-stdio.o)
                0x0000000001018cec                __sread
 .text.__seofread
                0x0000000001018d40        0x8 d:/intelfpga_lite/18.1/nios2eds/bin/gnu/h-x86_64-mingw32/bin/../lib/gcc/nios2-elf/5.3.0/../../../../../H-x86_64-mingw32/nios2-elf/lib/mno-hw-mul\libc.a(lib_a-stdio.o)
                0x0000000001018d40                __seofread
 .text.__swrite
                0x0000000001018d48       0x7c d:/intelfpga_lite/18.1/nios2eds/bin/gnu/h-x86_64-mingw32/bin/../lib/gcc/nios2-elf/5.3.0/../../../../../H-x86_64-mingw32/nios2-elf/lib/mno-hw-mul\libc.a(lib_a-stdio.o)
                0x0000000001018d48                __swrite
 .text.__sseek  0x0000000001018dc4       0x5c d:/intelfpga_lite/18.1/nios2eds/bin/gnu/h-x86_64-mingw32/bin/../lib/gcc/nios2-elf/5.3.0/../../../../../H-x86_64-mingw32/nios2-elf/lib/mno-hw-mul\libc.a(lib_a-stdio.o)
                0x0000000001018dc4                __sseek
 .text.__sclose
                0x0000000001018e20        0x8 d:/intelfpga_lite/18.1/nios2eds/bin/gnu/h-x86_64-mingw32/bin/../lib/gcc/nios2-elf/5.3.0/../../../../../H-x86_64-mingw32/nios2-elf/lib/mno-hw-mul\libc.a(lib_a-stdio.o)
                0x0000000001018e20                __sclose
 .text          0x0000000001018e28        0x0 d:/intelfpga_lite/18.1/nios2eds/bin/gnu/h-x86_64-mingw32/bin/../lib/gcc/nios2-elf/5.3.0/../../../../../H-x86_64-mingw32/nios2-elf/lib/mno-hw-mul\libc.a(lib_a-strcmp.o)
 .text.strcmp   0x0000000001018e28       0xdc d:/intelfpga_lite/18.1/nios2eds/bin/gnu/h-x86_64-mingw32/bin/../lib/gcc/nios2-elf/5.3.0/../../../../../H-x86_64-mingw32/nios2-elf/lib/mno-hw-mul\libc.a(lib_a-strcmp.o)
                0x0000000001018e28                strcmp
 .text          0x0000000001018f04        0x0 d:/intelfpga_lite/18.1/nios2eds/bin/gnu/h-x86_64-mingw32/bin/../lib/gcc/nios2-elf/5.3.0/../../../../../H-x86_64-mingw32/nios2-elf/lib/mno-hw-mul\libc.a(lib_a-svfiprintf.o)
 .text.__ssprint_r
                0x0000000001018f04      0x1d0 d:/intelfpga_lite/18.1/nios2eds/bin/gnu/h-x86_64-mingw32/bin/../lib/gcc/nios2-elf/5.3.0/../../../../../H-x86_64-mingw32/nios2-elf/lib/mno-hw-mul\libc.a(lib_a-svfiprintf.o)
                0x0000000001018f04                __ssprint_r
 .text.___svfiprintf_internal_r
                0x00000000010190d4     0x13a0 d:/intelfpga_lite/18.1/nios2eds/bin/gnu/h-x86_64-mingw32/bin/../lib/gcc/nios2-elf/5.3.0/../../../../../H-x86_64-mingw32/nios2-elf/lib/mno-hw-mul\libc.a(lib_a-svfiprintf.o)
                0x00000000010190d4                ___svfiprintf_internal_r
 .text          0x000000000101a474        0x0 d:/intelfpga_lite/18.1/nios2eds/bin/gnu/h-x86_64-mingw32/bin/../lib/gcc/nios2-elf/5.3.0/../../../../../H-x86_64-mingw32/nios2-elf/lib/mno-hw-mul\libc.a(lib_a-vfiprintf.o)
 .text.__sprint_r.part.0
                0x000000000101a474       0xfc d:/intelfpga_lite/18.1/nios2eds/bin/gnu/h-x86_64-mingw32/bin/../lib/gcc/nios2-elf/5.3.0/../../../../../H-x86_64-mingw32/nios2-elf/lib/mno-hw-mul\libc.a(lib_a-vfiprintf.o)
 .text.__sprint_r
                0x000000000101a570       0x18 d:/intelfpga_lite/18.1/nios2eds/bin/gnu/h-x86_64-mingw32/bin/../lib/gcc/nios2-elf/5.3.0/../../../../../H-x86_64-mingw32/nios2-elf/lib/mno-hw-mul\libc.a(lib_a-vfiprintf.o)
                0x000000000101a570                __sprint_r
 .text.___vfiprintf_internal_r
                0x000000000101a588     0x150c d:/intelfpga_lite/18.1/nios2eds/bin/gnu/h-x86_64-mingw32/bin/../lib/gcc/nios2-elf/5.3.0/../../../../../H-x86_64-mingw32/nios2-elf/lib/mno-hw-mul\libc.a(lib_a-vfiprintf.o)
                0x000000000101a588                ___vfiprintf_internal_r
 .text.__vfiprintf_internal
                0x000000000101ba94       0x1c d:/intelfpga_lite/18.1/nios2eds/bin/gnu/h-x86_64-mingw32/bin/../lib/gcc/nios2-elf/5.3.0/../../../../../H-x86_64-mingw32/nios2-elf/lib/mno-hw-mul\libc.a(lib_a-vfiprintf.o)
                0x000000000101ba94                __vfiprintf_internal
 .text.__sbprintf
                0x000000000101bab0       0xbc d:/intelfpga_lite/18.1/nios2eds/bin/gnu/h-x86_64-mingw32/bin/../lib/gcc/nios2-elf/5.3.0/../../../../../H-x86_64-mingw32/nios2-elf/lib/mno-hw-mul\libc.a(lib_a-vfiprintf.o)
 .text          0x000000000101bb6c        0x0 d:/intelfpga_lite/18.1/nios2eds/bin/gnu/h-x86_64-mingw32/bin/../lib/gcc/nios2-elf/5.3.0/../../../../../H-x86_64-mingw32/nios2-elf/lib/mno-hw-mul\libc.a(lib_a-writer.o)
 .text._write_r
                0x000000000101bb6c       0x60 d:/intelfpga_lite/18.1/nios2eds/bin/gnu/h-x86_64-mingw32/bin/../lib/gcc/nios2-elf/5.3.0/../../../../../H-x86_64-mingw32/nios2-elf/lib/mno-hw-mul\libc.a(lib_a-writer.o)
                0x000000000101bb6c                _write_r
 .text          0x000000000101bbcc        0x0 d:/intelfpga_lite/18.1/nios2eds/bin/gnu/h-x86_64-mingw32/bin/../lib/gcc/nios2-elf/5.3.0/../../../../../H-x86_64-mingw32/nios2-elf/lib/mno-hw-mul\libc.a(closer.o)
 .text._close_r
                0x000000000101bbcc       0x54 d:/intelfpga_lite/18.1/nios2eds/bin/gnu/h-x86_64-mingw32/bin/../lib/gcc/nios2-elf/5.3.0/../../../../../H-x86_64-mingw32/nios2-elf/lib/mno-hw-mul\libc.a(closer.o)
                0x000000000101bbcc                _close_r
 .text          0x000000000101bc20        0x0 d:/intelfpga_lite/18.1/nios2eds/bin/gnu/h-x86_64-mingw32/bin/../lib/gcc/nios2-elf/5.3.0/../../../../../H-x86_64-mingw32/nios2-elf/lib/mno-hw-mul\libc.a(lib_a-callocr.o)
 .text._calloc_r
                0x000000000101bc20       0xdc d:/intelfpga_lite/18.1/nios2eds/bin/gnu/h-x86_64-mingw32/bin/../lib/gcc/nios2-elf/5.3.0/../../../../../H-x86_64-mingw32/nios2-elf/lib/mno-hw-mul\libc.a(lib_a-callocr.o)
                0x000000000101bc20                _calloc_r
 .text          0x000000000101bcfc        0x0 d:/intelfpga_lite/18.1/nios2eds/bin/gnu/h-x86_64-mingw32/bin/../lib/gcc/nios2-elf/5.3.0/../../../../../H-x86_64-mingw32/nios2-elf/lib/mno-hw-mul\libc.a(lib_a-fclose.o)
 .text._fclose_r
                0x000000000101bcfc       0xf0 d:/intelfpga_lite/18.1/nios2eds/bin/gnu/h-x86_64-mingw32/bin/../lib/gcc/nios2-elf/5.3.0/../../../../../H-x86_64-mingw32/nios2-elf/lib/mno-hw-mul\libc.a(lib_a-fclose.o)
                0x000000000101bcfc                _fclose_r
 .text.fclose   0x000000000101bdec       0x14 d:/intelfpga_lite/18.1/nios2eds/bin/gnu/h-x86_64-mingw32/bin/../lib/gcc/nios2-elf/5.3.0/../../../../../H-x86_64-mingw32/nios2-elf/lib/mno-hw-mul\libc.a(lib_a-fclose.o)
                0x000000000101bdec                fclose
 .text          0x000000000101be00        0x0 d:/intelfpga_lite/18.1/nios2eds/bin/gnu/h-x86_64-mingw32/bin/../lib/gcc/nios2-elf/5.3.0/../../../../../H-x86_64-mingw32/nios2-elf/lib/mno-hw-mul\libc.a(lib_a-fputwc.o)
 .text.__fputwc
                0x000000000101be00      0x164 d:/intelfpga_lite/18.1/nios2eds/bin/gnu/h-x86_64-mingw32/bin/../lib/gcc/nios2-elf/5.3.0/../../../../../H-x86_64-mingw32/nios2-elf/lib/mno-hw-mul\libc.a(lib_a-fputwc.o)
                0x000000000101be00                __fputwc
 .text._fputwc_r
                0x000000000101bf64       0x24 d:/intelfpga_lite/18.1/nios2eds/bin/gnu/h-x86_64-mingw32/bin/../lib/gcc/nios2-elf/5.3.0/../../../../../H-x86_64-mingw32/nios2-elf/lib/mno-hw-mul\libc.a(lib_a-fputwc.o)
                0x000000000101bf64                _fputwc_r
 .text.fputwc   0x000000000101bf88       0x80 d:/intelfpga_lite/18.1/nios2eds/bin/gnu/h-x86_64-mingw32/bin/../lib/gcc/nios2-elf/5.3.0/../../../../../H-x86_64-mingw32/nios2-elf/lib/mno-hw-mul\libc.a(lib_a-fputwc.o)
                0x000000000101bf88                fputwc
 .text          0x000000000101c008        0x0 d:/intelfpga_lite/18.1/nios2eds/bin/gnu/h-x86_64-mingw32/bin/../lib/gcc/nios2-elf/5.3.0/../../../../../H-x86_64-mingw32/nios2-elf/lib/mno-hw-mul\libc.a(lib_a-fstatr.o)
 .text._fstat_r
                0x000000000101c008       0x5c d:/intelfpga_lite/18.1/nios2eds/bin/gnu/h-x86_64-mingw32/bin/../lib/gcc/nios2-elf/5.3.0/../../../../../H-x86_64-mingw32/nios2-elf/lib/mno-hw-mul\libc.a(lib_a-fstatr.o)
                0x000000000101c008                _fstat_r
 .text          0x000000000101c064        0x0 d:/intelfpga_lite/18.1/nios2eds/bin/gnu/h-x86_64-mingw32/bin/../lib/gcc/nios2-elf/5.3.0/../../../../../H-x86_64-mingw32/nios2-elf/lib/mno-hw-mul\libc.a(lib_a-isattyr.o)
 .text._isatty_r
                0x000000000101c064       0x54 d:/intelfpga_lite/18.1/nios2eds/bin/gnu/h-x86_64-mingw32/bin/../lib/gcc/nios2-elf/5.3.0/../../../../../H-x86_64-mingw32/nios2-elf/lib/mno-hw-mul\libc.a(lib_a-isattyr.o)
                0x000000000101c064                _isatty_r
 .text          0x000000000101c0b8        0x0 d:/intelfpga_lite/18.1/nios2eds/bin/gnu/h-x86_64-mingw32/bin/../lib/gcc/nios2-elf/5.3.0/../../../../../H-x86_64-mingw32/nios2-elf/lib/mno-hw-mul\libc.a(lib_a-lseekr.o)
 .text._lseek_r
                0x000000000101c0b8       0x60 d:/intelfpga_lite/18.1/nios2eds/bin/gnu/h-x86_64-mingw32/bin/../lib/gcc/nios2-elf/5.3.0/../../../../../H-x86_64-mingw32/nios2-elf/lib/mno-hw-mul\libc.a(lib_a-lseekr.o)
                0x000000000101c0b8                _lseek_r
 .text          0x000000000101c118        0x0 d:/intelfpga_lite/18.1/nios2eds/bin/gnu/h-x86_64-mingw32/bin/../lib/gcc/nios2-elf/5.3.0/../../../../../H-x86_64-mingw32/nios2-elf/lib/mno-hw-mul\libc.a(lib_a-readr.o)
 .text._read_r  0x000000000101c118       0x60 d:/intelfpga_lite/18.1/nios2eds/bin/gnu/h-x86_64-mingw32/bin/../lib/gcc/nios2-elf/5.3.0/../../../../../H-x86_64-mingw32/nios2-elf/lib/mno-hw-mul\libc.a(lib_a-readr.o)
                0x000000000101c118                _read_r
 .text          0x000000000101c178        0x0 d:/intelfpga_lite/18.1/nios2eds/bin/gnu/h-x86_64-mingw32/bin/../lib/gcc/nios2-elf/5.3.0/../../../../../H-x86_64-mingw32/nios2-elf/lib/mno-hw-mul\libc.a(lib_a-wbuf.o)
 .text.__swbuf_r
                0x000000000101c178      0x140 d:/intelfpga_lite/18.1/nios2eds/bin/gnu/h-x86_64-mingw32/bin/../lib/gcc/nios2-elf/5.3.0/../../../../../H-x86_64-mingw32/nios2-elf/lib/mno-hw-mul\libc.a(lib_a-wbuf.o)
                0x000000000101c178                __swbuf_r
 .text.__swbuf  0x000000000101c2b8       0x18 d:/intelfpga_lite/18.1/nios2eds/bin/gnu/h-x86_64-mingw32/bin/../lib/gcc/nios2-elf/5.3.0/../../../../../H-x86_64-mingw32/nios2-elf/lib/mno-hw-mul\libc.a(lib_a-wbuf.o)
                0x000000000101c2b8                __swbuf
 .text          0x000000000101c2d0        0x0 d:/intelfpga_lite/18.1/nios2eds/bin/gnu/h-x86_64-mingw32/bin/../lib/gcc/nios2-elf/5.3.0/../../../../../H-x86_64-mingw32/nios2-elf/lib/mno-hw-mul\libc.a(lib_a-wcrtomb.o)
 .text._wcrtomb_r
                0x000000000101c2d0       0x9c d:/intelfpga_lite/18.1/nios2eds/bin/gnu/h-x86_64-mingw32/bin/../lib/gcc/nios2-elf/5.3.0/../../../../../H-x86_64-mingw32/nios2-elf/lib/mno-hw-mul\libc.a(lib_a-wcrtomb.o)
                0x000000000101c2d0                _wcrtomb_r
 .text.wcrtomb  0x000000000101c36c       0xc0 d:/intelfpga_lite/18.1/nios2eds/bin/gnu/h-x86_64-mingw32/bin/../lib/gcc/nios2-elf/5.3.0/../../../../../H-x86_64-mingw32/nios2-elf/lib/mno-hw-mul\libc.a(lib_a-wcrtomb.o)
                0x000000000101c36c                wcrtomb
 .text          0x000000000101c42c        0x0 d:/intelfpga_lite/18.1/nios2eds/bin/gnu/h-x86_64-mingw32/bin/../lib/gcc/nios2-elf/5.3.0/../../../../../H-x86_64-mingw32/nios2-elf/lib/mno-hw-mul\libc.a(lib_a-wctomb_r.o)
 .text.__ascii_wctomb
                0x000000000101c42c       0x30 d:/intelfpga_lite/18.1/nios2eds/bin/gnu/h-x86_64-mingw32/bin/../lib/gcc/nios2-elf/5.3.0/../../../../../H-x86_64-mingw32/nios2-elf/lib/mno-hw-mul\libc.a(lib_a-wctomb_r.o)
                0x000000000101c42c                __ascii_wctomb
 .text._wctomb_r
                0x000000000101c45c       0x5c d:/intelfpga_lite/18.1/nios2eds/bin/gnu/h-x86_64-mingw32/bin/../lib/gcc/nios2-elf/5.3.0/../../../../../H-x86_64-mingw32/nios2-elf/lib/mno-hw-mul\libc.a(lib_a-wctomb_r.o)
                0x000000000101c45c                _wctomb_r
 .text          0x000000000101c4b8      0x5fc d:/intelfpga_lite/18.1/nios2eds/bin/gnu/h-x86_64-mingw32/bin/../lib/gcc/nios2-elf/5.3.0/mno-hw-mul\libgcc.a(_udivdi3.o)
                0x000000000101c4b8                __udivdi3
 .text          0x000000000101cab4      0x5c4 d:/intelfpga_lite/18.1/nios2eds/bin/gnu/h-x86_64-mingw32/bin/../lib/gcc/nios2-elf/5.3.0/mno-hw-mul\libgcc.a(_umoddi3.o)
                0x000000000101cab4                __umoddi3
 .text          0x000000000101d078       0x88 d:/intelfpga_lite/18.1/nios2eds/bin/gnu/h-x86_64-mingw32/bin/../lib/gcc/nios2-elf/5.3.0/mno-hw-mul\libgcc.a(eqdf2.o)
                0x000000000101d078                __nedf2
                0x000000000101d078                __eqdf2
 .text          0x000000000101d100       0xdc d:/intelfpga_lite/18.1/nios2eds/bin/gnu/h-x86_64-mingw32/bin/../lib/gcc/nios2-elf/5.3.0/mno-hw-mul\libgcc.a(gedf2.o)
                0x000000000101d100                __gedf2
                0x000000000101d100                __gtdf2
 .text          0x000000000101d1dc       0xf4 d:/intelfpga_lite/18.1/nios2eds/bin/gnu/h-x86_64-mingw32/bin/../lib/gcc/nios2-elf/5.3.0/mno-hw-mul\libgcc.a(ledf2.o)
                0x000000000101d1dc                __ledf2
                0x000000000101d1dc                __ltdf2
 .text          0x000000000101d2d0       0x80 d:/intelfpga_lite/18.1/nios2eds/bin/gnu/h-x86_64-mingw32/bin/../lib/gcc/nios2-elf/5.3.0/mno-hw-mul\libgcc.a(fixdfsi.o)
                0x000000000101d2d0                __fixdfsi
 .text          0x000000000101d350       0xdc d:/intelfpga_lite/18.1/nios2eds/bin/gnu/h-x86_64-mingw32/bin/../lib/gcc/nios2-elf/5.3.0/mno-hw-mul\libgcc.a(floatsidf.o)
                0x000000000101d350                __floatsidf
 .text          0x000000000101d42c       0xa8 d:/intelfpga_lite/18.1/nios2eds/bin/gnu/h-x86_64-mingw32/bin/../lib/gcc/nios2-elf/5.3.0/mno-hw-mul\libgcc.a(floatunsidf.o)
                0x000000000101d42c                __floatunsidf
 .text          0x000000000101d4d4      0x114 ../LGSM_CPU_V1_0_bsp/\libhal_bsp.a(alt_close.o)
                0x000000000101d510                close
 .text          0x000000000101d5e8       0x2c ../LGSM_CPU_V1_0_bsp/\libhal_bsp.a(alt_dev.o)
 .text          0x000000000101d614        0x0 ../LGSM_CPU_V1_0_bsp/\libhal_bsp.a(alt_errno.o)
 .text          0x000000000101d614       0x34 ../LGSM_CPU_V1_0_bsp/\libhal_bsp.a(alt_exit.o)
                0x000000000101d614                _exit
 .text          0x000000000101d648       0xf4 ../LGSM_CPU_V1_0_bsp/\libhal_bsp.a(alt_fstat.o)
                0x000000000101d684                fstat
 .text          0x000000000101d73c      0x1b0 ../LGSM_CPU_V1_0_bsp/\libhal_bsp.a(alt_iic.o)
                0x000000000101d73c                alt_ic_isr_register
                0x000000000101d78c                alt_ic_irq_enable
                0x000000000101d814                alt_ic_irq_disable
                0x000000000101d8a0                alt_ic_irq_enabled
 .text          0x000000000101d8ec       0xf0 ../LGSM_CPU_V1_0_bsp/\libhal_bsp.a(alt_iic_isr_register.o)
                0x000000000101d8ec                alt_iic_isr_register
 .text          0x000000000101d9dc        0x0 ../LGSM_CPU_V1_0_bsp/\libhal_bsp.a(alt_irq_entry.o)
 .text          0x000000000101d9dc        0x0 ../LGSM_CPU_V1_0_bsp/\libhal_bsp.a(alt_irq_handler.o)
 .text          0x000000000101d9dc        0x0 ../LGSM_CPU_V1_0_bsp/\libhal_bsp.a(alt_irq_vars.o)
 .text          0x000000000101d9dc       0xe8 ../LGSM_CPU_V1_0_bsp/\libhal_bsp.a(alt_isatty.o)
                0x000000000101da18                isatty
 .text          0x000000000101dac4      0x118 ../LGSM_CPU_V1_0_bsp/\libhal_bsp.a(alt_lseek.o)
                0x000000000101db00                lseek
 .text          0x000000000101dbdc       0x7c ../LGSM_CPU_V1_0_bsp/\libhal_bsp.a(alt_main.o)
                0x000000000101dbdc                alt_main
 .text          0x000000000101dc58       0x48 ../LGSM_CPU_V1_0_bsp/\libhal_bsp.a(alt_malloc_lock.o)
                0x000000000101dc58                __malloc_lock
                0x000000000101dc7c                __malloc_unlock
 .text          0x000000000101dca0      0x140 ../LGSM_CPU_V1_0_bsp/\libhal_bsp.a(alt_read.o)
                0x000000000101dcdc                read
 .text          0x000000000101dde0       0x84 ../LGSM_CPU_V1_0_bsp/\libhal_bsp.a(alt_release_fd.o)
                0x000000000101dde0                alt_release_fd
 .text          0x000000000101de64       0xb0 ../LGSM_CPU_V1_0_bsp/\libhal_bsp.a(alt_sbrk.o)
                0x000000000101de64                sbrk
 .text          0x000000000101df14       0x30 ../LGSM_CPU_V1_0_bsp/\libhal_bsp.a(alt_usleep.o)
                0x000000000101df14                usleep
 .text          0x000000000101df44      0x13c ../LGSM_CPU_V1_0_bsp/\libhal_bsp.a(alt_write.o)
                0x000000000101df80                write
 .text          0x000000000101e080      0x108 ../LGSM_CPU_V1_0_bsp/\libhal_bsp.a(alt_sys_init.o)
                0x000000000101e0b4                alt_irq_init
                0x000000000101e0ec                alt_sys_init
 .text          0x000000000101e188      0xafc ../LGSM_CPU_V1_0_bsp/\libhal_bsp.a(altera_avalon_epcs_flash_controller.o)
                0x000000000101e1bc                alt_epcs_flash_init
                0x000000000101e6f4                alt_epcs_flash_write
                0x000000000101e954                alt_epcs_flash_get_info
                0x000000000101ea74                alt_epcs_flash_erase_block
                0x000000000101eaec                alt_epcs_flash_write_block
                0x000000000101ebec                alt_epcs_flash_read
 .text          0x000000000101ec84      0x164 ../LGSM_CPU_V1_0_bsp/\libhal_bsp.a(altera_avalon_jtag_uart_fd.o)
                0x000000000101ec84                altera_avalon_jtag_uart_read_fd
                0x000000000101ece4                altera_avalon_jtag_uart_write_fd
                0x000000000101ed44                altera_avalon_jtag_uart_close_fd
                0x000000000101ed94                altera_avalon_jtag_uart_ioctl_fd
 .text          0x000000000101ede8      0x3d4 ../LGSM_CPU_V1_0_bsp/\libhal_bsp.a(altera_avalon_jtag_uart_init.o)
                0x000000000101ede8                altera_avalon_jtag_uart_init
                0x000000000101f154                altera_avalon_jtag_uart_close
 .text          0x000000000101f1bc       0xf0 ../LGSM_CPU_V1_0_bsp/\libhal_bsp.a(altera_avalon_jtag_uart_ioctl.o)
                0x000000000101f1bc                altera_avalon_jtag_uart_ioctl
 .text          0x000000000101f2ac      0x21c ../LGSM_CPU_V1_0_bsp/\libhal_bsp.a(altera_avalon_jtag_uart_read.o)
                0x000000000101f2ac                altera_avalon_jtag_uart_read
 .text          0x000000000101f4c8      0x224 ../LGSM_CPU_V1_0_bsp/\libhal_bsp.a(altera_avalon_jtag_uart_write.o)
                0x000000000101f4c8                altera_avalon_jtag_uart_write
 .text          0x000000000101f6ec      0x110 ../LGSM_CPU_V1_0_bsp/\libhal_bsp.a(altera_avalon_uart_fd.o)
                0x000000000101f6ec                altera_avalon_uart_read_fd
                0x000000000101f74c                altera_avalon_uart_write_fd
                0x000000000101f7ac                altera_avalon_uart_close_fd
 .text          0x000000000101f7fc      0x3c8 ../LGSM_CPU_V1_0_bsp/\libhal_bsp.a(altera_avalon_uart_init.o)
                0x000000000101f7fc                altera_avalon_uart_init
                0x000000000101fb70                altera_avalon_uart_close
 .text          0x000000000101fbc4      0x218 ../LGSM_CPU_V1_0_bsp/\libhal_bsp.a(altera_avalon_uart_read.o)
                0x000000000101fc00                altera_avalon_uart_read
 .text          0x000000000101fddc      0x1e8 ../LGSM_CPU_V1_0_bsp/\libhal_bsp.a(altera_avalon_uart_write.o)
                0x000000000101fe18                altera_avalon_uart_write
 .text          0x000000000101ffc4      0x63c ../LGSM_CPU_V1_0_bsp/\libhal_bsp.a(epcs_commands.o)
                0x000000000101ffc4                epcs_read_status_register
                0x0000000001020094                epcs_sector_erase
                0x0000000001020190                epcs_read_buffer
                0x0000000001020284                epcs_write_enable
                0x00000000010202d8                epcs_write_status_register
                0x0000000001020344                epcs_write_buffer
                0x0000000001020460                epcs_read_electronic_signature
                0x00000000010204c8                epcs_read_device_id
                0x0000000001020548                epcs_enter_4_bytes_mode
                0x00000000010205a4                epcs_exit_4_bytes_mode
 .text          0x0000000001020600      0x12c ../LGSM_CPU_V1_0_bsp/\libhal_bsp.a(alt_alarm_start.o)
                0x0000000001020600                alt_alarm_start
 .text          0x000000000102072c      0x158 ../LGSM_CPU_V1_0_bsp/\libhal_bsp.a(alt_busy_sleep.o)
                0x000000000102072c                alt_busy_sleep
 .text          0x0000000001020884       0xe0 ../LGSM_CPU_V1_0_bsp/\libhal_bsp.a(alt_dev_llist_insert.o)
                0x00000000010208c0                alt_dev_llist_insert
 .text          0x0000000001020964       0x60 ../LGSM_CPU_V1_0_bsp/\libhal_bsp.a(alt_do_ctors.o)
                0x0000000001020964                _do_ctors
 .text          0x00000000010209c4       0x60 ../LGSM_CPU_V1_0_bsp/\libhal_bsp.a(alt_do_dtors.o)
                0x00000000010209c4                _do_dtors
 .text          0x0000000001020a24        0x0 ../LGSM_CPU_V1_0_bsp/\libhal_bsp.a(alt_exception_entry.o)
 .text          0x0000000001020a24       0xbc ../LGSM_CPU_V1_0_bsp/\libhal_bsp.a(alt_flash_dev.o)
                0x0000000001020a24                alt_flash_open_dev
                0x0000000001020a8c                alt_flash_close_dev
 .text          0x0000000001020ae0       0x9c ../LGSM_CPU_V1_0_bsp/\libhal_bsp.a(alt_instruction_exception_entry.o)
                0x0000000001020ae0                alt_exception_cause_generated_bad_addr
 .text          0x0000000001020b7c      0x160 ../LGSM_CPU_V1_0_bsp/\libhal_bsp.a(alt_io_redirect.o)
                0x0000000001020c60                alt_io_redirect
 .text          0x0000000001020cdc      0x284 ../LGSM_CPU_V1_0_bsp/\libhal_bsp.a(alt_open.o)
                0x0000000001020e04                open
 .text          0x0000000001020f60      0x1a4 ../LGSM_CPU_V1_0_bsp/\libhal_bsp.a(alt_tick.o)
                0x0000000001020f60                alt_alarm_stop
                0x0000000001020ffc                alt_tick
 .text          0x0000000001021104       0x24 ../LGSM_CPU_V1_0_bsp/\libhal_bsp.a(altera_nios2_gen2_irq.o)
                0x0000000001021104                altera_nios2_gen2_irq_init
 .text          0x0000000001021128      0x1fc ../LGSM_CPU_V1_0_bsp/\libhal_bsp.a(altera_avalon_spi.o)
                0x0000000001021128                alt_avalon_spi_command
 .text          0x0000000001021324       0x90 ../LGSM_CPU_V1_0_bsp/\libhal_bsp.a(alt_find_dev.o)
                0x0000000001021324                alt_find_dev
 .text          0x00000000010213b4      0x108 ../LGSM_CPU_V1_0_bsp/\libhal_bsp.a(alt_find_file.o)
                0x00000000010213b4                alt_find_file
 .text          0x00000000010214bc       0xc4 ../LGSM_CPU_V1_0_bsp/\libhal_bsp.a(alt_get_fd.o)
                0x00000000010214bc                alt_get_fd
 .text          0x0000000001021580        0x0 d:/intelfpga_lite/18.1/nios2eds/bin/gnu/h-x86_64-mingw32/bin/../lib/gcc/nios2-elf/5.3.0/../../../../../H-x86_64-mingw32/nios2-elf/lib/mno-hw-mul\libc.a(lib_a-atexit.o)
 .text.atexit   0x0000000001021580       0x14 d:/intelfpga_lite/18.1/nios2eds/bin/gnu/h-x86_64-mingw32/bin/../lib/gcc/nios2-elf/5.3.0/../../../../../H-x86_64-mingw32/nios2-elf/lib/mno-hw-mul\libc.a(lib_a-atexit.o)
                0x0000000001021580                atexit
 .text          0x0000000001021594        0x0 d:/intelfpga_lite/18.1/nios2eds/bin/gnu/h-x86_64-mingw32/bin/../lib/gcc/nios2-elf/5.3.0/../../../../../H-x86_64-mingw32/nios2-elf/lib/mno-hw-mul\libc.a(lib_a-memcmp.o)
 .text.memcmp   0x0000000001021594       0x7c d:/intelfpga_lite/18.1/nios2eds/bin/gnu/h-x86_64-mingw32/bin/../lib/gcc/nios2-elf/5.3.0/../../../../../H-x86_64-mingw32/nios2-elf/lib/mno-hw-mul\libc.a(lib_a-memcmp.o)
                0x0000000001021594                memcmp
 .text          0x0000000001021610        0x0 d:/intelfpga_lite/18.1/nios2eds/bin/gnu/h-x86_64-mingw32/bin/../lib/gcc/nios2-elf/5.3.0/../../../../../H-x86_64-mingw32/nios2-elf/lib/mno-hw-mul\libc.a(lib_a-__atexit.o)
 .text.__register_exitproc
                0x0000000001021610      0x118 d:/intelfpga_lite/18.1/nios2eds/bin/gnu/h-x86_64-mingw32/bin/../lib/gcc/nios2-elf/5.3.0/../../../../../H-x86_64-mingw32/nios2-elf/lib/mno-hw-mul\libc.a(lib_a-__atexit.o)
                0x0000000001021610                __register_exitproc
 *(.gnu.warning.*)
 *(.fini)
                [!provide]                        PROVIDE (__etext, ABSOLUTE (.))
                [!provide]                        PROVIDE (_etext, ABSOLUTE (.))
                [!provide]                        PROVIDE (etext, ABSOLUTE (.))
 *(.eh_frame_hdr)
                0x0000000001021728                . = ALIGN (0x4)
                [!provide]                        PROVIDE (__preinit_array_start, ABSOLUTE (.))
 *(.preinit_array)
                [!provide]                        PROVIDE (__preinit_array_end, ABSOLUTE (.))
                [!provide]                        PROVIDE (__init_array_start, ABSOLUTE (.))
 *(.init_array)
                [!provide]                        PROVIDE (__init_array_end, ABSOLUTE (.))
                [!provide]                        PROVIDE (__fini_array_start, ABSOLUTE (.))
 *(.fini_array)
                [!provide]                        PROVIDE (__fini_array_end, ABSOLUTE (.))
 *(.eh_frame)
 *(.gcc_except_table .gcc_except_table.*)
 *(.dynamic)
                0x0000000001021728                PROVIDE (__CTOR_LIST__, ABSOLUTE (.))
 *(.ctors)
 *(SORT(.ctors.*))
                0x0000000001021728                PROVIDE (__CTOR_END__, ABSOLUTE (.))
                0x0000000001021728                PROVIDE (__DTOR_LIST__, ABSOLUTE (.))
 *(.dtors)
 *(SORT(.dtors.*))
                0x0000000001021728                PROVIDE (__DTOR_END__, ABSOLUTE (.))
 *(.jcr)
                0x0000000001021728                . = ALIGN (0x4)

.rodata         0x0000000001021728      0x8a8
                [!provide]                        PROVIDE (__ram_rodata_start, ABSOLUTE (.))
                0x0000000001021728                . = ALIGN (0x4)
 *(.rodata .rodata.* .gnu.linkonce.r.*)
 .rodata        0x0000000001021728       0xa6 obj/default//D/github/adamShiau_FPGA/intel_IP/LGSM/NIOS/LGSM_CPU_V1_0/lib/ads122c04_se.o
 *fill*         0x00000000010217ce        0x2 
 .rodata        0x00000000010217d0       0xac obj/default//D/github/adamShiau_FPGA/intel_IP/LGSM/NIOS/LGSM_CPU_V1_0/lib/asm330lhhx.o
 .rodata        0x000000000102187c       0xac obj/default//D/github/adamShiau_FPGA/intel_IP/LGSM/NIOS/LGSM_CPU_V1_0/lib/common.o
 .rodata        0x0000000001021928       0x76 obj/default//D/github/adamShiau_FPGA/intel_IP/LGSM/NIOS/LGSM_CPU_V1_0/lib/eeprom_v2.o
 *fill*         0x000000000102199e        0x2 
 .rodata        0x00000000010219a0      0x2d0 obj/default//D/github/adamShiau_FPGA/intel_IP/LGSM/NIOS/LGSM_CPU_V1_0/lib/memory_manage.o
                0x00000000010219a0                fog_parameter_init
                0x0000000001021ae0                misalignment_init
                0x0000000001021bd0                config_init
 .rodata        0x0000000001021c70      0x100 d:/intelfpga_lite/18.1/nios2eds/bin/gnu/h-x86_64-mingw32/bin/../lib/gcc/nios2-elf/5.3.0/mno-hw-mul\libgcc.a(_clz.o)
                0x0000000001021c70                __clz_tab
 .rodata.str1.4
                0x0000000001021d70        0x2 d:/intelfpga_lite/18.1/nios2eds/bin/gnu/h-x86_64-mingw32/bin/../lib/gcc/nios2-elf/5.3.0/../../../../../H-x86_64-mingw32/nios2-elf/lib/mno-hw-mul\libc.a(lib_a-impure.o)
 *fill*         0x0000000001021d72        0x2 
 .rodata.str1.4
                0x0000000001021d74        0x2 d:/intelfpga_lite/18.1/nios2eds/bin/gnu/h-x86_64-mingw32/bin/../lib/gcc/nios2-elf/5.3.0/../../../../../H-x86_64-mingw32/nios2-elf/lib/mno-hw-mul\libc.a(lib_a-puts.o)
 *fill*         0x0000000001021d76        0x2 
 .rodata.str1.4
                0x0000000001021d78       0x42 d:/intelfpga_lite/18.1/nios2eds/bin/gnu/h-x86_64-mingw32/bin/../lib/gcc/nios2-elf/5.3.0/../../../../../H-x86_64-mingw32/nios2-elf/lib/mno-hw-mul\libc.a(lib_a-svfprintf.o)
 .rodata.zeroes.4389
                0x0000000001021dba       0x10 d:/intelfpga_lite/18.1/nios2eds/bin/gnu/h-x86_64-mingw32/bin/../lib/gcc/nios2-elf/5.3.0/../../../../../H-x86_64-mingw32/nios2-elf/lib/mno-hw-mul\libc.a(lib_a-svfprintf.o)
 .rodata.blanks.4388
                0x0000000001021dca       0x10 d:/intelfpga_lite/18.1/nios2eds/bin/gnu/h-x86_64-mingw32/bin/../lib/gcc/nios2-elf/5.3.0/../../../../../H-x86_64-mingw32/nios2-elf/lib/mno-hw-mul\libc.a(lib_a-svfprintf.o)
 .rodata.str1.4
                0x0000000001021dda       0x42 d:/intelfpga_lite/18.1/nios2eds/bin/gnu/h-x86_64-mingw32/bin/../lib/gcc/nios2-elf/5.3.0/../../../../../H-x86_64-mingw32/nios2-elf/lib/mno-hw-mul\libc.a(lib_a-vfprintf.o)
 .rodata.zeroes.4404
                0x0000000001021dda       0x10 d:/intelfpga_lite/18.1/nios2eds/bin/gnu/h-x86_64-mingw32/bin/../lib/gcc/nios2-elf/5.3.0/../../../../../H-x86_64-mingw32/nios2-elf/lib/mno-hw-mul\libc.a(lib_a-vfprintf.o)
 .rodata.blanks.4403
                0x0000000001021dea       0x10 d:/intelfpga_lite/18.1/nios2eds/bin/gnu/h-x86_64-mingw32/bin/../lib/gcc/nios2-elf/5.3.0/../../../../../H-x86_64-mingw32/nios2-elf/lib/mno-hw-mul\libc.a(lib_a-vfprintf.o)
 *fill*         0x0000000001021dfa        0x2 
 .rodata.str1.4
                0x0000000001021dfc       0x10 d:/intelfpga_lite/18.1/nios2eds/bin/gnu/h-x86_64-mingw32/bin/../lib/gcc/nios2-elf/5.3.0/../../../../../H-x86_64-mingw32/nios2-elf/lib/mno-hw-mul\libc.a(lib_a-dtoa.o)
                                         0x12 (size before relaxing)
 .rodata.str1.4
                0x0000000001021e0c        0xc d:/intelfpga_lite/18.1/nios2eds/bin/gnu/h-x86_64-mingw32/bin/../lib/gcc/nios2-elf/5.3.0/../../../../../H-x86_64-mingw32/nios2-elf/lib/mno-hw-mul\libc.a(lib_a-locale.o)
                                         0x12 (size before relaxing)
 .rodata.p05.2768
                0x0000000001021e18        0xc d:/intelfpga_lite/18.1/nios2eds/bin/gnu/h-x86_64-mingw32/bin/../lib/gcc/nios2-elf/5.3.0/../../../../../H-x86_64-mingw32/nios2-elf/lib/mno-hw-mul\libc.a(lib_a-mprec.o)
 .rodata.__mprec_tinytens
                0x0000000001021e24       0x28 d:/intelfpga_lite/18.1/nios2eds/bin/gnu/h-x86_64-mingw32/bin/../lib/gcc/nios2-elf/5.3.0/../../../../../H-x86_64-mingw32/nios2-elf/lib/mno-hw-mul\libc.a(lib_a-mprec.o)
                0x0000000001021e24                __mprec_tinytens
 .rodata.__mprec_bigtens
                0x0000000001021e4c       0x28 d:/intelfpga_lite/18.1/nios2eds/bin/gnu/h-x86_64-mingw32/bin/../lib/gcc/nios2-elf/5.3.0/../../../../../H-x86_64-mingw32/nios2-elf/lib/mno-hw-mul\libc.a(lib_a-mprec.o)
                0x0000000001021e4c                __mprec_bigtens
 .rodata.__mprec_tens
                0x0000000001021e74       0xc8 d:/intelfpga_lite/18.1/nios2eds/bin/gnu/h-x86_64-mingw32/bin/../lib/gcc/nios2-elf/5.3.0/../../../../../H-x86_64-mingw32/nios2-elf/lib/mno-hw-mul\libc.a(lib_a-mprec.o)
                0x0000000001021e74                __mprec_tens
 .rodata.str1.4
                0x0000000001021f3c       0x2f d:/intelfpga_lite/18.1/nios2eds/bin/gnu/h-x86_64-mingw32/bin/../lib/gcc/nios2-elf/5.3.0/../../../../../H-x86_64-mingw32/nios2-elf/lib/mno-hw-mul\libc.a(lib_a-svfiprintf.o)
 .rodata.zeroes.4333
                0x0000000001021f3c       0x10 d:/intelfpga_lite/18.1/nios2eds/bin/gnu/h-x86_64-mingw32/bin/../lib/gcc/nios2-elf/5.3.0/../../../../../H-x86_64-mingw32/nios2-elf/lib/mno-hw-mul\libc.a(lib_a-svfiprintf.o)
 .rodata.blanks.4332
                0x0000000001021f4c       0x10 d:/intelfpga_lite/18.1/nios2eds/bin/gnu/h-x86_64-mingw32/bin/../lib/gcc/nios2-elf/5.3.0/../../../../../H-x86_64-mingw32/nios2-elf/lib/mno-hw-mul\libc.a(lib_a-svfiprintf.o)
 .rodata.str1.4
                0x0000000001021f5c       0x2f d:/intelfpga_lite/18.1/nios2eds/bin/gnu/h-x86_64-mingw32/bin/../lib/gcc/nios2-elf/5.3.0/../../../../../H-x86_64-mingw32/nios2-elf/lib/mno-hw-mul\libc.a(lib_a-vfiprintf.o)
 .rodata.zeroes.4349
                0x0000000001021f5c       0x10 d:/intelfpga_lite/18.1/nios2eds/bin/gnu/h-x86_64-mingw32/bin/../lib/gcc/nios2-elf/5.3.0/../../../../../H-x86_64-mingw32/nios2-elf/lib/mno-hw-mul\libc.a(lib_a-vfiprintf.o)
 .rodata.blanks.4348
                0x0000000001021f6c       0x10 d:/intelfpga_lite/18.1/nios2eds/bin/gnu/h-x86_64-mingw32/bin/../lib/gcc/nios2-elf/5.3.0/../../../../../H-x86_64-mingw32/nios2-elf/lib/mno-hw-mul\libc.a(lib_a-vfiprintf.o)
 .rodata        0x0000000001021f7c        0xa ../LGSM_CPU_V1_0_bsp/\libhal_bsp.a(alt_dev.o)
 *fill*         0x0000000001021f86        0x2 
 .rodata        0x0000000001021f88        0xf ../LGSM_CPU_V1_0_bsp/\libhal_bsp.a(alt_main.o)
 *fill*         0x0000000001021f97        0x1 
 .rodata        0x0000000001021f98       0x36 ../LGSM_CPU_V1_0_bsp/\libhal_bsp.a(alt_sys_init.o)
 *(.rodata1)
                0x0000000001021fd0                . = ALIGN (0x4)
 *fill*         0x0000000001021fce        0x2 
                [!provide]                        PROVIDE (__ram_rodata_end, ABSOLUTE (.))
                [!provide]                        PROVIDE (__flash_rodata_start, LOADADDR (.rodata))

.rwdata         0x0000000001021fd0     0x1dd4
                [!provide]                        PROVIDE (__ram_rwdata_start, ABSOLUTE (.))
                0x0000000001021fd0                . = ALIGN (0x4)
 *(.got.plt)
 *(.got)
 *(.data1)
 *(.data .data.* .gnu.linkonce.d.*)
 .data          0x0000000001021fd0        0x0 ../LGSM_CPU_V1_0_bsp//obj/HAL/src/crt0.o
 .data          0x0000000001021fd0       0x20 obj/default//D/github/adamShiau_FPGA/intel_IP/LGSM/NIOS/LGSM_CPU_V1_0/LGSM_CPU_V1_0.o
                0x0000000001021fd0                my_cmd
 .data          0x0000000001021ff0        0x0 obj/default//D/github/adamShiau_FPGA/intel_IP/LGSM/NIOS/LGSM_CPU_V1_0/lib/Tsensor_DS1775.o
 .data          0x0000000001021ff0        0x0 obj/default//D/github/adamShiau_FPGA/intel_IP/LGSM/NIOS/LGSM_CPU_V1_0/lib/acq_fog.o
 .data          0x0000000001021ff0        0x0 obj/default//D/github/adamShiau_FPGA/intel_IP/LGSM/NIOS/LGSM_CPU_V1_0/lib/acq_imu.o
 .data          0x0000000001021ff0        0x0 obj/default//D/github/adamShiau_FPGA/intel_IP/LGSM/NIOS/LGSM_CPU_V1_0/lib/acq_rst.o
 .data          0x0000000001021ff0        0x0 obj/default//D/github/adamShiau_FPGA/intel_IP/LGSM/NIOS/LGSM_CPU_V1_0/lib/adda_config.o
 .data          0x0000000001021ff0        0x0 obj/default//D/github/adamShiau_FPGA/intel_IP/LGSM/NIOS/LGSM_CPU_V1_0/lib/ads122c04_se.o
 .data          0x0000000001021ff0        0x0 obj/default//D/github/adamShiau_FPGA/intel_IP/LGSM/NIOS/LGSM_CPU_V1_0/lib/asm330lhhx.o
 .data          0x0000000001021ff0        0x0 obj/default//D/github/adamShiau_FPGA/intel_IP/LGSM/NIOS/LGSM_CPU_V1_0/lib/common.o
 .data          0x0000000001021ff0        0x0 obj/default//D/github/adamShiau_FPGA/intel_IP/LGSM/NIOS/LGSM_CPU_V1_0/lib/eeprom_v2.o
 .data          0x0000000001021ff0        0x0 obj/default//D/github/adamShiau_FPGA/intel_IP/LGSM/NIOS/LGSM_CPU_V1_0/lib/memory_manage.o
 .data          0x0000000001021ff0        0x0 obj/default//D/github/adamShiau_FPGA/intel_IP/LGSM/NIOS/LGSM_CPU_V1_0/lib/myiic.o
 .data          0x0000000001021ff0        0x0 obj/default//D/github/adamShiau_FPGA/intel_IP/LGSM/NIOS/LGSM_CPU_V1_0/lib/output_mode.o
 .data          0x0000000001021ff0        0x0 obj/default//D/github/adamShiau_FPGA/intel_IP/LGSM/NIOS/LGSM_CPU_V1_0/lib/uart_dual.o
 .data          0x0000000001021ff0        0x0 d:/intelfpga_lite/18.1/nios2eds/bin/gnu/h-x86_64-mingw32/bin/../lib/gcc/nios2-elf/5.3.0/mno-hw-mul\libgcc.a(lib2-divmod.o)
 .data          0x0000000001021ff0        0x0 d:/intelfpga_lite/18.1/nios2eds/bin/gnu/h-x86_64-mingw32/bin/../lib/gcc/nios2-elf/5.3.0/mno-hw-mul\libgcc.a(addsf3.o)
 .data          0x0000000001021ff0        0x0 d:/intelfpga_lite/18.1/nios2eds/bin/gnu/h-x86_64-mingw32/bin/../lib/gcc/nios2-elf/5.3.0/mno-hw-mul\libgcc.a(divsf3.o)
 .data          0x0000000001021ff0        0x0 d:/intelfpga_lite/18.1/nios2eds/bin/gnu/h-x86_64-mingw32/bin/../lib/gcc/nios2-elf/5.3.0/mno-hw-mul\libgcc.a(eqsf2.o)
 .data          0x0000000001021ff0        0x0 d:/intelfpga_lite/18.1/nios2eds/bin/gnu/h-x86_64-mingw32/bin/../lib/gcc/nios2-elf/5.3.0/mno-hw-mul\libgcc.a(gesf2.o)
 .data          0x0000000001021ff0        0x0 d:/intelfpga_lite/18.1/nios2eds/bin/gnu/h-x86_64-mingw32/bin/../lib/gcc/nios2-elf/5.3.0/mno-hw-mul\libgcc.a(lesf2.o)
 .data          0x0000000001021ff0        0x0 d:/intelfpga_lite/18.1/nios2eds/bin/gnu/h-x86_64-mingw32/bin/../lib/gcc/nios2-elf/5.3.0/mno-hw-mul\libgcc.a(mulsf3.o)
 .data          0x0000000001021ff0        0x0 d:/intelfpga_lite/18.1/nios2eds/bin/gnu/h-x86_64-mingw32/bin/../lib/gcc/nios2-elf/5.3.0/mno-hw-mul\libgcc.a(subsf3.o)
 .data          0x0000000001021ff0        0x0 d:/intelfpga_lite/18.1/nios2eds/bin/gnu/h-x86_64-mingw32/bin/../lib/gcc/nios2-elf/5.3.0/mno-hw-mul\libgcc.a(floatsisf.o)
 .data          0x0000000001021ff0        0x0 d:/intelfpga_lite/18.1/nios2eds/bin/gnu/h-x86_64-mingw32/bin/../lib/gcc/nios2-elf/5.3.0/mno-hw-mul\libgcc.a(floatunsisf.o)
 .data          0x0000000001021ff0        0x0 d:/intelfpga_lite/18.1/nios2eds/bin/gnu/h-x86_64-mingw32/bin/../lib/gcc/nios2-elf/5.3.0/mno-hw-mul\libgcc.a(adddf3.o)
 .data          0x0000000001021ff0        0x0 d:/intelfpga_lite/18.1/nios2eds/bin/gnu/h-x86_64-mingw32/bin/../lib/gcc/nios2-elf/5.3.0/mno-hw-mul\libgcc.a(divdf3.o)
 .data          0x0000000001021ff0        0x0 d:/intelfpga_lite/18.1/nios2eds/bin/gnu/h-x86_64-mingw32/bin/../lib/gcc/nios2-elf/5.3.0/mno-hw-mul\libgcc.a(muldf3.o)
 .data          0x0000000001021ff0        0x0 d:/intelfpga_lite/18.1/nios2eds/bin/gnu/h-x86_64-mingw32/bin/../lib/gcc/nios2-elf/5.3.0/mno-hw-mul\libgcc.a(subdf3.o)
 .data          0x0000000001021ff0        0x0 d:/intelfpga_lite/18.1/nios2eds/bin/gnu/h-x86_64-mingw32/bin/../lib/gcc/nios2-elf/5.3.0/mno-hw-mul\libgcc.a(extendsfdf2.o)
 .data          0x0000000001021ff0        0x0 d:/intelfpga_lite/18.1/nios2eds/bin/gnu/h-x86_64-mingw32/bin/../lib/gcc/nios2-elf/5.3.0/mno-hw-mul\libgcc.a(truncdfsf2.o)
 .data          0x0000000001021ff0        0x0 d:/intelfpga_lite/18.1/nios2eds/bin/gnu/h-x86_64-mingw32/bin/../lib/gcc/nios2-elf/5.3.0/mno-hw-mul\libgcc.a(_clzsi2.o)
 .data          0x0000000001021ff0        0x0 d:/intelfpga_lite/18.1/nios2eds/bin/gnu/h-x86_64-mingw32/bin/../lib/gcc/nios2-elf/5.3.0/mno-hw-mul\libgcc.a(lib2-mul.o)
 .data          0x0000000001021ff0        0x0 d:/intelfpga_lite/18.1/nios2eds/bin/gnu/h-x86_64-mingw32/bin/../lib/gcc/nios2-elf/5.3.0/mno-hw-mul\libgcc.a(_clz.o)
 .data          0x0000000001021ff0        0x0 d:/intelfpga_lite/18.1/nios2eds/bin/gnu/h-x86_64-mingw32/bin/../lib/gcc/nios2-elf/5.3.0/../../../../../H-x86_64-mingw32/nios2-elf/lib/mno-hw-mul\libc.a(lib_a-exit.o)
 .data          0x0000000001021ff0        0x0 d:/intelfpga_lite/18.1/nios2eds/bin/gnu/h-x86_64-mingw32/bin/../lib/gcc/nios2-elf/5.3.0/../../../../../H-x86_64-mingw32/nios2-elf/lib/mno-hw-mul\libc.a(lib_a-impure.o)
 .data.impure_data
                0x0000000001021ff0      0x424 d:/intelfpga_lite/18.1/nios2eds/bin/gnu/h-x86_64-mingw32/bin/../lib/gcc/nios2-elf/5.3.0/../../../../../H-x86_64-mingw32/nios2-elf/lib/mno-hw-mul\libc.a(lib_a-impure.o)
 .data          0x0000000001022414        0x0 d:/intelfpga_lite/18.1/nios2eds/bin/gnu/h-x86_64-mingw32/bin/../lib/gcc/nios2-elf/5.3.0/../../../../../H-x86_64-mingw32/nios2-elf/lib/mno-hw-mul\libc.a(lib_a-malloc.o)
 .data          0x0000000001022414        0x0 d:/intelfpga_lite/18.1/nios2eds/bin/gnu/h-x86_64-mingw32/bin/../lib/gcc/nios2-elf/5.3.0/../../../../../H-x86_64-mingw32/nios2-elf/lib/mno-hw-mul\libc.a(lib_a-mallocr.o)
 .data.__malloc_av_
                0x0000000001022414      0x408 d:/intelfpga_lite/18.1/nios2eds/bin/gnu/h-x86_64-mingw32/bin/../lib/gcc/nios2-elf/5.3.0/../../../../../H-x86_64-mingw32/nios2-elf/lib/mno-hw-mul\libc.a(lib_a-mallocr.o)
                0x0000000001022414                __malloc_av_